E:\github\McpServer\tests\McpServer.GitHub.Validation\AtomicTests\GitHubEndpointTests.cs(15,12): error CS1591: Missing XML comment for publicly visible type or member 'GitHubEndpointTests.GitHubEndpointTests(GitHubEndpointFixture)' [E:\github\McpServer\tests\McpServer.GitHub.Validation\McpServer.GitHub.Validation.csproj]
E:\github\McpServer\tests\McpServer.GitHub.Validation\AtomicTests\GitHubEndpointTests.cs(20,23): error CS1591: Missing XML comment for publicly visible type or member 'GitHubEndpointTests.ListIssues_Returns200()' [E:\github\McpServer\tests\McpServer.GitHub.Validation\McpServer.GitHub.Validation.csproj]
E:\github\McpServer\tests\McpServer.GitHub.Validation\AtomicTests\GitHubEndpointTests.cs(30,23): error CS1591: Missing XML comment for publicly visible type or member 'GitHubEndpointTests.ListIssues_WithState_Returns200()' [E:\github\McpServer\tests\McpServer.GitHub.Validation\McpServer.GitHub.Validation.csproj]
E:\github\McpServer\tests\McpServer.GitHub.Validation\AtomicTests\GitHubEndpointTests.cs(39,23): error CS1591: Missing XML comment for publicly visible type or member 'GitHubEndpointTests.GetIssue_ExistingNumber_Returns200Or404()' [E:\github\McpServer\tests\McpServer.GitHub.Validation\McpServer.GitHub.Validation.csproj]
E:\github\McpServer\tests\McpServer.GitHub.Validation\AtomicTests\GitHubEndpointTests.cs(50,23): error CS1591: Missing XML comment for publicly visible type or member 'GitHubEndpointTests.CreateIssue_MissingTitle_Returns400()' [E:\github\McpServer\tests\McpServer.GitHub.Validation\McpServer.GitHub.Validation.csproj]
E:\github\McpServer\tests\McpServer.GitHub.Validation\AtomicTests\GitHubEndpointTests.cs(60,23): error CS1591: Missing XML comment for publicly visible type or member 'GitHubEndpointTests.UpdateIssue_NullBody_Returns400()' [E:\github\McpServer\tests\McpServer.GitHub.Validation\McpServer.GitHub.Validation.csproj]
E:\github\McpServer\tests\McpServer.GitHub.Validation\AtomicTests\GitHubEndpointTests.cs(69,23): error CS1591: Missing XML comment for publicly visible type or member 'GitHubEndpointTests.CommentOnIssue_MissingBody_Returns400()' [E:\github\McpServer\tests\McpServer.GitHub.Validation\McpServer.GitHub.Validation.csproj]
E:\github\McpServer\tests\McpServer.GitHub.Validation\AtomicTests\GitHubEndpointTests.cs(79,23): error CS1591: Missing XML comment for publicly visible type or member 'GitHubEndpointTests.ListLabels_Returns200()' [E:\github\McpServer\tests\McpServer.GitHub.Validation\McpServer.GitHub.Validation.csproj]
E:\github\McpServer\tests\McpServer.GitHub.Validation\AtomicTests\GitHubEndpointTests.cs(90,23): error CS1591: Missing XML comment for publicly visible type or member 'GitHubEndpointTests.ListPulls_Returns200()' [E:\github\McpServer\tests\McpServer.GitHub.Validation\McpServer.GitHub.Validation.csproj]
E:\github\McpServer\tests\McpServer.GitHub.Validation\AtomicTests\GitHubEndpointTests.cs(100,23): error CS1591: Missing XML comment for publicly visible type or member 'GitHubEndpointTests.ListPulls_WithState_Returns200()' [E:\github\McpServer\tests\McpServer.GitHub.Validation\McpServer.GitHub.Validation.csproj]
E:\github\McpServer\tests\McpServer.GitHub.Validation\AtomicTests\GitHubEndpointTests.cs(109,23): error CS1591: Missing XML comment for publicly visible type or member 'GitHubEndpointTests.CommentOnPull_MissingBody_Returns400()' [E:\github\McpServer\tests\McpServer.GitHub.Validation\McpServer.GitHub.Validation.csproj]
E:\github\McpServer\tests\McpServer.GitHub.Validation\AtomicTests\GitHubEndpointTests.cs(119,23): error CS1591: Missing XML comment for publicly visible type or member 'GitHubEndpointTests.CloseIssue_NonExistent_ReturnsBadRequestOr200()' [E:\github\McpServer\tests\McpServer.GitHub.Validation\McpServer.GitHub.Validation.csproj]
E:\github\McpServer\tests\McpServer.GitHub.Validation\AtomicTests\GitHubEndpointTests.cs(130,23): error CS1591: Missing XML comment for publicly visible type or member 'GitHubEndpointTests.ReopenIssue_NonExistent_ReturnsBadRequestOr200()' [E:\github\McpServer\tests\McpServer.GitHub.Validation\McpServer.GitHub.Validation.csproj]
E:\github\McpServer\tests\McpServer.GitHub.Validation\AtomicTests\GitHubEndpointTests.cs(140,23): error CS1591: Missing XML comment for publicly visible type or member 'GitHubEndpointTests.SyncFromGitHub_Returns200Or400()' [E:\github\McpServer\tests\McpServer.GitHub.Validation\McpServer.GitHub.Validation.csproj]
E:\github\McpServer\tests\McpServer.GitHub.Validation\AtomicTests\GitHubEndpointTests.cs(150,23): error CS1591: Missing XML comment for publicly visible type or member 'GitHubEndpointTests.SyncToGitHub_Returns200Or400()' [E:\github\McpServer\tests\McpServer.GitHub.Validation\McpServer.GitHub.Validation.csproj]
E:\github\McpServer\tests\McpServer.GitHub.Validation\AtomicTests\GitHubEndpointTests.cs(160,23): error CS1591: Missing XML comment for publicly visible type or member 'GitHubEndpointTests.SyncSingleIssue_Returns200Or400Or404()' [E:\github\McpServer\tests\McpServer.GitHub.Validation\McpServer.GitHub.Validation.csproj]
E:\github\McpServer\tests\McpServer.GitHub.Validation\GitHubEndpointFixture.cs(6,21): error CS1591: Missing XML comment for publicly visible type or member 'GitHubEndpointCollection' [E:\github\McpServer\tests\McpServer.GitHub.Validation\McpServer.GitHub.Validation.csproj]
E:\github\McpServer\tests\McpServer.GitHub.Validation\GitHubEndpointFixture.cs(8,21): error CS1591: Missing XML comment for publicly visible type or member 'GitHubEndpointFixture' [E:\github\McpServer\tests\McpServer.GitHub.Validation\McpServer.GitHub.Validation.csproj]
E:\github\McpServer\tests\McpServer.GitHub.Validation\GitHubEndpointFixture.cs(10,25): error CS1591: Missing XML comment for publicly visible type or member 'GitHubEndpointFixture.BaseUrl' [E:\github\McpServer\tests\McpServer.GitHub.Validation\McpServer.GitHub.Validation.csproj]
E:\github\McpServer\tests\McpServer.GitHub.Validation\GitHubEndpointFixture.cs(11,25): error CS1591: Missing XML comment for publicly visible type or member 'GitHubEndpointFixture.GhRoute' [E:\github\McpServer\tests\McpServer.GitHub.Validation\McpServer.GitHub.Validation.csproj]
E:\github\McpServer\tests\McpServer.GitHub.Validation\GitHubEndpointFixture.cs(12,23): error CS1591: Missing XML comment for publicly visible type or member 'GitHubEndpointFixture.Client' [E:\github\McpServer\tests\McpServer.GitHub.Validation\McpServer.GitHub.Validation.csproj]
E:\github\McpServer\tests\McpServer.GitHub.Validation\GitHubEndpointFixture.cs(14,12): error CS1591: Missing XML comment for publicly visible type or member 'GitHubEndpointFixture.GitHubEndpointFixture()' [E:\github\McpServer\tests\McpServer.GitHub.Validation\McpServer.GitHub.Validation.csproj]
E:\github\McpServer\tests\McpServer.GitHub.Validation\GitHubEndpointFixture.cs(22,17): error CS1591: Missing XML comment for publicly visible type or member 'GitHubEndpointFixture.Dispose()' [E:\github\McpServer\tests\McpServer.GitHub.Validation\McpServer.GitHub.Validation.csproj]
E:\github\McpServer\tests\McpServer.ToolRegistry.Validation\AtomicTests\BucketTests.cs(13,12): error CS1591: Missing XML comment for publicly visible type or member 'BucketTests.BucketTests(ToolRegistryFixture)' [E:\github\McpServer\tests\McpServer.ToolRegistry.Validation\McpServer.ToolRegistry.Validation.csproj]
E:\github\McpServer\tests\McpServer.ToolRegistry.Validation\AtomicTests\BucketTests.cs(18,23): error CS1591: Missing XML comment for publicly visible type or member 'BucketTests.ListBuckets_Returns200WithValidStructure()' [E:\github\McpServer\tests\McpServer.ToolRegistry.Validation\McpServer.ToolRegistry.Validation.csproj]
E:\github\McpServer\tests\McpServer.ToolRegistry.Validation\AtomicTests\BucketTests.cs(31,23): error CS1591: Missing XML comment for publicly visible type or member 'BucketTests.AddBucket_ValidRequest_Returns201()' [E:\github\McpServer\tests\McpServer.ToolRegistry.Validation\McpServer.ToolRegistry.Validation.csproj]
E:\github\McpServer\tests\McpServer.ToolRegistry.Validation\AtomicTests\BucketTests.cs(52,23): error CS1591: Missing XML comment for publicly visible type or member 'BucketTests.AddBucket_Duplicate_Returns409()' [E:\github\McpServer\tests\McpServer.ToolRegistry.Validation\McpServer.ToolRegistry.Validation.csproj]
E:\github\McpServer\tests\McpServer.ToolRegistry.Validation\AtomicTests\BucketTests.cs(73,23): error CS1591: Missing XML comment for publicly visible type or member 'BucketTests.RemoveBucket_Existing_Returns200()' [E:\github\McpServer\tests\McpServer.ToolRegistry.Validation\McpServer.ToolRegistry.Validation.csproj]
E:\github\McpServer\tests\McpServer.ToolRegistry.Validation\AtomicTests\BucketTests.cs(87,23): error CS1591: Missing XML comment for publicly visible type or member 'BucketTests.RemoveBucket_NonExistent_Returns404()' [E:\github\McpServer\tests\McpServer.ToolRegistry.Validation\McpServer.ToolRegistry.Validation.csproj]
E:\github\McpServer\tests\McpServer.ToolRegistry.Validation\AtomicTests\BucketTests.cs(96,23): error CS1591: Missing XML comment for publicly visible type or member 'BucketTests.BrowseBucket_NonExistent_Returns404()' [E:\github\McpServer\tests\McpServer.ToolRegistry.Validation\McpServer.ToolRegistry.Validation.csproj]
E:\github\McpServer\tests\McpServer.ToolRegistry.Validation\AtomicTests\BucketTests.cs(103,23): error CS1591: Missing XML comment for publicly visible type or member 'BucketTests.BrowseBucket_Existing_ReturnsResult()' [E:\github\McpServer\tests\McpServer.ToolRegistry.Validation\McpServer.ToolRegistry.Validation.csproj]
E:\github\McpServer\tests\McpServer.ToolRegistry.Validation\AtomicTests\BucketTests.cs(126,23): error CS1591: Missing XML comment for publicly visible type or member 'BucketTests.InstallFromBucket_NonExistentBucket_Returns404()' [E:\github\McpServer\tests\McpServer.ToolRegistry.Validation\McpServer.ToolRegistry.Validation.csproj]
E:\github\McpServer\tests\McpServer.ToolRegistry.Validation\AtomicTests\BucketTests.cs(136,23): error CS1591: Missing XML comment for publicly visible type or member 'BucketTests.SyncBucket_NonExistentBucket_Returns404()' [E:\github\McpServer\tests\McpServer.ToolRegistry.Validation\McpServer.ToolRegistry.Validation.csproj]
E:\github\McpServer\tests\McpServer.ToolRegistry.Validation\AtomicTests\BucketTests.cs(144,23): error CS1591: Missing XML comment for publicly visible type or member 'BucketTests.SyncBucket_Existing_Returns200Or404()' [E:\github\McpServer\tests\McpServer.ToolRegistry.Validation\McpServer.ToolRegistry.Validation.csproj]
E:\github\McpServer\tests\McpServer.ToolRegistry.Validation\AtomicTests\ToolCrudTests.cs(13,12): error CS1591: Missing XML comment for publicly visible type or member 'ToolCrudTests.ToolCrudTests(ToolRegistryFixture)' [E:\github\McpServer\tests\McpServer.ToolRegistry.Validation\McpServer.ToolRegistry.Validation.csproj]
E:\github\McpServer\tests\McpServer.ToolRegistry.Validation\AtomicTests\ToolCrudTests.cs(18,23): error CS1591: Missing XML comment for publicly visible type or member 'ToolCrudTests.List_Returns200WithValidStructure()' [E:\github\McpServer\tests\McpServer.ToolRegistry.Validation\McpServer.ToolRegistry.Validation.csproj]
E:\github\McpServer\tests\McpServer.ToolRegistry.Validation\AtomicTests\ToolCrudTests.cs(29,23): error CS1591: Missing XML comment for publicly visible type or member 'ToolCrudTests.List_ResponseIsJson()' [E:\github\McpServer\tests\McpServer.ToolRegistry.Validation\McpServer.ToolRegistry.Validation.csproj]
E:\github\McpServer\tests\McpServer.ToolRegistry.Validation\AtomicTests\ToolCrudTests.cs(38,23): error CS1591: Missing XML comment for publicly visible type or member 'ToolCrudTests.Search_WithKeyword_Returns200()' [E:\github\McpServer\tests\McpServer.ToolRegistry.Validation\McpServer.ToolRegistry.Validation.csproj]
E:\github\McpServer\tests\McpServer.ToolRegistry.Validation\AtomicTests\ToolCrudTests.cs(47,23): error CS1591: Missing XML comment for publicly visible type or member 'ToolCrudTests.Search_NonMatchingKeyword_ReturnsEmpty()' [E:\github\McpServer\tests\McpServer.ToolRegistry.Validation\McpServer.ToolRegistry.Validation.csproj]
E:\github\McpServer\tests\McpServer.ToolRegistry.Validation\AtomicTests\ToolCrudTests.cs(60,23): error CS1591: Missing XML comment for publicly visible type or member 'ToolCrudTests.Create_ValidTool_Returns201()' [E:\github\McpServer\tests\McpServer.ToolRegistry.Validation\McpServer.ToolRegistry.Validation.csproj]
E:\github\McpServer\tests\McpServer.ToolRegistry.Validation\AtomicTests\ToolCrudTests.cs(92,23): error CS1591: Missing XML comment for publicly visible type or member 'ToolCrudTests.Create_DuplicateName_Returns409()' [E:\github\McpServer\tests\McpServer.ToolRegistry.Validation\McpServer.ToolRegistry.Validation.csproj]
E:\github\McpServer\tests\McpServer.ToolRegistry.Validation\AtomicTests\ToolCrudTests.cs(113,23): error CS1591: Missing XML comment for publicly visible type or member 'ToolCrudTests.Get_ExistingTool_Returns200()' [E:\github\McpServer\tests\McpServer.ToolRegistry.Validation\McpServer.ToolRegistry.Validation.csproj]
E:\github\McpServer\tests\McpServer.ToolRegistry.Validation\AtomicTests\ToolCrudTests.cs(136,23): error CS1591: Missing XML comment for publicly visible type or member 'ToolCrudTests.Get_NonExistentId_Returns404()' [E:\github\McpServer\tests\McpServer.ToolRegistry.Validation\McpServer.ToolRegistry.Validation.csproj]
E:\github\McpServer\tests\McpServer.ToolRegistry.Validation\AtomicTests\ToolCrudTests.cs(143,23): error CS1591: Missing XML comment for publicly visible type or member 'ToolCrudTests.Update_ChangeName_Returns200()' [E:\github\McpServer\tests\McpServer.ToolRegistry.Validation\McpServer.ToolRegistry.Validation.csproj]
E:\github\McpServer\tests\McpServer.ToolRegistry.Validation\AtomicTests\ToolCrudTests.cs(170,23): error CS1591: Missing XML comment for publicly visible type or member 'ToolCrudTests.Update_NonExistentId_Returns404()' [E:\github\McpServer\tests\McpServer.ToolRegistry.Validation\McpServer.ToolRegistry.Validation.csproj]
E:\github\McpServer\tests\McpServer.ToolRegistry.Validation\AtomicTests\ToolCrudTests.cs(178,23): error CS1591: Missing XML comment for publicly visible type or member 'ToolCrudTests.Delete_ExistingTool_Returns200()' [E:\github\McpServer\tests\McpServer.ToolRegistry.Validation\McpServer.ToolRegistry.Validation.csproj]
E:\github\McpServer\tests\McpServer.ToolRegistry.Validation\AtomicTests\ToolCrudTests.cs(198,23): error CS1591: Missing XML comment for publicly visible type or member 'ToolCrudTests.Delete_NonExistentId_Returns404()' [E:\github\McpServer\tests\McpServer.ToolRegistry.Validation\McpServer.ToolRegistry.Validation.csproj]
E:\github\McpServer\tests\McpServer.ToolRegistry.Validation\AtomicTests\ToolCrudTests.cs(207,23): error CS1591: Missing XML comment for publicly visible type or member 'ToolCrudTests.Search_ByTag_FindsCreatedTool()' [E:\github\McpServer\tests\McpServer.ToolRegistry.Validation\McpServer.ToolRegistry.Validation.csproj]
E:\github\McpServer\tests\McpServer.Todo.Validation\AtomicTests\CreateTodoTests.cs(15,12): error CS1591: Missing XML comment for publicly visible type or member 'CreateTodoTests.CreateTodoTests(TodoEndpointFixture)' [E:\github\McpServer\tests\McpServer.Todo.Validation\McpServer.Todo.Validation.csproj]
E:\github\McpServer\tests\McpServer.Todo.Validation\AtomicTests\CreateTodoTests.cs(21,22): error CS1591: Missing XML comment for publicly visible type or member 'CreateTodoTests.InitializeAsync()' [E:\github\McpServer\tests\McpServer.Todo.Validation\McpServer.Todo.Validation.csproj]
E:\github\McpServer\tests\McpServer.Todo.Validation\AtomicTests\CreateTodoTests.cs(23,28): error CS1591: Missing XML comment for publicly visible type or member 'CreateTodoTests.DisposeAsync()' [E:\github\McpServer\tests\McpServer.Todo.Validation\McpServer.Todo.Validation.csproj]
E:\github\McpServer\tests\McpServer.Todo.Validation\AtomicTests\CreateTodoTests.cs(29,23): error CS1591: Missing XML comment for publicly visible type or member 'CreateTodoTests.Create_ValidRequest_Returns201()' [E:\github\McpServer\tests\McpServer.Todo.Validation\McpServer.Todo.Validation.csproj]
E:\github\McpServer\tests\McpServer.Todo.Validation\AtomicTests\CreateTodoTests.cs(62,23): error CS1591: Missing XML comment for publicly visible type or member 'CreateTodoTests.Create_DuplicateId_Returns409()' [E:\github\McpServer\tests\McpServer.Todo.Validation\McpServer.Todo.Validation.csproj]
E:\github\McpServer\tests\McpServer.Todo.Validation\AtomicTests\CreateTodoTests.cs(77,23): error CS1591: Missing XML comment for publicly visible type or member 'CreateTodoTests.Create_NullBody_Returns400()' [E:\github\McpServer\tests\McpServer.Todo.Validation\McpServer.Todo.Validation.csproj]
E:\github\McpServer\tests\McpServer.Todo.Validation\AtomicTests\CreateTodoTests.cs(91,23): error CS1591: Missing XML comment for publicly visible type or member 'CreateTodoTests.Create_WithImplementationTasks_Returns201()' [E:\github\McpServer\tests\McpServer.Todo.Validation\McpServer.Todo.Validation.csproj]
E:\github\McpServer\tests\McpServer.Todo.Validation\AtomicTests\DeleteTodoTests.cs(14,12): error CS1591: Missing XML comment for publicly visible type or member 'DeleteTodoTests.DeleteTodoTests(TodoEndpointFixture)' [E:\github\McpServer\tests\McpServer.Todo.Validation\McpServer.Todo.Validation.csproj]
E:\github\McpServer\tests\McpServer.Todo.Validation\AtomicTests\DeleteTodoTests.cs(17,23): error CS1591: Missing XML comment for publicly visible type or member 'DeleteTodoTests.Delete_ExistingItem_Returns200()' [E:\github\McpServer\tests\McpServer.Todo.Validation\McpServer.Todo.Validation.csproj]
E:\github\McpServer\tests\McpServer.Todo.Validation\AtomicTests\DeleteTodoTests.cs(40,23): error CS1591: Missing XML comment for publicly visible type or member 'DeleteTodoTests.Delete_NonExistentItem_Returns404()' [E:\github\McpServer\tests\McpServer.Todo.Validation\McpServer.Todo.Validation.csproj]
E:\github\McpServer\tests\McpServer.Todo.Validation\AtomicTests\GetTodoTests.cs(15,12): error CS1591: Missing XML comment for publicly visible type or member 'GetTodoTests.GetTodoTests(TodoEndpointFixture)' [E:\github\McpServer\tests\McpServer.Todo.Validation\McpServer.Todo.Validation.csproj]
E:\github\McpServer\tests\McpServer.Todo.Validation\AtomicTests\GetTodoTests.cs(21,28): error CS1591: Missing XML comment for publicly visible type or member 'GetTodoTests.InitializeAsync()' [E:\github\McpServer\tests\McpServer.Todo.Validation\McpServer.Todo.Validation.csproj]
E:\github\McpServer\tests\McpServer.Todo.Validation\AtomicTests\GetTodoTests.cs(28,28): error CS1591: Missing XML comment for publicly visible type or member 'GetTodoTests.DisposeAsync()' [E:\github\McpServer\tests\McpServer.Todo.Validation\McpServer.Todo.Validation.csproj]
E:\github\McpServer\tests\McpServer.Repo.Validation\AtomicTests\RepoEndpointTests.cs(15,12): error CS1591: Missing XML comment for publicly visible type or member 'RepoEndpointTests.RepoEndpointTests(RepoEndpointFixture)' [E:\github\McpServer\tests\McpServer.Repo.Validation\McpServer.Repo.Validation.csproj]
E:\github\McpServer\tests\McpServer.Todo.Validation\AtomicTests\GetTodoTests.cs(34,23): error CS1591: Missing XML comment for publicly visible type or member 'GetTodoTests.Get_ValidId_Returns200WithItem()' [E:\github\McpServer\tests\McpServer.Todo.Validation\McpServer.Todo.Validation.csproj]
E:\github\McpServer\tests\McpServer.Repo.Validation\AtomicTests\RepoEndpointTests.cs(20,23): error CS1591: Missing XML comment for publicly visible type or member 'RepoEndpointTests.List_RootPath_Returns200WithEntries()' [E:\github\McpServer\tests\McpServer.Repo.Validation\McpServer.Repo.Validation.csproj]
E:\github\McpServer\tests\McpServer.Todo.Validation\AtomicTests\GetTodoTests.cs(51,23): error CS1591: Missing XML comment for publicly visible type or member 'GetTodoTests.Get_NonExistentId_Returns404()' [E:\github\McpServer\tests\McpServer.Todo.Validation\McpServer.Todo.Validation.csproj]
E:\github\McpServer\tests\McpServer.Repo.Validation\AtomicTests\RepoEndpointTests.cs(30,23): error CS1591: Missing XML comment for publicly visible type or member 'RepoEndpointTests.List_WithPath_Returns200()' [E:\github\McpServer\tests\McpServer.Repo.Validation\McpServer.Repo.Validation.csproj]
E:\github\McpServer\tests\McpServer.Todo.Validation\AtomicTests\QueryTodoTests.cs(14,12): error CS1591: Missing XML comment for publicly visible type or member 'QueryTodoTests.QueryTodoTests(TodoEndpointFixture)' [E:\github\McpServer\tests\McpServer.Todo.Validation\McpServer.Todo.Validation.csproj]
E:\github\McpServer\tests\McpServer.Repo.Validation\AtomicTests\RepoEndpointTests.cs(42,23): error CS1591: Missing XML comment for publicly visible type or member 'RepoEndpointTests.ReadFile_MissingPath_Returns400()' [E:\github\McpServer\tests\McpServer.Repo.Validation\McpServer.Repo.Validation.csproj]
E:\github\McpServer\tests\McpServer.Todo.Validation\AtomicTests\QueryTodoTests.cs(17,23): error CS1591: Missing XML comment for publicly visible type or member 'QueryTodoTests.Query_NoFilters_Returns200WithValidStructure()' [E:\github\McpServer\tests\McpServer.Todo.Validation\McpServer.Todo.Validation.csproj]
E:\github\McpServer\tests\McpServer.Repo.Validation\AtomicTests\RepoEndpointTests.cs(51,23): error CS1591: Missing XML comment for publicly visible type or member 'RepoEndpointTests.ReadFile_ExistingFile_Returns200()' [E:\github\McpServer\tests\McpServer.Repo.Validation\McpServer.Repo.Validation.csproj]
E:\github\McpServer\tests\McpServer.Todo.Validation\AtomicTests\QueryTodoTests.cs(31,23): error CS1591: Missing XML comment for publicly visible type or member 'QueryTodoTests.Query_ResponseIsJson()' [E:\github\McpServer\tests\McpServer.Todo.Validation\McpServer.Todo.Validation.csproj]
E:\github\McpServer\tests\McpServer.Repo.Validation\AtomicTests\RepoEndpointTests.cs(60,23): error CS1591: Missing XML comment for publicly visible type or member 'RepoEndpointTests.ReadFile_NonExistentFile_Returns200Or400()' [E:\github\McpServer\tests\McpServer.Repo.Validation\McpServer.Repo.Validation.csproj]
E:\github\McpServer\tests\McpServer.Todo.Validation\AtomicTests\QueryTodoTests.cs(40,23): error CS1591: Missing XML comment for publicly visible type or member 'QueryTodoTests.Query_ByPriority_Returns200()' [E:\github\McpServer\tests\McpServer.Todo.Validation\McpServer.Todo.Validation.csproj]
E:\github\McpServer\tests\McpServer.Repo.Validation\AtomicTests\RepoEndpointTests.cs(71,23): error CS1591: Missing XML comment for publicly visible type or member 'RepoEndpointTests.WriteFile_MissingPath_Returns400()' [E:\github\McpServer\tests\McpServer.Repo.Validation\McpServer.Repo.Validation.csproj]
E:\github\McpServer\tests\McpServer.Todo.Validation\AtomicTests\QueryTodoTests.cs(55,23): error CS1591: Missing XML comment for publicly visible type or member 'QueryTodoTests.Query_ByDoneStatus_Returns200()' [E:\github\McpServer\tests\McpServer.Todo.Validation\McpServer.Todo.Validation.csproj]
E:\github\McpServer\tests\McpServer.Repo.Validation\AtomicTests\RepoEndpointTests.cs(79,23): error CS1591: Missing XML comment for publicly visible type or member 'RepoEndpointTests.WriteFile_NullBody_Returns400()' [E:\github\McpServer\tests\McpServer.Repo.Validation\McpServer.Repo.Validation.csproj]
E:\github\McpServer\tests\McpServer.Todo.Validation\AtomicTests\QueryTodoTests.cs(69,23): error CS1591: Missing XML comment for publicly visible type or member 'QueryTodoTests.Query_ByKeyword_Returns200()' [E:\github\McpServer\tests\McpServer.Todo.Validation\McpServer.Todo.Validation.csproj]
E:\github\McpServer\tests\McpServer.Repo.Validation\AtomicTests\RepoEndpointTests.cs(86,23): error CS1591: Missing XML comment for publicly visible type or member 'RepoEndpointTests.WriteFile_ValidPath_Returns200Or400()' [E:\github\McpServer\tests\McpServer.Repo.Validation\McpServer.Repo.Validation.csproj]
E:\github\McpServer\tests\McpServer.Todo.Validation\AtomicTests\QueryTodoTests.cs(81,23): error CS1591: Missing XML comment for publicly visible type or member 'QueryTodoTests.Query_BySection_Returns200()' [E:\github\McpServer\tests\McpServer.Todo.Validation\McpServer.Todo.Validation.csproj]
E:\github\McpServer\tests\McpServer.Repo.Validation\RepoEndpointFixture.cs(6,21): error CS1591: Missing XML comment for publicly visible type or member 'RepoEndpointCollection' [E:\github\McpServer\tests\McpServer.Repo.Validation\McpServer.Repo.Validation.csproj]
E:\github\McpServer\tests\McpServer.Todo.Validation\AtomicTests\QueryTodoTests.cs(95,23): error CS1591: Missing XML comment for publicly visible type or member 'QueryTodoTests.Query_ById_Returns200()' [E:\github\McpServer\tests\McpServer.Todo.Validation\McpServer.Todo.Validation.csproj]
E:\github\McpServer\tests\McpServer.Repo.Validation\RepoEndpointFixture.cs(8,21): error CS1591: Missing XML comment for publicly visible type or member 'RepoEndpointFixture' [E:\github\McpServer\tests\McpServer.Repo.Validation\McpServer.Repo.Validation.csproj]
E:\github\McpServer\tests\McpServer.Repo.Validation\RepoEndpointFixture.cs(10,25): error CS1591: Missing XML comment for publicly visible type or member 'RepoEndpointFixture.BaseUrl' [E:\github\McpServer\tests\McpServer.Repo.Validation\McpServer.Repo.Validation.csproj]
E:\github\McpServer\tests\McpServer.Repo.Validation\RepoEndpointFixture.cs(11,25): error CS1591: Missing XML comment for publicly visible type or member 'RepoEndpointFixture.RepoRoute' [E:\github\McpServer\tests\McpServer.Repo.Validation\McpServer.Repo.Validation.csproj]
E:\github\McpServer\tests\McpServer.Todo.Validation\AtomicTests\QueryTodoTests.cs(114,23): error CS1591: Missing XML comment for publicly visible type or member 'QueryTodoTests.Query_NonMatchingKeyword_ReturnsEmptyList()' [E:\github\McpServer\tests\McpServer.Todo.Validation\McpServer.Todo.Validation.csproj]
E:\github\McpServer\tests\McpServer.Repo.Validation\RepoEndpointFixture.cs(12,23): error CS1591: Missing XML comment for publicly visible type or member 'RepoEndpointFixture.Client' [E:\github\McpServer\tests\McpServer.Repo.Validation\McpServer.Repo.Validation.csproj]
E:\github\McpServer\tests\McpServer.Repo.Validation\RepoEndpointFixture.cs(14,12): error CS1591: Missing XML comment for publicly visible type or member 'RepoEndpointFixture.RepoEndpointFixture()' [E:\github\McpServer\tests\McpServer.Repo.Validation\McpServer.Repo.Validation.csproj]
E:\github\McpServer\tests\McpServer.Todo.Validation\AtomicTests\RequirementsTodoTests.cs(15,12): error CS1591: Missing XML comment for publicly visible type or member 'RequirementsTodoTests.RequirementsTodoTests(TodoEndpointFixture)' [E:\github\McpServer\tests\McpServer.Todo.Validation\McpServer.Todo.Validation.csproj]
E:\github\McpServer\tests\McpServer.Repo.Validation\RepoEndpointFixture.cs(22,17): error CS1591: Missing XML comment for publicly visible type or member 'RepoEndpointFixture.Dispose()' [E:\github\McpServer\tests\McpServer.Repo.Validation\McpServer.Repo.Validation.csproj]
E:\github\McpServer\tests\McpServer.Todo.Validation\AtomicTests\RequirementsTodoTests.cs(21,28): error CS1591: Missing XML comment for publicly visible type or member 'RequirementsTodoTests.InitializeAsync()' [E:\github\McpServer\tests\McpServer.Todo.Validation\McpServer.Todo.Validation.csproj]
E:\github\McpServer\tests\McpServer.Todo.Validation\AtomicTests\RequirementsTodoTests.cs(28,28): error CS1591: Missing XML comment for publicly visible type or member 'RequirementsTodoTests.DisposeAsync()' [E:\github\McpServer\tests\McpServer.Todo.Validation\McpServer.Todo.Validation.csproj]
E:\github\McpServer\tests\McpServer.Todo.Validation\AtomicTests\RequirementsTodoTests.cs(34,23): error CS1591: Missing XML comment for publicly visible type or member 'RequirementsTodoTests.Requirements_RegisteredItem_ReturnsResult()' [E:\github\McpServer\tests\McpServer.Todo.Validation\McpServer.Todo.Validation.csproj]
E:\github\McpServer\tests\McpServer.Todo.Validation\AtomicTests\RequirementsTodoTests.cs(60,23): error CS1591: Missing XML comment for publicly visible type or member 'RequirementsTodoTests.Requirements_NonExistentItem_Returns422()' [E:\github\McpServer\tests\McpServer.Todo.Validation\McpServer.Todo.Validation.csproj]
E:\github\McpServer\tests\McpServer.Todo.Validation\AtomicTests\UpdateTodoTests.cs(15,12): error CS1591: Missing XML comment for publicly visible type or member 'UpdateTodoTests.UpdateTodoTests(TodoEndpointFixture)' [E:\github\McpServer\tests\McpServer.Todo.Validation\McpServer.Todo.Validation.csproj]
E:\github\McpServer\tests\McpServer.Todo.Validation\AtomicTests\UpdateTodoTests.cs(21,28): error CS1591: Missing XML comment for publicly visible type or member 'UpdateTodoTests.InitializeAsync()' [E:\github\McpServer\tests\McpServer.Todo.Validation\McpServer.Todo.Validation.csproj]
E:\github\McpServer\tests\McpServer.Todo.Validation\AtomicTests\UpdateTodoTests.cs(28,28): error CS1591: Missing XML comment for publicly visible type or member 'UpdateTodoTests.DisposeAsync()' [E:\github\McpServer\tests\McpServer.Todo.Validation\McpServer.Todo.Validation.csproj]
E:\github\McpServer\tests\McpServer.Todo.Validation\AtomicTests\UpdateTodoTests.cs(34,23): error CS1591: Missing XML comment for publicly visible type or member 'UpdateTodoTests.Update_ChangeTitle_Returns200()' [E:\github\McpServer\tests\McpServer.Todo.Validation\McpServer.Todo.Validation.csproj]
E:\github\McpServer\tests\McpServer.Todo.Validation\AtomicTests\UpdateTodoTests.cs(50,23): error CS1591: Missing XML comment for publicly visible type or member 'UpdateTodoTests.Update_ToggleDone_Returns200()' [E:\github\McpServer\tests\McpServer.Todo.Validation\McpServer.Todo.Validation.csproj]
E:\github\McpServer\tests\McpServer.ToolRegistry.Validation\ErrorTests\ToolRegistryErrorTests.cs(13,12): error CS1591: Missing XML comment for publicly visible type or member 'ToolRegistryErrorTests.ToolRegistryErrorTests(ToolRegistryFixture)' [E:\github\McpServer\tests\McpServer.ToolRegistry.Validation\McpServer.ToolRegistry.Validation.csproj]
E:\github\McpServer\tests\McpServer.ToolRegistry.Validation\ErrorTests\ToolRegistryErrorTests.cs(16,23): error CS1591: Missing XML comment for publicly visible type or member 'ToolRegistryErrorTests.Get_NonExistentTool_Returns404()' [E:\github\McpServer\tests\McpServer.ToolRegistry.Validation\McpServer.ToolRegistry.Validation.csproj]
E:\github\McpServer\tests\McpServer.Todo.Validation\AtomicTests\UpdateTodoTests.cs(66,23): error CS1591: Missing XML comment for publicly visible type or member 'UpdateTodoTests.Update_ChangePriority_Returns200()' [E:\github\McpServer\tests\McpServer.Todo.Validation\McpServer.Todo.Validation.csproj]
E:\github\McpServer\tests\McpServer.ToolRegistry.Validation\ErrorTests\ToolRegistryErrorTests.cs(23,23): error CS1591: Missing XML comment for publicly visible type or member 'ToolRegistryErrorTests.Update_NonExistentTool_Returns404()' [E:\github\McpServer\tests\McpServer.ToolRegistry.Validation\McpServer.ToolRegistry.Validation.csproj]
E:\github\McpServer\tests\McpServer.ToolRegistry.Validation\ErrorTests\ToolRegistryErrorTests.cs(30,23): error CS1591: Missing XML comment for publicly visible type or member 'ToolRegistryErrorTests.Delete_NonExistentTool_Returns404()' [E:\github\McpServer\tests\McpServer.ToolRegistry.Validation\McpServer.ToolRegistry.Validation.csproj]
E:\github\McpServer\tests\McpServer.Todo.Validation\AtomicTests\UpdateTodoTests.cs(82,23): error CS1591: Missing XML comment for publicly visible type or member 'UpdateTodoTests.Update_NonExistentId_Returns404()' [E:\github\McpServer\tests\McpServer.Todo.Validation\McpServer.Todo.Validation.csproj]
E:\github\McpServer\tests\McpServer.ToolRegistry.Validation\ErrorTests\ToolRegistryErrorTests.cs(37,23): error CS1591: Missing XML comment for publicly visible type or member 'ToolRegistryErrorTests.RemoveBucket_NonExistent_Returns404()' [E:\github\McpServer\tests\McpServer.ToolRegistry.Validation\McpServer.ToolRegistry.Validation.csproj]
E:\github\McpServer\tests\McpServer.Todo.Validation\AtomicTests\UpdateTodoTests.cs(93,23): error CS1591: Missing XML comment for publicly visible type or member 'UpdateTodoTests.Update_NullBody_Returns400()' [E:\github\McpServer\tests\McpServer.Todo.Validation\McpServer.Todo.Validation.csproj]
E:\github\McpServer\tests\McpServer.ToolRegistry.Validation\ErrorTests\ToolRegistryErrorTests.cs(44,23): error CS1591: Missing XML comment for publicly visible type or member 'ToolRegistryErrorTests.BrowseBucket_NonExistent_Returns404()' [E:\github\McpServer\tests\McpServer.ToolRegistry.Validation\McpServer.ToolRegistry.Validation.csproj]
E:\github\McpServer\tests\McpServer.Todo.Validation\ErrorTests\TodoErrorTests.cs(18,12): error CS1591: Missing XML comment for publicly visible type or member 'TodoErrorTests.TodoErrorTests(TodoEndpointFixture, ITestOutputHelper)' [E:\github\McpServer\tests\McpServer.Todo.Validation\McpServer.Todo.Validation.csproj]
E:\github\McpServer\tests\McpServer.ToolRegistry.Validation\ErrorTests\ToolRegistryErrorTests.cs(51,23): error CS1591: Missing XML comment for publicly visible type or member 'ToolRegistryErrorTests.SyncBucket_NonExistent_Returns404()' [E:\github\McpServer\tests\McpServer.ToolRegistry.Validation\McpServer.ToolRegistry.Validation.csproj]
E:\github\McpServer\tests\McpServer.Todo.Validation\ErrorTests\TodoErrorTests.cs(27,23): error CS1591: Missing XML comment for publicly visible type or member 'TodoErrorTests.Get_NonExistent_Returns404()' [E:\github\McpServer\tests\McpServer.Todo.Validation\McpServer.Todo.Validation.csproj]
E:\github\McpServer\tests\McpServer.ToolRegistry.Validation\ErrorTests\ToolRegistryErrorTests.cs(58,23): error CS1591: Missing XML comment for publicly visible type or member 'ToolRegistryErrorTests.InstallFromBucket_NonExistent_Returns404()' [E:\github\McpServer\tests\McpServer.ToolRegistry.Validation\McpServer.ToolRegistry.Validation.csproj]
E:\github\McpServer\tests\McpServer.Todo.Validation\ErrorTests\TodoErrorTests.cs(36,23): error CS1591: Missing XML comment for publicly visible type or member 'TodoErrorTests.Update_NonExistent_Returns404()' [E:\github\McpServer\tests\McpServer.Todo.Validation\McpServer.Todo.Validation.csproj]
E:\github\McpServer\tests\McpServer.ToolRegistry.Validation\ErrorTests\ToolRegistryErrorTests.cs(66,23): error CS1591: Missing XML comment for publicly visible type or member 'ToolRegistryErrorTests.Patch_NotSupported_Returns405()' [E:\github\McpServer\tests\McpServer.ToolRegistry.Validation\McpServer.ToolRegistry.Validation.csproj]
E:\github\McpServer\tests\McpServer.Todo.Validation\ErrorTests\TodoErrorTests.cs(46,23): error CS1591: Missing XML comment for publicly visible type or member 'TodoErrorTests.Delete_NonExistent_Returns404()' [E:\github\McpServer\tests\McpServer.Todo.Validation\McpServer.Todo.Validation.csproj]
E:\github\McpServer\tests\McpServer.ToolRegistry.Validation\ErrorTests\ToolRegistryErrorTests.cs(77,23): error CS1591: Missing XML comment for publicly visible type or member 'ToolRegistryErrorTests.Get_InvalidIdFormat_Returns404Or400()' [E:\github\McpServer\tests\McpServer.ToolRegistry.Validation\McpServer.ToolRegistry.Validation.csproj]
E:\github\McpServer\tests\McpServer.Todo.Validation\ErrorTests\TodoErrorTests.cs(57,23): error CS1591: Missing XML comment for publicly visible type or member 'TodoErrorTests.Create_Duplicate_Returns409()' [E:\github\McpServer\tests\McpServer.Todo.Validation\McpServer.Todo.Validation.csproj]
E:\github\McpServer\tests\McpServer.Todo.Validation\ErrorTests\TodoErrorTests.cs(84,23): error CS1591: Missing XML comment for publicly visible type or member 'TodoErrorTests.Create_EmptyBody_ReturnsBadRequest()' [E:\github\McpServer\tests\McpServer.Todo.Validation\McpServer.Todo.Validation.csproj]
E:\github\McpServer\tests\McpServer.Todo.Validation\ErrorTests\TodoErrorTests.cs(97,23): error CS1591: Missing XML comment for publicly visible type or member 'TodoErrorTests.Update_NullBody_Returns400OrUnsupportedMedia()' [E:\github\McpServer\tests\McpServer.Todo.Validation\McpServer.Todo.Validation.csproj]
E:\github\McpServer\tests\McpServer.ToolRegistry.Validation\ErrorTests\ToolRegistryErrorTests.cs(87,23): error CS1591: Missing XML comment for publicly visible type or member 'ToolRegistryErrorTests.Create_DuplicateName_Returns409()' [E:\github\McpServer\tests\McpServer.ToolRegistry.Validation\McpServer.ToolRegistry.Validation.csproj]
E:\github\McpServer\tests\McpServer.Todo.Validation\ErrorTests\TodoErrorTests.cs(114,23): error CS1591: Missing XML comment for publicly visible type or member 'TodoErrorTests.Patch_NotSupported_Returns405()' [E:\github\McpServer\tests\McpServer.Todo.Validation\McpServer.Todo.Validation.csproj]
E:\github\McpServer\tests\McpServer.Todo.Validation\ErrorTests\TodoErrorTests.cs(128,23): error CS1591: Missing XML comment for publicly visible type or member 'TodoErrorTests.Query_InvalidPriority_Returns200EmptyOrAll()' [E:\github\McpServer\tests\McpServer.Todo.Validation\McpServer.Todo.Validation.csproj]
E:\github\McpServer\tests\McpServer.ToolRegistry.Validation\ErrorTests\ToolRegistryErrorTests.cs(111,23): error CS1591: Missing XML comment for publicly visible type or member 'ToolRegistryErrorTests.AddBucket_Duplicate_Returns409()' [E:\github\McpServer\tests\McpServer.ToolRegistry.Validation\McpServer.ToolRegistry.Validation.csproj]
E:\github\McpServer\tests\McpServer.Todo.Validation\ErrorTests\TodoErrorTests.cs(140,23): error CS1591: Missing XML comment for publicly visible type or member 'TodoErrorTests.Query_MultipleFilters_Returns200()' [E:\github\McpServer\tests\McpServer.Todo.Validation\McpServer.Todo.Validation.csproj]
E:\github\McpServer\tests\McpServer.Todo.Validation\Models\TodoModels.cs(6,19): error CS1591: Missing XML comment for publicly visible type or member 'TodoFlatItem.Id' [E:\github\McpServer\tests\McpServer.Todo.Validation\McpServer.Todo.Validation.csproj]
E:\github\McpServer\tests\McpServer.Todo.Validation\Models\TodoModels.cs(7,19): error CS1591: Missing XML comment for publicly visible type or member 'TodoFlatItem.Title' [E:\github\McpServer\tests\McpServer.Todo.Validation\McpServer.Todo.Validation.csproj]
E:\github\McpServer\tests\McpServer.Todo.Validation\Models\TodoModels.cs(8,19): error CS1591: Missing XML comment for publicly visible type or member 'TodoFlatItem.Section' [E:\github\McpServer\tests\McpServer.Todo.Validation\McpServer.Todo.Validation.csproj]
E:\github\McpServer\tests\McpServer.ToolRegistry.Validation\ErrorTests\ToolRegistryErrorTests.cs(130,23): error CS1591: Missing XML comment for publicly visible type or member 'ToolRegistryErrorTests.Search_WithWorkspace_Returns200()' [E:\github\McpServer\tests\McpServer.ToolRegistry.Validation\McpServer.ToolRegistry.Validation.csproj]
E:\github\McpServer\tests\McpServer.Todo.Validation\Models\TodoModels.cs(9,19): error CS1591: Missing XML comment for publicly visible type or member 'TodoFlatItem.Priority' [E:\github\McpServer\tests\McpServer.Todo.Validation\McpServer.Todo.Validation.csproj]
E:\github\McpServer\tests\McpServer.ToolRegistry.Validation\ErrorTests\ToolRegistryErrorTests.cs(138,23): error CS1591: Missing XML comment for publicly visible type or member 'ToolRegistryErrorTests.List_WithWorkspace_Returns200()' [E:\github\McpServer\tests\McpServer.ToolRegistry.Validation\McpServer.ToolRegistry.Validation.csproj]
E:\github\McpServer\tests\McpServer.Todo.Validation\Models\TodoModels.cs(10,17): error CS1591: Missing XML comment for publicly visible type or member 'TodoFlatItem.Done' [E:\github\McpServer\tests\McpServer.Todo.Validation\McpServer.Todo.Validation.csproj]
E:\github\McpServer\tests\McpServer.ToolRegistry.Validation\Models\ToolRegistryModels.cs(3,21): error CS1591: Missing XML comment for publicly visible type or member 'ToolDto' [E:\github\McpServer\tests\McpServer.ToolRegistry.Validation\McpServer.ToolRegistry.Validation.csproj]
E:\github\McpServer\tests\McpServer.Todo.Validation\Models\TodoModels.cs(11,20): error CS1591: Missing XML comment for publicly visible type or member 'TodoFlatItem.Estimate' [E:\github\McpServer\tests\McpServer.Todo.Validation\McpServer.Todo.Validation.csproj]
E:\github\McpServer\tests\McpServer.Todo.Validation\Models\TodoModels.cs(12,20): error CS1591: Missing XML comment for publicly visible type or member 'TodoFlatItem.Note' [E:\github\McpServer\tests\McpServer.Todo.Validation\McpServer.Todo.Validation.csproj]
E:\github\McpServer\tests\McpServer.ToolRegistry.Validation\Models\ToolRegistryModels.cs(5,16): error CS1591: Missing XML comment for publicly visible type or member 'ToolDto.Id' [E:\github\McpServer\tests\McpServer.ToolRegistry.Validation\McpServer.ToolRegistry.Validation.csproj]
E:\github\McpServer\tests\McpServer.Todo.Validation\Models\TodoModels.cs(13,26): error CS1591: Missing XML comment for publicly visible type or member 'TodoFlatItem.Description' [E:\github\McpServer\tests\McpServer.Todo.Validation\McpServer.Todo.Validation.csproj]
E:\github\McpServer\tests\McpServer.Todo.Validation\Models\TodoModels.cs(14,26): error CS1591: Missing XML comment for publicly visible type or member 'TodoFlatItem.TechnicalDetails' [E:\github\McpServer\tests\McpServer.Todo.Validation\McpServer.Todo.Validation.csproj]
E:\github\McpServer\tests\McpServer.ToolRegistry.Validation\Models\ToolRegistryModels.cs(6,19): error CS1591: Missing XML comment for publicly visible type or member 'ToolDto.Name' [E:\github\McpServer\tests\McpServer.ToolRegistry.Validation\McpServer.ToolRegistry.Validation.csproj]
E:\github\McpServer\tests\McpServer.Todo.Validation\Models\TodoModels.cs(15,32): error CS1591: Missing XML comment for publicly visible type or member 'TodoFlatItem.ImplementationTasks' [E:\github\McpServer\tests\McpServer.Todo.Validation\McpServer.Todo.Validation.csproj]
E:\github\McpServer\tests\McpServer.ToolRegistry.Validation\Models\ToolRegistryModels.cs(7,19): error CS1591: Missing XML comment for publicly visible type or member 'ToolDto.Description' [E:\github\McpServer\tests\McpServer.ToolRegistry.Validation\McpServer.ToolRegistry.Validation.csproj]
E:\github\McpServer\tests\McpServer.Todo.Validation\Models\TodoModels.cs(16,20): error CS1591: Missing XML comment for publicly visible type or member 'TodoFlatItem.CompletedDate' [E:\github\McpServer\tests\McpServer.Todo.Validation\McpServer.Todo.Validation.csproj]
E:\github\McpServer\tests\McpServer.Todo.Validation\Models\TodoModels.cs(17,20): error CS1591: Missing XML comment for publicly visible type or member 'TodoFlatItem.DoneSummary' [E:\github\McpServer\tests\McpServer.Todo.Validation\McpServer.Todo.Validation.csproj]
E:\github\McpServer\tests\McpServer.ToolRegistry.Validation\Models\ToolRegistryModels.cs(8,25): error CS1591: Missing XML comment for publicly visible type or member 'ToolDto.Tags' [E:\github\McpServer\tests\McpServer.ToolRegistry.Validation\McpServer.ToolRegistry.Validation.csproj]
E:\github\McpServer\tests\McpServer.Todo.Validation\Models\TodoModels.cs(18,20): error CS1591: Missing XML comment for publicly visible type or member 'TodoFlatItem.Remaining' [E:\github\McpServer\tests\McpServer.Todo.Validation\McpServer.Todo.Validation.csproj]
E:\github\McpServer\tests\McpServer.ToolRegistry.Validation\Models\ToolRegistryModels.cs(9,20): error CS1591: Missing XML comment for publicly visible type or member 'ToolDto.ParameterSchema' [E:\github\McpServer\tests\McpServer.ToolRegistry.Validation\McpServer.ToolRegistry.Validation.csproj]
E:\github\McpServer\tests\McpServer.Todo.Validation\Models\TodoModels.cs(19,20): error CS1591: Missing XML comment for publicly visible type or member 'TodoFlatItem.PriorityNote' [E:\github\McpServer\tests\McpServer.Todo.Validation\McpServer.Todo.Validation.csproj]
E:\github\McpServer\tests\McpServer.ToolRegistry.Validation\Models\ToolRegistryModels.cs(10,20): error CS1591: Missing XML comment for publicly visible type or member 'ToolDto.CommandTemplate' [E:\github\McpServer\tests\McpServer.ToolRegistry.Validation\McpServer.ToolRegistry.Validation.csproj]
E:\github\McpServer\tests\McpServer.Todo.Validation\Models\TodoModels.cs(20,20): error CS1591: Missing XML comment for publicly visible type or member 'TodoFlatItem.Reference' [E:\github\McpServer\tests\McpServer.Todo.Validation\McpServer.Todo.Validation.csproj]
E:\github\McpServer\tests\McpServer.ToolRegistry.Validation\Models\ToolRegistryModels.cs(11,20): error CS1591: Missing XML comment for publicly visible type or member 'ToolDto.WorkspacePath' [E:\github\McpServer\tests\McpServer.ToolRegistry.Validation\McpServer.ToolRegistry.Validation.csproj]
E:\github\McpServer\tests\McpServer.Todo.Validation\Models\TodoModels.cs(21,26): error CS1591: Missing XML comment for publicly visible type or member 'TodoFlatItem.DependsOn' [E:\github\McpServer\tests\McpServer.Todo.Validation\McpServer.Todo.Validation.csproj]
E:\github\McpServer\tests\McpServer.ToolRegistry.Validation\Models\ToolRegistryModels.cs(12,27): error CS1591: Missing XML comment for publicly visible type or member 'ToolDto.DateTimeCreated' [E:\github\McpServer\tests\McpServer.ToolRegistry.Validation\McpServer.ToolRegistry.Validation.csproj]
E:\github\McpServer\tests\McpServer.ToolRegistry.Validation\Models\ToolRegistryModels.cs(13,27): error CS1591: Missing XML comment for publicly visible type or member 'ToolDto.DateTimeModified' [E:\github\McpServer\tests\McpServer.ToolRegistry.Validation\McpServer.ToolRegistry.Validation.csproj]
E:\github\McpServer\tests\McpServer.Todo.Validation\Models\TodoModels.cs(22,26): error CS1591: Missing XML comment for publicly visible type or member 'TodoFlatItem.FunctionalRequirements' [E:\github\McpServer\tests\McpServer.Todo.Validation\McpServer.Todo.Validation.csproj]
E:\github\McpServer\tests\McpServer.Todo.Validation\Models\TodoModels.cs(23,26): error CS1591: Missing XML comment for publicly visible type or member 'TodoFlatItem.TechnicalRequirements' [E:\github\McpServer\tests\McpServer.Todo.Validation\McpServer.Todo.Validation.csproj]
E:\github\McpServer\tests\McpServer.ToolRegistry.Validation\Models\ToolRegistryModels.cs(16,21): error CS1591: Missing XML comment for publicly visible type or member 'ToolSearchResult' [E:\github\McpServer\tests\McpServer.ToolRegistry.Validation\McpServer.ToolRegistry.Validation.csproj]
E:\github\McpServer\tests\McpServer.ToolRegistry.Validation\Models\ToolRegistryModels.cs(18,26): error CS1591: Missing XML comment for publicly visible type or member 'ToolSearchResult.Tools' [E:\github\McpServer\tests\McpServer.ToolRegistry.Validation\McpServer.ToolRegistry.Validation.csproj]
E:\github\McpServer\tests\McpServer.Todo.Validation\Models\TodoModels.cs(29,19): error CS1591: Missing XML comment for publicly visible type or member 'TodoFlatTask.Task' [E:\github\McpServer\tests\McpServer.Todo.Validation\McpServer.Todo.Validation.csproj]
E:\github\McpServer\tests\McpServer.ToolRegistry.Validation\Models\ToolRegistryModels.cs(19,16): error CS1591: Missing XML comment for publicly visible type or member 'ToolSearchResult.TotalCount' [E:\github\McpServer\tests\McpServer.ToolRegistry.Validation\McpServer.ToolRegistry.Validation.csproj]
E:\github\McpServer\tests\McpServer.ToolRegistry.Validation\Models\ToolRegistryModels.cs(22,21): error CS1591: Missing XML comment for publicly visible type or member 'ToolMutationResult' [E:\github\McpServer\tests\McpServer.ToolRegistry.Validation\McpServer.ToolRegistry.Validation.csproj]
E:\github\McpServer\tests\McpServer.Todo.Validation\Models\TodoModels.cs(30,17): error CS1591: Missing XML comment for publicly visible type or member 'TodoFlatTask.Done' [E:\github\McpServer\tests\McpServer.Todo.Validation\McpServer.Todo.Validation.csproj]
E:\github\McpServer\tests\McpServer.ToolRegistry.Validation\Models\ToolRegistryModels.cs(24,17): error CS1591: Missing XML comment for publicly visible type or member 'ToolMutationResult.Success' [E:\github\McpServer\tests\McpServer.ToolRegistry.Validation\McpServer.ToolRegistry.Validation.csproj]
E:\github\McpServer\tests\McpServer.Todo.Validation\Models\TodoModels.cs(36,31): error CS1591: Missing XML comment for publicly visible type or member 'TodoQueryResult.Items' [E:\github\McpServer\tests\McpServer.Todo.Validation\McpServer.Todo.Validation.csproj]
E:\github\McpServer\tests\McpServer.ToolRegistry.Validation\Models\ToolRegistryModels.cs(25,20): error CS1591: Missing XML comment for publicly visible type or member 'ToolMutationResult.Error' [E:\github\McpServer\tests\McpServer.ToolRegistry.Validation\McpServer.ToolRegistry.Validation.csproj]
E:\github\McpServer\tests\McpServer.Todo.Validation\Models\TodoModels.cs(37,16): error CS1591: Missing XML comment for publicly visible type or member 'TodoQueryResult.TotalCount' [E:\github\McpServer\tests\McpServer.Todo.Validation\McpServer.Todo.Validation.csproj]
E:\github\McpServer\tests\McpServer.ToolRegistry.Validation\Models\ToolRegistryModels.cs(26,21): error CS1591: Missing XML comment for publicly visible type or member 'ToolMutationResult.Tool' [E:\github\McpServer\tests\McpServer.ToolRegistry.Validation\McpServer.ToolRegistry.Validation.csproj]
E:\github\McpServer\tests\McpServer.Todo.Validation\Models\TodoModels.cs(43,17): error CS1591: Missing XML comment for publicly visible type or member 'TodoMutationResult.Success' [E:\github\McpServer\tests\McpServer.Todo.Validation\McpServer.Todo.Validation.csproj]
E:\github\McpServer\tests\McpServer.ToolRegistry.Validation\Models\ToolRegistryModels.cs(29,21): error CS1591: Missing XML comment for publicly visible type or member 'BucketDto' [E:\github\McpServer\tests\McpServer.ToolRegistry.Validation\McpServer.ToolRegistry.Validation.csproj]
E:\github\McpServer\tests\McpServer.Todo.Validation\Models\TodoModels.cs(44,20): error CS1591: Missing XML comment for publicly visible type or member 'TodoMutationResult.Error' [E:\github\McpServer\tests\McpServer.Todo.Validation\McpServer.Todo.Validation.csproj]
E:\github\McpServer\tests\McpServer.ToolRegistry.Validation\Models\ToolRegistryModels.cs(31,16): error CS1591: Missing XML comment for publicly visible type or member 'BucketDto.Id' [E:\github\McpServer\tests\McpServer.ToolRegistry.Validation\McpServer.ToolRegistry.Validation.csproj]
E:\github\McpServer\tests\McpServer.Todo.Validation\Models\TodoModels.cs(45,26): error CS1591: Missing XML comment for publicly visible type or member 'TodoMutationResult.Item' [E:\github\McpServer\tests\McpServer.Todo.Validation\McpServer.Todo.Validation.csproj]
E:\github\McpServer\tests\McpServer.ToolRegistry.Validation\Models\ToolRegistryModels.cs(32,19): error CS1591: Missing XML comment for publicly visible type or member 'BucketDto.Name' [E:\github\McpServer\tests\McpServer.ToolRegistry.Validation\McpServer.ToolRegistry.Validation.csproj]
E:\github\McpServer\tests\McpServer.Todo.Validation\Models\TodoModels.cs(51,17): error CS1591: Missing XML comment for publicly visible type or member 'RequirementsAnalysisResult.Success' [E:\github\McpServer\tests\McpServer.Todo.Validation\McpServer.Todo.Validation.csproj]
E:\github\McpServer\tests\McpServer.ToolRegistry.Validation\Models\ToolRegistryModels.cs(33,19): error CS1591: Missing XML comment for publicly visible type or member 'BucketDto.Owner' [E:\github\McpServer\tests\McpServer.ToolRegistry.Validation\McpServer.ToolRegistry.Validation.csproj]
E:\github\McpServer\tests\McpServer.Todo.Validation\Models\TodoModels.cs(52,26): error CS1591: Missing XML comment for publicly visible type or member 'RequirementsAnalysisResult.FunctionalRequirements' [E:\github\McpServer\tests\McpServer.Todo.Validation\McpServer.Todo.Validation.csproj]
E:\github\McpServer\tests\McpServer.ToolRegistry.Validation\Models\ToolRegistryModels.cs(34,19): error CS1591: Missing XML comment for publicly visible type or member 'BucketDto.Repo' [E:\github\McpServer\tests\McpServer.ToolRegistry.Validation\McpServer.ToolRegistry.Validation.csproj]
E:\github\McpServer\tests\McpServer.ToolRegistry.Validation\Models\ToolRegistryModels.cs(35,19): error CS1591: Missing XML comment for publicly visible type or member 'BucketDto.Branch' [E:\github\McpServer\tests\McpServer.ToolRegistry.Validation\McpServer.ToolRegistry.Validation.csproj]
E:\github\McpServer\tests\McpServer.Todo.Validation\Models\TodoModels.cs(53,26): error CS1591: Missing XML comment for publicly visible type or member 'RequirementsAnalysisResult.TechnicalRequirements' [E:\github\McpServer\tests\McpServer.Todo.Validation\McpServer.Todo.Validation.csproj]
E:\github\McpServer\tests\McpServer.ToolRegistry.Validation\Models\ToolRegistryModels.cs(36,19): error CS1591: Missing XML comment for publicly visible type or member 'BucketDto.ManifestPath' [E:\github\McpServer\tests\McpServer.ToolRegistry.Validation\McpServer.ToolRegistry.Validation.csproj]
E:\github\McpServer\tests\McpServer.Todo.Validation\Models\TodoModels.cs(54,20): error CS1591: Missing XML comment for publicly visible type or member 'RequirementsAnalysisResult.Error' [E:\github\McpServer\tests\McpServer.Todo.Validation\McpServer.Todo.Validation.csproj]
E:\github\McpServer\tests\McpServer.ToolRegistry.Validation\Models\ToolRegistryModels.cs(37,27): error CS1591: Missing XML comment for publicly visible type or member 'BucketDto.DateTimeCreated' [E:\github\McpServer\tests\McpServer.ToolRegistry.Validation\McpServer.ToolRegistry.Validation.csproj]
E:\github\McpServer\tests\McpServer.Todo.Validation\Models\TodoModels.cs(55,20): error CS1591: Missing XML comment for publicly visible type or member 'RequirementsAnalysisResult.CopilotResponse' [E:\github\McpServer\tests\McpServer.Todo.Validation\McpServer.Todo.Validation.csproj]
E:\github\McpServer\tests\McpServer.ToolRegistry.Validation\Models\ToolRegistryModels.cs(38,28): error CS1591: Missing XML comment for publicly visible type or member 'BucketDto.DateTimeLastSynced' [E:\github\McpServer\tests\McpServer.ToolRegistry.Validation\McpServer.ToolRegistry.Validation.csproj]
E:\github\McpServer\tests\McpServer.Todo.Validation\Models\TodoModels.cs(61,20): error CS1591: Missing XML comment for publicly visible type or member 'ErrorResponse.Error' [E:\github\McpServer\tests\McpServer.Todo.Validation\McpServer.Todo.Validation.csproj]
E:\github\McpServer\tests\McpServer.ToolRegistry.Validation\Models\ToolRegistryModels.cs(41,21): error CS1591: Missing XML comment for publicly visible type or member 'BucketListResult' [E:\github\McpServer\tests\McpServer.ToolRegistry.Validation\McpServer.ToolRegistry.Validation.csproj]
E:\github\McpServer\tests\McpServer.Todo.Validation\SequenceTests\TodoLifecycleSequenceTests.cs(18,12): error CS1591: Missing XML comment for publicly visible type or member 'TodoLifecycleSequenceTests.TodoLifecycleSequenceTests(TodoEndpointFixture, ITestOutputHelper)' [E:\github\McpServer\tests\McpServer.Todo.Validation\McpServer.Todo.Validation.csproj]
E:\github\McpServer\tests\McpServer.ToolRegistry.Validation\Models\ToolRegistryModels.cs(43,28): error CS1591: Missing XML comment for publicly visible type or member 'BucketListResult.Buckets' [E:\github\McpServer\tests\McpServer.ToolRegistry.Validation\McpServer.ToolRegistry.Validation.csproj]
E:\github\McpServer\tests\McpServer.Todo.Validation\SequenceTests\TodoLifecycleSequenceTests.cs(25,23): error CS1591: Missing XML comment for publicly visible type or member 'TodoLifecycleSequenceTests.FullLifecycle_CreateThroughDelete()' [E:\github\McpServer\tests\McpServer.Todo.Validation\McpServer.Todo.Validation.csproj]
E:\github\McpServer\tests\McpServer.ToolRegistry.Validation\Models\ToolRegistryModels.cs(44,16): error CS1591: Missing XML comment for publicly visible type or member 'BucketListResult.TotalCount' [E:\github\McpServer\tests\McpServer.ToolRegistry.Validation\McpServer.ToolRegistry.Validation.csproj]
E:\github\McpServer\tests\McpServer.Todo.Validation\TodoEndpointFixture.cs(20,12): error CS1591: Missing XML comment for publicly visible type or member 'TodoEndpointFixture.TodoEndpointFixture()' [E:\github\McpServer\tests\McpServer.Todo.Validation\McpServer.Todo.Validation.csproj]
E:\github\McpServer\tests\McpServer.ToolRegistry.Validation\Models\ToolRegistryModels.cs(47,21): error CS1591: Missing XML comment for publicly visible type or member 'BucketMutationResult' [E:\github\McpServer\tests\McpServer.ToolRegistry.Validation\McpServer.ToolRegistry.Validation.csproj]
E:\github\McpServer\tests\McpServer.Todo.Validation\TodoEndpointFixture.cs(33,17): error CS1591: Missing XML comment for publicly visible type or member 'TodoEndpointFixture.Dispose()' [E:\github\McpServer\tests\McpServer.Todo.Validation\McpServer.Todo.Validation.csproj]
E:\github\McpServer\tests\McpServer.ToolRegistry.Validation\Models\ToolRegistryModels.cs(49,17): error CS1591: Missing XML comment for publicly visible type or member 'BucketMutationResult.Success' [E:\github\McpServer\tests\McpServer.ToolRegistry.Validation\McpServer.ToolRegistry.Validation.csproj]
E:\github\McpServer\tests\McpServer.ToolRegistry.Validation\Models\ToolRegistryModels.cs(50,20): error CS1591: Missing XML comment for publicly visible type or member 'BucketMutationResult.Error' [E:\github\McpServer\tests\McpServer.ToolRegistry.Validation\McpServer.ToolRegistry.Validation.csproj]
E:\github\McpServer\tests\McpServer.ToolRegistry.Validation\Models\ToolRegistryModels.cs(51,23): error CS1591: Missing XML comment for publicly visible type or member 'BucketMutationResult.Bucket' [E:\github\McpServer\tests\McpServer.ToolRegistry.Validation\McpServer.ToolRegistry.Validation.csproj]
E:\github\McpServer\tests\McpServer.ToolRegistry.Validation\Models\ToolRegistryModels.cs(54,21): error CS1591: Missing XML comment for publicly visible type or member 'ToolManifest' [E:\github\McpServer\tests\McpServer.ToolRegistry.Validation\McpServer.ToolRegistry.Validation.csproj]
E:\github\McpServer\tests\McpServer.ToolRegistry.Validation\Models\ToolRegistryModels.cs(56,19): error CS1591: Missing XML comment for publicly visible type or member 'ToolManifest.Name' [E:\github\McpServer\tests\McpServer.ToolRegistry.Validation\McpServer.ToolRegistry.Validation.csproj]
E:\github\McpServer\tests\McpServer.ToolRegistry.Validation\Models\ToolRegistryModels.cs(57,19): error CS1591: Missing XML comment for publicly visible type or member 'ToolManifest.Description' [E:\github\McpServer\tests\McpServer.ToolRegistry.Validation\McpServer.ToolRegistry.Validation.csproj]
E:\github\McpServer\tests\McpServer.ToolRegistry.Validation\Models\ToolRegistryModels.cs(58,25): error CS1591: Missing XML comment for publicly visible type or member 'ToolManifest.Tags' [E:\github\McpServer\tests\McpServer.ToolRegistry.Validation\McpServer.ToolRegistry.Validation.csproj]
E:\github\McpServer\tests\McpServer.ToolRegistry.Validation\Models\ToolRegistryModels.cs(59,20): error CS1591: Missing XML comment for publicly visible type or member 'ToolManifest.ParameterSchema' [E:\github\McpServer\tests\McpServer.ToolRegistry.Validation\McpServer.ToolRegistry.Validation.csproj]
E:\github\McpServer\tests\McpServer.ToolRegistry.Validation\Models\ToolRegistryModels.cs(60,20): error CS1591: Missing XML comment for publicly visible type or member 'ToolManifest.CommandTemplate' [E:\github\McpServer\tests\McpServer.ToolRegistry.Validation\McpServer.ToolRegistry.Validation.csproj]
E:\github\McpServer\tests\McpServer.ToolRegistry.Validation\Models\ToolRegistryModels.cs(61,19): error CS1591: Missing XML comment for publicly visible type or member 'ToolManifest.ManifestFile' [E:\github\McpServer\tests\McpServer.ToolRegistry.Validation\McpServer.ToolRegistry.Validation.csproj]
E:\github\McpServer\tests\McpServer.ToolRegistry.Validation\Models\ToolRegistryModels.cs(64,21): error CS1591: Missing XML comment for publicly visible type or member 'BucketBrowseResult' [E:\github\McpServer\tests\McpServer.ToolRegistry.Validation\McpServer.ToolRegistry.Validation.csproj]
E:\github\McpServer\tests\McpServer.ToolRegistry.Validation\Models\ToolRegistryModels.cs(66,17): error CS1591: Missing XML comment for publicly visible type or member 'BucketBrowseResult.Success' [E:\github\McpServer\tests\McpServer.ToolRegistry.Validation\McpServer.ToolRegistry.Validation.csproj]
E:\github\McpServer\tests\McpServer.ToolRegistry.Validation\Models\ToolRegistryModels.cs(67,20): error CS1591: Missing XML comment for publicly visible type or member 'BucketBrowseResult.Error' [E:\github\McpServer\tests\McpServer.ToolRegistry.Validation\McpServer.ToolRegistry.Validation.csproj]
E:\github\McpServer\tests\McpServer.SessionLog.Validation\AtomicTests\AppendDialogTests.cs(10,21): error CS1591: Missing XML comment for publicly visible type or member 'AppendDialogTests' [E:\github\McpServer\tests\McpServer.SessionLog.Validation\McpServer.SessionLog.Validation.csproj]
E:\github\McpServer\tests\McpServer.ToolRegistry.Validation\Models\ToolRegistryModels.cs(68,32): error CS1591: Missing XML comment for publicly visible type or member 'BucketBrowseResult.Tools' [E:\github\McpServer\tests\McpServer.ToolRegistry.Validation\McpServer.ToolRegistry.Validation.csproj]
E:\github\McpServer\tests\McpServer.SessionLog.Validation\AtomicTests\AppendDialogTests.cs(15,12): error CS1591: Missing XML comment for publicly visible type or member 'AppendDialogTests.AppendDialogTests(SessionLogEndpointFixture)' [E:\github\McpServer\tests\McpServer.SessionLog.Validation\McpServer.SessionLog.Validation.csproj]
E:\github\McpServer\tests\McpServer.ToolRegistry.Validation\Models\ToolRegistryModels.cs(71,21): error CS1591: Missing XML comment for publicly visible type or member 'BucketSyncResult' [E:\github\McpServer\tests\McpServer.ToolRegistry.Validation\McpServer.ToolRegistry.Validation.csproj]
E:\github\McpServer\tests\McpServer.SessionLog.Validation\AtomicTests\AppendDialogTests.cs(18,23): error CS1591: Missing XML comment for publicly visible type or member 'AppendDialogTests.AppendDialog_ToExistingEntry_Returns200WithCount()' [E:\github\McpServer\tests\McpServer.SessionLog.Validation\McpServer.SessionLog.Validation.csproj]
E:\github\McpServer\tests\McpServer.ToolRegistry.Validation\Models\ToolRegistryModels.cs(73,17): error CS1591: Missing XML comment for publicly visible type or member 'BucketSyncResult.Success' [E:\github\McpServer\tests\McpServer.ToolRegistry.Validation\McpServer.ToolRegistry.Validation.csproj]
E:\github\McpServer\tests\McpServer.SessionLog.Validation\AtomicTests\AppendDialogTests.cs(70,23): error CS1591: Missing XML comment for publicly visible type or member 'AppendDialogTests.AppendDialog_MultipleAppends_AccumulatesCount()' [E:\github\McpServer\tests\McpServer.SessionLog.Validation\McpServer.SessionLog.Validation.csproj]
E:\github\McpServer\tests\McpServer.ToolRegistry.Validation\Models\ToolRegistryModels.cs(74,20): error CS1591: Missing XML comment for publicly visible type or member 'BucketSyncResult.Error' [E:\github\McpServer\tests\McpServer.ToolRegistry.Validation\McpServer.ToolRegistry.Validation.csproj]
E:\github\McpServer\tests\McpServer.ToolRegistry.Validation\Models\ToolRegistryModels.cs(75,16): error CS1591: Missing XML comment for publicly visible type or member 'BucketSyncResult.Updated' [E:\github\McpServer\tests\McpServer.ToolRegistry.Validation\McpServer.ToolRegistry.Validation.csproj]
E:\github\McpServer\tests\McpServer.SessionLog.Validation\AtomicTests\AppendDialogTests.cs(115,23): error CS1591: Missing XML comment for publicly visible type or member 'AppendDialogTests.AppendDialog_NonExistentSession_Returns404()' [E:\github\McpServer\tests\McpServer.SessionLog.Validation\McpServer.SessionLog.Validation.csproj]
E:\github\McpServer\tests\McpServer.ToolRegistry.Validation\Models\ToolRegistryModels.cs(76,16): error CS1591: Missing XML comment for publicly visible type or member 'BucketSyncResult.Added' [E:\github\McpServer\tests\McpServer.ToolRegistry.Validation\McpServer.ToolRegistry.Validation.csproj]
E:\github\McpServer\tests\McpServer.SessionLog.Validation\AtomicTests\QuerySessionLogTests.cs(10,21): error CS1591: Missing XML comment for publicly visible type or member 'QuerySessionLogTests' [E:\github\McpServer\tests\McpServer.SessionLog.Validation\McpServer.SessionLog.Validation.csproj]
E:\github\McpServer\tests\McpServer.ToolRegistry.Validation\Models\ToolRegistryModels.cs(77,16): error CS1591: Missing XML comment for publicly visible type or member 'BucketSyncResult.Unchanged' [E:\github\McpServer\tests\McpServer.ToolRegistry.Validation\McpServer.ToolRegistry.Validation.csproj]
E:\github\McpServer\tests\McpServer.SessionLog.Validation\AtomicTests\QuerySessionLogTests.cs(15,12): error CS1591: Missing XML comment for publicly visible type or member 'QuerySessionLogTests.QuerySessionLogTests(SessionLogEndpointFixture)' [E:\github\McpServer\tests\McpServer.SessionLog.Validation\McpServer.SessionLog.Validation.csproj]
E:\github\McpServer\tests\McpServer.SessionLog.Validation\AtomicTests\QuerySessionLogTests.cs(18,23): error CS1591: Missing XML comment for publicly visible type or member 'QuerySessionLogTests.Query_NoFilters_Returns200WithResults()' [E:\github\McpServer\tests\McpServer.SessionLog.Validation\McpServer.SessionLog.Validation.csproj]
E:\github\McpServer\tests\McpServer.ToolRegistry.Validation\SequenceTests\ToolLifecycleSequenceTests.cs(15,12): error CS1591: Missing XML comment for publicly visible type or member 'ToolLifecycleSequenceTests.ToolLifecycleSequenceTests(ToolRegistryFixture, ITestOutputHelper)' [E:\github\McpServer\tests\McpServer.ToolRegistry.Validation\McpServer.ToolRegistry.Validation.csproj]
E:\github\McpServer\tests\McpServer.SessionLog.Validation\AtomicTests\QuerySessionLogTests.cs(30,23): error CS1591: Missing XML comment for publicly visible type or member 'QuerySessionLogTests.Query_FilterByAgent_Returns200Filtered()' [E:\github\McpServer\tests\McpServer.SessionLog.Validation\McpServer.SessionLog.Validation.csproj]
E:\github\McpServer\tests\McpServer.SessionLog.Validation\AtomicTests\QuerySessionLogTests.cs(57,23): error CS1591: Missing XML comment for publicly visible type or member 'QuerySessionLogTests.Query_FilterByModel_Returns200Filtered()' [E:\github\McpServer\tests\McpServer.SessionLog.Validation\McpServer.SessionLog.Validation.csproj]
E:\github\McpServer\tests\McpServer.ToolRegistry.Validation\SequenceTests\ToolLifecycleSequenceTests.cs(18,23): error CS1591: Missing XML comment for publicly visible type or member 'ToolLifecycleSequenceTests.FullToolLifecycle_CreateThroughDelete()' [E:\github\McpServer\tests\McpServer.ToolRegistry.Validation\McpServer.ToolRegistry.Validation.csproj]
E:\github\McpServer\tests\McpServer.SessionLog.Validation\AtomicTests\QuerySessionLogTests.cs(82,23): error CS1591: Missing XML comment for publicly visible type or member 'QuerySessionLogTests.Query_FilterByDateRange_Returns200()' [E:\github\McpServer\tests\McpServer.SessionLog.Validation\McpServer.SessionLog.Validation.csproj]
E:\github\McpServer\tests\McpServer.ToolRegistry.Validation\SequenceTests\ToolLifecycleSequenceTests.cs(109,23): error CS1591: Missing XML comment for publicly visible type or member 'ToolLifecycleSequenceTests.FullBucketLifecycle_AddThroughRemove()' [E:\github\McpServer\tests\McpServer.ToolRegistry.Validation\McpServer.ToolRegistry.Validation.csproj]
E:\github\McpServer\tests\McpServer.SessionLog.Validation\AtomicTests\QuerySessionLogTests.cs(95,23): error CS1591: Missing XML comment for publicly visible type or member 'QuerySessionLogTests.Query_WithPagination_Returns200()' [E:\github\McpServer\tests\McpServer.SessionLog.Validation\McpServer.SessionLog.Validation.csproj]
E:\github\McpServer\tests\McpServer.ToolRegistry.Validation\ToolRegistryFixture.cs(8,25): error CS1591: Missing XML comment for publicly visible type or member 'ToolRegistryFixture.BaseUrl' [E:\github\McpServer\tests\McpServer.ToolRegistry.Validation\McpServer.ToolRegistry.Validation.csproj]
E:\github\McpServer\tests\McpServer.SessionLog.Validation\AtomicTests\QuerySessionLogTests.cs(107,23): error CS1591: Missing XML comment for publicly visible type or member 'QuerySessionLogTests.Query_NonMatchingAgent_ReturnsEmptyResults()' [E:\github\McpServer\tests\McpServer.SessionLog.Validation\McpServer.SessionLog.Validation.csproj]
E:\github\McpServer\tests\McpServer.ToolRegistry.Validation\ToolRegistryFixture.cs(9,25): error CS1591: Missing XML comment for publicly visible type or member 'ToolRegistryFixture.ToolRoute' [E:\github\McpServer\tests\McpServer.ToolRegistry.Validation\McpServer.ToolRegistry.Validation.csproj]
E:\github\McpServer\tests\McpServer.SessionLog.Validation\AtomicTests\QuerySessionLogTests.cs(119,23): error CS1591: Missing XML comment for publicly visible type or member 'QuerySessionLogTests.Query_FilterByText_Returns200()' [E:\github\McpServer\tests\McpServer.SessionLog.Validation\McpServer.SessionLog.Validation.csproj]
E:\github\McpServer\tests\McpServer.ToolRegistry.Validation\ToolRegistryFixture.cs(10,25): error CS1591: Missing XML comment for publicly visible type or member 'ToolRegistryFixture.BucketRoute' [E:\github\McpServer\tests\McpServer.ToolRegistry.Validation\McpServer.ToolRegistry.Validation.csproj]
E:\github\McpServer\tests\McpServer.SessionLog.Validation\AtomicTests\SubmitSessionLogTests.cs(10,21): error CS1591: Missing XML comment for publicly visible type or member 'SubmitSessionLogTests' [E:\github\McpServer\tests\McpServer.SessionLog.Validation\McpServer.SessionLog.Validation.csproj]
E:\github\McpServer\tests\McpServer.ToolRegistry.Validation\ToolRegistryFixture.cs(12,23): error CS1591: Missing XML comment for publicly visible type or member 'ToolRegistryFixture.Client' [E:\github\McpServer\tests\McpServer.ToolRegistry.Validation\McpServer.ToolRegistry.Validation.csproj]
E:\github\McpServer\tests\McpServer.SessionLog.Validation\AtomicTests\SubmitSessionLogTests.cs(15,12): error CS1591: Missing XML comment for publicly visible type or member 'SubmitSessionLogTests.SubmitSessionLogTests(SessionLogEndpointFixture)' [E:\github\McpServer\tests\McpServer.SessionLog.Validation\McpServer.SessionLog.Validation.csproj]
E:\github\McpServer\tests\McpServer.ToolRegistry.Validation\ToolRegistryFixture.cs(14,12): error CS1591: Missing XML comment for publicly visible type or member 'ToolRegistryFixture.ToolRegistryFixture()' [E:\github\McpServer\tests\McpServer.ToolRegistry.Validation\McpServer.ToolRegistry.Validation.csproj]
E:\github\McpServer\tests\McpServer.SessionLog.Validation\AtomicTests\SubmitSessionLogTests.cs(18,23): error CS1591: Missing XML comment for publicly visible type or member 'SubmitSessionLogTests.Submit_MinimalSessionLog_Returns201()' [E:\github\McpServer\tests\McpServer.SessionLog.Validation\McpServer.SessionLog.Validation.csproj]
E:\github\McpServer\tests\McpServer.ToolRegistry.Validation\ToolRegistryFixture.cs(27,17): error CS1591: Missing XML comment for publicly visible type or member 'ToolRegistryFixture.Dispose()' [E:\github\McpServer\tests\McpServer.ToolRegistry.Validation\McpServer.ToolRegistry.Validation.csproj]
E:\github\McpServer\tests\McpServer.ToolRegistry.Validation\ToolRegistryFixture.cs(31,21): error CS1591: Missing XML comment for publicly visible type or member 'ToolRegistryCollection' [E:\github\McpServer\tests\McpServer.ToolRegistry.Validation\McpServer.ToolRegistry.Validation.csproj]
E:\github\McpServer\tests\McpServer.SessionLog.Validation\AtomicTests\SubmitSessionLogTests.cs(44,23): error CS1591: Missing XML comment for publicly visible type or member 'SubmitSessionLogTests.Submit_FullSessionLogWithEntries_Returns201()' [E:\github\McpServer\tests\McpServer.SessionLog.Validation\McpServer.SessionLog.Validation.csproj]
E:\github\McpServer\tests\McpServer.SessionLog.Validation\AtomicTests\SubmitSessionLogTests.cs(94,23): error CS1591: Missing XML comment for publicly visible type or member 'SubmitSessionLogTests.Submit_UpsertSameSession_Returns201WithUpdatedData()' [E:\github\McpServer\tests\McpServer.SessionLog.Validation\McpServer.SessionLog.Validation.csproj]
E:\github\McpServer\tests\McpServer.SessionLog.Validation\AtomicTests\SubmitSessionLogTests.cs(135,23): error CS1591: Missing XML comment for publicly visible type or member 'SubmitSessionLogTests.Submit_WithProcessingDialog_Returns201()' [E:\github\McpServer\tests\McpServer.SessionLog.Validation\McpServer.SessionLog.Validation.csproj]
E:\github\McpServer\tests\McpServer.SessionLog.Validation\ErrorTests\SessionLogErrorTests.cs(11,21): error CS1591: Missing XML comment for publicly visible type or member 'SessionLogErrorTests' [E:\github\McpServer\tests\McpServer.SessionLog.Validation\McpServer.SessionLog.Validation.csproj]
E:\github\McpServer\tests\McpServer.SessionLog.Validation\ErrorTests\SessionLogErrorTests.cs(16,12): error CS1591: Missing XML comment for publicly visible type or member 'SessionLogErrorTests.SessionLogErrorTests(SessionLogEndpointFixture)' [E:\github\McpServer\tests\McpServer.SessionLog.Validation\McpServer.SessionLog.Validation.csproj]
E:\github\McpServer\tests\McpServer.SessionLog.Validation\ErrorTests\SessionLogErrorTests.cs(19,23): error CS1591: Missing XML comment for publicly visible type or member 'SessionLogErrorTests.Submit_MissingSourceType_Returns400()' [E:\github\McpServer\tests\McpServer.SessionLog.Validation\McpServer.SessionLog.Validation.csproj]
E:\github\McpServer\tests\McpServer.SessionLog.Validation\ErrorTests\SessionLogErrorTests.cs(37,23): error CS1591: Missing XML comment for publicly visible type or member 'SessionLogErrorTests.Submit_MissingSessionId_Returns400()' [E:\github\McpServer\tests\McpServer.SessionLog.Validation\McpServer.SessionLog.Validation.csproj]
E:\github\McpServer\tests\McpServer.SessionLog.Validation\ErrorTests\SessionLogErrorTests.cs(55,23): error CS1591: Missing XML comment for publicly visible type or member 'SessionLogErrorTests.Submit_EmptySourceType_Returns400()' [E:\github\McpServer\tests\McpServer.SessionLog.Validation\McpServer.SessionLog.Validation.csproj]
E:\github\McpServer\tests\McpServer.SessionLog.Validation\ErrorTests\SessionLogErrorTests.cs(70,23): error CS1591: Missing XML comment for publicly visible type or member 'SessionLogErrorTests.Submit_EmptySessionId_Returns400()' [E:\github\McpServer\tests\McpServer.SessionLog.Validation\McpServer.SessionLog.Validation.csproj]
E:\github\McpServer\tests\McpServer.SessionLog.Validation\ErrorTests\SessionLogErrorTests.cs(85,23): error CS1591: Missing XML comment for publicly visible type or member 'SessionLogErrorTests.AppendDialog_EmptyItemsList_Returns400()' [E:\github\McpServer\tests\McpServer.SessionLog.Validation\McpServer.SessionLog.Validation.csproj]
E:\github\McpServer\tests\McpServer.SessionLog.Validation\ErrorTests\SessionLogErrorTests.cs(94,23): error CS1591: Missing XML comment for publicly visible type or member 'SessionLogErrorTests.Submit_InvalidJsonBody_Returns400()' [E:\github\McpServer\tests\McpServer.SessionLog.Validation\McpServer.SessionLog.Validation.csproj]
E:\github\McpServer\tests\McpServer.SessionLog.Validation\Models\SessionLogModels.cs(5,21): error CS1591: Missing XML comment for publicly visible type or member 'SubmitResult' [E:\github\McpServer\tests\McpServer.SessionLog.Validation\McpServer.SessionLog.Validation.csproj]
E:\github\McpServer\tests\McpServer.SessionLog.Validation\Models\SessionLogModels.cs(7,41): error CS1591: Missing XML comment for publicly visible type or member 'SubmitResult.Id' [E:\github\McpServer\tests\McpServer.SessionLog.Validation\McpServer.SessionLog.Validation.csproj]
E:\github\McpServer\tests\McpServer.SessionLog.Validation\Models\SessionLogModels.cs(8,53): error CS1591: Missing XML comment for publicly visible type or member 'SubmitResult.SourceType' [E:\github\McpServer\tests\McpServer.SessionLog.Validation\McpServer.SessionLog.Validation.csproj]
E:\github\McpServer\tests\McpServer.SessionLog.Validation\Models\SessionLogModels.cs(9,52): error CS1591: Missing XML comment for publicly visible type or member 'SubmitResult.SessionId' [E:\github\McpServer\tests\McpServer.SessionLog.Validation\McpServer.SessionLog.Validation.csproj]
E:\github\McpServer\tests\McpServer.SessionLog.Validation\Models\SessionLogModels.cs(12,21): error CS1591: Missing XML comment for publicly visible type or member 'ErrorResult' [E:\github\McpServer\tests\McpServer.SessionLog.Validation\McpServer.SessionLog.Validation.csproj]
E:\github\McpServer\tests\McpServer.SessionLog.Validation\Models\SessionLogModels.cs(14,48): error CS1591: Missing XML comment for publicly visible type or member 'ErrorResult.Error' [E:\github\McpServer\tests\McpServer.SessionLog.Validation\McpServer.SessionLog.Validation.csproj]
E:\github\McpServer\tests\McpServer.SessionLog.Validation\Models\SessionLogModels.cs(17,21): error CS1591: Missing XML comment for publicly visible type or member 'QueryResult' [E:\github\McpServer\tests\McpServer.SessionLog.Validation\McpServer.SessionLog.Validation.csproj]
E:\github\McpServer\tests\McpServer.SessionLog.Validation\Models\SessionLogModels.cs(19,49): error CS1591: Missing XML comment for publicly visible type or member 'QueryResult.TotalCount' [E:\github\McpServer\tests\McpServer.SessionLog.Validation\McpServer.SessionLog.Validation.csproj]
E:\github\McpServer\tests\McpServer.SessionLog.Validation\Models\SessionLogModels.cs(20,44): error CS1591: Missing XML comment for publicly visible type or member 'QueryResult.Limit' [E:\github\McpServer\tests\McpServer.SessionLog.Validation\McpServer.SessionLog.Validation.csproj]
E:\github\McpServer\tests\McpServer.SessionLog.Validation\Models\SessionLogModels.cs(21,45): error CS1591: Missing XML comment for publicly visible type or member 'QueryResult.Offset' [E:\github\McpServer\tests\McpServer.SessionLog.Validation\McpServer.SessionLog.Validation.csproj]
E:\github\McpServer\tests\McpServer.SessionLog.Validation\Models\SessionLogModels.cs(22,62): error CS1591: Missing XML comment for publicly visible type or member 'QueryResult.Items' [E:\github\McpServer\tests\McpServer.SessionLog.Validation\McpServer.SessionLog.Validation.csproj]
E:\github\McpServer\tests\McpServer.SessionLog.Validation\Models\SessionLogModels.cs(25,21): error CS1591: Missing XML comment for publicly visible type or member 'SessionSummary' [E:\github\McpServer\tests\McpServer.SessionLog.Validation\McpServer.SessionLog.Validation.csproj]
E:\github\McpServer\tests\McpServer.SessionLog.Validation\Models\SessionLogModels.cs(27,41): error CS1591: Missing XML comment for publicly visible type or member 'SessionSummary.Id' [E:\github\McpServer\tests\McpServer.SessionLog.Validation\McpServer.SessionLog.Validation.csproj]
E:\github\McpServer\tests\McpServer.SessionLog.Validation\Models\SessionLogModels.cs(28,53): error CS1591: Missing XML comment for publicly visible type or member 'SessionSummary.SourceType' [E:\github\McpServer\tests\McpServer.SessionLog.Validation\McpServer.SessionLog.Validation.csproj]
E:\github\McpServer\tests\McpServer.SessionLog.Validation\Models\SessionLogModels.cs(29,52): error CS1591: Missing XML comment for publicly visible type or member 'SessionSummary.SessionId' [E:\github\McpServer\tests\McpServer.SessionLog.Validation\McpServer.SessionLog.Validation.csproj]
E:\github\McpServer\tests\McpServer.SessionLog.Validation\Models\SessionLogModels.cs(30,48): error CS1591: Missing XML comment for publicly visible type or member 'SessionSummary.Title' [E:\github\McpServer\tests\McpServer.SessionLog.Validation\McpServer.SessionLog.Validation.csproj]
E:\github\McpServer\tests\McpServer.SessionLog.Validation\Models\SessionLogModels.cs(31,48): error CS1591: Missing XML comment for publicly visible type or member 'SessionSummary.Model' [E:\github\McpServer\tests\McpServer.SessionLog.Validation\McpServer.SessionLog.Validation.csproj]
E:\github\McpServer\tests\McpServer.SessionLog.Validation\Models\SessionLogModels.cs(32,49): error CS1591: Missing XML comment for publicly visible type or member 'SessionSummary.Status' [E:\github\McpServer\tests\McpServer.SessionLog.Validation\McpServer.SessionLog.Validation.csproj]
E:\github\McpServer\tests\McpServer.SessionLog.Validation\Models\SessionLogModels.cs(33,49): error CS1591: Missing XML comment for publicly visible type or member 'SessionSummary.EntryCount' [E:\github\McpServer\tests\McpServer.SessionLog.Validation\McpServer.SessionLog.Validation.csproj]
E:\github\McpServer\tests\McpServer.SessionLog.Validation\Models\SessionLogModels.cs(34,50): error CS1591: Missing XML comment for publicly visible type or member 'SessionSummary.Started' [E:\github\McpServer\tests\McpServer.SessionLog.Validation\McpServer.SessionLog.Validation.csproj]
E:\github\McpServer\tests\McpServer.SessionLog.Validation\Models\SessionLogModels.cs(35,54): error CS1591: Missing XML comment for publicly visible type or member 'SessionSummary.LastUpdated' [E:\github\McpServer\tests\McpServer.SessionLog.Validation\McpServer.SessionLog.Validation.csproj]
E:\github\McpServer\tests\McpServer.SessionLog.Validation\Models\SessionLogModels.cs(36,58): error CS1591: Missing XML comment for publicly visible type or member 'SessionSummary.Entries' [E:\github\McpServer\tests\McpServer.SessionLog.Validation\McpServer.SessionLog.Validation.csproj]
E:\github\McpServer\tests\McpServer.SessionLog.Validation\Models\SessionLogModels.cs(39,21): error CS1591: Missing XML comment for publicly visible type or member 'EntryDto' [E:\github\McpServer\tests\McpServer.SessionLog.Validation\McpServer.SessionLog.Validation.csproj]
E:\github\McpServer\tests\McpServer.SessionLog.Validation\Models\SessionLogModels.cs(41,52): error CS1591: Missing XML comment for publicly visible type or member 'EntryDto.RequestId' [E:\github\McpServer\tests\McpServer.SessionLog.Validation\McpServer.SessionLog.Validation.csproj]
E:\github\McpServer\tests\McpServer.SessionLog.Validation\Models\SessionLogModels.cs(42,52): error CS1591: Missing XML comment for publicly visible type or member 'EntryDto.QueryText' [E:\github\McpServer\tests\McpServer.SessionLog.Validation\McpServer.SessionLog.Validation.csproj]
E:\github\McpServer\tests\McpServer.SessionLog.Validation\Models\SessionLogModels.cs(43,53): error CS1591: Missing XML comment for publicly visible type or member 'EntryDto.QueryTitle' [E:\github\McpServer\tests\McpServer.SessionLog.Validation\McpServer.SessionLog.Validation.csproj]
E:\github\McpServer\tests\McpServer.SessionLog.Validation\Models\SessionLogModels.cs(44,51): error CS1591: Missing XML comment for publicly visible type or member 'EntryDto.Response' [E:\github\McpServer\tests\McpServer.SessionLog.Validation\McpServer.SessionLog.Validation.csproj]
E:\github\McpServer\tests\McpServer.SessionLog.Validation\Models\SessionLogModels.cs(45,49): error CS1591: Missing XML comment for publicly visible type or member 'EntryDto.Status' [E:\github\McpServer\tests\McpServer.SessionLog.Validation\McpServer.SessionLog.Validation.csproj]
E:\github\McpServer\tests\McpServer.SessionLog.Validation\Models\SessionLogModels.cs(46,53): error CS1591: Missing XML comment for publicly visible type or member 'EntryDto.Tags' [E:\github\McpServer\tests\McpServer.SessionLog.Validation\McpServer.SessionLog.Validation.csproj]
E:\github\McpServer\tests\McpServer.SessionLog.Validation\Models\SessionLogModels.cs(47,59): error CS1591: Missing XML comment for publicly visible type or member 'EntryDto.Actions' [E:\github\McpServer\tests\McpServer.SessionLog.Validation\McpServer.SessionLog.Validation.csproj]
E:\github\McpServer\tests\McpServer.SessionLog.Validation\Models\SessionLogModels.cs(48,72): error CS1591: Missing XML comment for publicly visible type or member 'EntryDto.ProcessingDialog' [E:\github\McpServer\tests\McpServer.SessionLog.Validation\McpServer.SessionLog.Validation.csproj]
E:\github\McpServer\tests\McpServer.SessionLog.Validation\Models\SessionLogModels.cs(51,21): error CS1591: Missing XML comment for publicly visible type or member 'ActionDto' [E:\github\McpServer\tests\McpServer.SessionLog.Validation\McpServer.SessionLog.Validation.csproj]
E:\github\McpServer\tests\McpServer.SessionLog.Validation\Models\SessionLogModels.cs(53,44): error CS1591: Missing XML comment for publicly visible type or member 'ActionDto.Order' [E:\github\McpServer\tests\McpServer.SessionLog.Validation\McpServer.SessionLog.Validation.csproj]
E:\github\McpServer\tests\McpServer.SessionLog.Validation\Models\SessionLogModels.cs(54,54): error CS1591: Missing XML comment for publicly visible type or member 'ActionDto.Description' [E:\github\McpServer\tests\McpServer.SessionLog.Validation\McpServer.SessionLog.Validation.csproj]
E:\github\McpServer\tests\McpServer.SessionLog.Validation\Models\SessionLogModels.cs(55,47): error CS1591: Missing XML comment for publicly visible type or member 'ActionDto.Type' [E:\github\McpServer\tests\McpServer.SessionLog.Validation\McpServer.SessionLog.Validation.csproj]
E:\github\McpServer\tests\McpServer.SessionLog.Validation\Models\SessionLogModels.cs(56,49): error CS1591: Missing XML comment for publicly visible type or member 'ActionDto.Status' [E:\github\McpServer\tests\McpServer.SessionLog.Validation\McpServer.SessionLog.Validation.csproj]
E:\github\McpServer\tests\McpServer.SessionLog.Validation\Models\SessionLogModels.cs(57,51): error CS1591: Missing XML comment for publicly visible type or member 'ActionDto.FilePath' [E:\github\McpServer\tests\McpServer.SessionLog.Validation\McpServer.SessionLog.Validation.csproj]
E:\github\McpServer\tests\McpServer.SessionLog.Validation\Models\SessionLogModels.cs(60,21): error CS1591: Missing XML comment for publicly visible type or member 'DialogItemDto' [E:\github\McpServer\tests\McpServer.SessionLog.Validation\McpServer.SessionLog.Validation.csproj]
E:\github\McpServer\tests\McpServer.SessionLog.Validation\Models\SessionLogModels.cs(62,52): error CS1591: Missing XML comment for publicly visible type or member 'DialogItemDto.Timestamp' [E:\github\McpServer\tests\McpServer.SessionLog.Validation\McpServer.SessionLog.Validation.csproj]
E:\github\McpServer\tests\McpServer.SessionLog.Validation\Models\SessionLogModels.cs(63,47): error CS1591: Missing XML comment for publicly visible type or member 'DialogItemDto.Role' [E:\github\McpServer\tests\McpServer.SessionLog.Validation\McpServer.SessionLog.Validation.csproj]
E:\github\McpServer\tests\McpServer.SessionLog.Validation\Models\SessionLogModels.cs(64,50): error CS1591: Missing XML comment for publicly visible type or member 'DialogItemDto.Content' [E:\github\McpServer\tests\McpServer.SessionLog.Validation\McpServer.SessionLog.Validation.csproj]
E:\github\McpServer\tests\McpServer.SessionLog.Validation\Models\SessionLogModels.cs(65,51): error CS1591: Missing XML comment for publicly visible type or member 'DialogItemDto.Category' [E:\github\McpServer\tests\McpServer.SessionLog.Validation\McpServer.SessionLog.Validation.csproj]
E:\github\McpServer\tests\McpServer.SessionLog.Validation\Models\SessionLogModels.cs(68,21): error CS1591: Missing XML comment for publicly visible type or member 'DialogAppendResult' [E:\github\McpServer\tests\McpServer.SessionLog.Validation\McpServer.SessionLog.Validation.csproj]
E:\github\McpServer\tests\McpServer.SessionLog.Validation\Models\SessionLogModels.cs(70,48): error CS1591: Missing XML comment for publicly visible type or member 'DialogAppendResult.Agent' [E:\github\McpServer\tests\McpServer.SessionLog.Validation\McpServer.SessionLog.Validation.csproj]
E:\github\McpServer\tests\McpServer.SessionLog.Validation\Models\SessionLogModels.cs(71,52): error CS1591: Missing XML comment for publicly visible type or member 'DialogAppendResult.SessionId' [E:\github\McpServer\tests\McpServer.SessionLog.Validation\McpServer.SessionLog.Validation.csproj]
E:\github\McpServer\tests\McpServer.SessionLog.Validation\Models\SessionLogModels.cs(72,52): error CS1591: Missing XML comment for publicly visible type or member 'DialogAppendResult.RequestId' [E:\github\McpServer\tests\McpServer.SessionLog.Validation\McpServer.SessionLog.Validation.csproj]
E:\github\McpServer\tests\McpServer.SessionLog.Validation\Models\SessionLogModels.cs(73,55): error CS1591: Missing XML comment for publicly visible type or member 'DialogAppendResult.TotalDialogCount' [E:\github\McpServer\tests\McpServer.SessionLog.Validation\McpServer.SessionLog.Validation.csproj]
E:\github\McpServer\tests\McpServer.SessionLog.Validation\SequenceTests\SessionLogLifecycleTests.cs(10,21): error CS1591: Missing XML comment for publicly visible type or member 'SessionLogLifecycleTests' [E:\github\McpServer\tests\McpServer.SessionLog.Validation\McpServer.SessionLog.Validation.csproj]
E:\github\McpServer\tests\McpServer.SessionLog.Validation\SequenceTests\SessionLogLifecycleTests.cs(15,12): error CS1591: Missing XML comment for publicly visible type or member 'SessionLogLifecycleTests.SessionLogLifecycleTests(SessionLogEndpointFixture)' [E:\github\McpServer\tests\McpServer.SessionLog.Validation\McpServer.SessionLog.Validation.csproj]
E:\github\McpServer\tests\McpServer.SessionLog.Validation\SequenceTests\SessionLogLifecycleTests.cs(18,23): error CS1591: Missing XML comment for publicly visible type or member 'SessionLogLifecycleTests.FullLifecycle_Submit_Query_AppendDialog_Requery()' [E:\github\McpServer\tests\McpServer.SessionLog.Validation\McpServer.SessionLog.Validation.csproj]
E:\github\McpServer\tests\McpServer.SessionLog.Validation\SessionLogEndpointFixture.cs(10,25): error CS1591: Missing XML comment for publicly visible type or member 'SessionLogEndpointFixture.BaseUrl' [E:\github\McpServer\tests\McpServer.SessionLog.Validation\McpServer.SessionLog.Validation.csproj]
E:\github\McpServer\tests\McpServer.SessionLog.Validation\SessionLogEndpointFixture.cs(11,25): error CS1591: Missing XML comment for publicly visible type or member 'SessionLogEndpointFixture.SessionLogRoute' [E:\github\McpServer\tests\McpServer.SessionLog.Validation\McpServer.SessionLog.Validation.csproj]
E:\github\McpServer\tests\McpServer.SessionLog.Validation\SessionLogEndpointFixture.cs(13,23): error CS1591: Missing XML comment for publicly visible type or member 'SessionLogEndpointFixture.Client' [E:\github\McpServer\tests\McpServer.SessionLog.Validation\McpServer.SessionLog.Validation.csproj]
E:\github\McpServer\tests\McpServer.SessionLog.Validation\SessionLogEndpointFixture.cs(14,20): error CS1591: Missing XML comment for publicly visible type or member 'SessionLogEndpointFixture.ApiKey' [E:\github\McpServer\tests\McpServer.SessionLog.Validation\McpServer.SessionLog.Validation.csproj]
E:\github\McpServer\tests\McpServer.SessionLog.Validation\SessionLogEndpointFixture.cs(16,12): error CS1591: Missing XML comment for publicly visible type or member 'SessionLogEndpointFixture.SessionLogEndpointFixture()' [E:\github\McpServer\tests\McpServer.SessionLog.Validation\McpServer.SessionLog.Validation.csproj]
E:\github\McpServer\tests\McpServer.SessionLog.Validation\SessionLogEndpointFixture.cs(30,17): error CS1591: Missing XML comment for publicly visible type or member 'SessionLogEndpointFixture.Dispose()' [E:\github\McpServer\tests\McpServer.SessionLog.Validation\McpServer.SessionLog.Validation.csproj]
E:\github\McpServer\tests\McpServer.SessionLog.Validation\SessionLogEndpointFixture.cs(34,21): error CS1591: Missing XML comment for publicly visible type or member 'SessionLogEndpointCollection' [E:\github\McpServer\tests\McpServer.SessionLog.Validation\McpServer.SessionLog.Validation.csproj]
E:\github\McpServer\tests\McpServer.Context.Validation\AtomicTests\ContextEndpointTests.cs(9,21): error CS1591: Missing XML comment for publicly visible type or member 'ContextEndpointTests' [E:\github\McpServer\tests\McpServer.Context.Validation\McpServer.Context.Validation.csproj]
E:\github\McpServer\tests\McpServer.Context.Validation\AtomicTests\ContextEndpointTests.cs(14,12): error CS1591: Missing XML comment for publicly visible type or member 'ContextEndpointTests.ContextEndpointTests(ContextEndpointFixture)' [E:\github\McpServer\tests\McpServer.Context.Validation\McpServer.Context.Validation.csproj]
E:\github\McpServer\tests\McpServer.Context.Validation\AtomicTests\ContextEndpointTests.cs(19,23): error CS1591: Missing XML comment for publicly visible type or member 'ContextEndpointTests.Sources_Returns200WithSourcesArray()' [E:\github\McpServer\tests\McpServer.Context.Validation\McpServer.Context.Validation.csproj]
E:\github\McpServer\tests\McpServer.Context.Validation\AtomicTests\ContextEndpointTests.cs(31,23): error CS1591: Missing XML comment for publicly visible type or member 'ContextEndpointTests.Search_EmptyQuery_Returns200()' [E:\github\McpServer\tests\McpServer.Context.Validation\McpServer.Context.Validation.csproj]
E:\github\McpServer\tests\McpServer.Context.Validation\AtomicTests\ContextEndpointTests.cs(42,23): error CS1591: Missing XML comment for publicly visible type or member 'ContextEndpointTests.Search_WithQuery_Returns200WithResults()' [E:\github\McpServer\tests\McpServer.Context.Validation\McpServer.Context.Validation.csproj]
E:\github\McpServer\tests\McpServer.Context.Validation\AtomicTests\ContextEndpointTests.cs(54,23): error CS1591: Missing XML comment for publicly visible type or member 'ContextEndpointTests.Search_WithSourceTypeFilter_Returns200()' [E:\github\McpServer\tests\McpServer.Context.Validation\McpServer.Context.Validation.csproj]
E:\github\McpServer\tests\McpServer.Context.Validation\AtomicTests\ContextEndpointTests.cs(62,23): error CS1591: Missing XML comment for publicly visible type or member 'ContextEndpointTests.Search_LimitClamped_Returns200()' [E:\github\McpServer\tests\McpServer.Context.Validation\McpServer.Context.Validation.csproj]
E:\github\McpServer\tests\McpServer.Context.Validation\AtomicTests\ContextEndpointTests.cs(72,23): error CS1591: Missing XML comment for publicly visible type or member 'ContextEndpointTests.Pack_EmptyQuery_Returns200WithPack()' [E:\github\McpServer\tests\McpServer.Context.Validation\McpServer.Context.Validation.csproj]
E:\github\McpServer\tests\McpServer.Context.Validation\AtomicTests\ContextEndpointTests.cs(84,23): error CS1591: Missing XML comment for publicly visible type or member 'ContextEndpointTests.Pack_WithQueryId_Returns200WithSameQueryId()' [E:\github\McpServer\tests\McpServer.Context.Validation\McpServer.Context.Validation.csproj]
E:\github\McpServer\tests\McpServer.Context.Validation\AtomicTests\ContextEndpointTests.cs(95,23): error CS1591: Missing XML comment for publicly visible type or member 'ContextEndpointTests.Pack_WithQuery_ReturnsFilteredChunks()' [E:\github\McpServer\tests\McpServer.Context.Validation\McpServer.Context.Validation.csproj]
E:\github\McpServer\tests\McpServer.Context.Validation\AtomicTests\ContextEndpointTests.cs(105,23): error CS1591: Missing XML comment for publicly visible type or member 'ContextEndpointTests.RebuildIndex_Returns200Or500()' [E:\github\McpServer\tests\McpServer.Context.Validation\McpServer.Context.Validation.csproj]
E:\github\McpServer\tests\McpServer.Context.Validation\ContextEndpointFixture.cs(6,21): error CS1591: Missing XML comment for publicly visible type or member 'ContextEndpointCollection' [E:\github\McpServer\tests\McpServer.Context.Validation\McpServer.Context.Validation.csproj]
E:\github\McpServer\tests\McpServer.Context.Validation\ContextEndpointFixture.cs(8,21): error CS1591: Missing XML comment for publicly visible type or member 'ContextEndpointFixture' [E:\github\McpServer\tests\McpServer.Context.Validation\McpServer.Context.Validation.csproj]
E:\github\McpServer\tests\McpServer.Context.Validation\ContextEndpointFixture.cs(10,25): error CS1591: Missing XML comment for publicly visible type or member 'ContextEndpointFixture.BaseUrl' [E:\github\McpServer\tests\McpServer.Context.Validation\McpServer.Context.Validation.csproj]
E:\github\McpServer\tests\McpServer.Context.Validation\ContextEndpointFixture.cs(11,25): error CS1591: Missing XML comment for publicly visible type or member 'ContextEndpointFixture.ContextRoute' [E:\github\McpServer\tests\McpServer.Context.Validation\McpServer.Context.Validation.csproj]
E:\github\McpServer\tests\McpServer.Context.Validation\ContextEndpointFixture.cs(12,23): error CS1591: Missing XML comment for publicly visible type or member 'ContextEndpointFixture.Client' [E:\github\McpServer\tests\McpServer.Context.Validation\McpServer.Context.Validation.csproj]
E:\github\McpServer\tests\McpServer.Context.Validation\ContextEndpointFixture.cs(14,12): error CS1591: Missing XML comment for publicly visible type or member 'ContextEndpointFixture.ContextEndpointFixture()' [E:\github\McpServer\tests\McpServer.Context.Validation\McpServer.Context.Validation.csproj]
E:\github\McpServer\tests\McpServer.Context.Validation\ContextEndpointFixture.cs(22,17): error CS1591: Missing XML comment for publicly visible type or member 'ContextEndpointFixture.Dispose()' [E:\github\McpServer\tests\McpServer.Context.Validation\McpServer.Context.Validation.csproj]

Build FAILED.
    0 Warning(s)
    323 Error(s)

Time Elapsed 00:00:06.31
