<?xml version="1.0" encoding="utf-8"?>
<TestRun id="b9325148-8ce6-442a-a08a-5c39cfe9a13e" name="kingd@PAYTON-LEGION2 2026-08-21 22:32:33" runUser="PAYTON-LEGION2\kingd" xmlns="http://microsoft.com/schemas/VisualStudio/TeamTest/2010">
  <Times creation="2026-08-21T22:32:33.5175722-05:00" queuing="2026-08-21T22:32:33.5175729-05:00" start="2026-08-21T22:32:15.0187998-05:00" finish="2026-08-21T22:39:38.3164708-05:00" />
  <TestSettings name="default" id="c31b5e2f-aeba-4ba8-becb-85a753e96414">
    <Deployment runDeploymentRoot="kingd_PAYTON-LEGION2_2026-08-21_22_32_33" />
  </TestSettings>
  <Results>
    <UnitTestResult executionId="74ecd7a5-36ab-465b-8dc4-6f98281b990e" testId="9f044f5f-c5bb-dc12-8d47-5af1a8dd1680" testName="McpServer.PluginIntegration.Tests.PluginSessionLogWorkflowAdapterTests.Theory_Agent_BootstrapBeginAppendComplete_CapturesIdsCacheShaReceipt(hostKind: Cline)" computerName="PAYTON-LEGION2" duration="00:00:19.2611322" startTime="2026-08-21T22:33:51.6496573-05:00" endTime="2026-08-21T22:34:10.9108923-05:00" testType="13cdc9d9-ddb5-4fa4-a97d-d965ccfc6d4b" outcome="Passed" testListId="8c84fa94-04c1-424b-9868-57a2d4851a1d" relativeResultsDirectory="74ecd7a5-36ab-465b-8dc4-6f98281b990e" />
    <UnitTestResult executionId="e270d258-b2b5-440b-a1d4-5dc344cab88a" testId="a440ec51-ea3d-f0be-15f4-967977cfd350" testName="McpServer.PluginIntegration.Tests.PluginSessionLogWorkflowAdapterTests.Theory_Agent_ServerQuery_SourceTypeIdsActionDialogCompletedWorkspace(hostKind: Cline)" computerName="PAYTON-LEGION2" duration="00:00:20.2273223" startTime="2026-08-21T22:38:34.5709535-05:00" endTime="2026-08-21T22:38:54.7983498-05:00" testType="13cdc9d9-ddb5-4fa4-a97d-d965ccfc6d4b" outcome="Passed" testListId="8c84fa94-04c1-424b-9868-57a2d4851a1d" relativeResultsDirectory="e270d258-b2b5-440b-a1d4-5dc344cab88a" />
    <UnitTestResult executionId="fdf97c2a-1d47-45af-a45d-122b36ef9ecb" testId="214c533b-e35d-af2c-d63a-736af10b7347" testName="McpServer.PluginIntegration.Tests.PluginSessionLogWorkflowAdapterTests.Theory_Agent_BootstrapBeginAppendComplete_CapturesIdsCacheShaReceipt(hostKind: OpenCode)" computerName="PAYTON-LEGION2" duration="00:00:16.2927121" startTime="2026-08-21T22:32:17.1592134-05:00" endTime="2026-08-21T22:32:33.4620104-05:00" testType="13cdc9d9-ddb5-4fa4-a97d-d965ccfc6d4b" outcome="Passed" testListId="8c84fa94-04c1-424b-9868-57a2d4851a1d" relativeResultsDirectory="fdf97c2a-1d47-45af-a45d-122b36ef9ecb" />
    <UnitTestResult executionId="396ea406-3536-43bd-a646-a81d9d2b6f70" testId="c4c58014-3ecf-f48a-089a-d2f96e5fc65c" testName="McpServer.PluginIntegration.Tests.PluginSessionLogWorkflowAdapterTests.Theory_Agent_ServerQuery_SourceTypeIdsActionDialogCompletedWorkspace(hostKind: Codex)" computerName="PAYTON-LEGION2" duration="00:00:14.9028040" startTime="2026-08-21T22:37:31.0908288-05:00" endTime="2026-08-21T22:37:45.9936875-05:00" testType="13cdc9d9-ddb5-4fa4-a97d-d965ccfc6d4b" outcome="Passed" testListId="8c84fa94-04c1-424b-9868-57a2d4851a1d" relativeResultsDirectory="396ea406-3536-43bd-a646-a81d9d2b6f70" />
    <UnitTestResult executionId="942f7b80-949d-43db-beb8-2ddb7644bf2e" testId="6a47fc12-3fd2-71eb-43f3-d58f01ca31db" testName="McpServer.PluginIntegration.Tests.PluginSessionLogWorkflowAdapterTests.Theory_EachScenario_FailsUntilAdapterOperational(hostKind: Grok)" computerName="PAYTON-LEGION2" duration="00:00:18.7878019" startTime="2026-08-21T22:36:10.0063926-05:00" endTime="2026-08-21T22:36:28.7942476-05:00" testType="13cdc9d9-ddb5-4fa4-a97d-d965ccfc6d4b" outcome="Passed" testListId="8c84fa94-04c1-424b-9868-57a2d4851a1d" relativeResultsDirectory="942f7b80-949d-43db-beb8-2ddb7644bf2e" />
    <UnitTestResult executionId="7a3a6337-fdd9-49e8-a941-ea217604dd83" testId="18ccb483-1f78-78f6-7f04-eea105e6f2fc" testName="McpServer.PluginIntegration.Tests.PluginSessionLogWorkflowAdapterTests.Theory_Agent_BootstrapBeginAppendComplete_CapturesIdsCacheShaReceipt(hostKind: ClaudeCowork)" computerName="PAYTON-LEGION2" duration="00:00:14.1867836" startTime="2026-08-21T22:33:23.2509845-05:00" endTime="2026-08-21T22:33:37.4378542-05:00" testType="13cdc9d9-ddb5-4fa4-a97d-d965ccfc6d4b" outcome="Passed" testListId="8c84fa94-04c1-424b-9868-57a2d4851a1d" relativeResultsDirectory="7a3a6337-fdd9-49e8-a941-ea217604dd83" />
    <UnitTestResult executionId="1b6cfdf1-db84-451e-aae6-8c80df4ec957" testId="2aa3e527-2c65-85dc-a88a-083c1f3e85eb" testName="McpServer.PluginIntegration.Tests.PluginSessionLogWorkflowAdapterTests.Theory_EachScenario_FailsUntilAdapterOperational(hostKind: Codex)" computerName="PAYTON-LEGION2" duration="00:00:19.4378008" startTime="2026-08-21T22:34:41.6862551-05:00" endTime="2026-08-21T22:35:01.1241273-05:00" testType="13cdc9d9-ddb5-4fa4-a97d-d965ccfc6d4b" outcome="Passed" testListId="8c84fa94-04c1-424b-9868-57a2d4851a1d" relativeResultsDirectory="1b6cfdf1-db84-451e-aae6-8c80df4ec957" />
    <UnitTestResult executionId="517368be-f07a-4b4a-b3fe-70e3e09c6411" testId="10e57566-829a-b4ad-f03a-530076be589d" testName="McpServer.PluginIntegration.Tests.PluginSessionLogWorkflowAdapterTests.Theory_EachScenario_FailsUntilAdapterOperational(hostKind: OpenCode)" computerName="PAYTON-LEGION2" duration="00:00:17.4555042" startTime="2026-08-21T22:36:54.9974158-05:00" endTime="2026-08-21T22:37:12.4531626-05:00" testType="13cdc9d9-ddb5-4fa4-a97d-d965ccfc6d4b" outcome="Passed" testListId="8c84fa94-04c1-424b-9868-57a2d4851a1d" relativeResultsDirectory="517368be-f07a-4b4a-b3fe-70e3e09c6411" />
    <UnitTestResult executionId="5140e668-cd3d-4691-bad6-b511c0b46333" testId="92498341-6556-0681-f973-fb0ee9e18d9d" testName="McpServer.PluginIntegration.Tests.PluginSessionLogWorkflowAdapterTests.Theory_EachScenario_FailsUntilAdapterOperational(hostKind: ClaudeCode)" computerName="PAYTON-LEGION2" duration="00:00:15.4964897" startTime="2026-08-21T22:35:54.5070867-05:00" endTime="2026-08-21T22:36:10.0036316-05:00" testType="13cdc9d9-ddb5-4fa4-a97d-d965ccfc6d4b" outcome="Passed" testListId="8c84fa94-04c1-424b-9868-57a2d4851a1d" relativeResultsDirectory="5140e668-cd3d-4691-bad6-b511c0b46333" />
    <UnitTestResult executionId="a1a9b01b-0d9a-4ad3-8be4-b63591736886" testId="6f70084d-3d86-bee3-a825-644e9f99bdbf" testName="McpServer.PluginIntegration.Tests.PluginSessionLogWorkflowAdapterTests.Theory_Agent_BootstrapBeginAppendComplete_CapturesIdsCacheShaReceipt(hostKind: Grok)" computerName="PAYTON-LEGION2" duration="00:00:18.4491885" startTime="2026-08-21T22:32:49.6198921-05:00" endTime="2026-08-21T22:33:08.0691946-05:00" testType="13cdc9d9-ddb5-4fa4-a97d-d965ccfc6d4b" outcome="Passed" testListId="8c84fa94-04c1-424b-9868-57a2d4851a1d" relativeResultsDirectory="a1a9b01b-0d9a-4ad3-8be4-b63591736886" />
    <UnitTestResult executionId="e49dfd08-d2c4-4672-8cb6-89b23b86b480" testId="663eb62c-25be-b0f8-01d8-8c928bf4eff4" testName="McpServer.PluginIntegration.Tests.PluginSessionLogWorkflowAdapterTests.Theory_Agent_ServerQuery_SourceTypeIdsActionDialogCompletedWorkspace(hostKind: Copilot)" computerName="PAYTON-LEGION2" duration="00:00:17.6723722" startTime="2026-08-21T22:38:00.9414484-05:00" endTime="2026-08-21T22:38:18.6138901-05:00" testType="13cdc9d9-ddb5-4fa4-a97d-d965ccfc6d4b" outcome="Passed" testListId="8c84fa94-04c1-424b-9868-57a2d4851a1d" relativeResultsDirectory="e49dfd08-d2c4-4672-8cb6-89b23b86b480" />
    <UnitTestResult executionId="f5b04ec7-1428-4c2f-ab86-b5084aa30f99" testId="62e00820-0b4c-838e-9956-7938170992fc" testName="McpServer.PluginIntegration.Tests.PluginSessionLogWorkflowAdapterTests.Theory_Agent_BootstrapBeginAppendComplete_CapturesIdsCacheShaReceipt(hostKind: ClaudeCode)" computerName="PAYTON-LEGION2" duration="00:00:16.1386771" startTime="2026-08-21T22:32:33.4764167-05:00" endTime="2026-08-21T22:32:49.6152880-05:00" testType="13cdc9d9-ddb5-4fa4-a97d-d965ccfc6d4b" outcome="Passed" testListId="8c84fa94-04c1-424b-9868-57a2d4851a1d" relativeResultsDirectory="f5b04ec7-1428-4c2f-ab86-b5084aa30f99" />
    <UnitTestResult executionId="459f721e-fec2-4216-ad81-620dcbf2f250" testId="91171a61-fbe7-6209-e765-3b53652e89a8" testName="McpServer.PluginIntegration.Tests.PluginSessionLogWorkflowAdapterTests.Theory_Agent_ServerQuery_SourceTypeIdsActionDialogCompletedWorkspace(hostKind: Grok)" computerName="PAYTON-LEGION2" duration="00:00:15.9530510" startTime="2026-08-21T22:38:18.6162808-05:00" endTime="2026-08-21T22:38:34.5693945-05:00" testType="13cdc9d9-ddb5-4fa4-a97d-d965ccfc6d4b" outcome="Passed" testListId="8c84fa94-04c1-424b-9868-57a2d4851a1d" relativeResultsDirectory="459f721e-fec2-4216-ad81-620dcbf2f250" />
    <UnitTestResult executionId="f8ea5880-36f4-48cd-ac61-d00ce763536c" testId="71d44d28-4839-6bff-13df-574b04f76a59" testName="McpServer.PluginIntegration.Tests.PluginSessionLogWorkflowAdapterTests.Theory_EachScenario_FailsUntilAdapterOperational(hostKind: Cline)" computerName="PAYTON-LEGION2" duration="00:00:26.1975937" startTime="2026-08-21T22:36:28.7962111-05:00" endTime="2026-08-21T22:36:54.9938829-05:00" testType="13cdc9d9-ddb5-4fa4-a97d-d965ccfc6d4b" outcome="Passed" testListId="8c84fa94-04c1-424b-9868-57a2d4851a1d" relativeResultsDirectory="f8ea5880-36f4-48cd-ac61-d00ce763536c" />
    <UnitTestResult executionId="59457b23-29d9-4ba0-872f-e4b66989946d" testId="beb02ba7-b939-bae3-4c40-49acf425b66c" testName="McpServer.PluginIntegration.Tests.PluginSessionLogWorkflowAdapterTests.Theory_Agent_BootstrapBeginAppendComplete_CapturesIdsCacheShaReceipt(hostKind: Codex)" computerName="PAYTON-LEGION2" duration="00:00:15.1784995" startTime="2026-08-21T22:33:08.0710992-05:00" endTime="2026-08-21T22:33:23.2496948-05:00" testType="13cdc9d9-ddb5-4fa4-a97d-d965ccfc6d4b" outcome="Passed" testListId="8c84fa94-04c1-424b-9868-57a2d4851a1d" relativeResultsDirectory="59457b23-29d9-4ba0-872f-e4b66989946d" />
    <UnitTestResult executionId="448dd8a6-9f2e-47ed-87e9-4471d16dea2d" testId="dfe07778-974c-5237-57e7-e166dc24d5be" testName="McpServer.PluginIntegration.Tests.PluginSessionLogWorkflowAdapterTests.Theory_Agent_BootstrapBeginAppendComplete_CapturesIdsCacheShaReceipt(hostKind: Copilot)" computerName="PAYTON-LEGION2" duration="00:00:30.7620483" startTime="2026-08-21T22:34:10.9122907-05:00" endTime="2026-08-21T22:34:41.6744151-05:00" testType="13cdc9d9-ddb5-4fa4-a97d-d965ccfc6d4b" outcome="Passed" testListId="8c84fa94-04c1-424b-9868-57a2d4851a1d" relativeResultsDirectory="448dd8a6-9f2e-47ed-87e9-4471d16dea2d" />
    <UnitTestResult executionId="17d4860c-72e2-4387-805a-0e433afed8e5" testId="d793dd0f-915d-0cf0-b819-8b09e14adb02" testName="McpServer.PluginIntegration.Tests.PluginSessionLogWorkflowAdapterTests.Theory_Agent_ServerQuery_SourceTypeIdsActionDialogCompletedWorkspace(hostKind: ClaudeCode)" computerName="PAYTON-LEGION2" duration="00:00:13.3354759" startTime="2026-08-21T22:39:24.7727275-05:00" endTime="2026-08-21T22:39:38.1082461-05:00" testType="13cdc9d9-ddb5-4fa4-a97d-d965ccfc6d4b" outcome="Passed" testListId="8c84fa94-04c1-424b-9868-57a2d4851a1d" relativeResultsDirectory="17d4860c-72e2-4387-805a-0e433afed8e5" />
    <UnitTestResult executionId="feb2d598-a517-4e06-8e63-490e6b3fc2f5" testId="d42781b5-1df1-2439-9cae-15996a584dc2" testName="McpServer.PluginIntegration.Tests.PluginSessionLogWorkflowAdapterTests.Theory_EachScenario_FailsUntilAdapterOperational(hostKind: ClineV2)" computerName="PAYTON-LEGION2" duration="00:00:27.6535935" startTime="2026-08-21T22:35:01.1269090-05:00" endTime="2026-08-21T22:35:28.7805600-05:00" testType="13cdc9d9-ddb5-4fa4-a97d-d965ccfc6d4b" outcome="Passed" testListId="8c84fa94-04c1-424b-9868-57a2d4851a1d" relativeResultsDirectory="feb2d598-a517-4e06-8e63-490e6b3fc2f5" />
    <UnitTestResult executionId="2a2d67a3-739f-407b-909b-088c7dd081c8" testId="7ac3eb7d-db64-9b1e-5e55-d56d29d72896" testName="McpServer.PluginIntegration.Tests.PluginSessionLogWorkflowAdapterTests.Theory_Agent_ServerQuery_SourceTypeIdsActionDialogCompletedWorkspace(hostKind: ClaudeCowork)" computerName="PAYTON-LEGION2" duration="00:00:14.8634450" startTime="2026-08-21T22:39:09.9072999-05:00" endTime="2026-08-21T22:39:24.7707947-05:00" testType="13cdc9d9-ddb5-4fa4-a97d-d965ccfc6d4b" outcome="Passed" testListId="8c84fa94-04c1-424b-9868-57a2d4851a1d" relativeResultsDirectory="2a2d67a3-739f-407b-909b-088c7dd081c8" />
    <UnitTestResult executionId="ef9d7cba-dba9-4f35-9a6f-c47128011828" testId="435990bf-96b1-fe49-8bcc-358ae91e2ddb" testName="McpServer.PluginIntegration.Tests.PluginSessionLogWorkflowAdapterTests.Theory_Agent_ServerQuery_SourceTypeIdsActionDialogCompletedWorkspace(hostKind: ClineV2)" computerName="PAYTON-LEGION2" duration="00:00:14.9426387" startTime="2026-08-21T22:37:45.9956614-05:00" endTime="2026-08-21T22:38:00.9383617-05:00" testType="13cdc9d9-ddb5-4fa4-a97d-d965ccfc6d4b" outcome="Passed" testListId="8c84fa94-04c1-424b-9868-57a2d4851a1d" relativeResultsDirectory="ef9d7cba-dba9-4f35-9a6f-c47128011828" />
    <UnitTestResult executionId="4eacb079-c9dc-44bd-b6ef-ecdb6638566e" testId="ea7b6ece-0962-3f6e-2f12-6af4f92b3a17" testName="McpServer.PluginIntegration.Tests.PluginSessionLogWorkflowAdapterTests.Theory_Agent_ServerQuery_SourceTypeIdsActionDialogCompletedWorkspace(hostKind: OpenCode)" computerName="PAYTON-LEGION2" duration="00:00:15.1036202" startTime="2026-08-21T22:38:54.8014422-05:00" endTime="2026-08-21T22:39:09.9051160-05:00" testType="13cdc9d9-ddb5-4fa4-a97d-d965ccfc6d4b" outcome="Passed" testListId="8c84fa94-04c1-424b-9868-57a2d4851a1d" relativeResultsDirectory="4eacb079-c9dc-44bd-b6ef-ecdb6638566e" />
    <UnitTestResult executionId="9a33301c-0cc2-4c72-964c-ada80e87ad37" testId="236c9f0a-5162-8715-aff3-f50a3225bd64" testName="McpServer.PluginIntegration.Tests.PluginSessionLogWorkflowAdapterTests.Theory_EachScenario_FailsUntilAdapterOperational(hostKind: Copilot)" computerName="PAYTON-LEGION2" duration="00:00:18.6292942" startTime="2026-08-21T22:37:12.4565162-05:00" endTime="2026-08-21T22:37:31.0862181-05:00" testType="13cdc9d9-ddb5-4fa4-a97d-d965ccfc6d4b" outcome="Passed" testListId="8c84fa94-04c1-424b-9868-57a2d4851a1d" relativeResultsDirectory="9a33301c-0cc2-4c72-964c-ada80e87ad37" />
    <UnitTestResult executionId="c4214ac9-62a8-437a-9ff1-c2339d8c032f" testId="d94b6483-a8fe-7432-1f95-7b447d40ab43" testName="McpServer.PluginIntegration.Tests.PluginSessionLogWorkflowAdapterTests.Theory_Agent_BootstrapBeginAppendComplete_CapturesIdsCacheShaReceipt(hostKind: ClineV2)" computerName="PAYTON-LEGION2" duration="00:00:14.2076752" startTime="2026-08-21T22:33:37.4404821-05:00" endTime="2026-08-21T22:33:51.6482822-05:00" testType="13cdc9d9-ddb5-4fa4-a97d-d965ccfc6d4b" outcome="Passed" testListId="8c84fa94-04c1-424b-9868-57a2d4851a1d" relativeResultsDirectory="c4214ac9-62a8-437a-9ff1-c2339d8c032f" />
    <UnitTestResult executionId="504a4f48-5693-4c23-9307-f946885e018f" testId="2434cb13-4114-67c3-47b5-5afa807d5854" testName="McpServer.PluginIntegration.Tests.PluginSessionLogWorkflowAdapterTests.Theory_EachScenario_FailsUntilAdapterOperational(hostKind: ClaudeCowork)" computerName="PAYTON-LEGION2" duration="00:00:25.7190254" startTime="2026-08-21T22:35:28.7850382-05:00" endTime="2026-08-21T22:35:54.5043841-05:00" testType="13cdc9d9-ddb5-4fa4-a97d-d965ccfc6d4b" outcome="Passed" testListId="8c84fa94-04c1-424b-9868-57a2d4851a1d" relativeResultsDirectory="504a4f48-5693-4c23-9307-f946885e018f" />
  </Results>
  <TestDefinitions>
    <UnitTest name="McpServer.PluginIntegration.Tests.PluginSessionLogWorkflowAdapterTests.Theory_EachScenario_FailsUntilAdapterOperational(hostKind: Grok)" storage="f:\github\mcpserver\tests\mcpserver.pluginintegration.tests\bin\debug\net10.0\mcpserver.pluginintegration.tests.dll" id="6a47fc12-3fd2-71eb-43f3-d58f01ca31db">
      <Execution id="942f7b80-949d-43db-beb8-2ddb7644bf2e" />
      <TestMethod codeBase="F:\GitHub\McpServer\tests\McpServer.PluginIntegration.Tests\bin\Debug\net10.0\McpServer.PluginIntegration.Tests.dll" adapterTypeName="executor://xunit/VsTestRunner3/netcore/" className="McpServer.PluginIntegration.Tests.PluginSessionLogWorkflowAdapterTests" name="Theory_EachScenario_FailsUntilAdapterOperational" />
    </UnitTest>
    <UnitTest name="McpServer.PluginIntegration.Tests.PluginSessionLogWorkflowAdapterTests.Theory_Agent_ServerQuery_SourceTypeIdsActionDialogCompletedWorkspace(hostKind: Grok)" storage="f:\github\mcpserver\tests\mcpserver.pluginintegration.tests\bin\debug\net10.0\mcpserver.pluginintegration.tests.dll" id="91171a61-fbe7-6209-e765-3b53652e89a8">
      <Execution id="459f721e-fec2-4216-ad81-620dcbf2f250" />
      <TestMethod codeBase="F:\GitHub\McpServer\tests\McpServer.PluginIntegration.Tests\bin\Debug\net10.0\McpServer.PluginIntegration.Tests.dll" adapterTypeName="executor://xunit/VsTestRunner3/netcore/" className="McpServer.PluginIntegration.Tests.PluginSessionLogWorkflowAdapterTests" name="Theory_Agent_ServerQuery_SourceTypeIdsActionDialogCompletedWorkspace" />
    </UnitTest>
    <UnitTest name="McpServer.PluginIntegration.Tests.PluginSessionLogWorkflowAdapterTests.Theory_Agent_BootstrapBeginAppendComplete_CapturesIdsCacheShaReceipt(hostKind: Copilot)" storage="f:\github\mcpserver\tests\mcpserver.pluginintegration.tests\bin\debug\net10.0\mcpserver.pluginintegration.tests.dll" id="dfe07778-974c-5237-57e7-e166dc24d5be">
      <Execution id="448dd8a6-9f2e-47ed-87e9-4471d16dea2d" />
      <TestMethod codeBase="F:\GitHub\McpServer\tests\McpServer.PluginIntegration.Tests\bin\Debug\net10.0\McpServer.PluginIntegration.Tests.dll" adapterTypeName="executor://xunit/VsTestRunner3/netcore/" className="McpServer.PluginIntegration.Tests.PluginSessionLogWorkflowAdapterTests" name="Theory_Agent_BootstrapBeginAppendComplete_CapturesIdsCacheShaReceipt" />
    </UnitTest>
    <UnitTest name="McpServer.PluginIntegration.Tests.PluginSessionLogWorkflowAdapterTests.Theory_Agent_ServerQuery_SourceTypeIdsActionDialogCompletedWorkspace(hostKind: Codex)" storage="f:\github\mcpserver\tests\mcpserver.pluginintegration.tests\bin\debug\net10.0\mcpserver.pluginintegration.tests.dll" id="c4c58014-3ecf-f48a-089a-d2f96e5fc65c">
      <Execution id="396ea406-3536-43bd-a646-a81d9d2b6f70" />
      <TestMethod codeBase="F:\GitHub\McpServer\tests\McpServer.PluginIntegration.Tests\bin\Debug\net10.0\McpServer.PluginIntegration.Tests.dll" adapterTypeName="executor://xunit/VsTestRunner3/netcore/" className="McpServer.PluginIntegration.Tests.PluginSessionLogWorkflowAdapterTests" name="Theory_Agent_ServerQuery_SourceTypeIdsActionDialogCompletedWorkspace" />
    </UnitTest>
    <UnitTest name="McpServer.PluginIntegration.Tests.PluginSessionLogWorkflowAdapterTests.Theory_EachScenario_FailsUntilAdapterOperational(hostKind: ClaudeCode)" storage="f:\github\mcpserver\tests\mcpserver.pluginintegration.tests\bin\debug\net10.0\mcpserver.pluginintegration.tests.dll" id="92498341-6556-0681-f973-fb0ee9e18d9d">
      <Execution id="5140e668-cd3d-4691-bad6-b511c0b46333" />
      <TestMethod codeBase="F:\GitHub\McpServer\tests\McpServer.PluginIntegration.Tests\bin\Debug\net10.0\McpServer.PluginIntegration.Tests.dll" adapterTypeName="executor://xunit/VsTestRunner3/netcore/" className="McpServer.PluginIntegration.Tests.PluginSessionLogWorkflowAdapterTests" name="Theory_EachScenario_FailsUntilAdapterOperational" />
    </UnitTest>
    <UnitTest name="McpServer.PluginIntegration.Tests.PluginSessionLogWorkflowAdapterTests.Theory_Agent_ServerQuery_SourceTypeIdsActionDialogCompletedWorkspace(hostKind: Cline)" storage="f:\github\mcpserver\tests\mcpserver.pluginintegration.tests\bin\debug\net10.0\mcpserver.pluginintegration.tests.dll" id="a440ec51-ea3d-f0be-15f4-967977cfd350">
      <Execution id="e270d258-b2b5-440b-a1d4-5dc344cab88a" />
      <TestMethod codeBase="F:\GitHub\McpServer\tests\McpServer.PluginIntegration.Tests\bin\Debug\net10.0\McpServer.PluginIntegration.Tests.dll" adapterTypeName="executor://xunit/VsTestRunner3/netcore/" className="McpServer.PluginIntegration.Tests.PluginSessionLogWorkflowAdapterTests" name="Theory_Agent_ServerQuery_SourceTypeIdsActionDialogCompletedWorkspace" />
    </UnitTest>
    <UnitTest name="McpServer.PluginIntegration.Tests.PluginSessionLogWorkflowAdapterTests.Theory_EachScenario_FailsUntilAdapterOperational(hostKind: Copilot)" storage="f:\github\mcpserver\tests\mcpserver.pluginintegration.tests\bin\debug\net10.0\mcpserver.pluginintegration.tests.dll" id="236c9f0a-5162-8715-aff3-f50a3225bd64">
      <Execution id="9a33301c-0cc2-4c72-964c-ada80e87ad37" />
      <TestMethod codeBase="F:\GitHub\McpServer\tests\McpServer.PluginIntegration.Tests\bin\Debug\net10.0\McpServer.PluginIntegration.Tests.dll" adapterTypeName="executor://xunit/VsTestRunner3/netcore/" className="McpServer.PluginIntegration.Tests.PluginSessionLogWorkflowAdapterTests" name="Theory_EachScenario_FailsUntilAdapterOperational" />
    </UnitTest>
    <UnitTest name="McpServer.PluginIntegration.Tests.PluginSessionLogWorkflowAdapterTests.Theory_Agent_ServerQuery_SourceTypeIdsActionDialogCompletedWorkspace(hostKind: ClineV2)" storage="f:\github\mcpserver\tests\mcpserver.pluginintegration.tests\bin\debug\net10.0\mcpserver.pluginintegration.tests.dll" id="435990bf-96b1-fe49-8bcc-358ae91e2ddb">
      <Execution id="ef9d7cba-dba9-4f35-9a6f-c47128011828" />
      <TestMethod codeBase="F:\GitHub\McpServer\tests\McpServer.PluginIntegration.Tests\bin\Debug\net10.0\McpServer.PluginIntegration.Tests.dll" adapterTypeName="executor://xunit/VsTestRunner3/netcore/" className="McpServer.PluginIntegration.Tests.PluginSessionLogWorkflowAdapterTests" name="Theory_Agent_ServerQuery_SourceTypeIdsActionDialogCompletedWorkspace" />
    </UnitTest>
    <UnitTest name="McpServer.PluginIntegration.Tests.PluginSessionLogWorkflowAdapterTests.Theory_Agent_BootstrapBeginAppendComplete_CapturesIdsCacheShaReceipt(hostKind: Codex)" storage="f:\github\mcpserver\tests\mcpserver.pluginintegration.tests\bin\debug\net10.0\mcpserver.pluginintegration.tests.dll" id="beb02ba7-b939-bae3-4c40-49acf425b66c">
      <Execution id="59457b23-29d9-4ba0-872f-e4b66989946d" />
      <TestMethod codeBase="F:\GitHub\McpServer\tests\McpServer.PluginIntegration.Tests\bin\Debug\net10.0\McpServer.PluginIntegration.Tests.dll" adapterTypeName="executor://xunit/VsTestRunner3/netcore/" className="McpServer.PluginIntegration.Tests.PluginSessionLogWorkflowAdapterTests" name="Theory_Agent_BootstrapBeginAppendComplete_CapturesIdsCacheShaReceipt" />
    </UnitTest>
    <UnitTest name="McpServer.PluginIntegration.Tests.PluginSessionLogWorkflowAdapterTests.Theory_Agent_BootstrapBeginAppendComplete_CapturesIdsCacheShaReceipt(hostKind: OpenCode)" storage="f:\github\mcpserver\tests\mcpserver.pluginintegration.tests\bin\debug\net10.0\mcpserver.pluginintegration.tests.dll" id="214c533b-e35d-af2c-d63a-736af10b7347">
      <Execution id="fdf97c2a-1d47-45af-a45d-122b36ef9ecb" />
      <TestMethod codeBase="F:\GitHub\McpServer\tests\McpServer.PluginIntegration.Tests\bin\Debug\net10.0\McpServer.PluginIntegration.Tests.dll" adapterTypeName="executor://xunit/VsTestRunner3/netcore/" className="McpServer.PluginIntegration.Tests.PluginSessionLogWorkflowAdapterTests" name="Theory_Agent_BootstrapBeginAppendComplete_CapturesIdsCacheShaReceipt" />
    </UnitTest>
    <UnitTest name="McpServer.PluginIntegration.Tests.PluginSessionLogWorkflowAdapterTests.Theory_Agent_BootstrapBeginAppendComplete_CapturesIdsCacheShaReceipt(hostKind: ClaudeCode)" storage="f:\github\mcpserver\tests\mcpserver.pluginintegration.tests\bin\debug\net10.0\mcpserver.pluginintegration.tests.dll" id="62e00820-0b4c-838e-9956-7938170992fc">
      <Execution id="f5b04ec7-1428-4c2f-ab86-b5084aa30f99" />
      <TestMethod codeBase="F:\GitHub\McpServer\tests\McpServer.PluginIntegration.Tests\bin\Debug\net10.0\McpServer.PluginIntegration.Tests.dll" adapterTypeName="executor://xunit/VsTestRunner3/netcore/" className="McpServer.PluginIntegration.Tests.PluginSessionLogWorkflowAdapterTests" name="Theory_Agent_BootstrapBeginAppendComplete_CapturesIdsCacheShaReceipt" />
    </UnitTest>
    <UnitTest name="McpServer.PluginIntegration.Tests.PluginSessionLogWorkflowAdapterTests.Theory_Agent_BootstrapBeginAppendComplete_CapturesIdsCacheShaReceipt(hostKind: ClineV2)" storage="f:\github\mcpserver\tests\mcpserver.pluginintegration.tests\bin\debug\net10.0\mcpserver.pluginintegration.tests.dll" id="d94b6483-a8fe-7432-1f95-7b447d40ab43">
      <Execution id="c4214ac9-62a8-437a-9ff1-c2339d8c032f" />
      <TestMethod codeBase="F:\GitHub\McpServer\tests\McpServer.PluginIntegration.Tests\bin\Debug\net10.0\McpServer.PluginIntegration.Tests.dll" adapterTypeName="executor://xunit/VsTestRunner3/netcore/" className="McpServer.PluginIntegration.Tests.PluginSessionLogWorkflowAdapterTests" name="Theory_Agent_BootstrapBeginAppendComplete_CapturesIdsCacheShaReceipt" />
    </UnitTest>
    <UnitTest name="McpServer.PluginIntegration.Tests.PluginSessionLogWorkflowAdapterTests.Theory_EachScenario_FailsUntilAdapterOperational(hostKind: Codex)" storage="f:\github\mcpserver\tests\mcpserver.pluginintegration.tests\bin\debug\net10.0\mcpserver.pluginintegration.tests.dll" id="2aa3e527-2c65-85dc-a88a-083c1f3e85eb">
      <Execution id="1b6cfdf1-db84-451e-aae6-8c80df4ec957" />
      <TestMethod codeBase="F:\GitHub\McpServer\tests\McpServer.PluginIntegration.Tests\bin\Debug\net10.0\McpServer.PluginIntegration.Tests.dll" adapterTypeName="executor://xunit/VsTestRunner3/netcore/" className="McpServer.PluginIntegration.Tests.PluginSessionLogWorkflowAdapterTests" name="Theory_EachScenario_FailsUntilAdapterOperational" />
    </UnitTest>
    <UnitTest name="McpServer.PluginIntegration.Tests.PluginSessionLogWorkflowAdapterTests.Theory_EachScenario_FailsUntilAdapterOperational(hostKind: ClaudeCowork)" storage="f:\github\mcpserver\tests\mcpserver.pluginintegration.tests\bin\debug\net10.0\mcpserver.pluginintegration.tests.dll" id="2434cb13-4114-67c3-47b5-5afa807d5854">
      <Execution id="504a4f48-5693-4c23-9307-f946885e018f" />
      <TestMethod codeBase="F:\GitHub\McpServer\tests\McpServer.PluginIntegration.Tests\bin\Debug\net10.0\McpServer.PluginIntegration.Tests.dll" adapterTypeName="executor://xunit/VsTestRunner3/netcore/" className="McpServer.PluginIntegration.Tests.PluginSessionLogWorkflowAdapterTests" name="Theory_EachScenario_FailsUntilAdapterOperational" />
    </UnitTest>
    <UnitTest name="McpServer.PluginIntegration.Tests.PluginSessionLogWorkflowAdapterTests.Theory_EachScenario_FailsUntilAdapterOperational(hostKind: ClineV2)" storage="f:\github\mcpserver\tests\mcpserver.pluginintegration.tests\bin\debug\net10.0\mcpserver.pluginintegration.tests.dll" id="d42781b5-1df1-2439-9cae-15996a584dc2">
      <Execution id="feb2d598-a517-4e06-8e63-490e6b3fc2f5" />
      <TestMethod codeBase="F:\GitHub\McpServer\tests\McpServer.PluginIntegration.Tests\bin\Debug\net10.0\McpServer.PluginIntegration.Tests.dll" adapterTypeName="executor://xunit/VsTestRunner3/netcore/" className="McpServer.PluginIntegration.Tests.PluginSessionLogWorkflowAdapterTests" name="Theory_EachScenario_FailsUntilAdapterOperational" />
    </UnitTest>
    <UnitTest name="McpServer.PluginIntegration.Tests.PluginSessionLogWorkflowAdapterTests.Theory_EachScenario_FailsUntilAdapterOperational(hostKind: Cline)" storage="f:\github\mcpserver\tests\mcpserver.pluginintegration.tests\bin\debug\net10.0\mcpserver.pluginintegration.tests.dll" id="71d44d28-4839-6bff-13df-574b04f76a59">
      <Execution id="f8ea5880-36f4-48cd-ac61-d00ce763536c" />
      <TestMethod codeBase="F:\GitHub\McpServer\tests\McpServer.PluginIntegration.Tests\bin\Debug\net10.0\McpServer.PluginIntegration.Tests.dll" adapterTypeName="executor://xunit/VsTestRunner3/netcore/" className="McpServer.PluginIntegration.Tests.PluginSessionLogWorkflowAdapterTests" name="Theory_EachScenario_FailsUntilAdapterOperational" />
    </UnitTest>
    <UnitTest name="McpServer.PluginIntegration.Tests.PluginSessionLogWorkflowAdapterTests.Theory_Agent_BootstrapBeginAppendComplete_CapturesIdsCacheShaReceipt(hostKind: Cline)" storage="f:\github\mcpserver\tests\mcpserver.pluginintegration.tests\bin\debug\net10.0\mcpserver.pluginintegration.tests.dll" id="9f044f5f-c5bb-dc12-8d47-5af1a8dd1680">
      <Execution id="74ecd7a5-36ab-465b-8dc4-6f98281b990e" />
      <TestMethod codeBase="F:\GitHub\McpServer\tests\McpServer.PluginIntegration.Tests\bin\Debug\net10.0\McpServer.PluginIntegration.Tests.dll" adapterTypeName="executor://xunit/VsTestRunner3/netcore/" className="McpServer.PluginIntegration.Tests.PluginSessionLogWorkflowAdapterTests" name="Theory_Agent_BootstrapBeginAppendComplete_CapturesIdsCacheShaReceipt" />
    </UnitTest>
    <UnitTest name="McpServer.PluginIntegration.Tests.PluginSessionLogWorkflowAdapterTests.Theory_EachScenario_FailsUntilAdapterOperational(hostKind: OpenCode)" storage="f:\github\mcpserver\tests\mcpserver.pluginintegration.tests\bin\debug\net10.0\mcpserver.pluginintegration.tests.dll" id="10e57566-829a-b4ad-f03a-530076be589d">
      <Execution id="517368be-f07a-4b4a-b3fe-70e3e09c6411" />
      <TestMethod codeBase="F:\GitHub\McpServer\tests\McpServer.PluginIntegration.Tests\bin\Debug\net10.0\McpServer.PluginIntegration.Tests.dll" adapterTypeName="executor://xunit/VsTestRunner3/netcore/" className="McpServer.PluginIntegration.Tests.PluginSessionLogWorkflowAdapterTests" name="Theory_EachScenario_FailsUntilAdapterOperational" />
    </UnitTest>
    <UnitTest name="McpServer.PluginIntegration.Tests.PluginSessionLogWorkflowAdapterTests.Theory_Agent_BootstrapBeginAppendComplete_CapturesIdsCacheShaReceipt(hostKind: ClaudeCowork)" storage="f:\github\mcpserver\tests\mcpserver.pluginintegration.tests\bin\debug\net10.0\mcpserver.pluginintegration.tests.dll" id="18ccb483-1f78-78f6-7f04-eea105e6f2fc">
      <Execution id="7a3a6337-fdd9-49e8-a941-ea217604dd83" />
      <TestMethod codeBase="F:\GitHub\McpServer\tests\McpServer.PluginIntegration.Tests\bin\Debug\net10.0\McpServer.PluginIntegration.Tests.dll" adapterTypeName="executor://xunit/VsTestRunner3/netcore/" className="McpServer.PluginIntegration.Tests.PluginSessionLogWorkflowAdapterTests" name="Theory_Agent_BootstrapBeginAppendComplete_CapturesIdsCacheShaReceipt" />
    </UnitTest>
    <UnitTest name="McpServer.PluginIntegration.Tests.PluginSessionLogWorkflowAdapterTests.Theory_Agent_ServerQuery_SourceTypeIdsActionDialogCompletedWorkspace(hostKind: Copilot)" storage="f:\github\mcpserver\tests\mcpserver.pluginintegration.tests\bin\debug\net10.0\mcpserver.pluginintegration.tests.dll" id="663eb62c-25be-b0f8-01d8-8c928bf4eff4">
      <Execution id="e49dfd08-d2c4-4672-8cb6-89b23b86b480" />
      <TestMethod codeBase="F:\GitHub\McpServer\tests\McpServer.PluginIntegration.Tests\bin\Debug\net10.0\McpServer.PluginIntegration.Tests.dll" adapterTypeName="executor://xunit/VsTestRunner3/netcore/" className="McpServer.PluginIntegration.Tests.PluginSessionLogWorkflowAdapterTests" name="Theory_Agent_ServerQuery_SourceTypeIdsActionDialogCompletedWorkspace" />
    </UnitTest>
    <UnitTest name="McpServer.PluginIntegration.Tests.PluginSessionLogWorkflowAdapterTests.Theory_Agent_ServerQuery_SourceTypeIdsActionDialogCompletedWorkspace(hostKind: ClaudeCowork)" storage="f:\github\mcpserver\tests\mcpserver.pluginintegration.tests\bin\debug\net10.0\mcpserver.pluginintegration.tests.dll" id="7ac3eb7d-db64-9b1e-5e55-d56d29d72896">
      <Execution id="2a2d67a3-739f-407b-909b-088c7dd081c8" />
      <TestMethod codeBase="F:\GitHub\McpServer\tests\McpServer.PluginIntegration.Tests\bin\Debug\net10.0\McpServer.PluginIntegration.Tests.dll" adapterTypeName="executor://xunit/VsTestRunner3/netcore/" className="McpServer.PluginIntegration.Tests.PluginSessionLogWorkflowAdapterTests" name="Theory_Agent_ServerQuery_SourceTypeIdsActionDialogCompletedWorkspace" />
    </UnitTest>
    <UnitTest name="McpServer.PluginIntegration.Tests.PluginSessionLogWorkflowAdapterTests.Theory_Agent_BootstrapBeginAppendComplete_CapturesIdsCacheShaReceipt(hostKind: Grok)" storage="f:\github\mcpserver\tests\mcpserver.pluginintegration.tests\bin\debug\net10.0\mcpserver.pluginintegration.tests.dll" id="6f70084d-3d86-bee3-a825-644e9f99bdbf">
      <Execution id="a1a9b01b-0d9a-4ad3-8be4-b63591736886" />
      <TestMethod codeBase="F:\GitHub\McpServer\tests\McpServer.PluginIntegration.Tests\bin\Debug\net10.0\McpServer.PluginIntegration.Tests.dll" adapterTypeName="executor://xunit/VsTestRunner3/netcore/" className="McpServer.PluginIntegration.Tests.PluginSessionLogWorkflowAdapterTests" name="Theory_Agent_BootstrapBeginAppendComplete_CapturesIdsCacheShaReceipt" />
    </UnitTest>
    <UnitTest name="McpServer.PluginIntegration.Tests.PluginSessionLogWorkflowAdapterTests.Theory_Agent_ServerQuery_SourceTypeIdsActionDialogCompletedWorkspace(hostKind: ClaudeCode)" storage="f:\github\mcpserver\tests\mcpserver.pluginintegration.tests\bin\debug\net10.0\mcpserver.pluginintegration.tests.dll" id="d793dd0f-915d-0cf0-b819-8b09e14adb02">
      <Execution id="17d4860c-72e2-4387-805a-0e433afed8e5" />
      <TestMethod codeBase="F:\GitHub\McpServer\tests\McpServer.PluginIntegration.Tests\bin\Debug\net10.0\McpServer.PluginIntegration.Tests.dll" adapterTypeName="executor://xunit/VsTestRunner3/netcore/" className="McpServer.PluginIntegration.Tests.PluginSessionLogWorkflowAdapterTests" name="Theory_Agent_ServerQuery_SourceTypeIdsActionDialogCompletedWorkspace" />
    </UnitTest>
    <UnitTest name="McpServer.PluginIntegration.Tests.PluginSessionLogWorkflowAdapterTests.Theory_Agent_ServerQuery_SourceTypeIdsActionDialogCompletedWorkspace(hostKind: OpenCode)" storage="f:\github\mcpserver\tests\mcpserver.pluginintegration.tests\bin\debug\net10.0\mcpserver.pluginintegration.tests.dll" id="ea7b6ece-0962-3f6e-2f12-6af4f92b3a17">
      <Execution id="4eacb079-c9dc-44bd-b6ef-ecdb6638566e" />
      <TestMethod codeBase="F:\GitHub\McpServer\tests\McpServer.PluginIntegration.Tests\bin\Debug\net10.0\McpServer.PluginIntegration.Tests.dll" adapterTypeName="executor://xunit/VsTestRunner3/netcore/" className="McpServer.PluginIntegration.Tests.PluginSessionLogWorkflowAdapterTests" name="Theory_Agent_ServerQuery_SourceTypeIdsActionDialogCompletedWorkspace" />
    </UnitTest>
  </TestDefinitions>
  <TestEntries>
    <TestEntry testId="9f044f5f-c5bb-dc12-8d47-5af1a8dd1680" executionId="74ecd7a5-36ab-465b-8dc4-6f98281b990e" testListId="8c84fa94-04c1-424b-9868-57a2d4851a1d" />
    <TestEntry testId="a440ec51-ea3d-f0be-15f4-967977cfd350" executionId="e270d258-b2b5-440b-a1d4-5dc344cab88a" testListId="8c84fa94-04c1-424b-9868-57a2d4851a1d" />
    <TestEntry testId="214c533b-e35d-af2c-d63a-736af10b7347" executionId="fdf97c2a-1d47-45af-a45d-122b36ef9ecb" testListId="8c84fa94-04c1-424b-9868-57a2d4851a1d" />
    <TestEntry testId="c4c58014-3ecf-f48a-089a-d2f96e5fc65c" executionId="396ea406-3536-43bd-a646-a81d9d2b6f70" testListId="8c84fa94-04c1-424b-9868-57a2d4851a1d" />
    <TestEntry testId="6a47fc12-3fd2-71eb-43f3-d58f01ca31db" executionId="942f7b80-949d-43db-beb8-2ddb7644bf2e" testListId="8c84fa94-04c1-424b-9868-57a2d4851a1d" />
    <TestEntry testId="18ccb483-1f78-78f6-7f04-eea105e6f2fc" executionId="7a3a6337-fdd9-49e8-a941-ea217604dd83" testListId="8c84fa94-04c1-424b-9868-57a2d4851a1d" />
    <TestEntry testId="2aa3e527-2c65-85dc-a88a-083c1f3e85eb" executionId="1b6cfdf1-db84-451e-aae6-8c80df4ec957" testListId="8c84fa94-04c1-424b-9868-57a2d4851a1d" />
    <TestEntry testId="10e57566-829a-b4ad-f03a-530076be589d" executionId="517368be-f07a-4b4a-b3fe-70e3e09c6411" testListId="8c84fa94-04c1-424b-9868-57a2d4851a1d" />
    <TestEntry testId="92498341-6556-0681-f973-fb0ee9e18d9d" executionId="5140e668-cd3d-4691-bad6-b511c0b46333" testListId="8c84fa94-04c1-424b-9868-57a2d4851a1d" />
    <TestEntry testId="6f70084d-3d86-bee3-a825-644e9f99bdbf" executionId="a1a9b01b-0d9a-4ad3-8be4-b63591736886" testListId="8c84fa94-04c1-424b-9868-57a2d4851a1d" />
    <TestEntry testId="663eb62c-25be-b0f8-01d8-8c928bf4eff4" executionId="e49dfd08-d2c4-4672-8cb6-89b23b86b480" testListId="8c84fa94-04c1-424b-9868-57a2d4851a1d" />
    <TestEntry testId="62e00820-0b4c-838e-9956-7938170992fc" executionId="f5b04ec7-1428-4c2f-ab86-b5084aa30f99" testListId="8c84fa94-04c1-424b-9868-57a2d4851a1d" />
    <TestEntry testId="91171a61-fbe7-6209-e765-3b53652e89a8" executionId="459f721e-fec2-4216-ad81-620dcbf2f250" testListId="8c84fa94-04c1-424b-9868-57a2d4851a1d" />
    <TestEntry testId="71d44d28-4839-6bff-13df-574b04f76a59" executionId="f8ea5880-36f4-48cd-ac61-d00ce763536c" testListId="8c84fa94-04c1-424b-9868-57a2d4851a1d" />
    <TestEntry testId="beb02ba7-b939-bae3-4c40-49acf425b66c" executionId="59457b23-29d9-4ba0-872f-e4b66989946d" testListId="8c84fa94-04c1-424b-9868-57a2d4851a1d" />
    <TestEntry testId="dfe07778-974c-5237-57e7-e166dc24d5be" executionId="448dd8a6-9f2e-47ed-87e9-4471d16dea2d" testListId="8c84fa94-04c1-424b-9868-57a2d4851a1d" />
    <TestEntry testId="d793dd0f-915d-0cf0-b819-8b09e14adb02" executionId="17d4860c-72e2-4387-805a-0e433afed8e5" testListId="8c84fa94-04c1-424b-9868-57a2d4851a1d" />
    <TestEntry testId="d42781b5-1df1-2439-9cae-15996a584dc2" executionId="feb2d598-a517-4e06-8e63-490e6b3fc2f5" testListId="8c84fa94-04c1-424b-9868-57a2d4851a1d" />
    <TestEntry testId="7ac3eb7d-db64-9b1e-5e55-d56d29d72896" executionId="2a2d67a3-739f-407b-909b-088c7dd081c8" testListId="8c84fa94-04c1-424b-9868-57a2d4851a1d" />
    <TestEntry testId="435990bf-96b1-fe49-8bcc-358ae91e2ddb" executionId="ef9d7cba-dba9-4f35-9a6f-c47128011828" testListId="8c84fa94-04c1-424b-9868-57a2d4851a1d" />
    <TestEntry testId="ea7b6ece-0962-3f6e-2f12-6af4f92b3a17" executionId="4eacb079-c9dc-44bd-b6ef-ecdb6638566e" testListId="8c84fa94-04c1-424b-9868-57a2d4851a1d" />
    <TestEntry testId="236c9f0a-5162-8715-aff3-f50a3225bd64" executionId="9a33301c-0cc2-4c72-964c-ada80e87ad37" testListId="8c84fa94-04c1-424b-9868-57a2d4851a1d" />
    <TestEntry testId="d94b6483-a8fe-7432-1f95-7b447d40ab43" executionId="c4214ac9-62a8-437a-9ff1-c2339d8c032f" testListId="8c84fa94-04c1-424b-9868-57a2d4851a1d" />
    <TestEntry testId="2434cb13-4114-67c3-47b5-5afa807d5854" executionId="504a4f48-5693-4c23-9307-f946885e018f" testListId="8c84fa94-04c1-424b-9868-57a2d4851a1d" />
  </TestEntries>
  <TestLists>
    <TestList name="Results Not in a List" id="8c84fa94-04c1-424b-9868-57a2d4851a1d" />
    <TestList name="All Loaded Results" id="19431567-8539-422a-85d7-44ee4e166bda" />
  </TestLists>
  <ResultSummary outcome="Completed">
    <Counters total="24" executed="24" passed="24" failed="0" error="0" timeout="0" aborted="0" inconclusive="0" passedButRunAborted="0" notRunnable="0" notExecuted="0" disconnected="0" warning="0" completed="0" inProgress="0" pending="0" />
    <Output>
      <StdOut>[xUnit.net 00:00:00.00] xUnit.net VSTest Adapter v3.1.5+1b188a7b0a (64-bit .NET 10.0.11)&#xD;
[xUnit.net 00:00:00.38]   Discovering: McpServer.PluginIntegration.Tests&#xD;
[xUnit.net 00:00:00.89]   Discovered:  McpServer.PluginIntegration.Tests&#xD;
[xUnit.net 00:00:01.31]   Starting:    McpServer.PluginIntegration.Tests&#xD;
[xUnit.net 00:07:22.41]   Finished:    McpServer.PluginIntegration.Tests (ID = 'e01212c0ca6838d7a5f49436c8fcd17d4d1616c04bcd9ab0cc94bc0f8bfa83b4')&#xD;
</StdOut>
    </Output>
  </ResultSummary>
</TestRun>