<?xml version="1.0" encoding="utf-8"?>
<TestRun id="89db9bd5-28a4-4cf5-89eb-cbbd25dc1c34" name="SYSTEM@PAYTON-LEGION2 2026-08-19 17:52:46" runUser="PAYTON-LEGION2\kingd" xmlns="http://microsoft.com/schemas/VisualStudio/TeamTest/2010">
  <Times creation="2026-08-19T17:52:46.1590821-05:00" queuing="2026-08-19T17:52:46.1590825-05:00" start="2026-08-19T17:52:42.7980876-05:00" finish="2026-08-19T17:52:52.0465122-05:00" />
  <TestSettings name="default" id="b0f88cb8-ce92-474f-b380-012b01f34777">
    <Deployment runDeploymentRoot="SYSTEM_PAYTON-LEGION2_2026-08-19_17_52_46" />
  </TestSettings>
  <Results>
    <UnitTestResult executionId="9e74d5c0-526e-4f9d-8df6-c7d3a2e1f6af" testId="398687ad-0570-b2e5-e6ac-02efefce9c2a" testName="McpServer.Support.Mcp.Tests.Services.SessionLogTriageStoreTests.SubmitAsync_SessionTags_RoundTrip" computerName="PAYTON-LEGION2" duration="00:00:00.1145432" startTime="2026-08-19T17:52:46.7731668-05:00" endTime="2026-08-19T17:52:46.8877593-05:00" testType="13cdc9d9-ddb5-4fa4-a97d-d965ccfc6d4b" outcome="Passed" testListId="8c84fa94-04c1-424b-9868-57a2d4851a1d" relativeResultsDirectory="9e74d5c0-526e-4f9d-8df6-c7d3a2e1f6af" />
    <UnitTestResult executionId="dd610efb-d9de-486b-a523-b83714941011" testId="99ab0528-e51f-feca-b103-4d7085fc1adc" testName="McpServer.Support.Mcp.Tests.Services.SessionLogTriageStoreTests.SubmitAsync_IdenticalActions_DoesNotDuplicate" computerName="PAYTON-LEGION2" duration="00:00:01.9214216" startTime="2026-08-19T17:52:44.8464217-05:00" endTime="2026-08-19T17:52:46.7718041-05:00" testType="13cdc9d9-ddb5-4fa4-a97d-d965ccfc6d4b" outcome="Passed" testListId="8c84fa94-04c1-424b-9868-57a2d4851a1d" relativeResultsDirectory="dd610efb-d9de-486b-a523-b83714941011" />
    <UnitTestResult executionId="6cdafd2b-176e-4e7a-aec3-5d8a3bfed289" testId="a04a796a-c622-92cf-e3a9-e2fbc444274e" testName="McpServer.Support.Mcp.Tests.Services.SessionLogTriageStoreTests.ReplaceTurnAsync_MissingRequestId_ThrowsNotFound" computerName="PAYTON-LEGION2" duration="00:00:00.0117179" startTime="2026-08-19T17:52:46.8883116-05:00" endTime="2026-08-19T17:52:46.9000792-05:00" testType="13cdc9d9-ddb5-4fa4-a97d-d965ccfc6d4b" outcome="Passed" testListId="8c84fa94-04c1-424b-9868-57a2d4851a1d" relativeResultsDirectory="6cdafd2b-176e-4e7a-aec3-5d8a3bfed289" />
    <UnitTestResult executionId="d8c50304-2f1a-4b74-96f7-a78bff3fbd48" testId="e8f8cf18-6bb6-5e02-ef9b-8a249bc33c1f" testName="McpServer.Support.Mcp.Tests.Services.SessionLogServiceReplaceDeleteTests.ReplaceTurnAsync_PreservesWorkspaceStampOnChildren" computerName="PAYTON-LEGION2" duration="00:00:00.1607743" startTime="2026-08-19T17:52:49.3752371-05:00" endTime="2026-08-19T17:52:49.5360620-05:00" testType="13cdc9d9-ddb5-4fa4-a97d-d965ccfc6d4b" outcome="Passed" testListId="8c84fa94-04c1-424b-9868-57a2d4851a1d" relativeResultsDirectory="d8c50304-2f1a-4b74-96f7-a78bff3fbd48" />
    <UnitTestResult executionId="1a69cc5c-67fa-4cbb-abc9-c16ca496e174" testId="0e013d39-2015-1706-55ca-c9302590cbee" testName="McpServer.Support.Mcp.Tests.Services.SessionLogServiceReplaceDeleteTests.DeleteTurnItemAsync_Action_RemovesByOrder" computerName="PAYTON-LEGION2" duration="00:00:00.1676251" startTime="2026-08-19T17:52:49.2068034-05:00" endTime="2026-08-19T17:52:49.3744854-05:00" testType="13cdc9d9-ddb5-4fa4-a97d-d965ccfc6d4b" outcome="Passed" testListId="8c84fa94-04c1-424b-9868-57a2d4851a1d" relativeResultsDirectory="1a69cc5c-67fa-4cbb-abc9-c16ca496e174" />
    <UnitTestResult executionId="2aff9a6f-8992-46a7-9f73-752e9b9ee0ba" testId="c2ce3476-f5c6-9231-8bb3-284266498627" testName="McpServer.Support.Mcp.Tests.Services.SessionLogSessionAttrTests.SubmitAsync_FilesModifiedOutsideRoot_ForeignPrefixed_Persists" computerName="PAYTON-LEGION2" duration="00:00:00.0107361" startTime="2026-08-19T17:52:46.8227641-05:00" endTime="2026-08-19T17:52:46.8335649-05:00" testType="13cdc9d9-ddb5-4fa4-a97d-d965ccfc6d4b" outcome="Passed" testListId="8c84fa94-04c1-424b-9868-57a2d4851a1d" relativeResultsDirectory="2aff9a6f-8992-46a7-9f73-752e9b9ee0ba" />
    <UnitTestResult executionId="8cdbd6a7-3b46-4b44-8760-d4e4348135b1" testId="58506bc7-ace6-4ad0-ced0-e875bf21e6f6" testName="McpServer.Support.Mcp.Tests.McpStdio.McpToolBackendUnavailableErrorTests.SessionLogReplaceSection_StorageUnreachable_ReturnsRetryableTrue" computerName="PAYTON-LEGION2" duration="00:00:00.0268031" startTime="2026-08-19T17:52:46.1933339-05:00" endTime="2026-08-19T17:52:46.2201790-05:00" testType="13cdc9d9-ddb5-4fa4-a97d-d965ccfc6d4b" outcome="Passed" testListId="8c84fa94-04c1-424b-9868-57a2d4851a1d" relativeResultsDirectory="8cdbd6a7-3b46-4b44-8760-d4e4348135b1" />
    <UnitTestResult executionId="3fa78099-33ba-4f4c-b548-62ecdfd32a47" testId="465ac5b0-44e2-1bc3-390b-2f58e3d659bb" testName="McpServer.Support.Mcp.Tests.Services.SessionLogSessionAttrTests.SubmitAsync_FilesModifiedOutsideRoot_Unmarked_IsRejected" computerName="PAYTON-LEGION2" duration="00:00:00.0072592" startTime="2026-08-19T17:52:46.9640595-05:00" endTime="2026-08-19T17:52:46.9713665-05:00" testType="13cdc9d9-ddb5-4fa4-a97d-d965ccfc6d4b" outcome="Passed" testListId="8c84fa94-04c1-424b-9868-57a2d4851a1d" relativeResultsDirectory="3fa78099-33ba-4f4c-b548-62ecdfd32a47" />
    <UnitTestResult executionId="c31477c9-36b6-462a-a2d7-22273084310e" testId="af7b292e-f708-fad2-de9c-99605372f576" testName="McpServer.Support.Mcp.Tests.Services.SessionLogSessionAttrTests.SubmitAsync_CommitFilesOutsideRoot_ForeignPrefixed_Persists" computerName="PAYTON-LEGION2" duration="00:00:00.0767327" startTime="2026-08-19T17:52:46.8621181-05:00" endTime="2026-08-19T17:52:46.9389100-05:00" testType="13cdc9d9-ddb5-4fa4-a97d-d965ccfc6d4b" outcome="Passed" testListId="8c84fa94-04c1-424b-9868-57a2d4851a1d" relativeResultsDirectory="c31477c9-36b6-462a-a2d7-22273084310e" />
    <UnitTestResult executionId="a898086e-5af5-4867-b2b6-f495421ed760" testId="1797e38e-5bd6-8273-2647-3b34398602b3" testName="McpServer.Support.Mcp.Tests.Controllers.SessionLogControllerErrorTests.ReplaceTurnSectionAsync_StorageUnreachable_Returns503Retryable" computerName="PAYTON-LEGION2" duration="00:00:00.0035763" startTime="2026-08-19T17:52:45.0562913-05:00" endTime="2026-08-19T17:52:45.0599134-05:00" testType="13cdc9d9-ddb5-4fa4-a97d-d965ccfc6d4b" outcome="Passed" testListId="8c84fa94-04c1-424b-9868-57a2d4851a1d" relativeResultsDirectory="a898086e-5af5-4867-b2b6-f495421ed760" />
    <UnitTestResult executionId="d52a0b9c-146e-4ff0-b7c0-460324b3bba3" testId="8dc8dadd-6c69-49ab-d8c5-ccf9a576bc22" testName="McpServer.Support.Mcp.Tests.Services.SessionLogTriageStoreTests.UpsertTurnAsync_OmittedPlanFileTodoId_WritesNoneAndCanceled" computerName="PAYTON-LEGION2" duration="00:00:00.0176630" startTime="2026-08-19T17:52:46.9216490-05:00" endTime="2026-08-19T17:52:46.9393629-05:00" testType="13cdc9d9-ddb5-4fa4-a97d-d965ccfc6d4b" outcome="Passed" testListId="8c84fa94-04c1-424b-9868-57a2d4851a1d" relativeResultsDirectory="d52a0b9c-146e-4ff0-b7c0-460324b3bba3" />
    <UnitTestResult executionId="5ca86d34-60fd-476c-935a-8f29df8c4c8e" testId="56e024ff-47bb-86e3-eb38-cc6777713349" testName="McpServer.Support.Mcp.Tests.Services.SessionLogServiceReplaceDeleteTests.ReplaceTurnSectionAsync_UnknownSection_Throws" computerName="PAYTON-LEGION2" duration="00:00:00.1461177" startTime="2026-08-19T17:52:48.7212365-05:00" endTime="2026-08-19T17:52:48.8674503-05:00" testType="13cdc9d9-ddb5-4fa4-a97d-d965ccfc6d4b" outcome="Passed" testListId="8c84fa94-04c1-424b-9868-57a2d4851a1d" relativeResultsDirectory="5ca86d34-60fd-476c-935a-8f29df8c4c8e" />
    <UnitTestResult executionId="8dab527d-18cd-4b71-aa17-43eb12ef1a36" testId="bdeb1469-c5af-7d9a-2f54-d80c9c32c299" testName="McpServer.Support.Mcp.Tests.Services.SessionLogServiceReplaceDeleteTests.DeleteSessionAsync_SoftDeletesSessionAndEverything" computerName="PAYTON-LEGION2" duration="00:00:02.6232042" startTime="2026-08-19T17:52:44.8464375-05:00" endTime="2026-08-19T17:52:47.4776266-05:00" testType="13cdc9d9-ddb5-4fa4-a97d-d965ccfc6d4b" outcome="Passed" testListId="8c84fa94-04c1-424b-9868-57a2d4851a1d" relativeResultsDirectory="8dab527d-18cd-4b71-aa17-43eb12ef1a36" />
    <UnitTestResult executionId="479bb615-63c4-4269-9ca8-48c997c7d469" testId="d07a7b8b-f979-b0dd-8b50-7e74325e9757" testName="McpServer.Support.Mcp.Tests.Services.SessionLogServiceReplaceDeleteTests.UpsertTurnAsync_StaysAdditive_DoesNotRemoveExistingItems" computerName="PAYTON-LEGION2" duration="00:00:00.1545361" startTime="2026-08-19T17:52:49.5369107-05:00" endTime="2026-08-19T17:52:49.6914938-05:00" testType="13cdc9d9-ddb5-4fa4-a97d-d965ccfc6d4b" outcome="Passed" testListId="8c84fa94-04c1-424b-9868-57a2d4851a1d" relativeResultsDirectory="479bb615-63c4-4269-9ca8-48c997c7d469" />
    <UnitTestResult executionId="09c62eb2-4033-43af-bb32-5ae424a5c0e1" testId="ccf8a65f-b3cc-7be9-978b-3aeae23f14f1" testName="McpServer.Support.Mcp.Tests.Services.SessionLogServiceReplaceDeleteTests.ReplaceTurnSectionAsync_ReplacesOnlyNamedSection" computerName="PAYTON-LEGION2" duration="00:00:00.1715489" startTime="2026-08-19T17:52:48.0677974-05:00" endTime="2026-08-19T17:52:48.2394049-05:00" testType="13cdc9d9-ddb5-4fa4-a97d-d965ccfc6d4b" outcome="Passed" testListId="8c84fa94-04c1-424b-9868-57a2d4851a1d" relativeResultsDirectory="09c62eb2-4033-43af-bb32-5ae424a5c0e1" />
    <UnitTestResult executionId="bd7f37d8-0839-4c56-9c5f-7f17f4715d6e" testId="6ad72c90-aa91-e72a-22b3-b5e231366b76" testName="McpServer.Support.Mcp.Tests.Controllers.SessionLogControllerErrorTests.SubmitAsync_MissingSourceType_ReturnsValidationEnvelope" computerName="PAYTON-LEGION2" duration="00:00:00.0010651" startTime="2026-08-19T17:52:45.0500887-05:00" endTime="2026-08-19T17:52:45.0511808-05:00" testType="13cdc9d9-ddb5-4fa4-a97d-d965ccfc6d4b" outcome="Passed" testListId="8c84fa94-04c1-424b-9868-57a2d4851a1d" relativeResultsDirectory="bd7f37d8-0839-4c56-9c5f-7f17f4715d6e" />
    <UnitTestResult executionId="b4a0b0a1-6105-4bd9-adcf-8b51bb3d6258" testId="4a16e8eb-247f-2428-bfc7-5ac53b0738b7" testName="McpServer.Support.Mcp.Tests.McpStdio.McpToolBackendUnavailableErrorTests.SessionLogCompleteTurn_OrdinaryFailure_KeepsUntypedErrorMessage" computerName="PAYTON-LEGION2" duration="00:00:01.2871620" startTime="2026-08-19T17:52:44.8464065-05:00" endTime="2026-08-19T17:52:46.1375326-05:00" testType="13cdc9d9-ddb5-4fa4-a97d-d965ccfc6d4b" outcome="Passed" testListId="8c84fa94-04c1-424b-9868-57a2d4851a1d" relativeResultsDirectory="b4a0b0a1-6105-4bd9-adcf-8b51bb3d6258" />
    <UnitTestResult executionId="2c862cff-f596-4022-866c-18d068b090d7" testId="a42bbbcb-ab44-fbdf-0190-d6c91e01d268" testName="McpServer.Support.Mcp.Tests.Services.SessionLogServiceReplaceDeleteTests.DeleteTurnAsync_SoftDeletesTurnAndChildren" computerName="PAYTON-LEGION2" duration="00:00:00.1733365" startTime="2026-08-19T17:52:49.0326278-05:00" endTime="2026-08-19T17:52:49.2060129-05:00" testType="13cdc9d9-ddb5-4fa4-a97d-d965ccfc6d4b" outcome="Passed" testListId="8c84fa94-04c1-424b-9868-57a2d4851a1d" relativeResultsDirectory="2c862cff-f596-4022-866c-18d068b090d7" />
    <UnitTestResult executionId="530f9541-8e0f-4d5c-a591-e10663a68ce0" testId="03aa0ea3-85d8-f5ee-5083-7d66bf8751ed" testName="McpServer.Support.Mcp.Tests.Services.SessionLogSessionAttrTests.SubmitAsync_WorkspaceRelativeFilesModified_Persists" computerName="PAYTON-LEGION2" duration="00:00:00.0090201" startTime="2026-08-19T17:52:46.8339919-05:00" endTime="2026-08-19T17:52:46.8430513-05:00" testType="13cdc9d9-ddb5-4fa4-a97d-d965ccfc6d4b" outcome="Passed" testListId="8c84fa94-04c1-424b-9868-57a2d4851a1d" relativeResultsDirectory="530f9541-8e0f-4d5c-a591-e10663a68ce0" />
    <UnitTestResult executionId="2774e172-8d4b-4bd8-89ea-29e219b90781" testId="f7f82c66-a77a-a87b-c728-d3e89b6d9e42" testName="McpServer.Support.Mcp.Tests.McpStdio.McpToolBackendUnavailableErrorTests.SessionLogCompleteTurn_StorageUnreachable_ReturnsTypedBackendUnavailableError" computerName="PAYTON-LEGION2" duration="00:00:00.0545444" startTime="2026-08-19T17:52:46.1381521-05:00" endTime="2026-08-19T17:52:46.1927426-05:00" testType="13cdc9d9-ddb5-4fa4-a97d-d965ccfc6d4b" outcome="Passed" testListId="8c84fa94-04c1-424b-9868-57a2d4851a1d" relativeResultsDirectory="2774e172-8d4b-4bd8-89ea-29e219b90781" />
    <UnitTestResult executionId="ae8d0012-a7a9-4092-967f-5241f6573fc5" testId="1a85f23a-3cb6-37f7-96d0-873be3bc5a69" testName="McpServer.Support.Mcp.Tests.Services.SessionLogServiceReplaceDeleteTests.DeleteTurnItemAsync_StringSection_RemovesByValue" computerName="PAYTON-LEGION2" duration="00:00:00.2103519" startTime="2026-08-19T17:52:47.7048316-05:00" endTime="2026-08-19T17:52:47.9152490-05:00" testType="13cdc9d9-ddb5-4fa4-a97d-d965ccfc6d4b" outcome="Passed" testListId="8c84fa94-04c1-424b-9868-57a2d4851a1d" relativeResultsDirectory="ae8d0012-a7a9-4092-967f-5241f6573fc5" />
    <UnitTestResult executionId="4684520a-53ab-4ce1-b0ca-e89d7002ab03" testId="df41e1a2-f427-edf7-47b7-4f3f53af513e" testName="McpServer.Support.Mcp.Tests.Controllers.SessionLogControllerErrorTests.SubmitAsync_DbUpdateException_ReturnsPersistenceProblem" computerName="PAYTON-LEGION2" duration="00:00:00.1807512" startTime="2026-08-19T17:52:44.8464256-05:00" endTime="2026-08-19T17:52:45.0383651-05:00" testType="13cdc9d9-ddb5-4fa4-a97d-d965ccfc6d4b" outcome="Passed" testListId="8c84fa94-04c1-424b-9868-57a2d4851a1d" relativeResultsDirectory="4684520a-53ab-4ce1-b0ca-e89d7002ab03" />
    <UnitTestResult executionId="a793462e-2fe1-4329-bfb1-82507fccee32" testId="51d4b225-aebd-0d1d-90ff-f0e54bbfd8a5" testName="McpServer.Support.Mcp.Tests.Controllers.SessionLogControllerErrorTests.SubmitAsync_StorageBudgetExceeded_ReturnsBackendUnavailableEnvelope" computerName="PAYTON-LEGION2" duration="00:00:00.0028038" startTime="2026-08-19T17:52:45.0466324-05:00" endTime="2026-08-19T17:52:45.0497635-05:00" testType="13cdc9d9-ddb5-4fa4-a97d-d965ccfc6d4b" outcome="Passed" testListId="8c84fa94-04c1-424b-9868-57a2d4851a1d" relativeResultsDirectory="a793462e-2fe1-4329-bfb1-82507fccee32" />
    <UnitTestResult executionId="713380ea-1ea7-4343-b06e-4e94580a426a" testId="42bcfbb5-11be-d42b-27f1-baaadd05bad5" testName="McpServer.Support.Mcp.Tests.Services.SessionLogTriageStoreTests.SubmitAsync_CanceledStatus_RoundTrips(status: &quot;canceled&quot;)" computerName="PAYTON-LEGION2" duration="00:00:00.0081223" startTime="2026-08-19T17:52:46.9131633-05:00" endTime="2026-08-19T17:52:46.9213253-05:00" testType="13cdc9d9-ddb5-4fa4-a97d-d965ccfc6d4b" outcome="Passed" testListId="8c84fa94-04c1-424b-9868-57a2d4851a1d" relativeResultsDirectory="713380ea-1ea7-4343-b06e-4e94580a426a" />
    <UnitTestResult executionId="a281c829-0de7-4a4b-9981-0a9c0086d0f1" testId="9196f2ec-429f-6617-fd55-272240a09288" testName="McpServer.Support.Mcp.Tests.Services.SessionLogServiceReplaceDeleteTests.DeleteSessionAsync_Missing_ReturnsFalse" computerName="PAYTON-LEGION2" duration="00:00:00.1508426" startTime="2026-08-19T17:52:47.9161437-05:00" endTime="2026-08-19T17:52:48.0670435-05:00" testType="13cdc9d9-ddb5-4fa4-a97d-d965ccfc6d4b" outcome="Passed" testListId="8c84fa94-04c1-424b-9868-57a2d4851a1d" relativeResultsDirectory="a281c829-0de7-4a4b-9981-0a9c0086d0f1" />
    <UnitTestResult executionId="0a2b0251-f6e3-4517-a08b-e180aac9de7b" testId="be0be049-55a8-e2a6-a42c-af4e9ba07aee" testName="McpServer.Support.Mcp.Tests.Services.SessionLogServiceReplaceDeleteTests.ReplaceTurnAsync_ClearsOmittedScalarsAndCollections" computerName="PAYTON-LEGION2" duration="00:00:00.1636913" startTime="2026-08-19T17:52:48.8682021-05:00" endTime="2026-08-19T17:52:49.0319437-05:00" testType="13cdc9d9-ddb5-4fa4-a97d-d965ccfc6d4b" outcome="Passed" testListId="8c84fa94-04c1-424b-9868-57a2d4851a1d" relativeResultsDirectory="0a2b0251-f6e3-4517-a08b-e180aac9de7b" />
    <UnitTestResult executionId="39f35021-af37-45f7-8117-771c6edbb7f7" testId="1c79dc50-76f1-c869-451c-732cb002822d" testName="McpServer.Support.Mcp.Tests.Services.SessionLogTriageStoreTests.SubmitAsync_HungSaveChanges_FailsFastWithStorageUnavailable" computerName="PAYTON-LEGION2" duration="00:00:05.0143581" startTime="2026-08-19T17:52:46.9397703-05:00" endTime="2026-08-19T17:52:51.9542568-05:00" testType="13cdc9d9-ddb5-4fa4-a97d-d965ccfc6d4b" outcome="Passed" testListId="8c84fa94-04c1-424b-9868-57a2d4851a1d" relativeResultsDirectory="39f35021-af37-45f7-8117-771c6edbb7f7" />
    <UnitTestResult executionId="50cf51de-e161-479f-8eaa-f706a506bf50" testId="a27ce3f1-f49f-506a-8aa3-28bc03174a40" testName="McpServer.Support.Mcp.Tests.Services.SessionLogServiceReplaceDeleteTests.DeleteTurnItemAsync_Commit_RemovesBySha" computerName="PAYTON-LEGION2" duration="00:00:00.2250609" startTime="2026-08-19T17:52:47.4783385-05:00" endTime="2026-08-19T17:52:47.7034701-05:00" testType="13cdc9d9-ddb5-4fa4-a97d-d965ccfc6d4b" outcome="Passed" testListId="8c84fa94-04c1-424b-9868-57a2d4851a1d" relativeResultsDirectory="50cf51de-e161-479f-8eaa-f706a506bf50" />
    <UnitTestResult executionId="c46b41a6-46ce-4794-aaf4-bcda56810ca9" testId="d8767adf-bffe-d171-bdf2-c83ff7ed4c2e" testName="McpServer.Support.Mcp.Tests.Services.SessionLogServiceReplaceDeleteTests.DeleteTurnItemAsync_UnknownKey_ReturnsFalse" computerName="PAYTON-LEGION2" duration="00:00:00.1454977" startTime="2026-08-19T17:52:48.5723598-05:00" endTime="2026-08-19T17:52:48.7179110-05:00" testType="13cdc9d9-ddb5-4fa4-a97d-d965ccfc6d4b" outcome="Passed" testListId="8c84fa94-04c1-424b-9868-57a2d4851a1d" relativeResultsDirectory="c46b41a6-46ce-4794-aaf4-bcda56810ca9" />
    <UnitTestResult executionId="b5647ae4-86ba-4eb2-892a-fa5989d1dbf6" testId="53393882-6581-196a-e41d-36b94e495cc0" testName="McpServer.Support.Mcp.Tests.Controllers.SessionLogControllerErrorTests.DeleteSessionAsync_MissingSession_ReturnsNotFoundEnvelope" computerName="PAYTON-LEGION2" duration="00:00:00.0044620" startTime="2026-08-19T17:52:45.0514725-05:00" endTime="2026-08-19T17:52:45.0559661-05:00" testType="13cdc9d9-ddb5-4fa4-a97d-d965ccfc6d4b" outcome="Passed" testListId="8c84fa94-04c1-424b-9868-57a2d4851a1d" relativeResultsDirectory="b5647ae4-86ba-4eb2-892a-fa5989d1dbf6" />
    <UnitTestResult executionId="6a319185-05bf-4a88-813c-aaf4acc73843" testId="8b45f11e-5807-ac3f-aa1e-d28f7b413951" testName="McpServer.Support.Mcp.Tests.Services.SessionLogServiceReplaceDeleteTests.ClearTurnSectionAsync_RemovesAllItemsInSection" computerName="PAYTON-LEGION2" duration="00:00:00.1707714" startTime="2026-08-19T17:52:48.2402040-05:00" endTime="2026-08-19T17:52:48.4110269-05:00" testType="13cdc9d9-ddb5-4fa4-a97d-d965ccfc6d4b" outcome="Passed" testListId="8c84fa94-04c1-424b-9868-57a2d4851a1d" relativeResultsDirectory="6a319185-05bf-4a88-813c-aaf4acc73843" />
    <UnitTestResult executionId="f9075fc4-6b26-46d5-a65a-e933414c1f7a" testId="074cc8e9-3656-e482-7428-e4ca2573cb5f" testName="McpServer.Support.Mcp.Tests.Services.SessionLogSessionAttrTests.ReplaceTurnSectionAsync_FilesModifiedOutsideRoot_Unmarked_IsRejected" computerName="PAYTON-LEGION2" duration="00:00:00.0159640" startTime="2026-08-19T17:52:46.9475531-05:00" endTime="2026-08-19T17:52:46.9635571-05:00" testType="13cdc9d9-ddb5-4fa4-a97d-d965ccfc6d4b" outcome="Passed" testListId="8c84fa94-04c1-424b-9868-57a2d4851a1d" relativeResultsDirectory="f9075fc4-6b26-46d5-a65a-e933414c1f7a" />
    <UnitTestResult executionId="c48748c6-8d13-414b-b733-a80582ebb484" testId="8dc44bc9-1d8f-f52a-f63d-d807d92bf50b" testName="McpServer.Support.Mcp.Tests.Services.SessionLogTriageStoreTests.SubmitAsync_CanceledStatus_RoundTrips(status: &quot;cancelled&quot;)" computerName="PAYTON-LEGION2" duration="00:00:00.0115527" startTime="2026-08-19T17:52:46.9013146-05:00" endTime="2026-08-19T17:52:46.9129086-05:00" testType="13cdc9d9-ddb5-4fa4-a97d-d965ccfc6d4b" outcome="Passed" testListId="8c84fa94-04c1-424b-9868-57a2d4851a1d" relativeResultsDirectory="c48748c6-8d13-414b-b733-a80582ebb484" />
    <UnitTestResult executionId="eea34d03-c5d1-4cec-b8b5-ed5c79f54fcf" testId="001fe048-2e4f-984a-4fa7-d9b4ba361c32" testName="McpServer.Support.Mcp.Tests.Services.SessionLogSessionAttrTests.SubmitAsync_FilesModifiedOutsideRoot_ForeignTagged_Persists" computerName="PAYTON-LEGION2" duration="00:00:01.9720257" startTime="2026-08-19T17:52:44.8464367-05:00" endTime="2026-08-19T17:52:46.8223806-05:00" testType="13cdc9d9-ddb5-4fa4-a97d-d965ccfc6d4b" outcome="Passed" testListId="8c84fa94-04c1-424b-9868-57a2d4851a1d" relativeResultsDirectory="eea34d03-c5d1-4cec-b8b5-ed5c79f54fcf" />
    <UnitTestResult executionId="3ab32afd-c3f6-4c51-b99d-21ec82a44a68" testId="e55addb0-e025-1d7f-297d-06efe2e0daff" testName="McpServer.Support.Mcp.Tests.Services.SessionLogReplaceSectionRetryableTests.ReplaceTurnSectionAsync_UnreachableStorage_IsRetryableAndTurnRemainsGettable" computerName="PAYTON-LEGION2" duration="00:00:00.0741918" startTime="2026-08-19T17:52:51.7818541-05:00" endTime="2026-08-19T17:52:51.8561083-05:00" testType="13cdc9d9-ddb5-4fa4-a97d-d965ccfc6d4b" outcome="Passed" testListId="8c84fa94-04c1-424b-9868-57a2d4851a1d" relativeResultsDirectory="3ab32afd-c3f6-4c51-b99d-21ec82a44a68" />
    <UnitTestResult executionId="9c915c38-2e98-4113-8fb9-6bbc693c9adb" testId="73ef0349-278d-d30a-99bf-588a1384f3ac" testName="McpServer.Support.Mcp.Tests.Services.SessionLogServiceReplaceDeleteTests.ReplaceTurnSectionAsync_EmptyPayload_ClearsSection" computerName="PAYTON-LEGION2" duration="00:00:00.1598697" startTime="2026-08-19T17:52:48.4117329-05:00" endTime="2026-08-19T17:52:48.5716597-05:00" testType="13cdc9d9-ddb5-4fa4-a97d-d965ccfc6d4b" outcome="Passed" testListId="8c84fa94-04c1-424b-9868-57a2d4851a1d" relativeResultsDirectory="9c915c38-2e98-4113-8fb9-6bbc693c9adb" />
    <UnitTestResult executionId="d9c3ed16-b458-4acc-ab09-6911a55f483d" testId="2cdabd8b-5b16-fa5b-73f8-cf9315d8d3a2" testName="McpServer.Support.Mcp.Tests.Services.SessionLogReplaceSectionRetryableTests.ReplaceTurnSectionAsync_HungSaveChanges_FailsFastWithRetryableUnavailable" computerName="PAYTON-LEGION2" duration="00:00:06.9211459" startTime="2026-08-19T17:52:44.8464126-05:00" endTime="2026-08-19T17:52:51.7771753-05:00" testType="13cdc9d9-ddb5-4fa4-a97d-d965ccfc6d4b" outcome="Passed" testListId="8c84fa94-04c1-424b-9868-57a2d4851a1d" relativeResultsDirectory="d9c3ed16-b458-4acc-ab09-6911a55f483d" />
    <UnitTestResult executionId="2f61405b-3a70-468a-90b4-ac8ce0329b79" testId="a1f0bd23-f6a8-07fc-0099-29723153f84d" testName="McpServer.Support.Mcp.Tests.Services.SessionLogSessionAttrTests.SubmitAsync_CommitFilesOutsideRoot_Unmarked_IsRejected" computerName="PAYTON-LEGION2" duration="00:00:00.0076377" startTime="2026-08-19T17:52:46.9395775-05:00" endTime="2026-08-19T17:52:46.9472612-05:00" testType="13cdc9d9-ddb5-4fa4-a97d-d965ccfc6d4b" outcome="Passed" testListId="8c84fa94-04c1-424b-9868-57a2d4851a1d" relativeResultsDirectory="2f61405b-3a70-468a-90b4-ac8ce0329b79" />
  </Results>
  <TestDefinitions>
    <UnitTest name="McpServer.Support.Mcp.Tests.McpStdio.McpToolBackendUnavailableErrorTests.SessionLogReplaceSection_StorageUnreachable_ReturnsRetryableTrue" storage="f:\github\mcpserver\.worktrees\triage-session-store\tests\mcpserver.support.mcp.tests\bin\debug\net10.0\mcpserver.support.mcp.tests.dll" id="58506bc7-ace6-4ad0-ced0-e875bf21e6f6">
      <Execution id="8cdbd6a7-3b46-4b44-8760-d4e4348135b1" />
      <TestMethod codeBase="F:\GitHub\McpServer\.worktrees\triage-session-store\tests\McpServer.Support.Mcp.Tests\bin\Debug\net10.0\McpServer.Support.Mcp.Tests.dll" adapterTypeName="executor://xunit/VsTestRunner3/netcore/" className="McpServer.Support.Mcp.Tests.McpStdio.McpToolBackendUnavailableErrorTests" name="SessionLogReplaceSection_StorageUnreachable_ReturnsRetryableTrue" />
    </UnitTest>
    <UnitTest name="McpServer.Support.Mcp.Tests.Services.SessionLogServiceReplaceDeleteTests.DeleteSessionAsync_Missing_ReturnsFalse" storage="f:\github\mcpserver\.worktrees\triage-session-store\tests\mcpserver.support.mcp.tests\bin\debug\net10.0\mcpserver.support.mcp.tests.dll" id="9196f2ec-429f-6617-fd55-272240a09288">
      <Execution id="a281c829-0de7-4a4b-9981-0a9c0086d0f1" />
      <TestMethod codeBase="F:\GitHub\McpServer\.worktrees\triage-session-store\tests\McpServer.Support.Mcp.Tests\bin\Debug\net10.0\McpServer.Support.Mcp.Tests.dll" adapterTypeName="executor://xunit/VsTestRunner3/netcore/" className="McpServer.Support.Mcp.Tests.Services.SessionLogServiceReplaceDeleteTests" name="DeleteSessionAsync_Missing_ReturnsFalse" />
    </UnitTest>
    <UnitTest name="McpServer.Support.Mcp.Tests.Services.SessionLogServiceReplaceDeleteTests.DeleteTurnItemAsync_Action_RemovesByOrder" storage="f:\github\mcpserver\.worktrees\triage-session-store\tests\mcpserver.support.mcp.tests\bin\debug\net10.0\mcpserver.support.mcp.tests.dll" id="0e013d39-2015-1706-55ca-c9302590cbee">
      <Execution id="1a69cc5c-67fa-4cbb-abc9-c16ca496e174" />
      <TestMethod codeBase="F:\GitHub\McpServer\.worktrees\triage-session-store\tests\McpServer.Support.Mcp.Tests\bin\Debug\net10.0\McpServer.Support.Mcp.Tests.dll" adapterTypeName="executor://xunit/VsTestRunner3/netcore/" className="McpServer.Support.Mcp.Tests.Services.SessionLogServiceReplaceDeleteTests" name="DeleteTurnItemAsync_Action_RemovesByOrder" />
    </UnitTest>
    <UnitTest name="McpServer.Support.Mcp.Tests.Services.SessionLogSessionAttrTests.SubmitAsync_FilesModifiedOutsideRoot_ForeignTagged_Persists" storage="f:\github\mcpserver\.worktrees\triage-session-store\tests\mcpserver.support.mcp.tests\bin\debug\net10.0\mcpserver.support.mcp.tests.dll" id="001fe048-2e4f-984a-4fa7-d9b4ba361c32">
      <Execution id="eea34d03-c5d1-4cec-b8b5-ed5c79f54fcf" />
      <TestMethod codeBase="F:\GitHub\McpServer\.worktrees\triage-session-store\tests\McpServer.Support.Mcp.Tests\bin\Debug\net10.0\McpServer.Support.Mcp.Tests.dll" adapterTypeName="executor://xunit/VsTestRunner3/netcore/" className="McpServer.Support.Mcp.Tests.Services.SessionLogSessionAttrTests" name="SubmitAsync_FilesModifiedOutsideRoot_ForeignTagged_Persists" />
    </UnitTest>
    <UnitTest name="McpServer.Support.Mcp.Tests.Services.SessionLogServiceReplaceDeleteTests.DeleteTurnItemAsync_Commit_RemovesBySha" storage="f:\github\mcpserver\.worktrees\triage-session-store\tests\mcpserver.support.mcp.tests\bin\debug\net10.0\mcpserver.support.mcp.tests.dll" id="a27ce3f1-f49f-506a-8aa3-28bc03174a40">
      <Execution id="50cf51de-e161-479f-8eaa-f706a506bf50" />
      <TestMethod codeBase="F:\GitHub\McpServer\.worktrees\triage-session-store\tests\McpServer.Support.Mcp.Tests\bin\Debug\net10.0\McpServer.Support.Mcp.Tests.dll" adapterTypeName="executor://xunit/VsTestRunner3/netcore/" className="McpServer.Support.Mcp.Tests.Services.SessionLogServiceReplaceDeleteTests" name="DeleteTurnItemAsync_Commit_RemovesBySha" />
    </UnitTest>
    <UnitTest name="McpServer.Support.Mcp.Tests.Services.SessionLogTriageStoreTests.SubmitAsync_CanceledStatus_RoundTrips(status: &quot;cancelled&quot;)" storage="f:\github\mcpserver\.worktrees\triage-session-store\tests\mcpserver.support.mcp.tests\bin\debug\net10.0\mcpserver.support.mcp.tests.dll" id="8dc44bc9-1d8f-f52a-f63d-d807d92bf50b">
      <Execution id="c48748c6-8d13-414b-b733-a80582ebb484" />
      <TestMethod codeBase="F:\GitHub\McpServer\.worktrees\triage-session-store\tests\McpServer.Support.Mcp.Tests\bin\Debug\net10.0\McpServer.Support.Mcp.Tests.dll" adapterTypeName="executor://xunit/VsTestRunner3/netcore/" className="McpServer.Support.Mcp.Tests.Services.SessionLogTriageStoreTests" name="SubmitAsync_CanceledStatus_RoundTrips" />
    </UnitTest>
    <UnitTest name="McpServer.Support.Mcp.Tests.Services.SessionLogSessionAttrTests.SubmitAsync_CommitFilesOutsideRoot_Unmarked_IsRejected" storage="f:\github\mcpserver\.worktrees\triage-session-store\tests\mcpserver.support.mcp.tests\bin\debug\net10.0\mcpserver.support.mcp.tests.dll" id="a1f0bd23-f6a8-07fc-0099-29723153f84d">
      <Execution id="2f61405b-3a70-468a-90b4-ac8ce0329b79" />
      <TestMethod codeBase="F:\GitHub\McpServer\.worktrees\triage-session-store\tests\McpServer.Support.Mcp.Tests\bin\Debug\net10.0\McpServer.Support.Mcp.Tests.dll" adapterTypeName="executor://xunit/VsTestRunner3/netcore/" className="McpServer.Support.Mcp.Tests.Services.SessionLogSessionAttrTests" name="SubmitAsync_CommitFilesOutsideRoot_Unmarked_IsRejected" />
    </UnitTest>
    <UnitTest name="McpServer.Support.Mcp.Tests.McpStdio.McpToolBackendUnavailableErrorTests.SessionLogCompleteTurn_OrdinaryFailure_KeepsUntypedErrorMessage" storage="f:\github\mcpserver\.worktrees\triage-session-store\tests\mcpserver.support.mcp.tests\bin\debug\net10.0\mcpserver.support.mcp.tests.dll" id="4a16e8eb-247f-2428-bfc7-5ac53b0738b7">
      <Execution id="b4a0b0a1-6105-4bd9-adcf-8b51bb3d6258" />
      <TestMethod codeBase="F:\GitHub\McpServer\.worktrees\triage-session-store\tests\McpServer.Support.Mcp.Tests\bin\Debug\net10.0\McpServer.Support.Mcp.Tests.dll" adapterTypeName="executor://xunit/VsTestRunner3/netcore/" className="McpServer.Support.Mcp.Tests.McpStdio.McpToolBackendUnavailableErrorTests" name="SessionLogCompleteTurn_OrdinaryFailure_KeepsUntypedErrorMessage" />
    </UnitTest>
    <UnitTest name="McpServer.Support.Mcp.Tests.Services.SessionLogTriageStoreTests.SubmitAsync_SessionTags_RoundTrip" storage="f:\github\mcpserver\.worktrees\triage-session-store\tests\mcpserver.support.mcp.tests\bin\debug\net10.0\mcpserver.support.mcp.tests.dll" id="398687ad-0570-b2e5-e6ac-02efefce9c2a">
      <Execution id="9e74d5c0-526e-4f9d-8df6-c7d3a2e1f6af" />
      <TestMethod codeBase="F:\GitHub\McpServer\.worktrees\triage-session-store\tests\McpServer.Support.Mcp.Tests\bin\Debug\net10.0\McpServer.Support.Mcp.Tests.dll" adapterTypeName="executor://xunit/VsTestRunner3/netcore/" className="McpServer.Support.Mcp.Tests.Services.SessionLogTriageStoreTests" name="SubmitAsync_SessionTags_RoundTrip" />
    </UnitTest>
    <UnitTest name="McpServer.Support.Mcp.Tests.Controllers.SessionLogControllerErrorTests.ReplaceTurnSectionAsync_StorageUnreachable_Returns503Retryable" storage="f:\github\mcpserver\.worktrees\triage-session-store\tests\mcpserver.support.mcp.tests\bin\debug\net10.0\mcpserver.support.mcp.tests.dll" id="1797e38e-5bd6-8273-2647-3b34398602b3">
      <Execution id="a898086e-5af5-4867-b2b6-f495421ed760" />
      <TestMethod codeBase="F:\GitHub\McpServer\.worktrees\triage-session-store\tests\McpServer.Support.Mcp.Tests\bin\Debug\net10.0\McpServer.Support.Mcp.Tests.dll" adapterTypeName="executor://xunit/VsTestRunner3/netcore/" className="McpServer.Support.Mcp.Tests.Controllers.SessionLogControllerErrorTests" name="ReplaceTurnSectionAsync_StorageUnreachable_Returns503Retryable" />
    </UnitTest>
    <UnitTest name="McpServer.Support.Mcp.Tests.Services.SessionLogServiceReplaceDeleteTests.ReplaceTurnSectionAsync_ReplacesOnlyNamedSection" storage="f:\github\mcpserver\.worktrees\triage-session-store\tests\mcpserver.support.mcp.tests\bin\debug\net10.0\mcpserver.support.mcp.tests.dll" id="ccf8a65f-b3cc-7be9-978b-3aeae23f14f1">
      <Execution id="09c62eb2-4033-43af-bb32-5ae424a5c0e1" />
      <TestMethod codeBase="F:\GitHub\McpServer\.worktrees\triage-session-store\tests\McpServer.Support.Mcp.Tests\bin\Debug\net10.0\McpServer.Support.Mcp.Tests.dll" adapterTypeName="executor://xunit/VsTestRunner3/netcore/" className="McpServer.Support.Mcp.Tests.Services.SessionLogServiceReplaceDeleteTests" name="ReplaceTurnSectionAsync_ReplacesOnlyNamedSection" />
    </UnitTest>
    <UnitTest name="McpServer.Support.Mcp.Tests.Services.SessionLogSessionAttrTests.ReplaceTurnSectionAsync_FilesModifiedOutsideRoot_Unmarked_IsRejected" storage="f:\github\mcpserver\.worktrees\triage-session-store\tests\mcpserver.support.mcp.tests\bin\debug\net10.0\mcpserver.support.mcp.tests.dll" id="074cc8e9-3656-e482-7428-e4ca2573cb5f">
      <Execution id="f9075fc4-6b26-46d5-a65a-e933414c1f7a" />
      <TestMethod codeBase="F:\GitHub\McpServer\.worktrees\triage-session-store\tests\McpServer.Support.Mcp.Tests\bin\Debug\net10.0\McpServer.Support.Mcp.Tests.dll" adapterTypeName="executor://xunit/VsTestRunner3/netcore/" className="McpServer.Support.Mcp.Tests.Services.SessionLogSessionAttrTests" name="ReplaceTurnSectionAsync_FilesModifiedOutsideRoot_Unmarked_IsRejected" />
    </UnitTest>
    <UnitTest name="McpServer.Support.Mcp.Tests.Services.SessionLogServiceReplaceDeleteTests.UpsertTurnAsync_StaysAdditive_DoesNotRemoveExistingItems" storage="f:\github\mcpserver\.worktrees\triage-session-store\tests\mcpserver.support.mcp.tests\bin\debug\net10.0\mcpserver.support.mcp.tests.dll" id="d07a7b8b-f979-b0dd-8b50-7e74325e9757">
      <Execution id="479bb615-63c4-4269-9ca8-48c997c7d469" />
      <TestMethod codeBase="F:\GitHub\McpServer\.worktrees\triage-session-store\tests\McpServer.Support.Mcp.Tests\bin\Debug\net10.0\McpServer.Support.Mcp.Tests.dll" adapterTypeName="executor://xunit/VsTestRunner3/netcore/" className="McpServer.Support.Mcp.Tests.Services.SessionLogServiceReplaceDeleteTests" name="UpsertTurnAsync_StaysAdditive_DoesNotRemoveExistingItems" />
    </UnitTest>
    <UnitTest name="McpServer.Support.Mcp.Tests.Services.SessionLogServiceReplaceDeleteTests.ReplaceTurnSectionAsync_EmptyPayload_ClearsSection" storage="f:\github\mcpserver\.worktrees\triage-session-store\tests\mcpserver.support.mcp.tests\bin\debug\net10.0\mcpserver.support.mcp.tests.dll" id="73ef0349-278d-d30a-99bf-588a1384f3ac">
      <Execution id="9c915c38-2e98-4113-8fb9-6bbc693c9adb" />
      <TestMethod codeBase="F:\GitHub\McpServer\.worktrees\triage-session-store\tests\McpServer.Support.Mcp.Tests\bin\Debug\net10.0\McpServer.Support.Mcp.Tests.dll" adapterTypeName="executor://xunit/VsTestRunner3/netcore/" className="McpServer.Support.Mcp.Tests.Services.SessionLogServiceReplaceDeleteTests" name="ReplaceTurnSectionAsync_EmptyPayload_ClearsSection" />
    </UnitTest>
    <UnitTest name="McpServer.Support.Mcp.Tests.Controllers.SessionLogControllerErrorTests.SubmitAsync_DbUpdateException_ReturnsPersistenceProblem" storage="f:\github\mcpserver\.worktrees\triage-session-store\tests\mcpserver.support.mcp.tests\bin\debug\net10.0\mcpserver.support.mcp.tests.dll" id="df41e1a2-f427-edf7-47b7-4f3f53af513e">
      <Execution id="4684520a-53ab-4ce1-b0ca-e89d7002ab03" />
      <TestMethod codeBase="F:\GitHub\McpServer\.worktrees\triage-session-store\tests\McpServer.Support.Mcp.Tests\bin\Debug\net10.0\McpServer.Support.Mcp.Tests.dll" adapterTypeName="executor://xunit/VsTestRunner3/netcore/" className="McpServer.Support.Mcp.Tests.Controllers.SessionLogControllerErrorTests" name="SubmitAsync_DbUpdateException_ReturnsPersistenceProblem" />
    </UnitTest>
    <UnitTest name="McpServer.Support.Mcp.Tests.Services.SessionLogServiceReplaceDeleteTests.DeleteSessionAsync_SoftDeletesSessionAndEverything" storage="f:\github\mcpserver\.worktrees\triage-session-store\tests\mcpserver.support.mcp.tests\bin\debug\net10.0\mcpserver.support.mcp.tests.dll" id="bdeb1469-c5af-7d9a-2f54-d80c9c32c299">
      <Execution id="8dab527d-18cd-4b71-aa17-43eb12ef1a36" />
      <TestMethod codeBase="F:\GitHub\McpServer\.worktrees\triage-session-store\tests\McpServer.Support.Mcp.Tests\bin\Debug\net10.0\McpServer.Support.Mcp.Tests.dll" adapterTypeName="executor://xunit/VsTestRunner3/netcore/" className="McpServer.Support.Mcp.Tests.Services.SessionLogServiceReplaceDeleteTests" name="DeleteSessionAsync_SoftDeletesSessionAndEverything" />
    </UnitTest>
    <UnitTest name="McpServer.Support.Mcp.Tests.Services.SessionLogServiceReplaceDeleteTests.DeleteTurnItemAsync_UnknownKey_ReturnsFalse" storage="f:\github\mcpserver\.worktrees\triage-session-store\tests\mcpserver.support.mcp.tests\bin\debug\net10.0\mcpserver.support.mcp.tests.dll" id="d8767adf-bffe-d171-bdf2-c83ff7ed4c2e">
      <Execution id="c46b41a6-46ce-4794-aaf4-bcda56810ca9" />
      <TestMethod codeBase="F:\GitHub\McpServer\.worktrees\triage-session-store\tests\McpServer.Support.Mcp.Tests\bin\Debug\net10.0\McpServer.Support.Mcp.Tests.dll" adapterTypeName="executor://xunit/VsTestRunner3/netcore/" className="McpServer.Support.Mcp.Tests.Services.SessionLogServiceReplaceDeleteTests" name="DeleteTurnItemAsync_UnknownKey_ReturnsFalse" />
    </UnitTest>
    <UnitTest name="McpServer.Support.Mcp.Tests.Services.SessionLogServiceReplaceDeleteTests.DeleteTurnAsync_SoftDeletesTurnAndChildren" storage="f:\github\mcpserver\.worktrees\triage-session-store\tests\mcpserver.support.mcp.tests\bin\debug\net10.0\mcpserver.support.mcp.tests.dll" id="a42bbbcb-ab44-fbdf-0190-d6c91e01d268">
      <Execution id="2c862cff-f596-4022-866c-18d068b090d7" />
      <TestMethod codeBase="F:\GitHub\McpServer\.worktrees\triage-session-store\tests\McpServer.Support.Mcp.Tests\bin\Debug\net10.0\McpServer.Support.Mcp.Tests.dll" adapterTypeName="executor://xunit/VsTestRunner3/netcore/" className="McpServer.Support.Mcp.Tests.Services.SessionLogServiceReplaceDeleteTests" name="DeleteTurnAsync_SoftDeletesTurnAndChildren" />
    </UnitTest>
    <UnitTest name="McpServer.Support.Mcp.Tests.Services.SessionLogServiceReplaceDeleteTests.ClearTurnSectionAsync_RemovesAllItemsInSection" storage="f:\github\mcpserver\.worktrees\triage-session-store\tests\mcpserver.support.mcp.tests\bin\debug\net10.0\mcpserver.support.mcp.tests.dll" id="8b45f11e-5807-ac3f-aa1e-d28f7b413951">
      <Execution id="6a319185-05bf-4a88-813c-aaf4acc73843" />
      <TestMethod codeBase="F:\GitHub\McpServer\.worktrees\triage-session-store\tests\McpServer.Support.Mcp.Tests\bin\Debug\net10.0\McpServer.Support.Mcp.Tests.dll" adapterTypeName="executor://xunit/VsTestRunner3/netcore/" className="McpServer.Support.Mcp.Tests.Services.SessionLogServiceReplaceDeleteTests" name="ClearTurnSectionAsync_RemovesAllItemsInSection" />
    </UnitTest>
    <UnitTest name="McpServer.Support.Mcp.Tests.Services.SessionLogTriageStoreTests.SubmitAsync_CanceledStatus_RoundTrips(status: &quot;canceled&quot;)" storage="f:\github\mcpserver\.worktrees\triage-session-store\tests\mcpserver.support.mcp.tests\bin\debug\net10.0\mcpserver.support.mcp.tests.dll" id="42bcfbb5-11be-d42b-27f1-baaadd05bad5">
      <Execution id="713380ea-1ea7-4343-b06e-4e94580a426a" />
      <TestMethod codeBase="F:\GitHub\McpServer\.worktrees\triage-session-store\tests\McpServer.Support.Mcp.Tests\bin\Debug\net10.0\McpServer.Support.Mcp.Tests.dll" adapterTypeName="executor://xunit/VsTestRunner3/netcore/" className="McpServer.Support.Mcp.Tests.Services.SessionLogTriageStoreTests" name="SubmitAsync_CanceledStatus_RoundTrips" />
    </UnitTest>
    <UnitTest name="McpServer.Support.Mcp.Tests.Controllers.SessionLogControllerErrorTests.SubmitAsync_StorageBudgetExceeded_ReturnsBackendUnavailableEnvelope" storage="f:\github\mcpserver\.worktrees\triage-session-store\tests\mcpserver.support.mcp.tests\bin\debug\net10.0\mcpserver.support.mcp.tests.dll" id="51d4b225-aebd-0d1d-90ff-f0e54bbfd8a5">
      <Execution id="a793462e-2fe1-4329-bfb1-82507fccee32" />
      <TestMethod codeBase="F:\GitHub\McpServer\.worktrees\triage-session-store\tests\McpServer.Support.Mcp.Tests\bin\Debug\net10.0\McpServer.Support.Mcp.Tests.dll" adapterTypeName="executor://xunit/VsTestRunner3/netcore/" className="McpServer.Support.Mcp.Tests.Controllers.SessionLogControllerErrorTests" name="SubmitAsync_StorageBudgetExceeded_ReturnsBackendUnavailableEnvelope" />
    </UnitTest>
    <UnitTest name="McpServer.Support.Mcp.Tests.Services.SessionLogTriageStoreTests.SubmitAsync_HungSaveChanges_FailsFastWithStorageUnavailable" storage="f:\github\mcpserver\.worktrees\triage-session-store\tests\mcpserver.support.mcp.tests\bin\debug\net10.0\mcpserver.support.mcp.tests.dll" id="1c79dc50-76f1-c869-451c-732cb002822d">
      <Execution id="39f35021-af37-45f7-8117-771c6edbb7f7" />
      <TestMethod codeBase="F:\GitHub\McpServer\.worktrees\triage-session-store\tests\McpServer.Support.Mcp.Tests\bin\Debug\net10.0\McpServer.Support.Mcp.Tests.dll" adapterTypeName="executor://xunit/VsTestRunner3/netcore/" className="McpServer.Support.Mcp.Tests.Services.SessionLogTriageStoreTests" name="SubmitAsync_HungSaveChanges_FailsFastWithStorageUnavailable" />
    </UnitTest>
    <UnitTest name="McpServer.Support.Mcp.Tests.McpStdio.McpToolBackendUnavailableErrorTests.SessionLogCompleteTurn_StorageUnreachable_ReturnsTypedBackendUnavailableError" storage="f:\github\mcpserver\.worktrees\triage-session-store\tests\mcpserver.support.mcp.tests\bin\debug\net10.0\mcpserver.support.mcp.tests.dll" id="f7f82c66-a77a-a87b-c728-d3e89b6d9e42">
      <Execution id="2774e172-8d4b-4bd8-89ea-29e219b90781" />
      <TestMethod codeBase="F:\GitHub\McpServer\.worktrees\triage-session-store\tests\McpServer.Support.Mcp.Tests\bin\Debug\net10.0\McpServer.Support.Mcp.Tests.dll" adapterTypeName="executor://xunit/VsTestRunner3/netcore/" className="McpServer.Support.Mcp.Tests.McpStdio.McpToolBackendUnavailableErrorTests" name="SessionLogCompleteTurn_StorageUnreachable_ReturnsTypedBackendUnavailableError" />
    </UnitTest>
    <UnitTest name="McpServer.Support.Mcp.Tests.Services.SessionLogServiceReplaceDeleteTests.ReplaceTurnAsync_PreservesWorkspaceStampOnChildren" storage="f:\github\mcpserver\.worktrees\triage-session-store\tests\mcpserver.support.mcp.tests\bin\debug\net10.0\mcpserver.support.mcp.tests.dll" id="e8f8cf18-6bb6-5e02-ef9b-8a249bc33c1f">
      <Execution id="d8c50304-2f1a-4b74-96f7-a78bff3fbd48" />
      <TestMethod codeBase="F:\GitHub\McpServer\.worktrees\triage-session-store\tests\McpServer.Support.Mcp.Tests\bin\Debug\net10.0\McpServer.Support.Mcp.Tests.dll" adapterTypeName="executor://xunit/VsTestRunner3/netcore/" className="McpServer.Support.Mcp.Tests.Services.SessionLogServiceReplaceDeleteTests" name="ReplaceTurnAsync_PreservesWorkspaceStampOnChildren" />
    </UnitTest>
    <UnitTest name="McpServer.Support.Mcp.Tests.Services.SessionLogSessionAttrTests.SubmitAsync_FilesModifiedOutsideRoot_Unmarked_IsRejected" storage="f:\github\mcpserver\.worktrees\triage-session-store\tests\mcpserver.support.mcp.tests\bin\debug\net10.0\mcpserver.support.mcp.tests.dll" id="465ac5b0-44e2-1bc3-390b-2f58e3d659bb">
      <Execution id="3fa78099-33ba-4f4c-b548-62ecdfd32a47" />
      <TestMethod codeBase="F:\GitHub\McpServer\.worktrees\triage-session-store\tests\McpServer.Support.Mcp.Tests\bin\Debug\net10.0\McpServer.Support.Mcp.Tests.dll" adapterTypeName="executor://xunit/VsTestRunner3/netcore/" className="McpServer.Support.Mcp.Tests.Services.SessionLogSessionAttrTests" name="SubmitAsync_FilesModifiedOutsideRoot_Unmarked_IsRejected" />
    </UnitTest>
    <UnitTest name="McpServer.Support.Mcp.Tests.Services.SessionLogSessionAttrTests.SubmitAsync_FilesModifiedOutsideRoot_ForeignPrefixed_Persists" storage="f:\github\mcpserver\.worktrees\triage-session-store\tests\mcpserver.support.mcp.tests\bin\debug\net10.0\mcpserver.support.mcp.tests.dll" id="c2ce3476-f5c6-9231-8bb3-284266498627">
      <Execution id="2aff9a6f-8992-46a7-9f73-752e9b9ee0ba" />
      <TestMethod codeBase="F:\GitHub\McpServer\.worktrees\triage-session-store\tests\McpServer.Support.Mcp.Tests\bin\Debug\net10.0\McpServer.Support.Mcp.Tests.dll" adapterTypeName="executor://xunit/VsTestRunner3/netcore/" className="McpServer.Support.Mcp.Tests.Services.SessionLogSessionAttrTests" name="SubmitAsync_FilesModifiedOutsideRoot_ForeignPrefixed_Persists" />
    </UnitTest>
    <UnitTest name="McpServer.Support.Mcp.Tests.Services.SessionLogTriageStoreTests.SubmitAsync_IdenticalActions_DoesNotDuplicate" storage="f:\github\mcpserver\.worktrees\triage-session-store\tests\mcpserver.support.mcp.tests\bin\debug\net10.0\mcpserver.support.mcp.tests.dll" id="99ab0528-e51f-feca-b103-4d7085fc1adc">
      <Execution id="dd610efb-d9de-486b-a523-b83714941011" />
      <TestMethod codeBase="F:\GitHub\McpServer\.worktrees\triage-session-store\tests\McpServer.Support.Mcp.Tests\bin\Debug\net10.0\McpServer.Support.Mcp.Tests.dll" adapterTypeName="executor://xunit/VsTestRunner3/netcore/" className="McpServer.Support.Mcp.Tests.Services.SessionLogTriageStoreTests" name="SubmitAsync_IdenticalActions_DoesNotDuplicate" />
    </UnitTest>
    <UnitTest name="McpServer.Support.Mcp.Tests.Services.SessionLogServiceReplaceDeleteTests.DeleteTurnItemAsync_StringSection_RemovesByValue" storage="f:\github\mcpserver\.worktrees\triage-session-store\tests\mcpserver.support.mcp.tests\bin\debug\net10.0\mcpserver.support.mcp.tests.dll" id="1a85f23a-3cb6-37f7-96d0-873be3bc5a69">
      <Execution id="ae8d0012-a7a9-4092-967f-5241f6573fc5" />
      <TestMethod codeBase="F:\GitHub\McpServer\.worktrees\triage-session-store\tests\McpServer.Support.Mcp.Tests\bin\Debug\net10.0\McpServer.Support.Mcp.Tests.dll" adapterTypeName="executor://xunit/VsTestRunner3/netcore/" className="McpServer.Support.Mcp.Tests.Services.SessionLogServiceReplaceDeleteTests" name="DeleteTurnItemAsync_StringSection_RemovesByValue" />
    </UnitTest>
    <UnitTest name="McpServer.Support.Mcp.Tests.Controllers.SessionLogControllerErrorTests.SubmitAsync_MissingSourceType_ReturnsValidationEnvelope" storage="f:\github\mcpserver\.worktrees\triage-session-store\tests\mcpserver.support.mcp.tests\bin\debug\net10.0\mcpserver.support.mcp.tests.dll" id="6ad72c90-aa91-e72a-22b3-b5e231366b76">
      <Execution id="bd7f37d8-0839-4c56-9c5f-7f17f4715d6e" />
      <TestMethod codeBase="F:\GitHub\McpServer\.worktrees\triage-session-store\tests\McpServer.Support.Mcp.Tests\bin\Debug\net10.0\McpServer.Support.Mcp.Tests.dll" adapterTypeName="executor://xunit/VsTestRunner3/netcore/" className="McpServer.Support.Mcp.Tests.Controllers.SessionLogControllerErrorTests" name="SubmitAsync_MissingSourceType_ReturnsValidationEnvelope" />
    </UnitTest>
    <UnitTest name="McpServer.Support.Mcp.Tests.Services.SessionLogTriageStoreTests.UpsertTurnAsync_OmittedPlanFileTodoId_WritesNoneAndCanceled" storage="f:\github\mcpserver\.worktrees\triage-session-store\tests\mcpserver.support.mcp.tests\bin\debug\net10.0\mcpserver.support.mcp.tests.dll" id="8dc8dadd-6c69-49ab-d8c5-ccf9a576bc22">
      <Execution id="d52a0b9c-146e-4ff0-b7c0-460324b3bba3" />
      <TestMethod codeBase="F:\GitHub\McpServer\.worktrees\triage-session-store\tests\McpServer.Support.Mcp.Tests\bin\Debug\net10.0\McpServer.Support.Mcp.Tests.dll" adapterTypeName="executor://xunit/VsTestRunner3/netcore/" className="McpServer.Support.Mcp.Tests.Services.SessionLogTriageStoreTests" name="UpsertTurnAsync_OmittedPlanFileTodoId_WritesNoneAndCanceled" />
    </UnitTest>
    <UnitTest name="McpServer.Support.Mcp.Tests.Services.SessionLogSessionAttrTests.SubmitAsync_WorkspaceRelativeFilesModified_Persists" storage="f:\github\mcpserver\.worktrees\triage-session-store\tests\mcpserver.support.mcp.tests\bin\debug\net10.0\mcpserver.support.mcp.tests.dll" id="03aa0ea3-85d8-f5ee-5083-7d66bf8751ed">
      <Execution id="530f9541-8e0f-4d5c-a591-e10663a68ce0" />
      <TestMethod codeBase="F:\GitHub\McpServer\.worktrees\triage-session-store\tests\McpServer.Support.Mcp.Tests\bin\Debug\net10.0\McpServer.Support.Mcp.Tests.dll" adapterTypeName="executor://xunit/VsTestRunner3/netcore/" className="McpServer.Support.Mcp.Tests.Services.SessionLogSessionAttrTests" name="SubmitAsync_WorkspaceRelativeFilesModified_Persists" />
    </UnitTest>
    <UnitTest name="McpServer.Support.Mcp.Tests.Services.SessionLogReplaceSectionRetryableTests.ReplaceTurnSectionAsync_UnreachableStorage_IsRetryableAndTurnRemainsGettable" storage="f:\github\mcpserver\.worktrees\triage-session-store\tests\mcpserver.support.mcp.tests\bin\debug\net10.0\mcpserver.support.mcp.tests.dll" id="e55addb0-e025-1d7f-297d-06efe2e0daff">
      <Execution id="3ab32afd-c3f6-4c51-b99d-21ec82a44a68" />
      <TestMethod codeBase="F:\GitHub\McpServer\.worktrees\triage-session-store\tests\McpServer.Support.Mcp.Tests\bin\Debug\net10.0\McpServer.Support.Mcp.Tests.dll" adapterTypeName="executor://xunit/VsTestRunner3/netcore/" className="McpServer.Support.Mcp.Tests.Services.SessionLogReplaceSectionRetryableTests" name="ReplaceTurnSectionAsync_UnreachableStorage_IsRetryableAndTurnRemainsGettable" />
    </UnitTest>
    <UnitTest name="McpServer.Support.Mcp.Tests.Services.SessionLogReplaceSectionRetryableTests.ReplaceTurnSectionAsync_HungSaveChanges_FailsFastWithRetryableUnavailable" storage="f:\github\mcpserver\.worktrees\triage-session-store\tests\mcpserver.support.mcp.tests\bin\debug\net10.0\mcpserver.support.mcp.tests.dll" id="2cdabd8b-5b16-fa5b-73f8-cf9315d8d3a2">
      <Execution id="d9c3ed16-b458-4acc-ab09-6911a55f483d" />
      <TestMethod codeBase="F:\GitHub\McpServer\.worktrees\triage-session-store\tests\McpServer.Support.Mcp.Tests\bin\Debug\net10.0\McpServer.Support.Mcp.Tests.dll" adapterTypeName="executor://xunit/VsTestRunner3/netcore/" className="McpServer.Support.Mcp.Tests.Services.SessionLogReplaceSectionRetryableTests" name="ReplaceTurnSectionAsync_HungSaveChanges_FailsFastWithRetryableUnavailable" />
    </UnitTest>
    <UnitTest name="McpServer.Support.Mcp.Tests.Services.SessionLogServiceReplaceDeleteTests.ReplaceTurnSectionAsync_UnknownSection_Throws" storage="f:\github\mcpserver\.worktrees\triage-session-store\tests\mcpserver.support.mcp.tests\bin\debug\net10.0\mcpserver.support.mcp.tests.dll" id="56e024ff-47bb-86e3-eb38-cc6777713349">
      <Execution id="5ca86d34-60fd-476c-935a-8f29df8c4c8e" />
      <TestMethod codeBase="F:\GitHub\McpServer\.worktrees\triage-session-store\tests\McpServer.Support.Mcp.Tests\bin\Debug\net10.0\McpServer.Support.Mcp.Tests.dll" adapterTypeName="executor://xunit/VsTestRunner3/netcore/" className="McpServer.Support.Mcp.Tests.Services.SessionLogServiceReplaceDeleteTests" name="ReplaceTurnSectionAsync_UnknownSection_Throws" />
    </UnitTest>
    <UnitTest name="McpServer.Support.Mcp.Tests.Services.SessionLogServiceReplaceDeleteTests.ReplaceTurnAsync_ClearsOmittedScalarsAndCollections" storage="f:\github\mcpserver\.worktrees\triage-session-store\tests\mcpserver.support.mcp.tests\bin\debug\net10.0\mcpserver.support.mcp.tests.dll" id="be0be049-55a8-e2a6-a42c-af4e9ba07aee">
      <Execution id="0a2b0251-f6e3-4517-a08b-e180aac9de7b" />
      <TestMethod codeBase="F:\GitHub\McpServer\.worktrees\triage-session-store\tests\McpServer.Support.Mcp.Tests\bin\Debug\net10.0\McpServer.Support.Mcp.Tests.dll" adapterTypeName="executor://xunit/VsTestRunner3/netcore/" className="McpServer.Support.Mcp.Tests.Services.SessionLogServiceReplaceDeleteTests" name="ReplaceTurnAsync_ClearsOmittedScalarsAndCollections" />
    </UnitTest>
    <UnitTest name="McpServer.Support.Mcp.Tests.Controllers.SessionLogControllerErrorTests.DeleteSessionAsync_MissingSession_ReturnsNotFoundEnvelope" storage="f:\github\mcpserver\.worktrees\triage-session-store\tests\mcpserver.support.mcp.tests\bin\debug\net10.0\mcpserver.support.mcp.tests.dll" id="53393882-6581-196a-e41d-36b94e495cc0">
      <Execution id="b5647ae4-86ba-4eb2-892a-fa5989d1dbf6" />
      <TestMethod codeBase="F:\GitHub\McpServer\.worktrees\triage-session-store\tests\McpServer.Support.Mcp.Tests\bin\Debug\net10.0\McpServer.Support.Mcp.Tests.dll" adapterTypeName="executor://xunit/VsTestRunner3/netcore/" className="McpServer.Support.Mcp.Tests.Controllers.SessionLogControllerErrorTests" name="DeleteSessionAsync_MissingSession_ReturnsNotFoundEnvelope" />
    </UnitTest>
    <UnitTest name="McpServer.Support.Mcp.Tests.Services.SessionLogSessionAttrTests.SubmitAsync_CommitFilesOutsideRoot_ForeignPrefixed_Persists" storage="f:\github\mcpserver\.worktrees\triage-session-store\tests\mcpserver.support.mcp.tests\bin\debug\net10.0\mcpserver.support.mcp.tests.dll" id="af7b292e-f708-fad2-de9c-99605372f576">
      <Execution id="c31477c9-36b6-462a-a2d7-22273084310e" />
      <TestMethod codeBase="F:\GitHub\McpServer\.worktrees\triage-session-store\tests\McpServer.Support.Mcp.Tests\bin\Debug\net10.0\McpServer.Support.Mcp.Tests.dll" adapterTypeName="executor://xunit/VsTestRunner3/netcore/" className="McpServer.Support.Mcp.Tests.Services.SessionLogSessionAttrTests" name="SubmitAsync_CommitFilesOutsideRoot_ForeignPrefixed_Persists" />
    </UnitTest>
    <UnitTest name="McpServer.Support.Mcp.Tests.Services.SessionLogTriageStoreTests.ReplaceTurnAsync_MissingRequestId_ThrowsNotFound" storage="f:\github\mcpserver\.worktrees\triage-session-store\tests\mcpserver.support.mcp.tests\bin\debug\net10.0\mcpserver.support.mcp.tests.dll" id="a04a796a-c622-92cf-e3a9-e2fbc444274e">
      <Execution id="6cdafd2b-176e-4e7a-aec3-5d8a3bfed289" />
      <TestMethod codeBase="F:\GitHub\McpServer\.worktrees\triage-session-store\tests\McpServer.Support.Mcp.Tests\bin\Debug\net10.0\McpServer.Support.Mcp.Tests.dll" adapterTypeName="executor://xunit/VsTestRunner3/netcore/" className="McpServer.Support.Mcp.Tests.Services.SessionLogTriageStoreTests" name="ReplaceTurnAsync_MissingRequestId_ThrowsNotFound" />
    </UnitTest>
  </TestDefinitions>
  <TestEntries>
    <TestEntry testId="398687ad-0570-b2e5-e6ac-02efefce9c2a" executionId="9e74d5c0-526e-4f9d-8df6-c7d3a2e1f6af" testListId="8c84fa94-04c1-424b-9868-57a2d4851a1d" />
    <TestEntry testId="99ab0528-e51f-feca-b103-4d7085fc1adc" executionId="dd610efb-d9de-486b-a523-b83714941011" testListId="8c84fa94-04c1-424b-9868-57a2d4851a1d" />
    <TestEntry testId="a04a796a-c622-92cf-e3a9-e2fbc444274e" executionId="6cdafd2b-176e-4e7a-aec3-5d8a3bfed289" testListId="8c84fa94-04c1-424b-9868-57a2d4851a1d" />
    <TestEntry testId="e8f8cf18-6bb6-5e02-ef9b-8a249bc33c1f" executionId="d8c50304-2f1a-4b74-96f7-a78bff3fbd48" testListId="8c84fa94-04c1-424b-9868-57a2d4851a1d" />
    <TestEntry testId="0e013d39-2015-1706-55ca-c9302590cbee" executionId="1a69cc5c-67fa-4cbb-abc9-c16ca496e174" testListId="8c84fa94-04c1-424b-9868-57a2d4851a1d" />
    <TestEntry testId="c2ce3476-f5c6-9231-8bb3-284266498627" executionId="2aff9a6f-8992-46a7-9f73-752e9b9ee0ba" testListId="8c84fa94-04c1-424b-9868-57a2d4851a1d" />
    <TestEntry testId="58506bc7-ace6-4ad0-ced0-e875bf21e6f6" executionId="8cdbd6a7-3b46-4b44-8760-d4e4348135b1" testListId="8c84fa94-04c1-424b-9868-57a2d4851a1d" />
    <TestEntry testId="465ac5b0-44e2-1bc3-390b-2f58e3d659bb" executionId="3fa78099-33ba-4f4c-b548-62ecdfd32a47" testListId="8c84fa94-04c1-424b-9868-57a2d4851a1d" />
    <TestEntry testId="af7b292e-f708-fad2-de9c-99605372f576" executionId="c31477c9-36b6-462a-a2d7-22273084310e" testListId="8c84fa94-04c1-424b-9868-57a2d4851a1d" />
    <TestEntry testId="1797e38e-5bd6-8273-2647-3b34398602b3" executionId="a898086e-5af5-4867-b2b6-f495421ed760" testListId="8c84fa94-04c1-424b-9868-57a2d4851a1d" />
    <TestEntry testId="8dc8dadd-6c69-49ab-d8c5-ccf9a576bc22" executionId="d52a0b9c-146e-4ff0-b7c0-460324b3bba3" testListId="8c84fa94-04c1-424b-9868-57a2d4851a1d" />
    <TestEntry testId="56e024ff-47bb-86e3-eb38-cc6777713349" executionId="5ca86d34-60fd-476c-935a-8f29df8c4c8e" testListId="8c84fa94-04c1-424b-9868-57a2d4851a1d" />
    <TestEntry testId="bdeb1469-c5af-7d9a-2f54-d80c9c32c299" executionId="8dab527d-18cd-4b71-aa17-43eb12ef1a36" testListId="8c84fa94-04c1-424b-9868-57a2d4851a1d" />
    <TestEntry testId="d07a7b8b-f979-b0dd-8b50-7e74325e9757" executionId="479bb615-63c4-4269-9ca8-48c997c7d469" testListId="8c84fa94-04c1-424b-9868-57a2d4851a1d" />
    <TestEntry testId="ccf8a65f-b3cc-7be9-978b-3aeae23f14f1" executionId="09c62eb2-4033-43af-bb32-5ae424a5c0e1" testListId="8c84fa94-04c1-424b-9868-57a2d4851a1d" />
    <TestEntry testId="6ad72c90-aa91-e72a-22b3-b5e231366b76" executionId="bd7f37d8-0839-4c56-9c5f-7f17f4715d6e" testListId="8c84fa94-04c1-424b-9868-57a2d4851a1d" />
    <TestEntry testId="4a16e8eb-247f-2428-bfc7-5ac53b0738b7" executionId="b4a0b0a1-6105-4bd9-adcf-8b51bb3d6258" testListId="8c84fa94-04c1-424b-9868-57a2d4851a1d" />
    <TestEntry testId="a42bbbcb-ab44-fbdf-0190-d6c91e01d268" executionId="2c862cff-f596-4022-866c-18d068b090d7" testListId="8c84fa94-04c1-424b-9868-57a2d4851a1d" />
    <TestEntry testId="03aa0ea3-85d8-f5ee-5083-7d66bf8751ed" executionId="530f9541-8e0f-4d5c-a591-e10663a68ce0" testListId="8c84fa94-04c1-424b-9868-57a2d4851a1d" />
    <TestEntry testId="f7f82c66-a77a-a87b-c728-d3e89b6d9e42" executionId="2774e172-8d4b-4bd8-89ea-29e219b90781" testListId="8c84fa94-04c1-424b-9868-57a2d4851a1d" />
    <TestEntry testId="1a85f23a-3cb6-37f7-96d0-873be3bc5a69" executionId="ae8d0012-a7a9-4092-967f-5241f6573fc5" testListId="8c84fa94-04c1-424b-9868-57a2d4851a1d" />
    <TestEntry testId="df41e1a2-f427-edf7-47b7-4f3f53af513e" executionId="4684520a-53ab-4ce1-b0ca-e89d7002ab03" testListId="8c84fa94-04c1-424b-9868-57a2d4851a1d" />
    <TestEntry testId="51d4b225-aebd-0d1d-90ff-f0e54bbfd8a5" executionId="a793462e-2fe1-4329-bfb1-82507fccee32" testListId="8c84fa94-04c1-424b-9868-57a2d4851a1d" />
    <TestEntry testId="42bcfbb5-11be-d42b-27f1-baaadd05bad5" executionId="713380ea-1ea7-4343-b06e-4e94580a426a" testListId="8c84fa94-04c1-424b-9868-57a2d4851a1d" />
    <TestEntry testId="9196f2ec-429f-6617-fd55-272240a09288" executionId="a281c829-0de7-4a4b-9981-0a9c0086d0f1" testListId="8c84fa94-04c1-424b-9868-57a2d4851a1d" />
    <TestEntry testId="be0be049-55a8-e2a6-a42c-af4e9ba07aee" executionId="0a2b0251-f6e3-4517-a08b-e180aac9de7b" testListId="8c84fa94-04c1-424b-9868-57a2d4851a1d" />
    <TestEntry testId="1c79dc50-76f1-c869-451c-732cb002822d" executionId="39f35021-af37-45f7-8117-771c6edbb7f7" testListId="8c84fa94-04c1-424b-9868-57a2d4851a1d" />
    <TestEntry testId="a27ce3f1-f49f-506a-8aa3-28bc03174a40" executionId="50cf51de-e161-479f-8eaa-f706a506bf50" testListId="8c84fa94-04c1-424b-9868-57a2d4851a1d" />
    <TestEntry testId="d8767adf-bffe-d171-bdf2-c83ff7ed4c2e" executionId="c46b41a6-46ce-4794-aaf4-bcda56810ca9" testListId="8c84fa94-04c1-424b-9868-57a2d4851a1d" />
    <TestEntry testId="53393882-6581-196a-e41d-36b94e495cc0" executionId="b5647ae4-86ba-4eb2-892a-fa5989d1dbf6" testListId="8c84fa94-04c1-424b-9868-57a2d4851a1d" />
    <TestEntry testId="8b45f11e-5807-ac3f-aa1e-d28f7b413951" executionId="6a319185-05bf-4a88-813c-aaf4acc73843" testListId="8c84fa94-04c1-424b-9868-57a2d4851a1d" />
    <TestEntry testId="074cc8e9-3656-e482-7428-e4ca2573cb5f" executionId="f9075fc4-6b26-46d5-a65a-e933414c1f7a" testListId="8c84fa94-04c1-424b-9868-57a2d4851a1d" />
    <TestEntry testId="8dc44bc9-1d8f-f52a-f63d-d807d92bf50b" executionId="c48748c6-8d13-414b-b733-a80582ebb484" testListId="8c84fa94-04c1-424b-9868-57a2d4851a1d" />
    <TestEntry testId="001fe048-2e4f-984a-4fa7-d9b4ba361c32" executionId="eea34d03-c5d1-4cec-b8b5-ed5c79f54fcf" testListId="8c84fa94-04c1-424b-9868-57a2d4851a1d" />
    <TestEntry testId="e55addb0-e025-1d7f-297d-06efe2e0daff" executionId="3ab32afd-c3f6-4c51-b99d-21ec82a44a68" testListId="8c84fa94-04c1-424b-9868-57a2d4851a1d" />
    <TestEntry testId="73ef0349-278d-d30a-99bf-588a1384f3ac" executionId="9c915c38-2e98-4113-8fb9-6bbc693c9adb" testListId="8c84fa94-04c1-424b-9868-57a2d4851a1d" />
    <TestEntry testId="2cdabd8b-5b16-fa5b-73f8-cf9315d8d3a2" executionId="d9c3ed16-b458-4acc-ab09-6911a55f483d" testListId="8c84fa94-04c1-424b-9868-57a2d4851a1d" />
    <TestEntry testId="a1f0bd23-f6a8-07fc-0099-29723153f84d" executionId="2f61405b-3a70-468a-90b4-ac8ce0329b79" testListId="8c84fa94-04c1-424b-9868-57a2d4851a1d" />
  </TestEntries>
  <TestLists>
    <TestList name="Results Not in a List" id="8c84fa94-04c1-424b-9868-57a2d4851a1d" />
    <TestList name="All Loaded Results" id="19431567-8539-422a-85d7-44ee4e166bda" />
  </TestLists>
  <ResultSummary outcome="Completed">
    <Counters total="38" executed="38" passed="38" failed="0" error="0" timeout="0" aborted="0" inconclusive="0" passedButRunAborted="0" notRunnable="0" notExecuted="0" disconnected="0" warning="0" completed="0" inProgress="0" pending="0" />
    <Output>
      <StdOut>[xUnit.net 00:00:00.00] xUnit.net VSTest Adapter v3.1.5+1b188a7b0a (64-bit .NET 10.0.11)&#xD;
[xUnit.net 00:00:00.29]   Discovering: McpServer.Support.Mcp.Tests&#xD;
[xUnit.net 00:00:01.29]   Discovered:  McpServer.Support.Mcp.Tests&#xD;
[xUnit.net 00:00:01.52]   Starting:    McpServer.Support.Mcp.Tests&#xD;
[xUnit.net 00:00:08.70]   Finished:    McpServer.Support.Mcp.Tests (ID = 'ad857fc4c65faec29911933013fbc4435b7b0758f34db5a54d15025bb1a917d6')&#xD;
</StdOut>
    </Output>
  </ResultSummary>
</TestRun>