2026-09-03 21:54:50.147 CDT [41808] LOG:  starting PostgreSQL 17.10 on x86_64-windows, compiled by msvc-19.44.35227, 64-bit
2026-09-03 21:54:50.151 CDT [41808] LOG:  listening on IPv6 address "::1", port 50779
2026-09-03 21:54:50.151 CDT [41808] LOG:  listening on IPv4 address "127.0.0.1", port 50779
2026-09-03 21:54:50.183 CDT [16336] LOG:  database system was shut down at 2026-09-03 21:54:39 CDT
2026-09-03 21:54:50.202 CDT [41808] LOG:  database system is ready to accept connections
2026-09-03 21:59:00.196 CDT [28172] ERROR:  relation "__EFMigrationsHistory" does not exist at character 46
2026-09-03 21:59:00.196 CDT [28172] STATEMENT:  SELECT "MigrationId", "ProductVersion"
	FROM "__EFMigrationsHistory"
	ORDER BY "MigrationId"
2026-09-03 21:59:00.234 CDT [1684] ERROR:  relation "__EFMigrationsHistory" does not exist at character 46
2026-09-03 21:59:00.234 CDT [1684] STATEMENT:  SELECT "MigrationId", "ProductVersion"
	FROM "__EFMigrationsHistory"
	ORDER BY "MigrationId"
2026-09-03 21:59:00.370 CDT [21824] ERROR:  relation "__EFMigrationsHistory" does not exist at character 46
2026-09-03 21:59:00.370 CDT [21824] STATEMENT:  SELECT "MigrationId", "ProductVersion"
	FROM "__EFMigrationsHistory"
	ORDER BY "MigrationId"
2026-09-03 21:59:04.012 CDT [41816] ERROR:  insert or update on table "UseCaseSteps" violates foreign key constraint "FK_UseCaseSteps_Actors_ActorId"
2026-09-03 21:59:04.012 CDT [41816] DETAIL:  Key (ActorId)=(9223372036854775807) is not present in table "Actors".
2026-09-03 21:59:04.012 CDT [41816] STATEMENT:  INSERT INTO "UseCaseSteps" ("Action", "ActorId", "DataEntities", "DeleteReason", "DeletedAtUtc", "DeletedBy", "FlowId", "StepNumber", "SystemResponse", "WorkspaceId")
	VALUES ($1, $2, $3, $4, $5, $6, $7, $8, $9, $10)
	RETURNING "StepId", "IsDeleted"
2026-09-03 21:59:04.133 CDT [26132] LOG:  checkpoint starting: immediate force wait
2026-09-03 21:59:04.172 CDT [26132] LOG:  checkpoint complete: wrote 51 buffers (0.3%); 1 WAL file(s) added, 0 removed, 0 recycled; write=0.003 s, sync=0.006 s, total=0.040 s; sync files=14, longest=0.001 s, average=0.001 s; distance=7601 kB, estimate=7601 kB; lsn=0/1CDF450, redo lsn=0/1CDF3F8
2026-09-03 21:59:04.629 CDT [34088] ERROR:  relation "__EFMigrationsHistory" does not exist at character 46
2026-09-03 21:59:04.629 CDT [34088] STATEMENT:  SELECT "MigrationId", "ProductVersion"
	FROM "__EFMigrationsHistory"
	ORDER BY "MigrationId"
2026-09-03 21:59:04.660 CDT [16356] ERROR:  relation "__EFMigrationsHistory" does not exist at character 46
2026-09-03 21:59:04.660 CDT [16356] STATEMENT:  SELECT "MigrationId", "ProductVersion"
	FROM "__EFMigrationsHistory"
	ORDER BY "MigrationId"
2026-09-03 21:59:04.756 CDT [23364] ERROR:  relation "__EFMigrationsHistory" does not exist at character 46
2026-09-03 21:59:04.756 CDT [23364] STATEMENT:  SELECT "MigrationId", "ProductVersion"
	FROM "__EFMigrationsHistory"
	ORDER BY "MigrationId"
2026-09-03 21:59:07.507 CDT [26132] LOG:  checkpoint starting: immediate force wait
2026-09-03 21:59:07.518 CDT [26132] LOG:  checkpoint complete: wrote 7 buffers (0.0%); 0 WAL file(s) added, 0 removed, 1 recycled; write=0.002 s, sync=0.003 s, total=0.011 s; sync files=6, longest=0.001 s, average=0.001 s; distance=7320 kB, estimate=7573 kB; lsn=0/2405768, redo lsn=0/2405710
2026-09-03 21:59:07.848 CDT [6340] ERROR:  relation "__EFMigrationsHistory" does not exist at character 46
2026-09-03 21:59:07.848 CDT [6340] STATEMENT:  SELECT "MigrationId", "ProductVersion"
	FROM "__EFMigrationsHistory"
	ORDER BY "MigrationId"
2026-09-03 21:59:07.881 CDT [28276] ERROR:  relation "__EFMigrationsHistory" does not exist at character 46
2026-09-03 21:59:07.881 CDT [28276] STATEMENT:  SELECT "MigrationId", "ProductVersion"
	FROM "__EFMigrationsHistory"
	ORDER BY "MigrationId"
2026-09-03 21:59:13.303 CDT [26132] LOG:  checkpoint starting: immediate force wait
2026-09-03 21:59:13.309 CDT [26132] LOG:  checkpoint complete: wrote 4 buffers (0.0%); 0 WAL file(s) added, 0 removed, 0 recycled; write=0.001 s, sync=0.002 s, total=0.007 s; sync files=4, longest=0.001 s, average=0.001 s; distance=7340 kB, estimate=7550 kB; lsn=0/2B30860, redo lsn=0/2B30808
2026-09-03 21:59:13.718 CDT [32364] ERROR:  relation "__EFMigrationsHistory" does not exist at character 46
2026-09-03 21:59:13.718 CDT [32364] STATEMENT:  SELECT "MigrationId", "ProductVersion"
	FROM "__EFMigrationsHistory"
	ORDER BY "MigrationId"
2026-09-03 21:59:13.742 CDT [37424] ERROR:  relation "__EFMigrationsHistory" does not exist at character 46
2026-09-03 21:59:13.742 CDT [37424] STATEMENT:  SELECT "MigrationId", "ProductVersion"
	FROM "__EFMigrationsHistory"
	ORDER BY "MigrationId"
2026-09-03 21:59:13.817 CDT [40228] ERROR:  relation "__EFMigrationsHistory" does not exist at character 46
2026-09-03 21:59:13.817 CDT [40228] STATEMENT:  SELECT "MigrationId", "ProductVersion"
	FROM "__EFMigrationsHistory"
	ORDER BY "MigrationId"
2026-09-03 21:59:15.141 CDT [8200] ERROR:  canceling statement due to user request
2026-09-03 21:59:15.141 CDT [8200] CONTEXT:  while locking tuple (0,7) in relation "Workspaces"
2026-09-03 21:59:15.141 CDT [8200] STATEMENT:  UPDATE "Workspaces" AS w
	SET "DateTimeModified" = w."DateTimeModified"
	WHERE w."WorkspaceId" = $1 AND w."NormalizedIdentityHash" = $2 AND NOT (w."IsDeleted")
2026-09-03 21:59:15.180 CDT [26132] LOG:  checkpoint starting: immediate force wait
2026-09-03 21:59:15.189 CDT [26132] LOG:  checkpoint complete: wrote 4 buffers (0.0%); 0 WAL file(s) added, 0 removed, 1 recycled; write=0.002 s, sync=0.002 s, total=0.009 s; sync files=4, longest=0.001 s, average=0.001 s; distance=7310 kB, estimate=7526 kB; lsn=0/32541A0, redo lsn=0/3254148
2026-09-03 21:59:15.535 CDT [36460] ERROR:  relation "__EFMigrationsHistory" does not exist at character 46
2026-09-03 21:59:15.535 CDT [36460] STATEMENT:  SELECT "MigrationId", "ProductVersion"
	FROM "__EFMigrationsHistory"
	ORDER BY "MigrationId"
2026-09-03 21:59:15.561 CDT [37784] ERROR:  relation "__EFMigrationsHistory" does not exist at character 46
2026-09-03 21:59:15.561 CDT [37784] STATEMENT:  SELECT "MigrationId", "ProductVersion"
	FROM "__EFMigrationsHistory"
	ORDER BY "MigrationId"
2026-09-03 21:59:15.646 CDT [37596] ERROR:  relation "__EFMigrationsHistory" does not exist at character 46
2026-09-03 21:59:15.646 CDT [37596] STATEMENT:  SELECT "MigrationId", "ProductVersion"
	FROM "__EFMigrationsHistory"
	ORDER BY "MigrationId"
2026-09-03 21:59:17.207 CDT [32156] ERROR:  could not serialize access due to concurrent update
2026-09-03 21:59:17.207 CDT [32156] STATEMENT:  UPDATE "Workspaces" AS w
	SET "DateTimeModified" = w."DateTimeModified"
	WHERE w."WorkspaceId" = $1 AND w."NormalizedIdentityHash" = $2 AND NOT (w."IsDeleted")
2026-09-03 21:59:17.333 CDT [26132] LOG:  checkpoint starting: immediate force wait
2026-09-03 21:59:17.340 CDT [26132] LOG:  checkpoint complete: wrote 4 buffers (0.0%); 0 WAL file(s) added, 0 removed, 0 recycled; write=0.001 s, sync=0.002 s, total=0.007 s; sync files=4, longest=0.001 s, average=0.001 s; distance=7312 kB, estimate=7504 kB; lsn=0/3978240, redo lsn=0/39781E8
2026-09-03 21:59:17.640 CDT [22464] ERROR:  relation "__EFMigrationsHistory" does not exist at character 46
2026-09-03 21:59:17.640 CDT [22464] STATEMENT:  SELECT "MigrationId", "ProductVersion"
	FROM "__EFMigrationsHistory"
	ORDER BY "MigrationId"
2026-09-03 21:59:17.667 CDT [13400] ERROR:  relation "__EFMigrationsHistory" does not exist at character 46
2026-09-03 21:59:17.667 CDT [13400] STATEMENT:  SELECT "MigrationId", "ProductVersion"
	FROM "__EFMigrationsHistory"
	ORDER BY "MigrationId"
2026-09-03 21:59:17.850 CDT [39052] ERROR:  relation "__EFMigrationsHistory" does not exist at character 46
2026-09-03 21:59:17.850 CDT [39052] STATEMENT:  SELECT "MigrationId", "ProductVersion"
	FROM "__EFMigrationsHistory"
	ORDER BY "MigrationId"
2026-09-03 21:59:18.925 CDT [13024] ERROR:  could not serialize access due to concurrent update
2026-09-03 21:59:18.925 CDT [13024] STATEMENT:  UPDATE "Workspaces" AS w
	SET "DateTimeModified" = w."DateTimeModified"
	WHERE w."WorkspaceId" = $1 AND w."NormalizedIdentityHash" = $2 AND NOT (w."IsDeleted")
2026-09-03 21:59:19.036 CDT [26132] LOG:  checkpoint starting: immediate force wait
2026-09-03 21:59:19.045 CDT [26132] LOG:  checkpoint complete: wrote 7 buffers (0.0%); 0 WAL file(s) added, 0 removed, 1 recycled; write=0.002 s, sync=0.003 s, total=0.010 s; sync files=6, longest=0.001 s, average=0.001 s; distance=7321 kB, estimate=7486 kB; lsn=0/409E9B0, redo lsn=0/409E958
2026-09-03 21:59:19.364 CDT [33968] ERROR:  relation "__EFMigrationsHistory" does not exist at character 46
2026-09-03 21:59:19.364 CDT [33968] STATEMENT:  SELECT "MigrationId", "ProductVersion"
	FROM "__EFMigrationsHistory"
	ORDER BY "MigrationId"
2026-09-03 21:59:21.186 CDT [26132] LOG:  checkpoint starting: immediate force wait
2026-09-03 21:59:21.193 CDT [26132] LOG:  checkpoint complete: wrote 4 buffers (0.0%); 0 WAL file(s) added, 0 removed, 0 recycled; write=0.001 s, sync=0.002 s, total=0.007 s; sync files=4, longest=0.001 s, average=0.001 s; distance=7448 kB, estimate=7482 kB; lsn=0/47E4CC0, redo lsn=0/47E4C68
2026-09-03 21:59:21.579 CDT [32896] ERROR:  relation "__EFMigrationsHistory" does not exist at character 46
2026-09-03 21:59:21.579 CDT [32896] STATEMENT:  SELECT "MigrationId", "ProductVersion"
	FROM "__EFMigrationsHistory"
	ORDER BY "MigrationId"
2026-09-03 21:59:23.121 CDT [26132] LOG:  checkpoint starting: immediate force wait
2026-09-03 21:59:23.128 CDT [26132] LOG:  checkpoint complete: wrote 4 buffers (0.0%); 0 WAL file(s) added, 0 removed, 0 recycled; write=0.001 s, sync=0.002 s, total=0.007 s; sync files=4, longest=0.001 s, average=0.001 s; distance=7296 kB, estimate=7464 kB; lsn=0/4F05068, redo lsn=0/4F05010
2026-09-03 21:59:23.448 CDT [15672] ERROR:  relation "__EFMigrationsHistory" does not exist at character 46
2026-09-03 21:59:23.448 CDT [15672] STATEMENT:  SELECT "MigrationId", "ProductVersion"
	FROM "__EFMigrationsHistory"
	ORDER BY "MigrationId"
2026-09-03 21:59:23.473 CDT [33732] ERROR:  relation "__EFMigrationsHistory" does not exist at character 46
2026-09-03 21:59:23.473 CDT [33732] STATEMENT:  SELECT "MigrationId", "ProductVersion"
	FROM "__EFMigrationsHistory"
	ORDER BY "MigrationId"
2026-09-03 21:59:23.555 CDT [30324] ERROR:  relation "__EFMigrationsHistory" does not exist at character 46
2026-09-03 21:59:23.555 CDT [30324] STATEMENT:  SELECT "MigrationId", "ProductVersion"
	FROM "__EFMigrationsHistory"
	ORDER BY "MigrationId"
2026-09-03 21:59:24.678 CDT [14188] ERROR:  canceling statement due to user request
2026-09-03 21:59:24.678 CDT [14188] CONTEXT:  while locking tuple (0,7) in relation "Workspaces"
2026-09-03 21:59:24.678 CDT [14188] STATEMENT:  UPDATE "Workspaces" AS w
	SET "DateTimeModified" = w."DateTimeModified"
	WHERE w."WorkspaceId" = $1 AND w."NormalizedIdentityHash" = $2 AND NOT (w."IsDeleted")
2026-09-03 21:59:24.728 CDT [26132] LOG:  checkpoint starting: immediate force wait
2026-09-03 21:59:24.736 CDT [26132] LOG:  checkpoint complete: wrote 4 buffers (0.0%); 0 WAL file(s) added, 0 removed, 1 recycled; write=0.001 s, sync=0.002 s, total=0.009 s; sync files=4, longest=0.001 s, average=0.001 s; distance=7308 kB, estimate=7448 kB; lsn=0/5628208, redo lsn=0/56281B0
2026-09-03 21:59:25.042 CDT [35852] ERROR:  relation "__EFMigrationsHistory" does not exist at character 46
2026-09-03 21:59:25.042 CDT [35852] STATEMENT:  SELECT "MigrationId", "ProductVersion"
	FROM "__EFMigrationsHistory"
	ORDER BY "MigrationId"
2026-09-03 21:59:25.173 CDT [21296] ERROR:  relation "__EFMigrationsHistory" does not exist at character 46
2026-09-03 21:59:25.173 CDT [21296] STATEMENT:  SELECT "MigrationId", "ProductVersion"
	FROM "__EFMigrationsHistory"
	ORDER BY "MigrationId"
2026-09-03 21:59:25.250 CDT [39508] ERROR:  relation "__EFMigrationsHistory" does not exist at character 46
2026-09-03 21:59:25.250 CDT [39508] STATEMENT:  SELECT "MigrationId", "ProductVersion"
	FROM "__EFMigrationsHistory"
	ORDER BY "MigrationId"
2026-09-03 21:59:26.774 CDT [26132] LOG:  checkpoint starting: immediate force wait
2026-09-03 21:59:26.782 CDT [26132] LOG:  checkpoint complete: wrote 7 buffers (0.0%); 0 WAL file(s) added, 0 removed, 0 recycled; write=0.002 s, sync=0.003 s, total=0.009 s; sync files=6, longest=0.001 s, average=0.001 s; distance=7338 kB, estimate=7437 kB; lsn=0/5D52AC8, redo lsn=0/5D52A70
2026-09-03 21:59:27.105 CDT [19804] ERROR:  relation "__EFMigrationsHistory" does not exist at character 46
2026-09-03 21:59:27.105 CDT [19804] STATEMENT:  SELECT "MigrationId", "ProductVersion"
	FROM "__EFMigrationsHistory"
	ORDER BY "MigrationId"
2026-09-03 21:59:27.129 CDT [34724] ERROR:  relation "__EFMigrationsHistory" does not exist at character 46
2026-09-03 21:59:27.129 CDT [34724] STATEMENT:  SELECT "MigrationId", "ProductVersion"
	FROM "__EFMigrationsHistory"
	ORDER BY "MigrationId"
2026-09-03 21:59:27.203 CDT [38584] ERROR:  relation "__EFMigrationsHistory" does not exist at character 46
2026-09-03 21:59:27.203 CDT [38584] STATEMENT:  SELECT "MigrationId", "ProductVersion"
	FROM "__EFMigrationsHistory"
	ORDER BY "MigrationId"
2026-09-03 21:59:28.499 CDT [18140] ERROR:  canceling statement due to user request
2026-09-03 21:59:28.499 CDT [18140] CONTEXT:  while locking tuple (0,7) in relation "Workspaces"
2026-09-03 21:59:28.499 CDT [18140] STATEMENT:  UPDATE "Workspaces" AS w
	SET "DateTimeModified" = w."DateTimeModified"
	WHERE w."WorkspaceId" = $1 AND w."NormalizedIdentityHash" = $2 AND NOT (w."IsDeleted")
2026-09-03 21:59:28.536 CDT [26132] LOG:  checkpoint starting: immediate force wait
2026-09-03 21:59:28.545 CDT [26132] LOG:  checkpoint complete: wrote 4 buffers (0.0%); 0 WAL file(s) added, 0 removed, 1 recycled; write=0.002 s, sync=0.002 s, total=0.010 s; sync files=4, longest=0.001 s, average=0.001 s; distance=7308 kB, estimate=7424 kB; lsn=0/6475E50, redo lsn=0/6475DF8
2026-09-03 21:59:28.845 CDT [41232] ERROR:  relation "__EFMigrationsHistory" does not exist at character 46
2026-09-03 21:59:28.845 CDT [41232] STATEMENT:  SELECT "MigrationId", "ProductVersion"
	FROM "__EFMigrationsHistory"
	ORDER BY "MigrationId"
2026-09-03 21:59:30.388 CDT [26132] LOG:  checkpoint starting: immediate force wait
2026-09-03 21:59:30.395 CDT [26132] LOG:  checkpoint complete: wrote 4 buffers (0.0%); 0 WAL file(s) added, 0 removed, 0 recycled; write=0.001 s, sync=0.002 s, total=0.007 s; sync files=4, longest=0.001 s, average=0.001 s; distance=7349 kB, estimate=7417 kB; lsn=0/6BA3560, redo lsn=0/6BA3508
2026-09-03 21:59:30.821 CDT [11232] ERROR:  relation "__EFMigrationsHistory" does not exist at character 46
2026-09-03 21:59:30.821 CDT [11232] STATEMENT:  SELECT "MigrationId", "ProductVersion"
	FROM "__EFMigrationsHistory"
	ORDER BY "MigrationId"
2026-09-03 21:59:30.850 CDT [8936] ERROR:  relation "__EFMigrationsHistory" does not exist at character 46
2026-09-03 21:59:30.850 CDT [8936] STATEMENT:  SELECT "MigrationId", "ProductVersion"
	FROM "__EFMigrationsHistory"
	ORDER BY "MigrationId"
2026-09-03 21:59:31.030 CDT [18200] ERROR:  relation "__EFMigrationsHistory" does not exist at character 46
2026-09-03 21:59:31.030 CDT [18200] STATEMENT:  SELECT "MigrationId", "ProductVersion"
	FROM "__EFMigrationsHistory"
	ORDER BY "MigrationId"
2026-09-03 21:59:32.127 CDT [26132] LOG:  checkpoint starting: immediate force wait
2026-09-03 21:59:32.136 CDT [26132] LOG:  checkpoint complete: wrote 4 buffers (0.0%); 0 WAL file(s) added, 0 removed, 1 recycled; write=0.002 s, sync=0.002 s, total=0.009 s; sync files=4, longest=0.001 s, average=0.001 s; distance=7355 kB, estimate=7410 kB; lsn=0/72D24F8, redo lsn=0/72D24A0
2026-09-03 21:59:32.483 CDT [26900] ERROR:  relation "__EFMigrationsHistory" does not exist at character 46
2026-09-03 21:59:32.483 CDT [26900] STATEMENT:  SELECT "MigrationId", "ProductVersion"
	FROM "__EFMigrationsHistory"
	ORDER BY "MigrationId"
2026-09-03 21:59:32.509 CDT [6668] ERROR:  relation "__EFMigrationsHistory" does not exist at character 46
2026-09-03 21:59:32.509 CDT [6668] STATEMENT:  SELECT "MigrationId", "ProductVersion"
	FROM "__EFMigrationsHistory"
	ORDER BY "MigrationId"
2026-09-03 21:59:32.587 CDT [15336] ERROR:  relation "__EFMigrationsHistory" does not exist at character 46
2026-09-03 21:59:32.587 CDT [15336] STATEMENT:  SELECT "MigrationId", "ProductVersion"
	FROM "__EFMigrationsHistory"
	ORDER BY "MigrationId"
2026-09-03 21:59:33.671 CDT [21428] ERROR:  could not serialize access due to concurrent update
2026-09-03 21:59:33.671 CDT [21428] STATEMENT:  UPDATE "Workspaces" AS w
	SET "DateTimeModified" = w."DateTimeModified"
	WHERE w."WorkspaceId" = $1 AND w."NormalizedIdentityHash" = $2 AND NOT (w."IsDeleted")
2026-09-03 21:59:33.785 CDT [26132] LOG:  checkpoint starting: immediate force wait
2026-09-03 21:59:33.792 CDT [26132] LOG:  checkpoint complete: wrote 5 buffers (0.0%); 0 WAL file(s) added, 0 removed, 0 recycled; write=0.002 s, sync=0.002 s, total=0.008 s; sync files=4, longest=0.001 s, average=0.001 s; distance=7321 kB, estimate=7402 kB; lsn=0/79F8CD8, redo lsn=0/79F8C80
2026-09-03 21:59:34.126 CDT [36084] ERROR:  relation "__EFMigrationsHistory" does not exist at character 46
2026-09-03 21:59:34.126 CDT [36084] STATEMENT:  SELECT "MigrationId", "ProductVersion"
	FROM "__EFMigrationsHistory"
	ORDER BY "MigrationId"
2026-09-03 21:59:34.151 CDT [38032] ERROR:  relation "__EFMigrationsHistory" does not exist at character 46
2026-09-03 21:59:34.151 CDT [38032] STATEMENT:  SELECT "MigrationId", "ProductVersion"
	FROM "__EFMigrationsHistory"
	ORDER BY "MigrationId"
2026-09-03 21:59:38.184 CDT [30904] ERROR:  functional requirement has active use case links
2026-09-03 21:59:38.184 CDT [30904] CONTEXT:  PL/pgSQL function protect_requirement_with_active_use_case_links() line 11 at RAISE
2026-09-03 21:59:38.184 CDT [30904] STATEMENT:  UPDATE "Requirements" SET "Body" = $1, "CreatedAtUtc" = $2, "DeleteReason" = $3, "DeletedAtUtc" = $4, "DeletedBy" = $5, "IsDeleted" = $6, "Notes" = $7, "Priority" = $8, "ScopeEndLayerKey" = $9, "ScopeStartLayerKey" = $10, "Status" = $11, "Title" = $12, "UpdatedAtUtc" = $13
	WHERE "Id" = $14 AND "Kind" = $15 AND "WorkspaceId" = $16
2026-09-03 21:59:38.199 CDT [30904] ERROR:  workspace has active use cases
2026-09-03 21:59:38.199 CDT [30904] CONTEXT:  PL/pgSQL function protect_workspace_with_active_use_cases() line 10 at RAISE
2026-09-03 21:59:38.199 CDT [30904] STATEMENT:  UPDATE "Workspaces" SET "IsDeleted" = $1
	WHERE "WorkspaceId" = $2
2026-09-03 21:59:38.226 CDT [26132] LOG:  checkpoint starting: immediate force wait
2026-09-03 21:59:38.235 CDT [26132] LOG:  checkpoint complete: wrote 4 buffers (0.0%); 0 WAL file(s) added, 0 removed, 1 recycled; write=0.001 s, sync=0.002 s, total=0.009 s; sync files=4, longest=0.001 s, average=0.001 s; distance=7361 kB, estimate=7398 kB; lsn=0/8129370, redo lsn=0/8129318
2026-09-03 21:59:38.583 CDT [33676] ERROR:  relation "__EFMigrationsHistory" does not exist at character 46
2026-09-03 21:59:38.583 CDT [33676] STATEMENT:  SELECT "MigrationId", "ProductVersion"
	FROM "__EFMigrationsHistory"
	ORDER BY "MigrationId"
2026-09-03 21:59:38.609 CDT [35852] ERROR:  relation "__EFMigrationsHistory" does not exist at character 46
2026-09-03 21:59:38.609 CDT [35852] STATEMENT:  SELECT "MigrationId", "ProductVersion"
	FROM "__EFMigrationsHistory"
	ORDER BY "MigrationId"
2026-09-03 21:59:42.899 CDT [26132] LOG:  checkpoint starting: immediate force wait
2026-09-03 21:59:42.906 CDT [26132] LOG:  checkpoint complete: wrote 4 buffers (0.0%); 0 WAL file(s) added, 0 removed, 0 recycled; write=0.001 s, sync=0.003 s, total=0.007 s; sync files=4, longest=0.001 s, average=0.001 s; distance=7400 kB, estimate=7400 kB; lsn=0/88635B0, redo lsn=0/8863558
2026-09-03 21:59:55.348 CDT [41808] LOG:  received fast shutdown request
2026-09-03 21:59:55.349 CDT [41808] LOG:  aborting any active transactions
2026-09-03 21:59:55.353 CDT [41808] LOG:  background worker "logical replication launcher" (PID 20608) exited with exit code 1
2026-09-03 21:59:55.354 CDT [26132] LOG:  shutting down
2026-09-03 21:59:55.355 CDT [26132] LOG:  checkpoint starting: shutdown immediate
2026-09-03 21:59:55.360 CDT [26132] LOG:  checkpoint complete: wrote 3 buffers (0.0%); 0 WAL file(s) added, 0 removed, 0 recycled; write=0.001 s, sync=0.002 s, total=0.007 s; sync files=3, longest=0.001 s, average=0.001 s; distance=0 kB, estimate=6660 kB; lsn=0/88636F0, redo lsn=0/88636F0
2026-09-03 21:59:55.369 CDT [41808] LOG:  database system is shut down
