<TestRun id="ec0a77e3-1e92-43c8-a168-3ac320614266" name="SYSTEM@PAYTON-LEGION2 2026-09-03T22:25:46.2648475-05:00" runUser="SYSTEM" xmlns="http://microsoft.com/schemas/VisualStudio/TeamTest/2010">
  <Times creation="2026-09-03T22:25:46.2648475-05:00" queuing="2026-09-03T22:25:46.2648475-05:00" start="2026-09-03T22:25:46.2648475-05:00" finish="2026-09-04T03:25:56.7347560+00:00" />
  <TestSettings name="default" id="6c4d5628-128d-4c3b-a1a4-ab366a4594ad" />
  <Results>
    <UnitTestResult testName="McpServer.Support.Mcp.Tests.Documentation.BugTriage139TwelfthRepositoryAuditTests.NamedEvidenceTests_UseSharedExplicitValidatedRepositoryRoot" outcome="Passed" testType="13cdc9d9-ddb5-4fa4-a97d-d965ccfc6d4b" testListId="8c84fa94-04c1-424b-9868-57a2d4851a1d" testId="216b3735-c3ea-435d-b0dc-9934d32b22b5" executionId="216b3735-c3ea-435d-b0dc-9934d32b22b5" computerName="PAYTON-LEGION2" duration="00:00:00.0150124" startTime="2026-09-04T03:25:46.3305640+00:00" endTime="2026-09-04T03:25:46.3550714+00:00" />
    <UnitTestResult testName="McpServer.Support.Mcp.Tests.Documentation.BugTriage139TwelfthRepositoryAuditTests.TwelfthReviewNarrative_IsRepositoryOwnedAndMatchesProvenanceHash" outcome="Passed" testType="13cdc9d9-ddb5-4fa4-a97d-d965ccfc6d4b" testListId="8c84fa94-04c1-424b-9868-57a2d4851a1d" testId="167111c3-0f5b-467c-9c29-1016e3148b90" executionId="167111c3-0f5b-467c-9c29-1016e3148b90" computerName="PAYTON-LEGION2" duration="00:00:00.0032594" startTime="2026-09-04T03:25:46.3617029+00:00" endTime="2026-09-04T03:25:46.3650266+00:00" />
    <UnitTestResult testName="McpServer.Support.Mcp.Tests.Documentation.BugTriage139TwelfthRepositoryAuditTests.RepositoryRootResolution_ExternalArtifactsPath_RemainsStable" outcome="Passed" testType="13cdc9d9-ddb5-4fa4-a97d-d965ccfc6d4b" testListId="8c84fa94-04c1-424b-9868-57a2d4851a1d" testId="70116f0b-428f-4cfa-aa9c-23fe2cbe64a1" executionId="70116f0b-428f-4cfa-aa9c-23fe2cbe64a1" computerName="PAYTON-LEGION2" duration="00:00:00.0013097" startTime="2026-09-04T03:25:46.3651507+00:00" endTime="2026-09-04T03:25:46.3664871+00:00" />
    <UnitTestResult testName="McpServer.Support.Mcp.Tests.Documentation.BugTriage139TwelfthRepositoryAuditTests.SharedProcessRunner_UnresponsiveProcess_IsKilledWithinBound" outcome="Passed" testType="13cdc9d9-ddb5-4fa4-a97d-d965ccfc6d4b" testListId="8c84fa94-04c1-424b-9868-57a2d4851a1d" testId="b5ca7392-8ac8-41a4-97de-b63d78e3f3f3" executionId="b5ca7392-8ac8-41a4-97de-b63d78e3f3f3" computerName="PAYTON-LEGION2" duration="00:00:00.3487071" startTime="2026-09-04T03:25:46.3666119+00:00" endTime="2026-09-04T03:25:46.7153932+00:00" />
    <UnitTestResult testName="McpServer.Support.Mcp.Tests.Documentation.BugTriage139TwelfthRepositoryAuditTests.EditableTextAudit_CoversClaimedExtensionsAndRequiresFinalNewline" outcome="Passed" testType="13cdc9d9-ddb5-4fa4-a97d-d965ccfc6d4b" testListId="8c84fa94-04c1-424b-9868-57a2d4851a1d" testId="d7082c5b-4eaf-43a6-b4d0-676d0f0fbbd7" executionId="d7082c5b-4eaf-43a6-b4d0-676d0f0fbbd7" computerName="PAYTON-LEGION2" duration="00:00:00.0067609" startTime="2026-09-04T03:25:46.7156832+00:00" endTime="2026-09-04T03:25:46.7225186+00:00" />
    <UnitTestResult testName="McpServer.Support.Mcp.Tests.Documentation.BugTriage139EleventhRepositoryAuditTests.FeatureHistory_ContainsExactlyOneFormalAdjacentAiTrailerPairPerCommit" outcome="Passed" testType="13cdc9d9-ddb5-4fa4-a97d-d965ccfc6d4b" testListId="8c84fa94-04c1-424b-9868-57a2d4851a1d" testId="38c7a1e1-653a-4bcb-9c15-06299cba0c46" executionId="38c7a1e1-653a-4bcb-9c15-06299cba0c46" computerName="PAYTON-LEGION2" duration="00:00:02.4244971" startTime="2026-09-04T03:25:46.7281361+00:00" endTime="2026-09-04T03:25:49.1527891+00:00" />
    <UnitTestResult testName="McpServer.Support.Mcp.Tests.Documentation.BugTriage139EleventhRepositoryAuditTests.PreBugTriage139SqlServerMigrations_AreByteIdenticalToBase" outcome="Passed" testType="13cdc9d9-ddb5-4fa4-a97d-d965ccfc6d4b" testListId="8c84fa94-04c1-424b-9868-57a2d4851a1d" testId="fa783443-62b8-4176-afff-0fa72de662fb" executionId="fa783443-62b8-4176-afff-0fa72de662fb" computerName="PAYTON-LEGION2" duration="00:00:00.3188964" startTime="2026-09-04T03:25:49.1533408+00:00" endTime="2026-09-04T03:25:49.4723392+00:00" />
    <UnitTestResult testName="McpServer.Support.Mcp.Tests.Documentation.BugTriage139EleventhRepositoryAuditTests.ChangedCodeAndTestTextFiles_UseOneDominantByteLevelTerminatorStyle" outcome="Passed" testType="13cdc9d9-ddb5-4fa4-a97d-d965ccfc6d4b" testListId="8c84fa94-04c1-424b-9868-57a2d4851a1d" testId="04fa5178-57f9-4c71-9727-642ed793c081" executionId="04fa5178-57f9-4c71-9727-642ed793c081" computerName="PAYTON-LEGION2" duration="00:00:07.2587016" startTime="2026-09-04T03:25:49.4728608+00:00" endTime="2026-09-04T03:25:56.7316622+00:00" />
    <UnitTestResult testName="McpServer.Support.Mcp.Tests.Documentation.BugTriage139EleventhRepositoryAuditTests.EleventhReviewNarrative_IsRepositoryOwnedAndMatchesProvenanceHash" outcome="Passed" testType="13cdc9d9-ddb5-4fa4-a97d-d965ccfc6d4b" testListId="8c84fa94-04c1-424b-9868-57a2d4851a1d" testId="a042532c-7853-47ac-ac65-77834d3a75ff" executionId="a042532c-7853-47ac-ac65-77834d3a75ff" computerName="PAYTON-LEGION2" duration="00:00:00.0012039" startTime="2026-09-04T03:25:56.7321368+00:00" endTime="2026-09-04T03:25:56.7334159+00:00" />
    <UnitTestResult testName="McpServer.Support.Mcp.Tests.Documentation.BugTriage139EleventhRepositoryAuditTests.ChangedUseCaseIdentityTest_HasNoSilentNonWindowsReturn" outcome="Passed" testType="13cdc9d9-ddb5-4fa4-a97d-d965ccfc6d4b" testListId="8c84fa94-04c1-424b-9868-57a2d4851a1d" testId="b5d95677-c3ea-4991-8a73-884b799f5377" executionId="b5d95677-c3ea-4991-8a73-884b799f5377" computerName="PAYTON-LEGION2" duration="00:00:00.0007211" startTime="2026-09-04T03:25:56.7339791+00:00" endTime="2026-09-04T03:25:56.7347560+00:00" />
  </Results>
  <TestDefinitions>
    <UnitTest name="McpServer.Support.Mcp.Tests.Documentation.BugTriage139TwelfthRepositoryAuditTests.NamedEvidenceTests_UseSharedExplicitValidatedRepositoryRoot" id="216b3735-c3ea-435d-b0dc-9934d32b22b5" storage="C:\Users\kingd\AppData\Local\Temp\BUG-TRIAGE-139-twelfth-20260903T201419Z\bin\McpServer.Support.Mcp.Tests\release\McpServer.Support.Mcp.Tests.dll">
      <Execution id="216b3735-c3ea-435d-b0dc-9934d32b22b5" />
      <TestMethod codeBase="C:\Users\kingd\AppData\Local\Temp\BUG-TRIAGE-139-twelfth-20260903T201419Z\bin\McpServer.Support.Mcp.Tests\release\McpServer.Support.Mcp.Tests.dll" className="McpServer.Support.Mcp.Tests.Documentation.BugTriage139TwelfthRepositoryAuditTests" name="NamedEvidenceTests_UseSharedExplicitValidatedRepositoryRoot" adapterTypeName="executor://ec0a77e3-1e92-43c8-a168-3ac320614266/xunit.v3/3.2.2" />
    </UnitTest>
    <UnitTest name="McpServer.Support.Mcp.Tests.Documentation.BugTriage139TwelfthRepositoryAuditTests.TwelfthReviewNarrative_IsRepositoryOwnedAndMatchesProvenanceHash" id="167111c3-0f5b-467c-9c29-1016e3148b90" storage="C:\Users\kingd\AppData\Local\Temp\BUG-TRIAGE-139-twelfth-20260903T201419Z\bin\McpServer.Support.Mcp.Tests\release\McpServer.Support.Mcp.Tests.dll">
      <Execution id="167111c3-0f5b-467c-9c29-1016e3148b90" />
      <TestMethod codeBase="C:\Users\kingd\AppData\Local\Temp\BUG-TRIAGE-139-twelfth-20260903T201419Z\bin\McpServer.Support.Mcp.Tests\release\McpServer.Support.Mcp.Tests.dll" className="McpServer.Support.Mcp.Tests.Documentation.BugTriage139TwelfthRepositoryAuditTests" name="TwelfthReviewNarrative_IsRepositoryOwnedAndMatchesProvenanceHash" adapterTypeName="executor://ec0a77e3-1e92-43c8-a168-3ac320614266/xunit.v3/3.2.2" />
    </UnitTest>
    <UnitTest name="McpServer.Support.Mcp.Tests.Documentation.BugTriage139TwelfthRepositoryAuditTests.RepositoryRootResolution_ExternalArtifactsPath_RemainsStable" id="70116f0b-428f-4cfa-aa9c-23fe2cbe64a1" storage="C:\Users\kingd\AppData\Local\Temp\BUG-TRIAGE-139-twelfth-20260903T201419Z\bin\McpServer.Support.Mcp.Tests\release\McpServer.Support.Mcp.Tests.dll">
      <Execution id="70116f0b-428f-4cfa-aa9c-23fe2cbe64a1" />
      <TestMethod codeBase="C:\Users\kingd\AppData\Local\Temp\BUG-TRIAGE-139-twelfth-20260903T201419Z\bin\McpServer.Support.Mcp.Tests\release\McpServer.Support.Mcp.Tests.dll" className="McpServer.Support.Mcp.Tests.Documentation.BugTriage139TwelfthRepositoryAuditTests" name="RepositoryRootResolution_ExternalArtifactsPath_RemainsStable" adapterTypeName="executor://ec0a77e3-1e92-43c8-a168-3ac320614266/xunit.v3/3.2.2" />
    </UnitTest>
    <UnitTest name="McpServer.Support.Mcp.Tests.Documentation.BugTriage139TwelfthRepositoryAuditTests.SharedProcessRunner_UnresponsiveProcess_IsKilledWithinBound" id="b5ca7392-8ac8-41a4-97de-b63d78e3f3f3" storage="C:\Users\kingd\AppData\Local\Temp\BUG-TRIAGE-139-twelfth-20260903T201419Z\bin\McpServer.Support.Mcp.Tests\release\McpServer.Support.Mcp.Tests.dll">
      <Execution id="b5ca7392-8ac8-41a4-97de-b63d78e3f3f3" />
      <TestMethod codeBase="C:\Users\kingd\AppData\Local\Temp\BUG-TRIAGE-139-twelfth-20260903T201419Z\bin\McpServer.Support.Mcp.Tests\release\McpServer.Support.Mcp.Tests.dll" className="McpServer.Support.Mcp.Tests.Documentation.BugTriage139TwelfthRepositoryAuditTests" name="SharedProcessRunner_UnresponsiveProcess_IsKilledWithinBound" adapterTypeName="executor://ec0a77e3-1e92-43c8-a168-3ac320614266/xunit.v3/3.2.2" />
    </UnitTest>
    <UnitTest name="McpServer.Support.Mcp.Tests.Documentation.BugTriage139TwelfthRepositoryAuditTests.EditableTextAudit_CoversClaimedExtensionsAndRequiresFinalNewline" id="d7082c5b-4eaf-43a6-b4d0-676d0f0fbbd7" storage="C:\Users\kingd\AppData\Local\Temp\BUG-TRIAGE-139-twelfth-20260903T201419Z\bin\McpServer.Support.Mcp.Tests\release\McpServer.Support.Mcp.Tests.dll">
      <Execution id="d7082c5b-4eaf-43a6-b4d0-676d0f0fbbd7" />
      <TestMethod codeBase="C:\Users\kingd\AppData\Local\Temp\BUG-TRIAGE-139-twelfth-20260903T201419Z\bin\McpServer.Support.Mcp.Tests\release\McpServer.Support.Mcp.Tests.dll" className="McpServer.Support.Mcp.Tests.Documentation.BugTriage139TwelfthRepositoryAuditTests" name="EditableTextAudit_CoversClaimedExtensionsAndRequiresFinalNewline" adapterTypeName="executor://ec0a77e3-1e92-43c8-a168-3ac320614266/xunit.v3/3.2.2" />
    </UnitTest>
    <UnitTest name="McpServer.Support.Mcp.Tests.Documentation.BugTriage139EleventhRepositoryAuditTests.FeatureHistory_ContainsExactlyOneFormalAdjacentAiTrailerPairPerCommit" id="38c7a1e1-653a-4bcb-9c15-06299cba0c46" storage="C:\Users\kingd\AppData\Local\Temp\BUG-TRIAGE-139-twelfth-20260903T201419Z\bin\McpServer.Support.Mcp.Tests\release\McpServer.Support.Mcp.Tests.dll">
      <Execution id="38c7a1e1-653a-4bcb-9c15-06299cba0c46" />
      <TestMethod codeBase="C:\Users\kingd\AppData\Local\Temp\BUG-TRIAGE-139-twelfth-20260903T201419Z\bin\McpServer.Support.Mcp.Tests\release\McpServer.Support.Mcp.Tests.dll" className="McpServer.Support.Mcp.Tests.Documentation.BugTriage139EleventhRepositoryAuditTests" name="FeatureHistory_ContainsExactlyOneFormalAdjacentAiTrailerPairPerCommit" adapterTypeName="executor://ec0a77e3-1e92-43c8-a168-3ac320614266/xunit.v3/3.2.2" />
    </UnitTest>
    <UnitTest name="McpServer.Support.Mcp.Tests.Documentation.BugTriage139EleventhRepositoryAuditTests.PreBugTriage139SqlServerMigrations_AreByteIdenticalToBase" id="fa783443-62b8-4176-afff-0fa72de662fb" storage="C:\Users\kingd\AppData\Local\Temp\BUG-TRIAGE-139-twelfth-20260903T201419Z\bin\McpServer.Support.Mcp.Tests\release\McpServer.Support.Mcp.Tests.dll">
      <Execution id="fa783443-62b8-4176-afff-0fa72de662fb" />
      <TestMethod codeBase="C:\Users\kingd\AppData\Local\Temp\BUG-TRIAGE-139-twelfth-20260903T201419Z\bin\McpServer.Support.Mcp.Tests\release\McpServer.Support.Mcp.Tests.dll" className="McpServer.Support.Mcp.Tests.Documentation.BugTriage139EleventhRepositoryAuditTests" name="PreBugTriage139SqlServerMigrations_AreByteIdenticalToBase" adapterTypeName="executor://ec0a77e3-1e92-43c8-a168-3ac320614266/xunit.v3/3.2.2" />
    </UnitTest>
    <UnitTest name="McpServer.Support.Mcp.Tests.Documentation.BugTriage139EleventhRepositoryAuditTests.ChangedCodeAndTestTextFiles_UseOneDominantByteLevelTerminatorStyle" id="04fa5178-57f9-4c71-9727-642ed793c081" storage="C:\Users\kingd\AppData\Local\Temp\BUG-TRIAGE-139-twelfth-20260903T201419Z\bin\McpServer.Support.Mcp.Tests\release\McpServer.Support.Mcp.Tests.dll">
      <Execution id="04fa5178-57f9-4c71-9727-642ed793c081" />
      <TestMethod codeBase="C:\Users\kingd\AppData\Local\Temp\BUG-TRIAGE-139-twelfth-20260903T201419Z\bin\McpServer.Support.Mcp.Tests\release\McpServer.Support.Mcp.Tests.dll" className="McpServer.Support.Mcp.Tests.Documentation.BugTriage139EleventhRepositoryAuditTests" name="ChangedCodeAndTestTextFiles_UseOneDominantByteLevelTerminatorStyle" adapterTypeName="executor://ec0a77e3-1e92-43c8-a168-3ac320614266/xunit.v3/3.2.2" />
    </UnitTest>
    <UnitTest name="McpServer.Support.Mcp.Tests.Documentation.BugTriage139EleventhRepositoryAuditTests.EleventhReviewNarrative_IsRepositoryOwnedAndMatchesProvenanceHash" id="a042532c-7853-47ac-ac65-77834d3a75ff" storage="C:\Users\kingd\AppData\Local\Temp\BUG-TRIAGE-139-twelfth-20260903T201419Z\bin\McpServer.Support.Mcp.Tests\release\McpServer.Support.Mcp.Tests.dll">
      <Execution id="a042532c-7853-47ac-ac65-77834d3a75ff" />
      <TestMethod codeBase="C:\Users\kingd\AppData\Local\Temp\BUG-TRIAGE-139-twelfth-20260903T201419Z\bin\McpServer.Support.Mcp.Tests\release\McpServer.Support.Mcp.Tests.dll" className="McpServer.Support.Mcp.Tests.Documentation.BugTriage139EleventhRepositoryAuditTests" name="EleventhReviewNarrative_IsRepositoryOwnedAndMatchesProvenanceHash" adapterTypeName="executor://ec0a77e3-1e92-43c8-a168-3ac320614266/xunit.v3/3.2.2" />
    </UnitTest>
    <UnitTest name="McpServer.Support.Mcp.Tests.Documentation.BugTriage139EleventhRepositoryAuditTests.ChangedUseCaseIdentityTest_HasNoSilentNonWindowsReturn" id="b5d95677-c3ea-4991-8a73-884b799f5377" storage="C:\Users\kingd\AppData\Local\Temp\BUG-TRIAGE-139-twelfth-20260903T201419Z\bin\McpServer.Support.Mcp.Tests\release\McpServer.Support.Mcp.Tests.dll">
      <Execution id="b5d95677-c3ea-4991-8a73-884b799f5377" />
      <TestMethod codeBase="C:\Users\kingd\AppData\Local\Temp\BUG-TRIAGE-139-twelfth-20260903T201419Z\bin\McpServer.Support.Mcp.Tests\release\McpServer.Support.Mcp.Tests.dll" className="McpServer.Support.Mcp.Tests.Documentation.BugTriage139EleventhRepositoryAuditTests" name="ChangedUseCaseIdentityTest_HasNoSilentNonWindowsReturn" adapterTypeName="executor://ec0a77e3-1e92-43c8-a168-3ac320614266/xunit.v3/3.2.2" />
    </UnitTest>
  </TestDefinitions>
  <TestEntries>
    <TestEntry testListId="8c84fa94-04c1-424b-9868-57a2d4851a1d" testId="216b3735-c3ea-435d-b0dc-9934d32b22b5" executionId="216b3735-c3ea-435d-b0dc-9934d32b22b5" />
    <TestEntry testListId="8c84fa94-04c1-424b-9868-57a2d4851a1d" testId="167111c3-0f5b-467c-9c29-1016e3148b90" executionId="167111c3-0f5b-467c-9c29-1016e3148b90" />
    <TestEntry testListId="8c84fa94-04c1-424b-9868-57a2d4851a1d" testId="70116f0b-428f-4cfa-aa9c-23fe2cbe64a1" executionId="70116f0b-428f-4cfa-aa9c-23fe2cbe64a1" />
    <TestEntry testListId="8c84fa94-04c1-424b-9868-57a2d4851a1d" testId="b5ca7392-8ac8-41a4-97de-b63d78e3f3f3" executionId="b5ca7392-8ac8-41a4-97de-b63d78e3f3f3" />
    <TestEntry testListId="8c84fa94-04c1-424b-9868-57a2d4851a1d" testId="d7082c5b-4eaf-43a6-b4d0-676d0f0fbbd7" executionId="d7082c5b-4eaf-43a6-b4d0-676d0f0fbbd7" />
    <TestEntry testListId="8c84fa94-04c1-424b-9868-57a2d4851a1d" testId="38c7a1e1-653a-4bcb-9c15-06299cba0c46" executionId="38c7a1e1-653a-4bcb-9c15-06299cba0c46" />
    <TestEntry testListId="8c84fa94-04c1-424b-9868-57a2d4851a1d" testId="fa783443-62b8-4176-afff-0fa72de662fb" executionId="fa783443-62b8-4176-afff-0fa72de662fb" />
    <TestEntry testListId="8c84fa94-04c1-424b-9868-57a2d4851a1d" testId="04fa5178-57f9-4c71-9727-642ed793c081" executionId="04fa5178-57f9-4c71-9727-642ed793c081" />
    <TestEntry testListId="8c84fa94-04c1-424b-9868-57a2d4851a1d" testId="a042532c-7853-47ac-ac65-77834d3a75ff" executionId="a042532c-7853-47ac-ac65-77834d3a75ff" />
    <TestEntry testListId="8c84fa94-04c1-424b-9868-57a2d4851a1d" testId="b5d95677-c3ea-4991-8a73-884b799f5377" executionId="b5d95677-c3ea-4991-8a73-884b799f5377" />
  </TestEntries>
  <TestLists>
    <TestList name="Results Not in a List" id="8c84fa94-04c1-424b-9868-57a2d4851a1d" />
    <TestList name="All Loaded Results" id="19431567-8539-422a-85d7-44ee4e166bda" />
  </TestLists>
  <ResultSummary outcome="Completed">
    <Counters total="10" executed="10" passed="10" failed="0" error="0" timeout="0" aborted="0" inconclusive="0" passedButRunAborted="0" notRunnable="0" notExecuted="0" disconnected="0" warning="0" completed="0" inProgress="0" pending="0" />
  </ResultSummary>
</TestRun>