<TestRun id="51bbc093-95e9-4e30-a015-2b95a202b7a5" name="SYSTEM@PAYTON-LEGION2 2026-09-03T22:19:53.7081388-05:00" runUser="SYSTEM" xmlns="http://microsoft.com/schemas/VisualStudio/TeamTest/2010">
  <Times creation="2026-09-03T22:19:53.7081388-05:00" queuing="2026-09-03T22:19:53.7081388-05:00" start="2026-09-03T22:19:53.7081388-05:00" finish="2026-09-04T03:19:56.3973085+00:00" />
  <TestSettings name="default" id="6c4d5628-128d-4c3b-a1a4-ab366a4594ad" />
  <Results>
    <UnitTestResult testName="McpServer.Support.Mcp.Tests.Controllers.UseCasesControllerTests.CreateAsync_WhenPersistenceFails_ReturnsSanitizedClassified500" outcome="Passed" testType="13cdc9d9-ddb5-4fa4-a97d-d965ccfc6d4b" testListId="8c84fa94-04c1-424b-9868-57a2d4851a1d" testId="f7e33fc6-a9bd-464d-8a5a-dcd338882340" executionId="f7e33fc6-a9bd-464d-8a5a-dcd338882340" computerName="PAYTON-LEGION2" duration="00:00:00.2448741" startTime="2026-09-04T03:19:53.8399149+00:00" endTime="2026-09-04T03:19:54.1019760+00:00" />
    <UnitTestResult testName="McpServer.Support.Mcp.Tests.Controllers.UseCasesControllerTests.CreateAsync_WhenValidationFails_Returns400" outcome="Passed" testType="13cdc9d9-ddb5-4fa4-a97d-d965ccfc6d4b" testListId="8c84fa94-04c1-424b-9868-57a2d4851a1d" testId="1810568c-29d5-4091-98d9-3db573421835" executionId="1810568c-29d5-4091-98d9-3db573421835" computerName="PAYTON-LEGION2" duration="00:00:00.0049192" startTime="2026-09-04T03:19:54.1151429+00:00" endTime="2026-09-04T03:19:54.1202070+00:00" />
    <UnitTestResult testName="McpServer.Support.Mcp.Tests.Controllers.UseCasesControllerTests.CreateAsync_WhenBodyNull_ReturnsBadRequestWithoutDispatch" outcome="Passed" testType="13cdc9d9-ddb5-4fa4-a97d-d965ccfc6d4b" testListId="8c84fa94-04c1-424b-9868-57a2d4851a1d" testId="4f2d95b1-c99f-4ae9-9b93-d1767ea433d8" executionId="4f2d95b1-c99f-4ae9-9b93-d1767ea433d8" computerName="PAYTON-LEGION2" duration="00:00:00.0067989" startTime="2026-09-04T03:19:54.1205062+00:00" endTime="2026-09-04T03:19:54.1273680+00:00" />
    <UnitTestResult testName="McpServer.Support.Mcp.Tests.Controllers.UseCasesControllerTests.ListAsync_WhenSuccess_ReturnsOk" outcome="Passed" testType="13cdc9d9-ddb5-4fa4-a97d-d965ccfc6d4b" testListId="8c84fa94-04c1-424b-9868-57a2d4851a1d" testId="4b953595-dd1c-4b23-9899-5c20387f3c6b" executionId="4b953595-dd1c-4b23-9899-5c20387f3c6b" computerName="PAYTON-LEGION2" duration="00:00:00.0220269" startTime="2026-09-04T03:19:54.1277195+00:00" endTime="2026-09-04T03:19:54.1498193+00:00" />
    <UnitTestResult testName="McpServer.Support.Mcp.Tests.Controllers.UseCasesControllerTests.LinkFrAsync_WhenConflict_Returns409" outcome="Passed" testType="13cdc9d9-ddb5-4fa4-a97d-d965ccfc6d4b" testListId="8c84fa94-04c1-424b-9868-57a2d4851a1d" testId="51826840-5241-4c2e-9fb4-77215e5ed124" executionId="51826840-5241-4c2e-9fb4-77215e5ed124" computerName="PAYTON-LEGION2" duration="00:00:00.0035844" startTime="2026-09-04T03:19:54.1501976+00:00" endTime="2026-09-04T03:19:54.1538752+00:00" />
    <UnitTestResult testName="McpServer.Support.Mcp.Tests.Controllers.UseCasesControllerTests.CreateFromFrAsync_WhenSuccess_ReturnsCreated" outcome="Passed" testType="13cdc9d9-ddb5-4fa4-a97d-d965ccfc6d4b" testListId="8c84fa94-04c1-424b-9868-57a2d4851a1d" testId="5f166b58-0815-4999-8b97-9f8d118d3b33" executionId="5f166b58-0815-4999-8b97-9f8d118d3b33" computerName="PAYTON-LEGION2" duration="00:00:00.0053513" startTime="2026-09-04T03:19:54.1541915+00:00" endTime="2026-09-04T03:19:54.1596039+00:00" />
    <UnitTestResult testName="McpServer.Support.Mcp.Tests.Controllers.UseCasesControllerTests.DiagramAsync_WhenSuccess_ReturnsOk" outcome="Passed" testType="13cdc9d9-ddb5-4fa4-a97d-d965ccfc6d4b" testListId="8c84fa94-04c1-424b-9868-57a2d4851a1d" testId="460892e8-3864-4c14-8e36-911efbe18698" executionId="460892e8-3864-4c14-8e36-911efbe18698" computerName="PAYTON-LEGION2" duration="00:00:00.0059583" startTime="2026-09-04T03:19:54.1601272+00:00" endTime="2026-09-04T03:19:54.1662512+00:00" />
    <UnitTestResult testName="McpServer.Support.Mcp.Tests.Controllers.UseCasesControllerTests.CreateAsync_WhenSuccess_ReturnsCreated" outcome="Passed" testType="13cdc9d9-ddb5-4fa4-a97d-d965ccfc6d4b" testListId="8c84fa94-04c1-424b-9868-57a2d4851a1d" testId="15d4803f-75db-42d3-bb45-8c8422faa250" executionId="15d4803f-75db-42d3-bb45-8c8422faa250" computerName="PAYTON-LEGION2" duration="00:00:00.0025109" startTime="2026-09-04T03:19:54.1665564+00:00" endTime="2026-09-04T03:19:54.1691236+00:00" />
    <UnitTestResult testName="McpServer.Support.Mcp.Tests.Controllers.UseCasesControllerTests.DeleteAsync_WhenSuccess_ReturnsNoContent" outcome="Passed" testType="13cdc9d9-ddb5-4fa4-a97d-d965ccfc6d4b" testListId="8c84fa94-04c1-424b-9868-57a2d4851a1d" testId="f1d233e0-d036-44dc-9384-3b6d6e4b9e72" executionId="f1d233e0-d036-44dc-9384-3b6d6e4b9e72" computerName="PAYTON-LEGION2" duration="00:00:00.0058082" startTime="2026-09-04T03:19:54.1693983+00:00" endTime="2026-09-04T03:19:54.1752723+00:00" />
    <UnitTestResult testName="McpServer.Support.Mcp.Tests.Controllers.UseCasesControllerTests.GetAsync_WhenNotFound_Returns404" outcome="Passed" testType="13cdc9d9-ddb5-4fa4-a97d-d965ccfc6d4b" testListId="8c84fa94-04c1-424b-9868-57a2d4851a1d" testId="c42cde9b-7d63-49e7-91d6-f50bb3a7918e" executionId="c42cde9b-7d63-49e7-91d6-f50bb3a7918e" computerName="PAYTON-LEGION2" duration="00:00:00.0029585" startTime="2026-09-04T03:19:54.1755800+00:00" endTime="2026-09-04T03:19:54.1786011+00:00" />
    <UnitTestResult testName="McpServer.Support.Mcp.Tests.Controllers.UseCasesControllerTests.CoverageAsync_WhenSuccess_ReturnsOk" outcome="Passed" testType="13cdc9d9-ddb5-4fa4-a97d-d965ccfc6d4b" testListId="8c84fa94-04c1-424b-9868-57a2d4851a1d" testId="04eb27c8-93ca-4303-aad3-77a3c26512fb" executionId="04eb27c8-93ca-4303-aad3-77a3c26512fb" computerName="PAYTON-LEGION2" duration="00:00:00.0028209" startTime="2026-09-04T03:19:54.1788730+00:00" endTime="2026-09-04T03:19:54.1817663+00:00" />
    <UnitTestResult testName="McpServer.Support.Mcp.Tests.McpStdio.UseCaseMcpResultTests.SerializeResult_LegacyClassifiedFailure_PreservesErrorOnlyShape(failure: \&quot;not_found:missing use case\&quot;, expectedError: \&quot;missing use case\&quot;)" outcome="Passed" testType="13cdc9d9-ddb5-4fa4-a97d-d965ccfc6d4b" testListId="8c84fa94-04c1-424b-9868-57a2d4851a1d" testId="c209821e-cc9e-4a49-a325-9f91e5a63898" executionId="c209821e-cc9e-4a49-a325-9f91e5a63898" computerName="PAYTON-LEGION2" duration="00:00:00.0145685" startTime="2026-09-04T03:19:54.1952155+00:00" endTime="2026-09-04T03:19:54.2098900+00:00" />
    <UnitTestResult testName="McpServer.Support.Mcp.Tests.McpStdio.UseCaseMcpResultTests.SerializeResult_LegacyClassifiedFailure_PreservesErrorOnlyShape(failure: \&quot;validation:title is required\&quot;, expectedError: \&quot;title is required\&quot;)" outcome="Passed" testType="13cdc9d9-ddb5-4fa4-a97d-d965ccfc6d4b" testListId="8c84fa94-04c1-424b-9868-57a2d4851a1d" testId="af1c12ef-6325-4438-960d-8404590a6ad2" executionId="af1c12ef-6325-4438-960d-8404590a6ad2" computerName="PAYTON-LEGION2" duration="00:00:00.0014663" startTime="2026-09-04T03:19:54.2104647+00:00" endTime="2026-09-04T03:19:54.2120815+00:00" />
    <UnitTestResult testName="McpServer.Support.Mcp.Tests.McpStdio.UseCaseMcpResultTests.SerializeResult_LegacyClassifiedFailure_PreservesErrorOnlyShape(failure: \&quot;conflict:link already exists\&quot;, expectedError: \&quot;link already exists\&quot;)" outcome="Passed" testType="13cdc9d9-ddb5-4fa4-a97d-d965ccfc6d4b" testListId="8c84fa94-04c1-424b-9868-57a2d4851a1d" testId="92d9f5fd-1667-4606-a431-f7d5874cf5bc" executionId="92d9f5fd-1667-4606-a431-f7d5874cf5bc" computerName="PAYTON-LEGION2" duration="00:00:00.0000936" startTime="2026-09-04T03:19:54.2122668+00:00" endTime="2026-09-04T03:19:54.2124135+00:00" />
    <UnitTestResult testName="McpServer.Support.Mcp.Tests.McpStdio.UseCaseMcpResultTests.SerializeResult_PersistenceFailure_EmitsSanitizedClassifiedCode" outcome="Passed" testType="13cdc9d9-ddb5-4fa4-a97d-d965ccfc6d4b" testListId="8c84fa94-04c1-424b-9868-57a2d4851a1d" testId="1d6c39ef-4d30-400a-bc2a-c42e5bc8237d" executionId="1d6c39ef-4d30-400a-bc2a-c42e5bc8237d" computerName="PAYTON-LEGION2" duration="00:00:00.0084437" startTime="2026-09-04T03:19:54.2126139+00:00" endTime="2026-09-04T03:19:54.2211326+00:00" />
    <UnitTestResult testName="McpServer.Support.Mcp.Tests.McpStdio.UseCaseMcpCancellationTests.UseCaseCreate_OperationCanceledException_IsRethrown" outcome="Passed" testType="13cdc9d9-ddb5-4fa4-a97d-d965ccfc6d4b" testListId="8c84fa94-04c1-424b-9868-57a2d4851a1d" testId="9a370036-4cb2-495d-ba79-d14bd042292c" executionId="9a370036-4cb2-495d-ba79-d14bd042292c" computerName="PAYTON-LEGION2" duration="00:00:02.1153927" startTime="2026-09-04T03:19:54.2223081+00:00" endTime="2026-09-04T03:19:56.3378588+00:00" />
    <UnitTestResult testName="McpServer.Support.Mcp.Tests.McpStdio.UseCaseMcpCancellationTests.UseCaseFromFr_OperationCanceledException_IsRethrown" outcome="Passed" testType="13cdc9d9-ddb5-4fa4-a97d-d965ccfc6d4b" testListId="8c84fa94-04c1-424b-9868-57a2d4851a1d" testId="c778b6e5-6cdb-4968-b500-10fd7d8ba280" executionId="c778b6e5-6cdb-4968-b500-10fd7d8ba280" computerName="PAYTON-LEGION2" duration="00:00:00.0589652" startTime="2026-09-04T03:19:56.3382796+00:00" endTime="2026-09-04T03:19:56.3973085+00:00" />
  </Results>
  <TestDefinitions>
    <UnitTest name="McpServer.Support.Mcp.Tests.Controllers.UseCasesControllerTests.CreateAsync_WhenPersistenceFails_ReturnsSanitizedClassified500" id="f7e33fc6-a9bd-464d-8a5a-dcd338882340" storage="C:\Users\kingd\AppData\Local\Temp\BUG-TRIAGE-139-twelfth-20260903T201419Z\bin\McpServer.Support.Mcp.Tests\release\McpServer.Support.Mcp.Tests.dll">
      <Execution id="f7e33fc6-a9bd-464d-8a5a-dcd338882340" />
      <TestMethod codeBase="C:\Users\kingd\AppData\Local\Temp\BUG-TRIAGE-139-twelfth-20260903T201419Z\bin\McpServer.Support.Mcp.Tests\release\McpServer.Support.Mcp.Tests.dll" className="McpServer.Support.Mcp.Tests.Controllers.UseCasesControllerTests" name="CreateAsync_WhenPersistenceFails_ReturnsSanitizedClassified500" adapterTypeName="executor://51bbc093-95e9-4e30-a015-2b95a202b7a5/xunit.v3/3.2.2" />
    </UnitTest>
    <UnitTest name="McpServer.Support.Mcp.Tests.Controllers.UseCasesControllerTests.CreateAsync_WhenValidationFails_Returns400" id="1810568c-29d5-4091-98d9-3db573421835" storage="C:\Users\kingd\AppData\Local\Temp\BUG-TRIAGE-139-twelfth-20260903T201419Z\bin\McpServer.Support.Mcp.Tests\release\McpServer.Support.Mcp.Tests.dll">
      <Execution id="1810568c-29d5-4091-98d9-3db573421835" />
      <TestMethod codeBase="C:\Users\kingd\AppData\Local\Temp\BUG-TRIAGE-139-twelfth-20260903T201419Z\bin\McpServer.Support.Mcp.Tests\release\McpServer.Support.Mcp.Tests.dll" className="McpServer.Support.Mcp.Tests.Controllers.UseCasesControllerTests" name="CreateAsync_WhenValidationFails_Returns400" adapterTypeName="executor://51bbc093-95e9-4e30-a015-2b95a202b7a5/xunit.v3/3.2.2" />
    </UnitTest>
    <UnitTest name="McpServer.Support.Mcp.Tests.Controllers.UseCasesControllerTests.CreateAsync_WhenBodyNull_ReturnsBadRequestWithoutDispatch" id="4f2d95b1-c99f-4ae9-9b93-d1767ea433d8" storage="C:\Users\kingd\AppData\Local\Temp\BUG-TRIAGE-139-twelfth-20260903T201419Z\bin\McpServer.Support.Mcp.Tests\release\McpServer.Support.Mcp.Tests.dll">
      <Execution id="4f2d95b1-c99f-4ae9-9b93-d1767ea433d8" />
      <TestMethod codeBase="C:\Users\kingd\AppData\Local\Temp\BUG-TRIAGE-139-twelfth-20260903T201419Z\bin\McpServer.Support.Mcp.Tests\release\McpServer.Support.Mcp.Tests.dll" className="McpServer.Support.Mcp.Tests.Controllers.UseCasesControllerTests" name="CreateAsync_WhenBodyNull_ReturnsBadRequestWithoutDispatch" adapterTypeName="executor://51bbc093-95e9-4e30-a015-2b95a202b7a5/xunit.v3/3.2.2" />
    </UnitTest>
    <UnitTest name="McpServer.Support.Mcp.Tests.Controllers.UseCasesControllerTests.ListAsync_WhenSuccess_ReturnsOk" id="4b953595-dd1c-4b23-9899-5c20387f3c6b" storage="C:\Users\kingd\AppData\Local\Temp\BUG-TRIAGE-139-twelfth-20260903T201419Z\bin\McpServer.Support.Mcp.Tests\release\McpServer.Support.Mcp.Tests.dll">
      <Execution id="4b953595-dd1c-4b23-9899-5c20387f3c6b" />
      <TestMethod codeBase="C:\Users\kingd\AppData\Local\Temp\BUG-TRIAGE-139-twelfth-20260903T201419Z\bin\McpServer.Support.Mcp.Tests\release\McpServer.Support.Mcp.Tests.dll" className="McpServer.Support.Mcp.Tests.Controllers.UseCasesControllerTests" name="ListAsync_WhenSuccess_ReturnsOk" adapterTypeName="executor://51bbc093-95e9-4e30-a015-2b95a202b7a5/xunit.v3/3.2.2" />
    </UnitTest>
    <UnitTest name="McpServer.Support.Mcp.Tests.Controllers.UseCasesControllerTests.LinkFrAsync_WhenConflict_Returns409" id="51826840-5241-4c2e-9fb4-77215e5ed124" storage="C:\Users\kingd\AppData\Local\Temp\BUG-TRIAGE-139-twelfth-20260903T201419Z\bin\McpServer.Support.Mcp.Tests\release\McpServer.Support.Mcp.Tests.dll">
      <Execution id="51826840-5241-4c2e-9fb4-77215e5ed124" />
      <TestMethod codeBase="C:\Users\kingd\AppData\Local\Temp\BUG-TRIAGE-139-twelfth-20260903T201419Z\bin\McpServer.Support.Mcp.Tests\release\McpServer.Support.Mcp.Tests.dll" className="McpServer.Support.Mcp.Tests.Controllers.UseCasesControllerTests" name="LinkFrAsync_WhenConflict_Returns409" adapterTypeName="executor://51bbc093-95e9-4e30-a015-2b95a202b7a5/xunit.v3/3.2.2" />
    </UnitTest>
    <UnitTest name="McpServer.Support.Mcp.Tests.Controllers.UseCasesControllerTests.CreateFromFrAsync_WhenSuccess_ReturnsCreated" id="5f166b58-0815-4999-8b97-9f8d118d3b33" storage="C:\Users\kingd\AppData\Local\Temp\BUG-TRIAGE-139-twelfth-20260903T201419Z\bin\McpServer.Support.Mcp.Tests\release\McpServer.Support.Mcp.Tests.dll">
      <Execution id="5f166b58-0815-4999-8b97-9f8d118d3b33" />
      <TestMethod codeBase="C:\Users\kingd\AppData\Local\Temp\BUG-TRIAGE-139-twelfth-20260903T201419Z\bin\McpServer.Support.Mcp.Tests\release\McpServer.Support.Mcp.Tests.dll" className="McpServer.Support.Mcp.Tests.Controllers.UseCasesControllerTests" name="CreateFromFrAsync_WhenSuccess_ReturnsCreated" adapterTypeName="executor://51bbc093-95e9-4e30-a015-2b95a202b7a5/xunit.v3/3.2.2" />
    </UnitTest>
    <UnitTest name="McpServer.Support.Mcp.Tests.Controllers.UseCasesControllerTests.DiagramAsync_WhenSuccess_ReturnsOk" id="460892e8-3864-4c14-8e36-911efbe18698" storage="C:\Users\kingd\AppData\Local\Temp\BUG-TRIAGE-139-twelfth-20260903T201419Z\bin\McpServer.Support.Mcp.Tests\release\McpServer.Support.Mcp.Tests.dll">
      <Execution id="460892e8-3864-4c14-8e36-911efbe18698" />
      <TestMethod codeBase="C:\Users\kingd\AppData\Local\Temp\BUG-TRIAGE-139-twelfth-20260903T201419Z\bin\McpServer.Support.Mcp.Tests\release\McpServer.Support.Mcp.Tests.dll" className="McpServer.Support.Mcp.Tests.Controllers.UseCasesControllerTests" name="DiagramAsync_WhenSuccess_ReturnsOk" adapterTypeName="executor://51bbc093-95e9-4e30-a015-2b95a202b7a5/xunit.v3/3.2.2" />
    </UnitTest>
    <UnitTest name="McpServer.Support.Mcp.Tests.Controllers.UseCasesControllerTests.CreateAsync_WhenSuccess_ReturnsCreated" id="15d4803f-75db-42d3-bb45-8c8422faa250" storage="C:\Users\kingd\AppData\Local\Temp\BUG-TRIAGE-139-twelfth-20260903T201419Z\bin\McpServer.Support.Mcp.Tests\release\McpServer.Support.Mcp.Tests.dll">
      <Execution id="15d4803f-75db-42d3-bb45-8c8422faa250" />
      <TestMethod codeBase="C:\Users\kingd\AppData\Local\Temp\BUG-TRIAGE-139-twelfth-20260903T201419Z\bin\McpServer.Support.Mcp.Tests\release\McpServer.Support.Mcp.Tests.dll" className="McpServer.Support.Mcp.Tests.Controllers.UseCasesControllerTests" name="CreateAsync_WhenSuccess_ReturnsCreated" adapterTypeName="executor://51bbc093-95e9-4e30-a015-2b95a202b7a5/xunit.v3/3.2.2" />
    </UnitTest>
    <UnitTest name="McpServer.Support.Mcp.Tests.Controllers.UseCasesControllerTests.DeleteAsync_WhenSuccess_ReturnsNoContent" id="f1d233e0-d036-44dc-9384-3b6d6e4b9e72" storage="C:\Users\kingd\AppData\Local\Temp\BUG-TRIAGE-139-twelfth-20260903T201419Z\bin\McpServer.Support.Mcp.Tests\release\McpServer.Support.Mcp.Tests.dll">
      <Execution id="f1d233e0-d036-44dc-9384-3b6d6e4b9e72" />
      <TestMethod codeBase="C:\Users\kingd\AppData\Local\Temp\BUG-TRIAGE-139-twelfth-20260903T201419Z\bin\McpServer.Support.Mcp.Tests\release\McpServer.Support.Mcp.Tests.dll" className="McpServer.Support.Mcp.Tests.Controllers.UseCasesControllerTests" name="DeleteAsync_WhenSuccess_ReturnsNoContent" adapterTypeName="executor://51bbc093-95e9-4e30-a015-2b95a202b7a5/xunit.v3/3.2.2" />
    </UnitTest>
    <UnitTest name="McpServer.Support.Mcp.Tests.Controllers.UseCasesControllerTests.GetAsync_WhenNotFound_Returns404" id="c42cde9b-7d63-49e7-91d6-f50bb3a7918e" storage="C:\Users\kingd\AppData\Local\Temp\BUG-TRIAGE-139-twelfth-20260903T201419Z\bin\McpServer.Support.Mcp.Tests\release\McpServer.Support.Mcp.Tests.dll">
      <Execution id="c42cde9b-7d63-49e7-91d6-f50bb3a7918e" />
      <TestMethod codeBase="C:\Users\kingd\AppData\Local\Temp\BUG-TRIAGE-139-twelfth-20260903T201419Z\bin\McpServer.Support.Mcp.Tests\release\McpServer.Support.Mcp.Tests.dll" className="McpServer.Support.Mcp.Tests.Controllers.UseCasesControllerTests" name="GetAsync_WhenNotFound_Returns404" adapterTypeName="executor://51bbc093-95e9-4e30-a015-2b95a202b7a5/xunit.v3/3.2.2" />
    </UnitTest>
    <UnitTest name="McpServer.Support.Mcp.Tests.Controllers.UseCasesControllerTests.CoverageAsync_WhenSuccess_ReturnsOk" id="04eb27c8-93ca-4303-aad3-77a3c26512fb" storage="C:\Users\kingd\AppData\Local\Temp\BUG-TRIAGE-139-twelfth-20260903T201419Z\bin\McpServer.Support.Mcp.Tests\release\McpServer.Support.Mcp.Tests.dll">
      <Execution id="04eb27c8-93ca-4303-aad3-77a3c26512fb" />
      <TestMethod codeBase="C:\Users\kingd\AppData\Local\Temp\BUG-TRIAGE-139-twelfth-20260903T201419Z\bin\McpServer.Support.Mcp.Tests\release\McpServer.Support.Mcp.Tests.dll" className="McpServer.Support.Mcp.Tests.Controllers.UseCasesControllerTests" name="CoverageAsync_WhenSuccess_ReturnsOk" adapterTypeName="executor://51bbc093-95e9-4e30-a015-2b95a202b7a5/xunit.v3/3.2.2" />
    </UnitTest>
    <UnitTest name="McpServer.Support.Mcp.Tests.McpStdio.UseCaseMcpResultTests.SerializeResult_LegacyClassifiedFailure_PreservesErrorOnlyShape(failure: \&quot;not_found:missing use case\&quot;, expectedError: \&quot;missing use case\&quot;)" id="c209821e-cc9e-4a49-a325-9f91e5a63898" storage="C:\Users\kingd\AppData\Local\Temp\BUG-TRIAGE-139-twelfth-20260903T201419Z\bin\McpServer.Support.Mcp.Tests\release\McpServer.Support.Mcp.Tests.dll">
      <Execution id="c209821e-cc9e-4a49-a325-9f91e5a63898" />
      <TestMethod codeBase="C:\Users\kingd\AppData\Local\Temp\BUG-TRIAGE-139-twelfth-20260903T201419Z\bin\McpServer.Support.Mcp.Tests\release\McpServer.Support.Mcp.Tests.dll" className="McpServer.Support.Mcp.Tests.McpStdio.UseCaseMcpResultTests" name="SerializeResult_LegacyClassifiedFailure_PreservesErrorOnlyShape" adapterTypeName="executor://51bbc093-95e9-4e30-a015-2b95a202b7a5/xunit.v3/3.2.2" />
    </UnitTest>
    <UnitTest name="McpServer.Support.Mcp.Tests.McpStdio.UseCaseMcpResultTests.SerializeResult_LegacyClassifiedFailure_PreservesErrorOnlyShape(failure: \&quot;validation:title is required\&quot;, expectedError: \&quot;title is required\&quot;)" id="af1c12ef-6325-4438-960d-8404590a6ad2" storage="C:\Users\kingd\AppData\Local\Temp\BUG-TRIAGE-139-twelfth-20260903T201419Z\bin\McpServer.Support.Mcp.Tests\release\McpServer.Support.Mcp.Tests.dll">
      <Execution id="af1c12ef-6325-4438-960d-8404590a6ad2" />
      <TestMethod codeBase="C:\Users\kingd\AppData\Local\Temp\BUG-TRIAGE-139-twelfth-20260903T201419Z\bin\McpServer.Support.Mcp.Tests\release\McpServer.Support.Mcp.Tests.dll" className="McpServer.Support.Mcp.Tests.McpStdio.UseCaseMcpResultTests" name="SerializeResult_LegacyClassifiedFailure_PreservesErrorOnlyShape" adapterTypeName="executor://51bbc093-95e9-4e30-a015-2b95a202b7a5/xunit.v3/3.2.2" />
    </UnitTest>
    <UnitTest name="McpServer.Support.Mcp.Tests.McpStdio.UseCaseMcpResultTests.SerializeResult_LegacyClassifiedFailure_PreservesErrorOnlyShape(failure: \&quot;conflict:link already exists\&quot;, expectedError: \&quot;link already exists\&quot;)" id="92d9f5fd-1667-4606-a431-f7d5874cf5bc" storage="C:\Users\kingd\AppData\Local\Temp\BUG-TRIAGE-139-twelfth-20260903T201419Z\bin\McpServer.Support.Mcp.Tests\release\McpServer.Support.Mcp.Tests.dll">
      <Execution id="92d9f5fd-1667-4606-a431-f7d5874cf5bc" />
      <TestMethod codeBase="C:\Users\kingd\AppData\Local\Temp\BUG-TRIAGE-139-twelfth-20260903T201419Z\bin\McpServer.Support.Mcp.Tests\release\McpServer.Support.Mcp.Tests.dll" className="McpServer.Support.Mcp.Tests.McpStdio.UseCaseMcpResultTests" name="SerializeResult_LegacyClassifiedFailure_PreservesErrorOnlyShape" adapterTypeName="executor://51bbc093-95e9-4e30-a015-2b95a202b7a5/xunit.v3/3.2.2" />
    </UnitTest>
    <UnitTest name="McpServer.Support.Mcp.Tests.McpStdio.UseCaseMcpResultTests.SerializeResult_PersistenceFailure_EmitsSanitizedClassifiedCode" id="1d6c39ef-4d30-400a-bc2a-c42e5bc8237d" storage="C:\Users\kingd\AppData\Local\Temp\BUG-TRIAGE-139-twelfth-20260903T201419Z\bin\McpServer.Support.Mcp.Tests\release\McpServer.Support.Mcp.Tests.dll">
      <Execution id="1d6c39ef-4d30-400a-bc2a-c42e5bc8237d" />
      <TestMethod codeBase="C:\Users\kingd\AppData\Local\Temp\BUG-TRIAGE-139-twelfth-20260903T201419Z\bin\McpServer.Support.Mcp.Tests\release\McpServer.Support.Mcp.Tests.dll" className="McpServer.Support.Mcp.Tests.McpStdio.UseCaseMcpResultTests" name="SerializeResult_PersistenceFailure_EmitsSanitizedClassifiedCode" adapterTypeName="executor://51bbc093-95e9-4e30-a015-2b95a202b7a5/xunit.v3/3.2.2" />
    </UnitTest>
    <UnitTest name="McpServer.Support.Mcp.Tests.McpStdio.UseCaseMcpCancellationTests.UseCaseCreate_OperationCanceledException_IsRethrown" id="9a370036-4cb2-495d-ba79-d14bd042292c" storage="C:\Users\kingd\AppData\Local\Temp\BUG-TRIAGE-139-twelfth-20260903T201419Z\bin\McpServer.Support.Mcp.Tests\release\McpServer.Support.Mcp.Tests.dll">
      <Execution id="9a370036-4cb2-495d-ba79-d14bd042292c" />
      <TestMethod codeBase="C:\Users\kingd\AppData\Local\Temp\BUG-TRIAGE-139-twelfth-20260903T201419Z\bin\McpServer.Support.Mcp.Tests\release\McpServer.Support.Mcp.Tests.dll" className="McpServer.Support.Mcp.Tests.McpStdio.UseCaseMcpCancellationTests" name="UseCaseCreate_OperationCanceledException_IsRethrown" adapterTypeName="executor://51bbc093-95e9-4e30-a015-2b95a202b7a5/xunit.v3/3.2.2" />
    </UnitTest>
    <UnitTest name="McpServer.Support.Mcp.Tests.McpStdio.UseCaseMcpCancellationTests.UseCaseFromFr_OperationCanceledException_IsRethrown" id="c778b6e5-6cdb-4968-b500-10fd7d8ba280" storage="C:\Users\kingd\AppData\Local\Temp\BUG-TRIAGE-139-twelfth-20260903T201419Z\bin\McpServer.Support.Mcp.Tests\release\McpServer.Support.Mcp.Tests.dll">
      <Execution id="c778b6e5-6cdb-4968-b500-10fd7d8ba280" />
      <TestMethod codeBase="C:\Users\kingd\AppData\Local\Temp\BUG-TRIAGE-139-twelfth-20260903T201419Z\bin\McpServer.Support.Mcp.Tests\release\McpServer.Support.Mcp.Tests.dll" className="McpServer.Support.Mcp.Tests.McpStdio.UseCaseMcpCancellationTests" name="UseCaseFromFr_OperationCanceledException_IsRethrown" adapterTypeName="executor://51bbc093-95e9-4e30-a015-2b95a202b7a5/xunit.v3/3.2.2" />
    </UnitTest>
  </TestDefinitions>
  <TestEntries>
    <TestEntry testListId="8c84fa94-04c1-424b-9868-57a2d4851a1d" testId="f7e33fc6-a9bd-464d-8a5a-dcd338882340" executionId="f7e33fc6-a9bd-464d-8a5a-dcd338882340" />
    <TestEntry testListId="8c84fa94-04c1-424b-9868-57a2d4851a1d" testId="1810568c-29d5-4091-98d9-3db573421835" executionId="1810568c-29d5-4091-98d9-3db573421835" />
    <TestEntry testListId="8c84fa94-04c1-424b-9868-57a2d4851a1d" testId="4f2d95b1-c99f-4ae9-9b93-d1767ea433d8" executionId="4f2d95b1-c99f-4ae9-9b93-d1767ea433d8" />
    <TestEntry testListId="8c84fa94-04c1-424b-9868-57a2d4851a1d" testId="4b953595-dd1c-4b23-9899-5c20387f3c6b" executionId="4b953595-dd1c-4b23-9899-5c20387f3c6b" />
    <TestEntry testListId="8c84fa94-04c1-424b-9868-57a2d4851a1d" testId="51826840-5241-4c2e-9fb4-77215e5ed124" executionId="51826840-5241-4c2e-9fb4-77215e5ed124" />
    <TestEntry testListId="8c84fa94-04c1-424b-9868-57a2d4851a1d" testId="5f166b58-0815-4999-8b97-9f8d118d3b33" executionId="5f166b58-0815-4999-8b97-9f8d118d3b33" />
    <TestEntry testListId="8c84fa94-04c1-424b-9868-57a2d4851a1d" testId="460892e8-3864-4c14-8e36-911efbe18698" executionId="460892e8-3864-4c14-8e36-911efbe18698" />
    <TestEntry testListId="8c84fa94-04c1-424b-9868-57a2d4851a1d" testId="15d4803f-75db-42d3-bb45-8c8422faa250" executionId="15d4803f-75db-42d3-bb45-8c8422faa250" />
    <TestEntry testListId="8c84fa94-04c1-424b-9868-57a2d4851a1d" testId="f1d233e0-d036-44dc-9384-3b6d6e4b9e72" executionId="f1d233e0-d036-44dc-9384-3b6d6e4b9e72" />
    <TestEntry testListId="8c84fa94-04c1-424b-9868-57a2d4851a1d" testId="c42cde9b-7d63-49e7-91d6-f50bb3a7918e" executionId="c42cde9b-7d63-49e7-91d6-f50bb3a7918e" />
    <TestEntry testListId="8c84fa94-04c1-424b-9868-57a2d4851a1d" testId="04eb27c8-93ca-4303-aad3-77a3c26512fb" executionId="04eb27c8-93ca-4303-aad3-77a3c26512fb" />
    <TestEntry testListId="8c84fa94-04c1-424b-9868-57a2d4851a1d" testId="c209821e-cc9e-4a49-a325-9f91e5a63898" executionId="c209821e-cc9e-4a49-a325-9f91e5a63898" />
    <TestEntry testListId="8c84fa94-04c1-424b-9868-57a2d4851a1d" testId="af1c12ef-6325-4438-960d-8404590a6ad2" executionId="af1c12ef-6325-4438-960d-8404590a6ad2" />
    <TestEntry testListId="8c84fa94-04c1-424b-9868-57a2d4851a1d" testId="92d9f5fd-1667-4606-a431-f7d5874cf5bc" executionId="92d9f5fd-1667-4606-a431-f7d5874cf5bc" />
    <TestEntry testListId="8c84fa94-04c1-424b-9868-57a2d4851a1d" testId="1d6c39ef-4d30-400a-bc2a-c42e5bc8237d" executionId="1d6c39ef-4d30-400a-bc2a-c42e5bc8237d" />
    <TestEntry testListId="8c84fa94-04c1-424b-9868-57a2d4851a1d" testId="9a370036-4cb2-495d-ba79-d14bd042292c" executionId="9a370036-4cb2-495d-ba79-d14bd042292c" />
    <TestEntry testListId="8c84fa94-04c1-424b-9868-57a2d4851a1d" testId="c778b6e5-6cdb-4968-b500-10fd7d8ba280" executionId="c778b6e5-6cdb-4968-b500-10fd7d8ba280" />
  </TestEntries>
  <TestLists>
    <TestList name="Results Not in a List" id="8c84fa94-04c1-424b-9868-57a2d4851a1d" />
    <TestList name="All Loaded Results" id="19431567-8539-422a-85d7-44ee4e166bda" />
  </TestLists>
  <ResultSummary outcome="Completed">
    <Counters total="17" executed="17" passed="17" failed="0" error="0" timeout="0" aborted="0" inconclusive="0" passedButRunAborted="0" notRunnable="0" notExecuted="0" disconnected="0" warning="0" completed="0" inProgress="0" pending="0" />
  </ResultSummary>
</TestRun>