<?xml version="1.0" encoding="utf-8"?>
<TestRun id="28c44672-5b18-486a-98b2-89727ab97d2c" name="kingd@PAYTON-LEGION2 2026-08-21 22:28:29" runUser="PAYTON-LEGION2\kingd" xmlns="http://microsoft.com/schemas/VisualStudio/TeamTest/2010">
  <Times creation="2026-08-21T22:28:29.6398279-05:00" queuing="2026-08-21T22:28:29.6398285-05:00" start="2026-08-21T22:28:22.0057907-05:00" finish="2026-08-21T22:28:35.4649345-05:00" />
  <TestSettings name="default" id="78decc3e-67c8-4013-9142-6a54f0e09330">
    <Deployment runDeploymentRoot="kingd_PAYTON-LEGION2_2026-08-21_22_28_29" />
  </TestSettings>
  <Results>
    <UnitTestResult executionId="1d060f86-caa5-4fed-a536-b022fa0bbbb4" testId="f0e74989-731b-dc0d-e6cf-6b702bbb00a2" testName="McpServer.Support.Mcp.Tests.Services.HandoffDurabilityTests.IngestAsync_CustomPromptTemplate_IsRejected" computerName="PAYTON-LEGION2" duration="00:00:08.9218911" startTime="2026-08-21T22:28:26.3438346-05:00" endTime="2026-08-21T22:28:35.2743959-05:00" testType="13cdc9d9-ddb5-4fa4-a97d-d965ccfc6d4b" outcome="Passed" testListId="8c84fa94-04c1-424b-9868-57a2d4851a1d" relativeResultsDirectory="1d060f86-caa5-4fed-a536-b022fa0bbbb4" />
    <UnitTestResult executionId="11372f7f-5fba-48b3-8153-f4ea4573bff1" testId="777d6c87-1f06-f9e3-fead-781624034b83" testName="McpServer.Support.Mcp.Tests.McpStdio.HandoffMcpToolTests.PluginSync_HandoffSkill_MatchesCoreArtifact" computerName="PAYTON-LEGION2" duration="00:00:02.0696055" startTime="2026-08-21T22:28:26.3438346-05:00" endTime="2026-08-21T22:28:28.4311395-05:00" testType="13cdc9d9-ddb5-4fa4-a97d-d965ccfc6d4b" outcome="Passed" testListId="8c84fa94-04c1-424b-9868-57a2d4851a1d" relativeResultsDirectory="11372f7f-5fba-48b3-8153-f4ea4573bff1" />
  </Results>
  <TestDefinitions>
    <UnitTest name="McpServer.Support.Mcp.Tests.Services.HandoffDurabilityTests.IngestAsync_CustomPromptTemplate_IsRejected" storage="f:\github\mcpserver\tests\mcpserver.support.mcp.tests\bin\debug\net10.0\mcpserver.support.mcp.tests.dll" id="f0e74989-731b-dc0d-e6cf-6b702bbb00a2">
      <Execution id="1d060f86-caa5-4fed-a536-b022fa0bbbb4" />
      <TestMethod codeBase="F:\GitHub\McpServer\tests\McpServer.Support.Mcp.Tests\bin\Debug\net10.0\McpServer.Support.Mcp.Tests.dll" adapterTypeName="executor://xunit/VsTestRunner3/netcore/" className="McpServer.Support.Mcp.Tests.Services.HandoffDurabilityTests" name="IngestAsync_CustomPromptTemplate_IsRejected" />
    </UnitTest>
    <UnitTest name="McpServer.Support.Mcp.Tests.McpStdio.HandoffMcpToolTests.PluginSync_HandoffSkill_MatchesCoreArtifact" storage="f:\github\mcpserver\tests\mcpserver.support.mcp.tests\bin\debug\net10.0\mcpserver.support.mcp.tests.dll" id="777d6c87-1f06-f9e3-fead-781624034b83">
      <Execution id="11372f7f-5fba-48b3-8153-f4ea4573bff1" />
      <TestMethod codeBase="F:\GitHub\McpServer\tests\McpServer.Support.Mcp.Tests\bin\Debug\net10.0\McpServer.Support.Mcp.Tests.dll" adapterTypeName="executor://xunit/VsTestRunner3/netcore/" className="McpServer.Support.Mcp.Tests.McpStdio.HandoffMcpToolTests" name="PluginSync_HandoffSkill_MatchesCoreArtifact" />
    </UnitTest>
  </TestDefinitions>
  <TestEntries>
    <TestEntry testId="f0e74989-731b-dc0d-e6cf-6b702bbb00a2" executionId="1d060f86-caa5-4fed-a536-b022fa0bbbb4" testListId="8c84fa94-04c1-424b-9868-57a2d4851a1d" />
    <TestEntry testId="777d6c87-1f06-f9e3-fead-781624034b83" executionId="11372f7f-5fba-48b3-8153-f4ea4573bff1" testListId="8c84fa94-04c1-424b-9868-57a2d4851a1d" />
  </TestEntries>
  <TestLists>
    <TestList name="Results Not in a List" id="8c84fa94-04c1-424b-9868-57a2d4851a1d" />
    <TestList name="All Loaded Results" id="19431567-8539-422a-85d7-44ee4e166bda" />
  </TestLists>
  <ResultSummary outcome="Completed">
    <Counters total="2" executed="2" passed="2" failed="0" error="0" timeout="0" aborted="0" inconclusive="0" passedButRunAborted="0" notRunnable="0" notExecuted="0" disconnected="0" warning="0" completed="0" inProgress="0" pending="0" />
    <Output>
      <StdOut>[xUnit.net 00:00:00.00] xUnit.net VSTest Adapter v3.1.5+1b188a7b0a (64-bit .NET 10.0.11)&#xD;
[xUnit.net 00:00:00.64]   Discovering: McpServer.Support.Mcp.Tests&#xD;
[xUnit.net 00:00:02.77]   Discovered:  McpServer.Support.Mcp.Tests&#xD;
[xUnit.net 00:00:03.32]   Starting:    McpServer.Support.Mcp.Tests&#xD;
[xUnit.net 00:00:12.38]   Finished:    McpServer.Support.Mcp.Tests (ID = 'fb6b7ca1b59a739774a8a8668e88283949ecc0192ba18c822eead5027e319992')&#xD;
</StdOut>
    </Output>
  </ResultSummary>
</TestRun>