<?xml version="1.0" encoding="utf-8"?>
<TestRun id="ab5d9148-1429-4f1d-bef7-ccbb569de4e7" name="kingd@PAYTON-LEGION2 2026-08-21 22:41:16" runUser="PAYTON-LEGION2\kingd" xmlns="http://microsoft.com/schemas/VisualStudio/TeamTest/2010">
  <Times creation="2026-08-21T22:41:16.8826466-05:00" queuing="2026-08-21T22:41:16.8826471-05:00" start="2026-08-21T22:41:14.5586672-05:00" finish="2026-08-21T22:48:21.4680400-05:00" />
  <TestSettings name="default" id="96f8f655-759d-4ec4-a290-3bfb63599faf">
    <Deployment runDeploymentRoot="kingd_PAYTON-LEGION2_2026-08-21_22_41_16" />
  </TestSettings>
  <Results>
    <UnitTestResult executionId="1ad9896f-89eb-4f2b-b814-9da42e8ff7a1" testId="1f4e1cd2-19d1-ace8-030c-fad1d9c42b3e" testName="McpServer.PluginIntegration.Tests.PluginIntegrationServerFixtureTests.ServerFixture_DeterministicCleanup" computerName="PAYTON-LEGION2" duration="00:00:10.5451726" startTime="2026-08-21T22:47:22.6193195-05:00" endTime="2026-08-21T22:47:33.1645293-05:00" testType="13cdc9d9-ddb5-4fa4-a97d-d965ccfc6d4b" outcome="Passed" testListId="8c84fa94-04c1-424b-9868-57a2d4851a1d" relativeResultsDirectory="1ad9896f-89eb-4f2b-b814-9da42e8ff7a1" />
    <UnitTestResult executionId="26d9cf06-6aca-4d63-a4c9-2254836fb175" testId="87979b5e-268c-e227-3bdf-1cbbf14997ac" testName="McpServer.PluginIntegration.Tests.PluginIntegrationServerFixtureTests.ServerFixture_SignatureAndNonceTrust" computerName="PAYTON-LEGION2" duration="00:00:08.8328091" startTime="2026-08-21T22:47:43.1065376-05:00" endTime="2026-08-21T22:47:51.9393892-05:00" testType="13cdc9d9-ddb5-4fa4-a97d-d965ccfc6d4b" outcome="Passed" testListId="8c84fa94-04c1-424b-9868-57a2d4851a1d" relativeResultsDirectory="26d9cf06-6aca-4d63-a4c9-2254836fb175" />
    <UnitTestResult executionId="b926c494-cf42-416a-9763-daddbcb54f9f" testId="6a47fc12-3fd2-71eb-43f3-d58f01ca31db" testName="McpServer.PluginIntegration.Tests.PluginSessionLogWorkflowAdapterTests.Theory_EachScenario_FailsUntilAdapterOperational(hostKind: Grok)" computerName="PAYTON-LEGION2" duration="00:00:13.4661521" startTime="2026-08-21T22:44:25.1213357-05:00" endTime="2026-08-21T22:44:38.5875304-05:00" testType="13cdc9d9-ddb5-4fa4-a97d-d965ccfc6d4b" outcome="Passed" testListId="8c84fa94-04c1-424b-9868-57a2d4851a1d" relativeResultsDirectory="b926c494-cf42-416a-9763-daddbcb54f9f" />
    <UnitTestResult executionId="10ffb392-0e07-4730-aeaf-231fbdc641a9" testId="93bddd0a-6593-1efb-c454-577812c2cc12" testName="McpServer.PluginIntegration.Tests.PluginSessionLogCatalogTests.Catalog_RepositoryRootsExist" computerName="PAYTON-LEGION2" duration="00:00:00.0019874" startTime="2026-08-21T22:41:16.7772703-05:00" endTime="2026-08-21T22:41:16.7793403-05:00" testType="13cdc9d9-ddb5-4fa4-a97d-d965ccfc6d4b" outcome="Passed" testListId="8c84fa94-04c1-424b-9868-57a2d4851a1d" relativeResultsDirectory="10ffb392-0e07-4730-aeaf-231fbdc641a9" />
    <UnitTestResult executionId="e54b4a3f-c85a-4978-b02d-96bc9f68bab0" testId="89af7f04-effa-7eee-6cc0-e2d6a5bc271d" testName="McpServer.PluginIntegration.Tests.PluginHostProcessAdapterTests.Adapter_ClineV2AndOpenCode_UseProductionExport(hostKind: ClineV2)" computerName="PAYTON-LEGION2" duration="00:00:00.0023938" startTime="2026-08-21T22:47:22.6151430-05:00" endTime="2026-08-21T22:47:22.6175713-05:00" testType="13cdc9d9-ddb5-4fa4-a97d-d965ccfc6d4b" outcome="Passed" testListId="8c84fa94-04c1-424b-9868-57a2d4851a1d" relativeResultsDirectory="e54b4a3f-c85a-4978-b02d-96bc9f68bab0" />
    <UnitTestResult executionId="581d1926-a55d-4f4f-84c9-0c94cead4132" testId="a6213a20-b401-20f3-7b2f-1044dcf1bcfe" testName="McpServer.PluginIntegration.Tests.PluginSessionLogCatalogTests.Catalog_SupportedHostKinds" computerName="PAYTON-LEGION2" duration="00:00:00.0608307" startTime="2026-08-21T22:41:16.7155153-05:00" endTime="2026-08-21T22:41:16.7764798-05:00" testType="13cdc9d9-ddb5-4fa4-a97d-d965ccfc6d4b" outcome="Passed" testListId="8c84fa94-04c1-424b-9868-57a2d4851a1d" relativeResultsDirectory="581d1926-a55d-4f4f-84c9-0c94cead4132" />
    <UnitTestResult executionId="dd7a0ded-9893-45ba-bbbe-0d65945fb792" testId="92498341-6556-0681-f973-fb0ee9e18d9d" testName="McpServer.PluginIntegration.Tests.PluginSessionLogWorkflowAdapterTests.Theory_EachScenario_FailsUntilAdapterOperational(hostKind: ClaudeCode)" computerName="PAYTON-LEGION2" duration="00:00:14.6617704" startTime="2026-08-21T22:44:10.4583770-05:00" endTime="2026-08-21T22:44:25.1202096-05:00" testType="13cdc9d9-ddb5-4fa4-a97d-d965ccfc6d4b" outcome="Passed" testListId="8c84fa94-04c1-424b-9868-57a2d4851a1d" relativeResultsDirectory="dd7a0ded-9893-45ba-bbbe-0d65945fb792" />
    <UnitTestResult executionId="14bdafdf-bc29-452b-b91e-f282a1400dff" testId="d42781b5-1df1-2439-9cae-15996a584dc2" testName="McpServer.PluginIntegration.Tests.PluginSessionLogWorkflowAdapterTests.Theory_EachScenario_FailsUntilAdapterOperational(hostKind: ClineV2)" computerName="PAYTON-LEGION2" duration="00:00:12.3929425" startTime="2026-08-21T22:43:45.4166628-05:00" endTime="2026-08-21T22:43:57.8096521-05:00" testType="13cdc9d9-ddb5-4fa4-a97d-d965ccfc6d4b" outcome="Passed" testListId="8c84fa94-04c1-424b-9868-57a2d4851a1d" relativeResultsDirectory="14bdafdf-bc29-452b-b91e-f282a1400dff" />
    <UnitTestResult executionId="ee554f3f-5432-4cee-81cc-52aaa4b28ac7" testId="beb02ba7-b939-bae3-4c40-49acf425b66c" testName="McpServer.PluginIntegration.Tests.PluginSessionLogWorkflowAdapterTests.Theory_Agent_BootstrapBeginAppendComplete_CapturesIdsCacheShaReceipt(hostKind: Codex)" computerName="PAYTON-LEGION2" duration="00:00:14.9227626" startTime="2026-08-21T22:42:09.2381425-05:00" endTime="2026-08-21T22:42:24.1609866-05:00" testType="13cdc9d9-ddb5-4fa4-a97d-d965ccfc6d4b" outcome="Passed" testListId="8c84fa94-04c1-424b-9868-57a2d4851a1d" relativeResultsDirectory="ee554f3f-5432-4cee-81cc-52aaa4b28ac7" />
    <UnitTestResult executionId="57c6df2c-8554-4f0a-969a-72442ba71862" testId="9352565e-1e2b-61f4-41fe-e7f688f70784" testName="McpServer.PluginIntegration.Tests.PluginHostProcessAdapterTests.Adapter_CodexAndPowerShellHook_UseDeclaredEntrypoint(hostKind: Grok)" computerName="PAYTON-LEGION2" duration="00:00:00.0006396" startTime="2026-08-21T22:47:22.6138583-05:00" endTime="2026-08-21T22:47:22.6145395-05:00" testType="13cdc9d9-ddb5-4fa4-a97d-d965ccfc6d4b" outcome="Passed" testListId="8c84fa94-04c1-424b-9868-57a2d4851a1d" relativeResultsDirectory="57c6df2c-8554-4f0a-969a-72442ba71862" />
    <UnitTestResult executionId="9bb63b81-c9fe-4efd-a5ff-95ee489874eb" testId="b67667f1-956c-b969-5aff-30951534807a" testName="McpServer.PluginIntegration.Tests.PluginHostProcessAdapterTests.Adapter_CapturesExecutableArgsStdinEnvCwdTimeoutExitStdoutStderr(hostKind: Copilot)" computerName="PAYTON-LEGION2" duration="00:00:00.0090460" startTime="2026-08-21T22:47:22.5857082-05:00" endTime="2026-08-21T22:47:22.5948176-05:00" testType="13cdc9d9-ddb5-4fa4-a97d-d965ccfc6d4b" outcome="Passed" testListId="8c84fa94-04c1-424b-9868-57a2d4851a1d" relativeResultsDirectory="9bb63b81-c9fe-4efd-a5ff-95ee489874eb" />
    <UnitTestResult executionId="e4db9590-eda8-4a2d-924c-f733a401959f" testId="2e8fd848-d1c0-5afc-6f97-94242fd6a63d" testName="McpServer.PluginIntegration.Tests.PluginHostProcessAdapterTests.Adapter_CodexAndPowerShellHook_UseDeclaredEntrypoint(hostKind: ClaudeCowork)" computerName="PAYTON-LEGION2" duration="00:00:00.0015031" startTime="2026-08-21T22:47:22.6080170-05:00" endTime="2026-08-21T22:47:22.6095527-05:00" testType="13cdc9d9-ddb5-4fa4-a97d-d965ccfc6d4b" outcome="Passed" testListId="8c84fa94-04c1-424b-9868-57a2d4851a1d" relativeResultsDirectory="e4db9590-eda8-4a2d-924c-f733a401959f" />
    <UnitTestResult executionId="08d2b02e-f930-4f39-9e13-d22c905d6d5f" testId="71d44d28-4839-6bff-13df-574b04f76a59" testName="McpServer.PluginIntegration.Tests.PluginSessionLogWorkflowAdapterTests.Theory_EachScenario_FailsUntilAdapterOperational(hostKind: Cline)" computerName="PAYTON-LEGION2" duration="00:00:16.5879679" startTime="2026-08-21T22:44:38.5898972-05:00" endTime="2026-08-21T22:44:55.1779454-05:00" testType="13cdc9d9-ddb5-4fa4-a97d-d965ccfc6d4b" outcome="Passed" testListId="8c84fa94-04c1-424b-9868-57a2d4851a1d" relativeResultsDirectory="08d2b02e-f930-4f39-9e13-d22c905d6d5f" />
    <UnitTestResult executionId="335dee79-a166-4be6-b18a-124958a248dc" testId="10e57566-829a-b4ad-f03a-530076be589d" testName="McpServer.PluginIntegration.Tests.PluginSessionLogWorkflowAdapterTests.Theory_EachScenario_FailsUntilAdapterOperational(hostKind: OpenCode)" computerName="PAYTON-LEGION2" duration="00:00:20.1471069" startTime="2026-08-21T22:44:55.1802587-05:00" endTime="2026-08-21T22:45:15.3274646-05:00" testType="13cdc9d9-ddb5-4fa4-a97d-d965ccfc6d4b" outcome="Passed" testListId="8c84fa94-04c1-424b-9868-57a2d4851a1d" relativeResultsDirectory="335dee79-a166-4be6-b18a-124958a248dc" />
    <UnitTestResult executionId="7739f53d-4276-42b5-a14a-a4fc12923736" testId="9f044f5f-c5bb-dc12-8d47-5af1a8dd1680" testName="McpServer.PluginIntegration.Tests.PluginSessionLogWorkflowAdapterTests.Theory_Agent_BootstrapBeginAppendComplete_CapturesIdsCacheShaReceipt(hostKind: Cline)" computerName="PAYTON-LEGION2" duration="00:00:26.7743882" startTime="2026-08-21T22:42:52.3631913-05:00" endTime="2026-08-21T22:43:19.1376642-05:00" testType="13cdc9d9-ddb5-4fa4-a97d-d965ccfc6d4b" outcome="Passed" testListId="8c84fa94-04c1-424b-9868-57a2d4851a1d" relativeResultsDirectory="7739f53d-4276-42b5-a14a-a4fc12923736" />
    <UnitTestResult executionId="f71c102a-3cc3-4c5e-a3c9-e79a7d688779" testId="62e00820-0b4c-838e-9956-7938170992fc" testName="McpServer.PluginIntegration.Tests.PluginSessionLogWorkflowAdapterTests.Theory_Agent_BootstrapBeginAppendComplete_CapturesIdsCacheShaReceipt(hostKind: ClaudeCode)" computerName="PAYTON-LEGION2" duration="00:00:17.0753708" startTime="2026-08-21T22:41:40.3097494-05:00" endTime="2026-08-21T22:41:57.3852247-05:00" testType="13cdc9d9-ddb5-4fa4-a97d-d965ccfc6d4b" outcome="Passed" testListId="8c84fa94-04c1-424b-9868-57a2d4851a1d" relativeResultsDirectory="f71c102a-3cc3-4c5e-a3c9-e79a7d688779" />
    <UnitTestResult executionId="02c53245-6589-4f6f-ab23-2bf3254539e6" testId="cdf796ed-bc6b-71ea-3f00-7a7f97e87e29" testName="McpServer.PluginIntegration.Tests.PluginHostProcessAdapterTests.Adapter_CapturesExecutableArgsStdinEnvCwdTimeoutExitStdoutStderr(hostKind: Codex)" computerName="PAYTON-LEGION2" duration="00:00:00.0005170" startTime="2026-08-21T22:47:22.6017074-05:00" endTime="2026-08-21T22:47:22.6022790-05:00" testType="13cdc9d9-ddb5-4fa4-a97d-d965ccfc6d4b" outcome="Passed" testListId="8c84fa94-04c1-424b-9868-57a2d4851a1d" relativeResultsDirectory="02c53245-6589-4f6f-ab23-2bf3254539e6" />
    <UnitTestResult executionId="9776c542-d663-4201-8deb-61b8868a2cf5" testId="a440ec51-ea3d-f0be-15f4-967977cfd350" testName="McpServer.PluginIntegration.Tests.PluginSessionLogWorkflowAdapterTests.Theory_Agent_ServerQuery_SourceTypeIdsActionDialogCompletedWorkspace(hostKind: Cline)" computerName="PAYTON-LEGION2" duration="00:00:17.6755111" startTime="2026-08-21T22:46:22.4781363-05:00" endTime="2026-08-21T22:46:40.1537142-05:00" testType="13cdc9d9-ddb5-4fa4-a97d-d965ccfc6d4b" outcome="Passed" testListId="8c84fa94-04c1-424b-9868-57a2d4851a1d" relativeResultsDirectory="9776c542-d663-4201-8deb-61b8868a2cf5" />
    <UnitTestResult executionId="eb83332e-5664-4347-888a-45d1d19094e3" testId="3432ff42-672e-0305-93be-fe61923bb416" testName="McpServer.PluginIntegration.Tests.PluginIntegrationServerFixtureTests.ServerFixture_SelectsFreePort" computerName="PAYTON-LEGION2" duration="00:00:09.9385731" startTime="2026-08-21T22:47:33.1669478-05:00" endTime="2026-08-21T22:47:43.1055731-05:00" testType="13cdc9d9-ddb5-4fa4-a97d-d965ccfc6d4b" outcome="Passed" testListId="8c84fa94-04c1-424b-9868-57a2d4851a1d" relativeResultsDirectory="eb83332e-5664-4347-888a-45d1d19094e3" />
    <UnitTestResult executionId="ceaab2e6-91b0-4f23-bde5-07e1b1f22e94" testId="6edf857f-c350-109d-e751-78f29179f4c4" testName="McpServer.PluginIntegration.Tests.PluginSessionLogCatalogTests.Catalog_RequiredEntrypointFilesExist" computerName="PAYTON-LEGION2" duration="00:00:00.0017640" startTime="2026-08-21T22:41:16.7798937-05:00" endTime="2026-08-21T22:41:16.7817064-05:00" testType="13cdc9d9-ddb5-4fa4-a97d-d965ccfc6d4b" outcome="Passed" testListId="8c84fa94-04c1-424b-9868-57a2d4851a1d" relativeResultsDirectory="ceaab2e6-91b0-4f23-bde5-07e1b1f22e94" />
    <UnitTestResult executionId="8efd07cc-0ebe-4c59-91e2-4b63f1fe5ab5" testId="37b23830-eb36-269d-32da-331714bb6f30" testName="McpServer.PluginIntegration.Tests.PluginHostProcessAdapterTests.Adapter_ClineV2AndOpenCode_UseProductionExport(hostKind: OpenCode)" computerName="PAYTON-LEGION2" duration="00:00:00.0007613" startTime="2026-08-21T22:47:22.6178750-05:00" endTime="2026-08-21T22:47:22.6186668-05:00" testType="13cdc9d9-ddb5-4fa4-a97d-d965ccfc6d4b" outcome="Passed" testListId="8c84fa94-04c1-424b-9868-57a2d4851a1d" relativeResultsDirectory="8efd07cc-0ebe-4c59-91e2-4b63f1fe5ab5" />
    <UnitTestResult executionId="f651eb84-6609-4c44-84f1-fb5dbdc2cbf1" testId="c4c58014-3ecf-f48a-089a-d2f96e5fc65c" testName="McpServer.PluginIntegration.Tests.PluginSessionLogWorkflowAdapterTests.Theory_Agent_ServerQuery_SourceTypeIdsActionDialogCompletedWorkspace(hostKind: Codex)" computerName="PAYTON-LEGION2" duration="00:00:11.9386976" startTime="2026-08-21T22:45:27.9072010-05:00" endTime="2026-08-21T22:45:39.8459328-05:00" testType="13cdc9d9-ddb5-4fa4-a97d-d965ccfc6d4b" outcome="Passed" testListId="8c84fa94-04c1-424b-9868-57a2d4851a1d" relativeResultsDirectory="f651eb84-6609-4c44-84f1-fb5dbdc2cbf1" />
    <UnitTestResult executionId="d36ecee0-db0c-4f58-8c32-2d007cc70665" testId="9676f0d0-5f41-a32c-c2d9-8828d86f7808" testName="McpServer.PluginIntegration.Tests.PluginIntegrationServerFixtureTests.ServerFixture_CreatesMarker" computerName="PAYTON-LEGION2" duration="00:00:10.1778747" startTime="2026-08-21T22:48:02.1145318-05:00" endTime="2026-08-21T22:48:12.2924476-05:00" testType="13cdc9d9-ddb5-4fa4-a97d-d965ccfc6d4b" outcome="Passed" testListId="8c84fa94-04c1-424b-9868-57a2d4851a1d" relativeResultsDirectory="d36ecee0-db0c-4f58-8c32-2d007cc70665" />
    <UnitTestResult executionId="942f68b1-8994-4611-8fed-e8b67947f5a6" testId="7ac3eb7d-db64-9b1e-5e55-d56d29d72896" testName="McpServer.PluginIntegration.Tests.PluginSessionLogWorkflowAdapterTests.Theory_Agent_ServerQuery_SourceTypeIdsActionDialogCompletedWorkspace(hostKind: ClaudeCowork)" computerName="PAYTON-LEGION2" duration="00:00:16.0960453" startTime="2026-08-21T22:46:53.5453254-05:00" endTime="2026-08-21T22:47:09.6414171-05:00" testType="13cdc9d9-ddb5-4fa4-a97d-d965ccfc6d4b" outcome="Passed" testListId="8c84fa94-04c1-424b-9868-57a2d4851a1d" relativeResultsDirectory="942f68b1-8994-4611-8fed-e8b67947f5a6" />
    <UnitTestResult executionId="ea379f44-d46d-40ae-ab25-4b4214e96c18" testId="a1a83450-289c-1f21-5189-fd8a02f92b69" testName="McpServer.PluginIntegration.Tests.PluginSessionLogCatalogTests.Catalog_ExactlyEightEnabled" computerName="PAYTON-LEGION2" duration="00:00:00.0133684" startTime="2026-08-21T22:41:16.7820594-05:00" endTime="2026-08-21T22:41:16.7954925-05:00" testType="13cdc9d9-ddb5-4fa4-a97d-d965ccfc6d4b" outcome="Passed" testListId="8c84fa94-04c1-424b-9868-57a2d4851a1d" relativeResultsDirectory="ea379f44-d46d-40ae-ab25-4b4214e96c18" />
    <UnitTestResult executionId="1d1759e9-a0ed-47be-9a9e-e7ca8265d2ee" testId="236c9f0a-5162-8715-aff3-f50a3225bd64" testName="McpServer.PluginIntegration.Tests.PluginSessionLogWorkflowAdapterTests.Theory_EachScenario_FailsUntilAdapterOperational(hostKind: Copilot)" computerName="PAYTON-LEGION2" duration="00:00:12.5737335" startTime="2026-08-21T22:45:15.3301727-05:00" endTime="2026-08-21T22:45:27.9039814-05:00" testType="13cdc9d9-ddb5-4fa4-a97d-d965ccfc6d4b" outcome="Passed" testListId="8c84fa94-04c1-424b-9868-57a2d4851a1d" relativeResultsDirectory="1d1759e9-a0ed-47be-9a9e-e7ca8265d2ee" />
    <UnitTestResult executionId="3038ad1f-cd79-41e1-a8ed-9a73d1745993" testId="663eb62c-25be-b0f8-01d8-8c928bf4eff4" testName="McpServer.PluginIntegration.Tests.PluginSessionLogWorkflowAdapterTests.Theory_Agent_ServerQuery_SourceTypeIdsActionDialogCompletedWorkspace(hostKind: Copilot)" computerName="PAYTON-LEGION2" duration="00:00:15.6707186" startTime="2026-08-21T22:45:52.4237812-05:00" endTime="2026-08-21T22:46:08.0945422-05:00" testType="13cdc9d9-ddb5-4fa4-a97d-d965ccfc6d4b" outcome="Passed" testListId="8c84fa94-04c1-424b-9868-57a2d4851a1d" relativeResultsDirectory="3038ad1f-cd79-41e1-a8ed-9a73d1745993" />
    <UnitTestResult executionId="2558441d-ce58-40ea-b60d-dfc0ccab17a3" testId="2aa3e527-2c65-85dc-a88a-083c1f3e85eb" testName="McpServer.PluginIntegration.Tests.PluginSessionLogWorkflowAdapterTests.Theory_EachScenario_FailsUntilAdapterOperational(hostKind: Codex)" computerName="PAYTON-LEGION2" duration="00:00:12.0701523" startTime="2026-08-21T22:43:33.3454875-05:00" endTime="2026-08-21T22:43:45.4156860-05:00" testType="13cdc9d9-ddb5-4fa4-a97d-d965ccfc6d4b" outcome="Passed" testListId="8c84fa94-04c1-424b-9868-57a2d4851a1d" relativeResultsDirectory="2558441d-ce58-40ea-b60d-dfc0ccab17a3" />
    <UnitTestResult executionId="3cd0dbc6-bee6-4ba7-b9f1-0afd2e15c496" testId="1d184306-ca46-c995-1980-88e55b415255" testName="McpServer.PluginIntegration.Tests.PluginHostProcessAdapterTests.Adapter_CapturesExecutableArgsStdinEnvCwdTimeoutExitStdoutStderr(hostKind: OpenCode)" computerName="PAYTON-LEGION2" duration="00:00:00.0004162" startTime="2026-08-21T22:47:22.6008808-05:00" endTime="2026-08-21T22:47:22.6013268-05:00" testType="13cdc9d9-ddb5-4fa4-a97d-d965ccfc6d4b" outcome="Passed" testListId="8c84fa94-04c1-424b-9868-57a2d4851a1d" relativeResultsDirectory="3cd0dbc6-bee6-4ba7-b9f1-0afd2e15c496" />
    <UnitTestResult executionId="8839593f-de90-44a7-8722-7065992387c4" testId="6f70084d-3d86-bee3-a825-644e9f99bdbf" testName="McpServer.PluginIntegration.Tests.PluginSessionLogWorkflowAdapterTests.Theory_Agent_BootstrapBeginAppendComplete_CapturesIdsCacheShaReceipt(hostKind: Grok)" computerName="PAYTON-LEGION2" duration="00:00:11.8506708" startTime="2026-08-21T22:41:57.3867578-05:00" endTime="2026-08-21T22:42:09.2374980-05:00" testType="13cdc9d9-ddb5-4fa4-a97d-d965ccfc6d4b" outcome="Passed" testListId="8c84fa94-04c1-424b-9868-57a2d4851a1d" relativeResultsDirectory="8839593f-de90-44a7-8722-7065992387c4" />
    <UnitTestResult executionId="a436d1ea-7ea1-4132-afb1-62e1b5b211db" testId="2743f923-77bb-a451-9de7-de3ee9035cab" testName="McpServer.PluginIntegration.Tests.PluginHostProcessAdapterTests.Adapter_CodexAndPowerShellHook_UseDeclaredEntrypoint(hostKind: ClaudeCode)" computerName="PAYTON-LEGION2" duration="00:00:00.0007170" startTime="2026-08-21T22:47:22.6098311-05:00" endTime="2026-08-21T22:47:22.6105769-05:00" testType="13cdc9d9-ddb5-4fa4-a97d-d965ccfc6d4b" outcome="Passed" testListId="8c84fa94-04c1-424b-9868-57a2d4851a1d" relativeResultsDirectory="a436d1ea-7ea1-4132-afb1-62e1b5b211db" />
    <UnitTestResult executionId="7b9ec646-fe2f-43c3-9aad-9d05d216a752" testId="de836faf-c2ef-8605-ac5c-f4369adbdd78" testName="McpServer.PluginIntegration.Tests.PluginHostProcessAdapterTests.Adapter_ClineV1_StdioSessionLogTools" computerName="PAYTON-LEGION2" duration="00:00:00.0041786" startTime="2026-08-21T22:47:22.6033077-05:00" endTime="2026-08-21T22:47:22.6075139-05:00" testType="13cdc9d9-ddb5-4fa4-a97d-d965ccfc6d4b" outcome="Passed" testListId="8c84fa94-04c1-424b-9868-57a2d4851a1d" relativeResultsDirectory="7b9ec646-fe2f-43c3-9aad-9d05d216a752" />
    <UnitTestResult executionId="d5b4ece5-3e49-4eef-a433-0b34235644c0" testId="fbe0ab7d-103a-2212-6706-b14331c649f7" testName="McpServer.PluginIntegration.Tests.PluginHostProcessAdapterTests.Adapter_CapturesExecutableArgsStdinEnvCwdTimeoutExitStdoutStderr(hostKind: ClineV2)" computerName="PAYTON-LEGION2" duration="00:00:00.0008283" startTime="2026-08-21T22:47:22.5976331-05:00" endTime="2026-08-21T22:47:22.5985025-05:00" testType="13cdc9d9-ddb5-4fa4-a97d-d965ccfc6d4b" outcome="Passed" testListId="8c84fa94-04c1-424b-9868-57a2d4851a1d" relativeResultsDirectory="d5b4ece5-3e49-4eef-a433-0b34235644c0" />
    <UnitTestResult executionId="e22e75a8-1607-4478-b488-bce9433b646a" testId="18d5a8a3-7892-c234-f03d-8f0549399f5f" testName="McpServer.PluginIntegration.Tests.PluginSessionLogCatalogTests.Catalog_VersionMetadataPresent" computerName="PAYTON-LEGION2" duration="00:00:00.0018359" startTime="2026-08-21T22:41:16.7997096-05:00" endTime="2026-08-21T22:41:16.8016386-05:00" testType="13cdc9d9-ddb5-4fa4-a97d-d965ccfc6d4b" outcome="Passed" testListId="8c84fa94-04c1-424b-9868-57a2d4851a1d" relativeResultsDirectory="e22e75a8-1607-4478-b488-bce9433b646a" />
    <UnitTestResult executionId="b1c333c7-7f0c-4721-84b4-6ff0d5b10e00" testId="259cc540-68dc-c0bc-63dc-08ee5851c9be" testName="McpServer.PluginIntegration.Tests.PluginHostProcessAdapterTests.Adapter_CapturesExecutableArgsStdinEnvCwdTimeoutExitStdoutStderr(hostKind: Grok)" computerName="PAYTON-LEGION2" duration="00:00:00.0005932" startTime="2026-08-21T22:47:22.5999719-05:00" endTime="2026-08-21T22:47:22.6005927-05:00" testType="13cdc9d9-ddb5-4fa4-a97d-d965ccfc6d4b" outcome="Passed" testListId="8c84fa94-04c1-424b-9868-57a2d4851a1d" relativeResultsDirectory="b1c333c7-7f0c-4721-84b4-6ff0d5b10e00" />
    <UnitTestResult executionId="ba9cb740-00e6-4f72-b285-b70146ef2e54" testId="d94b6483-a8fe-7432-1f95-7b447d40ab43" testName="McpServer.PluginIntegration.Tests.PluginSessionLogWorkflowAdapterTests.Theory_Agent_BootstrapBeginAppendComplete_CapturesIdsCacheShaReceipt(hostKind: ClineV2)" computerName="PAYTON-LEGION2" duration="00:00:14.2627312" startTime="2026-08-21T22:42:38.0980553-05:00" endTime="2026-08-21T22:42:52.3608972-05:00" testType="13cdc9d9-ddb5-4fa4-a97d-d965ccfc6d4b" outcome="Passed" testListId="8c84fa94-04c1-424b-9868-57a2d4851a1d" relativeResultsDirectory="ba9cb740-00e6-4f72-b285-b70146ef2e54" />
    <UnitTestResult executionId="b4fd645f-08c0-4e3f-bee2-96afbd4f03fb" testId="d793dd0f-915d-0cf0-b819-8b09e14adb02" testName="McpServer.PluginIntegration.Tests.PluginSessionLogWorkflowAdapterTests.Theory_Agent_ServerQuery_SourceTypeIdsActionDialogCompletedWorkspace(hostKind: ClaudeCode)" computerName="PAYTON-LEGION2" duration="00:00:12.9370774" startTime="2026-08-21T22:47:09.6443418-05:00" endTime="2026-08-21T22:47:22.5814952-05:00" testType="13cdc9d9-ddb5-4fa4-a97d-d965ccfc6d4b" outcome="Passed" testListId="8c84fa94-04c1-424b-9868-57a2d4851a1d" relativeResultsDirectory="b4fd645f-08c0-4e3f-bee2-96afbd4f03fb" />
    <UnitTestResult executionId="8caa1a4c-a00a-40bd-86a5-dd3f3ac222f4" testId="2434cb13-4114-67c3-47b5-5afa807d5854" testName="McpServer.PluginIntegration.Tests.PluginSessionLogWorkflowAdapterTests.Theory_EachScenario_FailsUntilAdapterOperational(hostKind: ClaudeCowork)" computerName="PAYTON-LEGION2" duration="00:00:12.6447555" startTime="2026-08-21T22:43:57.8115657-05:00" endTime="2026-08-21T22:44:10.4563788-05:00" testType="13cdc9d9-ddb5-4fa4-a97d-d965ccfc6d4b" outcome="Passed" testListId="8c84fa94-04c1-424b-9868-57a2d4851a1d" relativeResultsDirectory="8caa1a4c-a00a-40bd-86a5-dd3f3ac222f4" />
    <UnitTestResult executionId="25b21a56-d4f1-42e2-95b5-f6f01caac225" testId="18ccb483-1f78-78f6-7f04-eea105e6f2fc" testName="McpServer.PluginIntegration.Tests.PluginSessionLogWorkflowAdapterTests.Theory_Agent_BootstrapBeginAppendComplete_CapturesIdsCacheShaReceipt(hostKind: ClaudeCowork)" computerName="PAYTON-LEGION2" duration="00:00:13.9313687" startTime="2026-08-21T22:42:24.1638777-05:00" endTime="2026-08-21T22:42:38.0953571-05:00" testType="13cdc9d9-ddb5-4fa4-a97d-d965ccfc6d4b" outcome="Passed" testListId="8c84fa94-04c1-424b-9868-57a2d4851a1d" relativeResultsDirectory="25b21a56-d4f1-42e2-95b5-f6f01caac225" />
    <UnitTestResult executionId="17123b76-e6a0-48a9-9962-9ff53803ddf0" testId="435990bf-96b1-fe49-8bcc-358ae91e2ddb" testName="McpServer.PluginIntegration.Tests.PluginSessionLogWorkflowAdapterTests.Theory_Agent_ServerQuery_SourceTypeIdsActionDialogCompletedWorkspace(hostKind: ClineV2)" computerName="PAYTON-LEGION2" duration="00:00:12.5739610" startTime="2026-08-21T22:45:39.8477409-05:00" endTime="2026-08-21T22:45:52.4217460-05:00" testType="13cdc9d9-ddb5-4fa4-a97d-d965ccfc6d4b" outcome="Passed" testListId="8c84fa94-04c1-424b-9868-57a2d4851a1d" relativeResultsDirectory="17123b76-e6a0-48a9-9962-9ff53803ddf0" />
    <UnitTestResult executionId="f0123a43-9356-4e56-9909-ddbb818697fa" testId="5bb017ac-c90e-9a36-e020-70d7c3733126" testName="McpServer.PluginIntegration.Tests.PluginIntegrationServerFixtureTests.ServerFixture_StartupTimeout" computerName="PAYTON-LEGION2" duration="00:00:01.0523472" startTime="2026-08-21T22:47:51.9414523-05:00" endTime="2026-08-21T22:47:52.9938326-05:00" testType="13cdc9d9-ddb5-4fa4-a97d-d965ccfc6d4b" outcome="Passed" testListId="8c84fa94-04c1-424b-9868-57a2d4851a1d" relativeResultsDirectory="f0123a43-9356-4e56-9909-ddbb818697fa" />
    <UnitTestResult executionId="e75b9c87-723d-42d5-9c0b-1bed424c460c" testId="d5ed6bcc-b2a2-fa00-fe59-167759f6bb33" testName="McpServer.PluginIntegration.Tests.PluginIntegrationServerFixtureTests.ServerFixture_CreatesIsolatedTempWorkspaceAndDatabase" computerName="PAYTON-LEGION2" duration="00:00:09.1183900" startTime="2026-08-21T22:47:52.9943211-05:00" endTime="2026-08-21T22:48:02.1127451-05:00" testType="13cdc9d9-ddb5-4fa4-a97d-d965ccfc6d4b" outcome="Passed" testListId="8c84fa94-04c1-424b-9868-57a2d4851a1d" relativeResultsDirectory="e75b9c87-723d-42d5-9c0b-1bed424c460c" />
    <UnitTestResult executionId="821ee76e-30fa-4521-a8d1-2d9e5537d1dc" testId="249e7608-e241-9d6b-5f9e-9784127451a5" testName="McpServer.PluginIntegration.Tests.PluginIntegrationProjectTests.PluginIntegrationProject_HasXmlDocsAndNonparallelCollection" computerName="PAYTON-LEGION2" duration="00:00:00.0404065" startTime="2026-08-21T22:41:16.6465583-05:00" endTime="2026-08-21T22:41:16.7015533-05:00" testType="13cdc9d9-ddb5-4fa4-a97d-d965ccfc6d4b" outcome="Passed" testListId="8c84fa94-04c1-424b-9868-57a2d4851a1d" relativeResultsDirectory="821ee76e-30fa-4521-a8d1-2d9e5537d1dc" />
    <UnitTestResult executionId="92949004-7fdb-4b19-aa25-45357e70b33b" testId="3b1b35d6-04b5-ae89-94b3-1a72cf86a187" testName="McpServer.PluginIntegration.Tests.PluginHostProcessAdapterTests.Adapter_CapturesExecutableArgsStdinEnvCwdTimeoutExitStdoutStderr(hostKind: ClaudeCode)" computerName="PAYTON-LEGION2" duration="00:00:00.0004344" startTime="2026-08-21T22:47:22.6024607-05:00" endTime="2026-08-21T22:47:22.6029159-05:00" testType="13cdc9d9-ddb5-4fa4-a97d-d965ccfc6d4b" outcome="Passed" testListId="8c84fa94-04c1-424b-9868-57a2d4851a1d" relativeResultsDirectory="92949004-7fdb-4b19-aa25-45357e70b33b" />
    <UnitTestResult executionId="a0cc829b-8cf2-4196-b4eb-7e5672748da0" testId="91171a61-fbe7-6209-e765-3b53652e89a8" testName="McpServer.PluginIntegration.Tests.PluginSessionLogWorkflowAdapterTests.Theory_Agent_ServerQuery_SourceTypeIdsActionDialogCompletedWorkspace(hostKind: Grok)" computerName="PAYTON-LEGION2" duration="00:00:14.3801148" startTime="2026-08-21T22:46:08.0969220-05:00" endTime="2026-08-21T22:46:22.4770940-05:00" testType="13cdc9d9-ddb5-4fa4-a97d-d965ccfc6d4b" outcome="Passed" testListId="8c84fa94-04c1-424b-9868-57a2d4851a1d" relativeResultsDirectory="a0cc829b-8cf2-4196-b4eb-7e5672748da0" />
    <UnitTestResult executionId="e039cd17-f23f-48bb-846f-a66f018eadb8" testId="3f1f706f-8607-0903-ba67-2e1e67ae1d37" testName="McpServer.PluginIntegration.Tests.PluginHostProcessAdapterTests.Adapter_CodexAndPowerShellHook_UseDeclaredEntrypoint(hostKind: Codex)" computerName="PAYTON-LEGION2" duration="00:00:00.0005932" startTime="2026-08-21T22:47:22.6108493-05:00" endTime="2026-08-21T22:47:22.6114716-05:00" testType="13cdc9d9-ddb5-4fa4-a97d-d965ccfc6d4b" outcome="Passed" testListId="8c84fa94-04c1-424b-9868-57a2d4851a1d" relativeResultsDirectory="e039cd17-f23f-48bb-846f-a66f018eadb8" />
    <UnitTestResult executionId="aa3fb058-b2b6-48bc-8757-1fe42c009fbe" testId="73d43f4a-648c-801f-1b0b-6b4cb0b0dd10" testName="McpServer.PluginIntegration.Tests.PluginIntegrationServerFixtureTests.ServerFixture_HealthReady_ExposesTrustedMarkerAndClient" computerName="PAYTON-LEGION2" duration="00:00:09.0084079" startTime="2026-08-21T22:48:12.2943595-05:00" endTime="2026-08-21T22:48:21.3028284-05:00" testType="13cdc9d9-ddb5-4fa4-a97d-d965ccfc6d4b" outcome="Passed" testListId="8c84fa94-04c1-424b-9868-57a2d4851a1d" relativeResultsDirectory="aa3fb058-b2b6-48bc-8757-1fe42c009fbe" />
    <UnitTestResult executionId="97a0c377-8f66-4c4f-accc-a037009a06d9" testId="214c533b-e35d-af2c-d63a-736af10b7347" testName="McpServer.PluginIntegration.Tests.PluginSessionLogWorkflowAdapterTests.Theory_Agent_BootstrapBeginAppendComplete_CapturesIdsCacheShaReceipt(hostKind: OpenCode)" computerName="PAYTON-LEGION2" duration="00:00:23.4978133" startTime="2026-08-21T22:41:16.8042082-05:00" endTime="2026-08-21T22:41:40.3035892-05:00" testType="13cdc9d9-ddb5-4fa4-a97d-d965ccfc6d4b" outcome="Passed" testListId="8c84fa94-04c1-424b-9868-57a2d4851a1d" relativeResultsDirectory="97a0c377-8f66-4c4f-accc-a037009a06d9" />
    <UnitTestResult executionId="1b890b7c-6456-4c36-88e7-a34370c26e70" testId="dfe07778-974c-5237-57e7-e166dc24d5be" testName="McpServer.PluginIntegration.Tests.PluginSessionLogWorkflowAdapterTests.Theory_Agent_BootstrapBeginAppendComplete_CapturesIdsCacheShaReceipt(hostKind: Copilot)" computerName="PAYTON-LEGION2" duration="00:00:14.2024598" startTime="2026-08-21T22:43:19.1401939-05:00" endTime="2026-08-21T22:43:33.3427343-05:00" testType="13cdc9d9-ddb5-4fa4-a97d-d965ccfc6d4b" outcome="Passed" testListId="8c84fa94-04c1-424b-9868-57a2d4851a1d" relativeResultsDirectory="1b890b7c-6456-4c36-88e7-a34370c26e70" />
    <UnitTestResult executionId="2fbfee28-54a3-44ea-b06f-accd3ef17bfa" testId="b4a57976-1c8f-4410-0825-5899e07a7661" testName="McpServer.PluginIntegration.Tests.PluginSessionLogCatalogTests.Catalog_UniqueAgentSourceCache" computerName="PAYTON-LEGION2" duration="00:00:00.0020069" startTime="2026-08-21T22:41:16.7963491-05:00" endTime="2026-08-21T22:41:16.7984456-05:00" testType="13cdc9d9-ddb5-4fa4-a97d-d965ccfc6d4b" outcome="Passed" testListId="8c84fa94-04c1-424b-9868-57a2d4851a1d" relativeResultsDirectory="2fbfee28-54a3-44ea-b06f-accd3ef17bfa" />
    <UnitTestResult executionId="30f76ed2-99da-4a86-8b00-b6a31302948a" testId="0aac579d-c81e-7ee5-1d52-2c40b8fd390e" testName="McpServer.PluginIntegration.Tests.PluginHostProcessAdapterTests.Adapter_CapturesExecutableArgsStdinEnvCwdTimeoutExitStdoutStderr(hostKind: ClaudeCowork)" computerName="PAYTON-LEGION2" duration="00:00:00.0018052" startTime="2026-08-21T22:47:22.5953006-05:00" endTime="2026-08-21T22:47:22.5971774-05:00" testType="13cdc9d9-ddb5-4fa4-a97d-d965ccfc6d4b" outcome="Passed" testListId="8c84fa94-04c1-424b-9868-57a2d4851a1d" relativeResultsDirectory="30f76ed2-99da-4a86-8b00-b6a31302948a" />
    <UnitTestResult executionId="af450316-2016-48ea-a191-2b6db6be188d" testId="c2db256a-e7c9-78d2-d025-8768c4c06997" testName="McpServer.PluginIntegration.Tests.PluginHostProcessAdapterTests.Adapter_CapturesExecutableArgsStdinEnvCwdTimeoutExitStdoutStderr(hostKind: Cline)" computerName="PAYTON-LEGION2" duration="00:00:00.0007233" startTime="2026-08-21T22:47:22.5989070-05:00" endTime="2026-08-21T22:47:22.5996656-05:00" testType="13cdc9d9-ddb5-4fa4-a97d-d965ccfc6d4b" outcome="Passed" testListId="8c84fa94-04c1-424b-9868-57a2d4851a1d" relativeResultsDirectory="af450316-2016-48ea-a191-2b6db6be188d" />
    <UnitTestResult executionId="cc589d11-5b6f-4483-9dbf-1319e56f5712" testId="ea7b6ece-0962-3f6e-2f12-6af4f92b3a17" testName="McpServer.PluginIntegration.Tests.PluginSessionLogWorkflowAdapterTests.Theory_Agent_ServerQuery_SourceTypeIdsActionDialogCompletedWorkspace(hostKind: OpenCode)" computerName="PAYTON-LEGION2" duration="00:00:13.3863485" startTime="2026-08-21T22:46:40.1562533-05:00" endTime="2026-08-21T22:46:53.5426869-05:00" testType="13cdc9d9-ddb5-4fa4-a97d-d965ccfc6d4b" outcome="Passed" testListId="8c84fa94-04c1-424b-9868-57a2d4851a1d" relativeResultsDirectory="cc589d11-5b6f-4483-9dbf-1319e56f5712" />
    <UnitTestResult executionId="0ba6fbba-270d-42ac-bb3b-3923a72ab219" testId="def48c40-4c91-19e5-0c50-98e3e0e06542" testName="McpServer.PluginIntegration.Tests.PluginHostProcessAdapterTests.Adapter_CodexAndPowerShellHook_UseDeclaredEntrypoint(hostKind: Copilot)" computerName="PAYTON-LEGION2" duration="00:00:00.0014849" startTime="2026-08-21T22:47:22.6118313-05:00" endTime="2026-08-21T22:47:22.6133691-05:00" testType="13cdc9d9-ddb5-4fa4-a97d-d965ccfc6d4b" outcome="Passed" testListId="8c84fa94-04c1-424b-9868-57a2d4851a1d" relativeResultsDirectory="0ba6fbba-270d-42ac-bb3b-3923a72ab219" />
  </Results>
  <TestDefinitions>
    <UnitTest name="McpServer.PluginIntegration.Tests.PluginSessionLogCatalogTests.Catalog_SupportedHostKinds" storage="f:\github\mcpserver\tests\mcpserver.pluginintegration.tests\bin\debug\net10.0\mcpserver.pluginintegration.tests.dll" id="a6213a20-b401-20f3-7b2f-1044dcf1bcfe">
      <Execution id="581d1926-a55d-4f4f-84c9-0c94cead4132" />
      <TestMethod codeBase="F:\GitHub\McpServer\tests\McpServer.PluginIntegration.Tests\bin\Debug\net10.0\McpServer.PluginIntegration.Tests.dll" adapterTypeName="executor://xunit/VsTestRunner3/netcore/" className="McpServer.PluginIntegration.Tests.PluginSessionLogCatalogTests" name="Catalog_SupportedHostKinds" />
    </UnitTest>
    <UnitTest name="McpServer.PluginIntegration.Tests.PluginIntegrationServerFixtureTests.ServerFixture_SelectsFreePort" storage="f:\github\mcpserver\tests\mcpserver.pluginintegration.tests\bin\debug\net10.0\mcpserver.pluginintegration.tests.dll" id="3432ff42-672e-0305-93be-fe61923bb416">
      <Execution id="eb83332e-5664-4347-888a-45d1d19094e3" />
      <TestMethod codeBase="F:\GitHub\McpServer\tests\McpServer.PluginIntegration.Tests\bin\Debug\net10.0\McpServer.PluginIntegration.Tests.dll" adapterTypeName="executor://xunit/VsTestRunner3/netcore/" className="McpServer.PluginIntegration.Tests.PluginIntegrationServerFixtureTests" name="ServerFixture_SelectsFreePort" />
    </UnitTest>
    <UnitTest name="McpServer.PluginIntegration.Tests.PluginHostProcessAdapterTests.Adapter_CapturesExecutableArgsStdinEnvCwdTimeoutExitStdoutStderr(hostKind: ClaudeCode)" storage="f:\github\mcpserver\tests\mcpserver.pluginintegration.tests\bin\debug\net10.0\mcpserver.pluginintegration.tests.dll" id="3b1b35d6-04b5-ae89-94b3-1a72cf86a187">
      <Execution id="92949004-7fdb-4b19-aa25-45357e70b33b" />
      <TestMethod codeBase="F:\GitHub\McpServer\tests\McpServer.PluginIntegration.Tests\bin\Debug\net10.0\McpServer.PluginIntegration.Tests.dll" adapterTypeName="executor://xunit/VsTestRunner3/netcore/" className="McpServer.PluginIntegration.Tests.PluginHostProcessAdapterTests" name="Adapter_CapturesExecutableArgsStdinEnvCwdTimeoutExitStdoutStderr" />
    </UnitTest>
    <UnitTest name="McpServer.PluginIntegration.Tests.PluginHostProcessAdapterTests.Adapter_CapturesExecutableArgsStdinEnvCwdTimeoutExitStdoutStderr(hostKind: ClaudeCowork)" storage="f:\github\mcpserver\tests\mcpserver.pluginintegration.tests\bin\debug\net10.0\mcpserver.pluginintegration.tests.dll" id="0aac579d-c81e-7ee5-1d52-2c40b8fd390e">
      <Execution id="30f76ed2-99da-4a86-8b00-b6a31302948a" />
      <TestMethod codeBase="F:\GitHub\McpServer\tests\McpServer.PluginIntegration.Tests\bin\Debug\net10.0\McpServer.PluginIntegration.Tests.dll" adapterTypeName="executor://xunit/VsTestRunner3/netcore/" className="McpServer.PluginIntegration.Tests.PluginHostProcessAdapterTests" name="Adapter_CapturesExecutableArgsStdinEnvCwdTimeoutExitStdoutStderr" />
    </UnitTest>
    <UnitTest name="McpServer.PluginIntegration.Tests.PluginHostProcessAdapterTests.Adapter_CodexAndPowerShellHook_UseDeclaredEntrypoint(hostKind: ClaudeCode)" storage="f:\github\mcpserver\tests\mcpserver.pluginintegration.tests\bin\debug\net10.0\mcpserver.pluginintegration.tests.dll" id="2743f923-77bb-a451-9de7-de3ee9035cab">
      <Execution id="a436d1ea-7ea1-4132-afb1-62e1b5b211db" />
      <TestMethod codeBase="F:\GitHub\McpServer\tests\McpServer.PluginIntegration.Tests\bin\Debug\net10.0\McpServer.PluginIntegration.Tests.dll" adapterTypeName="executor://xunit/VsTestRunner3/netcore/" className="McpServer.PluginIntegration.Tests.PluginHostProcessAdapterTests" name="Adapter_CodexAndPowerShellHook_UseDeclaredEntrypoint" />
    </UnitTest>
    <UnitTest name="McpServer.PluginIntegration.Tests.PluginHostProcessAdapterTests.Adapter_ClineV1_StdioSessionLogTools" storage="f:\github\mcpserver\tests\mcpserver.pluginintegration.tests\bin\debug\net10.0\mcpserver.pluginintegration.tests.dll" id="de836faf-c2ef-8605-ac5c-f4369adbdd78">
      <Execution id="7b9ec646-fe2f-43c3-9aad-9d05d216a752" />
      <TestMethod codeBase="F:\GitHub\McpServer\tests\McpServer.PluginIntegration.Tests\bin\Debug\net10.0\McpServer.PluginIntegration.Tests.dll" adapterTypeName="executor://xunit/VsTestRunner3/netcore/" className="McpServer.PluginIntegration.Tests.PluginHostProcessAdapterTests" name="Adapter_ClineV1_StdioSessionLogTools" />
    </UnitTest>
    <UnitTest name="McpServer.PluginIntegration.Tests.PluginHostProcessAdapterTests.Adapter_CapturesExecutableArgsStdinEnvCwdTimeoutExitStdoutStderr(hostKind: OpenCode)" storage="f:\github\mcpserver\tests\mcpserver.pluginintegration.tests\bin\debug\net10.0\mcpserver.pluginintegration.tests.dll" id="1d184306-ca46-c995-1980-88e55b415255">
      <Execution id="3cd0dbc6-bee6-4ba7-b9f1-0afd2e15c496" />
      <TestMethod codeBase="F:\GitHub\McpServer\tests\McpServer.PluginIntegration.Tests\bin\Debug\net10.0\McpServer.PluginIntegration.Tests.dll" adapterTypeName="executor://xunit/VsTestRunner3/netcore/" className="McpServer.PluginIntegration.Tests.PluginHostProcessAdapterTests" name="Adapter_CapturesExecutableArgsStdinEnvCwdTimeoutExitStdoutStderr" />
    </UnitTest>
    <UnitTest name="McpServer.PluginIntegration.Tests.PluginHostProcessAdapterTests.Adapter_CapturesExecutableArgsStdinEnvCwdTimeoutExitStdoutStderr(hostKind: Cline)" storage="f:\github\mcpserver\tests\mcpserver.pluginintegration.tests\bin\debug\net10.0\mcpserver.pluginintegration.tests.dll" id="c2db256a-e7c9-78d2-d025-8768c4c06997">
      <Execution id="af450316-2016-48ea-a191-2b6db6be188d" />
      <TestMethod codeBase="F:\GitHub\McpServer\tests\McpServer.PluginIntegration.Tests\bin\Debug\net10.0\McpServer.PluginIntegration.Tests.dll" adapterTypeName="executor://xunit/VsTestRunner3/netcore/" className="McpServer.PluginIntegration.Tests.PluginHostProcessAdapterTests" name="Adapter_CapturesExecutableArgsStdinEnvCwdTimeoutExitStdoutStderr" />
    </UnitTest>
    <UnitTest name="McpServer.PluginIntegration.Tests.PluginSessionLogWorkflowAdapterTests.Theory_Agent_ServerQuery_SourceTypeIdsActionDialogCompletedWorkspace(hostKind: ClaudeCowork)" storage="f:\github\mcpserver\tests\mcpserver.pluginintegration.tests\bin\debug\net10.0\mcpserver.pluginintegration.tests.dll" id="7ac3eb7d-db64-9b1e-5e55-d56d29d72896">
      <Execution id="942f68b1-8994-4611-8fed-e8b67947f5a6" />
      <TestMethod codeBase="F:\GitHub\McpServer\tests\McpServer.PluginIntegration.Tests\bin\Debug\net10.0\McpServer.PluginIntegration.Tests.dll" adapterTypeName="executor://xunit/VsTestRunner3/netcore/" className="McpServer.PluginIntegration.Tests.PluginSessionLogWorkflowAdapterTests" name="Theory_Agent_ServerQuery_SourceTypeIdsActionDialogCompletedWorkspace" />
    </UnitTest>
    <UnitTest name="McpServer.PluginIntegration.Tests.PluginSessionLogWorkflowAdapterTests.Theory_Agent_BootstrapBeginAppendComplete_CapturesIdsCacheShaReceipt(hostKind: OpenCode)" storage="f:\github\mcpserver\tests\mcpserver.pluginintegration.tests\bin\debug\net10.0\mcpserver.pluginintegration.tests.dll" id="214c533b-e35d-af2c-d63a-736af10b7347">
      <Execution id="97a0c377-8f66-4c4f-accc-a037009a06d9" />
      <TestMethod codeBase="F:\GitHub\McpServer\tests\McpServer.PluginIntegration.Tests\bin\Debug\net10.0\McpServer.PluginIntegration.Tests.dll" adapterTypeName="executor://xunit/VsTestRunner3/netcore/" className="McpServer.PluginIntegration.Tests.PluginSessionLogWorkflowAdapterTests" name="Theory_Agent_BootstrapBeginAppendComplete_CapturesIdsCacheShaReceipt" />
    </UnitTest>
    <UnitTest name="McpServer.PluginIntegration.Tests.PluginSessionLogWorkflowAdapterTests.Theory_Agent_ServerQuery_SourceTypeIdsActionDialogCompletedWorkspace(hostKind: ClineV2)" storage="f:\github\mcpserver\tests\mcpserver.pluginintegration.tests\bin\debug\net10.0\mcpserver.pluginintegration.tests.dll" id="435990bf-96b1-fe49-8bcc-358ae91e2ddb">
      <Execution id="17123b76-e6a0-48a9-9962-9ff53803ddf0" />
      <TestMethod codeBase="F:\GitHub\McpServer\tests\McpServer.PluginIntegration.Tests\bin\Debug\net10.0\McpServer.PluginIntegration.Tests.dll" adapterTypeName="executor://xunit/VsTestRunner3/netcore/" className="McpServer.PluginIntegration.Tests.PluginSessionLogWorkflowAdapterTests" name="Theory_Agent_ServerQuery_SourceTypeIdsActionDialogCompletedWorkspace" />
    </UnitTest>
    <UnitTest name="McpServer.PluginIntegration.Tests.PluginSessionLogWorkflowAdapterTests.Theory_Agent_ServerQuery_SourceTypeIdsActionDialogCompletedWorkspace(hostKind: Codex)" storage="f:\github\mcpserver\tests\mcpserver.pluginintegration.tests\bin\debug\net10.0\mcpserver.pluginintegration.tests.dll" id="c4c58014-3ecf-f48a-089a-d2f96e5fc65c">
      <Execution id="f651eb84-6609-4c44-84f1-fb5dbdc2cbf1" />
      <TestMethod codeBase="F:\GitHub\McpServer\tests\McpServer.PluginIntegration.Tests\bin\Debug\net10.0\McpServer.PluginIntegration.Tests.dll" adapterTypeName="executor://xunit/VsTestRunner3/netcore/" className="McpServer.PluginIntegration.Tests.PluginSessionLogWorkflowAdapterTests" name="Theory_Agent_ServerQuery_SourceTypeIdsActionDialogCompletedWorkspace" />
    </UnitTest>
    <UnitTest name="McpServer.PluginIntegration.Tests.PluginSessionLogWorkflowAdapterTests.Theory_EachScenario_FailsUntilAdapterOperational(hostKind: ClaudeCowork)" storage="f:\github\mcpserver\tests\mcpserver.pluginintegration.tests\bin\debug\net10.0\mcpserver.pluginintegration.tests.dll" id="2434cb13-4114-67c3-47b5-5afa807d5854">
      <Execution id="8caa1a4c-a00a-40bd-86a5-dd3f3ac222f4" />
      <TestMethod codeBase="F:\GitHub\McpServer\tests\McpServer.PluginIntegration.Tests\bin\Debug\net10.0\McpServer.PluginIntegration.Tests.dll" adapterTypeName="executor://xunit/VsTestRunner3/netcore/" className="McpServer.PluginIntegration.Tests.PluginSessionLogWorkflowAdapterTests" name="Theory_EachScenario_FailsUntilAdapterOperational" />
    </UnitTest>
    <UnitTest name="McpServer.PluginIntegration.Tests.PluginHostProcessAdapterTests.Adapter_CodexAndPowerShellHook_UseDeclaredEntrypoint(hostKind: ClaudeCowork)" storage="f:\github\mcpserver\tests\mcpserver.pluginintegration.tests\bin\debug\net10.0\mcpserver.pluginintegration.tests.dll" id="2e8fd848-d1c0-5afc-6f97-94242fd6a63d">
      <Execution id="e4db9590-eda8-4a2d-924c-f733a401959f" />
      <TestMethod codeBase="F:\GitHub\McpServer\tests\McpServer.PluginIntegration.Tests\bin\Debug\net10.0\McpServer.PluginIntegration.Tests.dll" adapterTypeName="executor://xunit/VsTestRunner3/netcore/" className="McpServer.PluginIntegration.Tests.PluginHostProcessAdapterTests" name="Adapter_CodexAndPowerShellHook_UseDeclaredEntrypoint" />
    </UnitTest>
    <UnitTest name="McpServer.PluginIntegration.Tests.PluginSessionLogWorkflowAdapterTests.Theory_Agent_ServerQuery_SourceTypeIdsActionDialogCompletedWorkspace(hostKind: Cline)" storage="f:\github\mcpserver\tests\mcpserver.pluginintegration.tests\bin\debug\net10.0\mcpserver.pluginintegration.tests.dll" id="a440ec51-ea3d-f0be-15f4-967977cfd350">
      <Execution id="9776c542-d663-4201-8deb-61b8868a2cf5" />
      <TestMethod codeBase="F:\GitHub\McpServer\tests\McpServer.PluginIntegration.Tests\bin\Debug\net10.0\McpServer.PluginIntegration.Tests.dll" adapterTypeName="executor://xunit/VsTestRunner3/netcore/" className="McpServer.PluginIntegration.Tests.PluginSessionLogWorkflowAdapterTests" name="Theory_Agent_ServerQuery_SourceTypeIdsActionDialogCompletedWorkspace" />
    </UnitTest>
    <UnitTest name="McpServer.PluginIntegration.Tests.PluginIntegrationServerFixtureTests.ServerFixture_DeterministicCleanup" storage="f:\github\mcpserver\tests\mcpserver.pluginintegration.tests\bin\debug\net10.0\mcpserver.pluginintegration.tests.dll" id="1f4e1cd2-19d1-ace8-030c-fad1d9c42b3e">
      <Execution id="1ad9896f-89eb-4f2b-b814-9da42e8ff7a1" />
      <TestMethod codeBase="F:\GitHub\McpServer\tests\McpServer.PluginIntegration.Tests\bin\Debug\net10.0\McpServer.PluginIntegration.Tests.dll" adapterTypeName="executor://xunit/VsTestRunner3/netcore/" className="McpServer.PluginIntegration.Tests.PluginIntegrationServerFixtureTests" name="ServerFixture_DeterministicCleanup" />
    </UnitTest>
    <UnitTest name="McpServer.PluginIntegration.Tests.PluginIntegrationServerFixtureTests.ServerFixture_CreatesIsolatedTempWorkspaceAndDatabase" storage="f:\github\mcpserver\tests\mcpserver.pluginintegration.tests\bin\debug\net10.0\mcpserver.pluginintegration.tests.dll" id="d5ed6bcc-b2a2-fa00-fe59-167759f6bb33">
      <Execution id="e75b9c87-723d-42d5-9c0b-1bed424c460c" />
      <TestMethod codeBase="F:\GitHub\McpServer\tests\McpServer.PluginIntegration.Tests\bin\Debug\net10.0\McpServer.PluginIntegration.Tests.dll" adapterTypeName="executor://xunit/VsTestRunner3/netcore/" className="McpServer.PluginIntegration.Tests.PluginIntegrationServerFixtureTests" name="ServerFixture_CreatesIsolatedTempWorkspaceAndDatabase" />
    </UnitTest>
    <UnitTest name="McpServer.PluginIntegration.Tests.PluginIntegrationServerFixtureTests.ServerFixture_CreatesMarker" storage="f:\github\mcpserver\tests\mcpserver.pluginintegration.tests\bin\debug\net10.0\mcpserver.pluginintegration.tests.dll" id="9676f0d0-5f41-a32c-c2d9-8828d86f7808">
      <Execution id="d36ecee0-db0c-4f58-8c32-2d007cc70665" />
      <TestMethod codeBase="F:\GitHub\McpServer\tests\McpServer.PluginIntegration.Tests\bin\Debug\net10.0\McpServer.PluginIntegration.Tests.dll" adapterTypeName="executor://xunit/VsTestRunner3/netcore/" className="McpServer.PluginIntegration.Tests.PluginIntegrationServerFixtureTests" name="ServerFixture_CreatesMarker" />
    </UnitTest>
    <UnitTest name="McpServer.PluginIntegration.Tests.PluginIntegrationServerFixtureTests.ServerFixture_SignatureAndNonceTrust" storage="f:\github\mcpserver\tests\mcpserver.pluginintegration.tests\bin\debug\net10.0\mcpserver.pluginintegration.tests.dll" id="87979b5e-268c-e227-3bdf-1cbbf14997ac">
      <Execution id="26d9cf06-6aca-4d63-a4c9-2254836fb175" />
      <TestMethod codeBase="F:\GitHub\McpServer\tests\McpServer.PluginIntegration.Tests\bin\Debug\net10.0\McpServer.PluginIntegration.Tests.dll" adapterTypeName="executor://xunit/VsTestRunner3/netcore/" className="McpServer.PluginIntegration.Tests.PluginIntegrationServerFixtureTests" name="ServerFixture_SignatureAndNonceTrust" />
    </UnitTest>
    <UnitTest name="McpServer.PluginIntegration.Tests.PluginHostProcessAdapterTests.Adapter_ClineV2AndOpenCode_UseProductionExport(hostKind: OpenCode)" storage="f:\github\mcpserver\tests\mcpserver.pluginintegration.tests\bin\debug\net10.0\mcpserver.pluginintegration.tests.dll" id="37b23830-eb36-269d-32da-331714bb6f30">
      <Execution id="8efd07cc-0ebe-4c59-91e2-4b63f1fe5ab5" />
      <TestMethod codeBase="F:\GitHub\McpServer\tests\McpServer.PluginIntegration.Tests\bin\Debug\net10.0\McpServer.PluginIntegration.Tests.dll" adapterTypeName="executor://xunit/VsTestRunner3/netcore/" className="McpServer.PluginIntegration.Tests.PluginHostProcessAdapterTests" name="Adapter_ClineV2AndOpenCode_UseProductionExport" />
    </UnitTest>
    <UnitTest name="McpServer.PluginIntegration.Tests.PluginSessionLogWorkflowAdapterTests.Theory_EachScenario_FailsUntilAdapterOperational(hostKind: OpenCode)" storage="f:\github\mcpserver\tests\mcpserver.pluginintegration.tests\bin\debug\net10.0\mcpserver.pluginintegration.tests.dll" id="10e57566-829a-b4ad-f03a-530076be589d">
      <Execution id="335dee79-a166-4be6-b18a-124958a248dc" />
      <TestMethod codeBase="F:\GitHub\McpServer\tests\McpServer.PluginIntegration.Tests\bin\Debug\net10.0\McpServer.PluginIntegration.Tests.dll" adapterTypeName="executor://xunit/VsTestRunner3/netcore/" className="McpServer.PluginIntegration.Tests.PluginSessionLogWorkflowAdapterTests" name="Theory_EachScenario_FailsUntilAdapterOperational" />
    </UnitTest>
    <UnitTest name="McpServer.PluginIntegration.Tests.PluginHostProcessAdapterTests.Adapter_CodexAndPowerShellHook_UseDeclaredEntrypoint(hostKind: Copilot)" storage="f:\github\mcpserver\tests\mcpserver.pluginintegration.tests\bin\debug\net10.0\mcpserver.pluginintegration.tests.dll" id="def48c40-4c91-19e5-0c50-98e3e0e06542">
      <Execution id="0ba6fbba-270d-42ac-bb3b-3923a72ab219" />
      <TestMethod codeBase="F:\GitHub\McpServer\tests\McpServer.PluginIntegration.Tests\bin\Debug\net10.0\McpServer.PluginIntegration.Tests.dll" adapterTypeName="executor://xunit/VsTestRunner3/netcore/" className="McpServer.PluginIntegration.Tests.PluginHostProcessAdapterTests" name="Adapter_CodexAndPowerShellHook_UseDeclaredEntrypoint" />
    </UnitTest>
    <UnitTest name="McpServer.PluginIntegration.Tests.PluginSessionLogWorkflowAdapterTests.Theory_Agent_ServerQuery_SourceTypeIdsActionDialogCompletedWorkspace(hostKind: ClaudeCode)" storage="f:\github\mcpserver\tests\mcpserver.pluginintegration.tests\bin\debug\net10.0\mcpserver.pluginintegration.tests.dll" id="d793dd0f-915d-0cf0-b819-8b09e14adb02">
      <Execution id="b4fd645f-08c0-4e3f-bee2-96afbd4f03fb" />
      <TestMethod codeBase="F:\GitHub\McpServer\tests\McpServer.PluginIntegration.Tests\bin\Debug\net10.0\McpServer.PluginIntegration.Tests.dll" adapterTypeName="executor://xunit/VsTestRunner3/netcore/" className="McpServer.PluginIntegration.Tests.PluginSessionLogWorkflowAdapterTests" name="Theory_Agent_ServerQuery_SourceTypeIdsActionDialogCompletedWorkspace" />
    </UnitTest>
    <UnitTest name="McpServer.PluginIntegration.Tests.PluginSessionLogCatalogTests.Catalog_ExactlyEightEnabled" storage="f:\github\mcpserver\tests\mcpserver.pluginintegration.tests\bin\debug\net10.0\mcpserver.pluginintegration.tests.dll" id="a1a83450-289c-1f21-5189-fd8a02f92b69">
      <Execution id="ea379f44-d46d-40ae-ab25-4b4214e96c18" />
      <TestMethod codeBase="F:\GitHub\McpServer\tests\McpServer.PluginIntegration.Tests\bin\Debug\net10.0\McpServer.PluginIntegration.Tests.dll" adapterTypeName="executor://xunit/VsTestRunner3/netcore/" className="McpServer.PluginIntegration.Tests.PluginSessionLogCatalogTests" name="Catalog_ExactlyEightEnabled" />
    </UnitTest>
    <UnitTest name="McpServer.PluginIntegration.Tests.PluginSessionLogCatalogTests.Catalog_RepositoryRootsExist" storage="f:\github\mcpserver\tests\mcpserver.pluginintegration.tests\bin\debug\net10.0\mcpserver.pluginintegration.tests.dll" id="93bddd0a-6593-1efb-c454-577812c2cc12">
      <Execution id="10ffb392-0e07-4730-aeaf-231fbdc641a9" />
      <TestMethod codeBase="F:\GitHub\McpServer\tests\McpServer.PluginIntegration.Tests\bin\Debug\net10.0\McpServer.PluginIntegration.Tests.dll" adapterTypeName="executor://xunit/VsTestRunner3/netcore/" className="McpServer.PluginIntegration.Tests.PluginSessionLogCatalogTests" name="Catalog_RepositoryRootsExist" />
    </UnitTest>
    <UnitTest name="McpServer.PluginIntegration.Tests.PluginHostProcessAdapterTests.Adapter_ClineV2AndOpenCode_UseProductionExport(hostKind: ClineV2)" storage="f:\github\mcpserver\tests\mcpserver.pluginintegration.tests\bin\debug\net10.0\mcpserver.pluginintegration.tests.dll" id="89af7f04-effa-7eee-6cc0-e2d6a5bc271d">
      <Execution id="e54b4a3f-c85a-4978-b02d-96bc9f68bab0" />
      <TestMethod codeBase="F:\GitHub\McpServer\tests\McpServer.PluginIntegration.Tests\bin\Debug\net10.0\McpServer.PluginIntegration.Tests.dll" adapterTypeName="executor://xunit/VsTestRunner3/netcore/" className="McpServer.PluginIntegration.Tests.PluginHostProcessAdapterTests" name="Adapter_ClineV2AndOpenCode_UseProductionExport" />
    </UnitTest>
    <UnitTest name="McpServer.PluginIntegration.Tests.PluginSessionLogWorkflowAdapterTests.Theory_Agent_ServerQuery_SourceTypeIdsActionDialogCompletedWorkspace(hostKind: Grok)" storage="f:\github\mcpserver\tests\mcpserver.pluginintegration.tests\bin\debug\net10.0\mcpserver.pluginintegration.tests.dll" id="91171a61-fbe7-6209-e765-3b53652e89a8">
      <Execution id="a0cc829b-8cf2-4196-b4eb-7e5672748da0" />
      <TestMethod codeBase="F:\GitHub\McpServer\tests\McpServer.PluginIntegration.Tests\bin\Debug\net10.0\McpServer.PluginIntegration.Tests.dll" adapterTypeName="executor://xunit/VsTestRunner3/netcore/" className="McpServer.PluginIntegration.Tests.PluginSessionLogWorkflowAdapterTests" name="Theory_Agent_ServerQuery_SourceTypeIdsActionDialogCompletedWorkspace" />
    </UnitTest>
    <UnitTest name="McpServer.PluginIntegration.Tests.PluginSessionLogWorkflowAdapterTests.Theory_Agent_BootstrapBeginAppendComplete_CapturesIdsCacheShaReceipt(hostKind: ClaudeCowork)" storage="f:\github\mcpserver\tests\mcpserver.pluginintegration.tests\bin\debug\net10.0\mcpserver.pluginintegration.tests.dll" id="18ccb483-1f78-78f6-7f04-eea105e6f2fc">
      <Execution id="25b21a56-d4f1-42e2-95b5-f6f01caac225" />
      <TestMethod codeBase="F:\GitHub\McpServer\tests\McpServer.PluginIntegration.Tests\bin\Debug\net10.0\McpServer.PluginIntegration.Tests.dll" adapterTypeName="executor://xunit/VsTestRunner3/netcore/" className="McpServer.PluginIntegration.Tests.PluginSessionLogWorkflowAdapterTests" name="Theory_Agent_BootstrapBeginAppendComplete_CapturesIdsCacheShaReceipt" />
    </UnitTest>
    <UnitTest name="McpServer.PluginIntegration.Tests.PluginSessionLogWorkflowAdapterTests.Theory_Agent_BootstrapBeginAppendComplete_CapturesIdsCacheShaReceipt(hostKind: ClineV2)" storage="f:\github\mcpserver\tests\mcpserver.pluginintegration.tests\bin\debug\net10.0\mcpserver.pluginintegration.tests.dll" id="d94b6483-a8fe-7432-1f95-7b447d40ab43">
      <Execution id="ba9cb740-00e6-4f72-b285-b70146ef2e54" />
      <TestMethod codeBase="F:\GitHub\McpServer\tests\McpServer.PluginIntegration.Tests\bin\Debug\net10.0\McpServer.PluginIntegration.Tests.dll" adapterTypeName="executor://xunit/VsTestRunner3/netcore/" className="McpServer.PluginIntegration.Tests.PluginSessionLogWorkflowAdapterTests" name="Theory_Agent_BootstrapBeginAppendComplete_CapturesIdsCacheShaReceipt" />
    </UnitTest>
    <UnitTest name="McpServer.PluginIntegration.Tests.PluginSessionLogWorkflowAdapterTests.Theory_EachScenario_FailsUntilAdapterOperational(hostKind: Cline)" storage="f:\github\mcpserver\tests\mcpserver.pluginintegration.tests\bin\debug\net10.0\mcpserver.pluginintegration.tests.dll" id="71d44d28-4839-6bff-13df-574b04f76a59">
      <Execution id="08d2b02e-f930-4f39-9e13-d22c905d6d5f" />
      <TestMethod codeBase="F:\GitHub\McpServer\tests\McpServer.PluginIntegration.Tests\bin\Debug\net10.0\McpServer.PluginIntegration.Tests.dll" adapterTypeName="executor://xunit/VsTestRunner3/netcore/" className="McpServer.PluginIntegration.Tests.PluginSessionLogWorkflowAdapterTests" name="Theory_EachScenario_FailsUntilAdapterOperational" />
    </UnitTest>
    <UnitTest name="McpServer.PluginIntegration.Tests.PluginSessionLogWorkflowAdapterTests.Theory_Agent_BootstrapBeginAppendComplete_CapturesIdsCacheShaReceipt(hostKind: ClaudeCode)" storage="f:\github\mcpserver\tests\mcpserver.pluginintegration.tests\bin\debug\net10.0\mcpserver.pluginintegration.tests.dll" id="62e00820-0b4c-838e-9956-7938170992fc">
      <Execution id="f71c102a-3cc3-4c5e-a3c9-e79a7d688779" />
      <TestMethod codeBase="F:\GitHub\McpServer\tests\McpServer.PluginIntegration.Tests\bin\Debug\net10.0\McpServer.PluginIntegration.Tests.dll" adapterTypeName="executor://xunit/VsTestRunner3/netcore/" className="McpServer.PluginIntegration.Tests.PluginSessionLogWorkflowAdapterTests" name="Theory_Agent_BootstrapBeginAppendComplete_CapturesIdsCacheShaReceipt" />
    </UnitTest>
    <UnitTest name="McpServer.PluginIntegration.Tests.PluginHostProcessAdapterTests.Adapter_CodexAndPowerShellHook_UseDeclaredEntrypoint(hostKind: Grok)" storage="f:\github\mcpserver\tests\mcpserver.pluginintegration.tests\bin\debug\net10.0\mcpserver.pluginintegration.tests.dll" id="9352565e-1e2b-61f4-41fe-e7f688f70784">
      <Execution id="57c6df2c-8554-4f0a-969a-72442ba71862" />
      <TestMethod codeBase="F:\GitHub\McpServer\tests\McpServer.PluginIntegration.Tests\bin\Debug\net10.0\McpServer.PluginIntegration.Tests.dll" adapterTypeName="executor://xunit/VsTestRunner3/netcore/" className="McpServer.PluginIntegration.Tests.PluginHostProcessAdapterTests" name="Adapter_CodexAndPowerShellHook_UseDeclaredEntrypoint" />
    </UnitTest>
    <UnitTest name="McpServer.PluginIntegration.Tests.PluginSessionLogCatalogTests.Catalog_UniqueAgentSourceCache" storage="f:\github\mcpserver\tests\mcpserver.pluginintegration.tests\bin\debug\net10.0\mcpserver.pluginintegration.tests.dll" id="b4a57976-1c8f-4410-0825-5899e07a7661">
      <Execution id="2fbfee28-54a3-44ea-b06f-accd3ef17bfa" />
      <TestMethod codeBase="F:\GitHub\McpServer\tests\McpServer.PluginIntegration.Tests\bin\Debug\net10.0\McpServer.PluginIntegration.Tests.dll" adapterTypeName="executor://xunit/VsTestRunner3/netcore/" className="McpServer.PluginIntegration.Tests.PluginSessionLogCatalogTests" name="Catalog_UniqueAgentSourceCache" />
    </UnitTest>
    <UnitTest name="McpServer.PluginIntegration.Tests.PluginHostProcessAdapterTests.Adapter_CapturesExecutableArgsStdinEnvCwdTimeoutExitStdoutStderr(hostKind: Grok)" storage="f:\github\mcpserver\tests\mcpserver.pluginintegration.tests\bin\debug\net10.0\mcpserver.pluginintegration.tests.dll" id="259cc540-68dc-c0bc-63dc-08ee5851c9be">
      <Execution id="b1c333c7-7f0c-4721-84b4-6ff0d5b10e00" />
      <TestMethod codeBase="F:\GitHub\McpServer\tests\McpServer.PluginIntegration.Tests\bin\Debug\net10.0\McpServer.PluginIntegration.Tests.dll" adapterTypeName="executor://xunit/VsTestRunner3/netcore/" className="McpServer.PluginIntegration.Tests.PluginHostProcessAdapterTests" name="Adapter_CapturesExecutableArgsStdinEnvCwdTimeoutExitStdoutStderr" />
    </UnitTest>
    <UnitTest name="McpServer.PluginIntegration.Tests.PluginIntegrationServerFixtureTests.ServerFixture_HealthReady_ExposesTrustedMarkerAndClient" storage="f:\github\mcpserver\tests\mcpserver.pluginintegration.tests\bin\debug\net10.0\mcpserver.pluginintegration.tests.dll" id="73d43f4a-648c-801f-1b0b-6b4cb0b0dd10">
      <Execution id="aa3fb058-b2b6-48bc-8757-1fe42c009fbe" />
      <TestMethod codeBase="F:\GitHub\McpServer\tests\McpServer.PluginIntegration.Tests\bin\Debug\net10.0\McpServer.PluginIntegration.Tests.dll" adapterTypeName="executor://xunit/VsTestRunner3/netcore/" className="McpServer.PluginIntegration.Tests.PluginIntegrationServerFixtureTests" name="ServerFixture_HealthReady_ExposesTrustedMarkerAndClient" />
    </UnitTest>
    <UnitTest name="McpServer.PluginIntegration.Tests.PluginSessionLogWorkflowAdapterTests.Theory_Agent_ServerQuery_SourceTypeIdsActionDialogCompletedWorkspace(hostKind: Copilot)" storage="f:\github\mcpserver\tests\mcpserver.pluginintegration.tests\bin\debug\net10.0\mcpserver.pluginintegration.tests.dll" id="663eb62c-25be-b0f8-01d8-8c928bf4eff4">
      <Execution id="3038ad1f-cd79-41e1-a8ed-9a73d1745993" />
      <TestMethod codeBase="F:\GitHub\McpServer\tests\McpServer.PluginIntegration.Tests\bin\Debug\net10.0\McpServer.PluginIntegration.Tests.dll" adapterTypeName="executor://xunit/VsTestRunner3/netcore/" className="McpServer.PluginIntegration.Tests.PluginSessionLogWorkflowAdapterTests" name="Theory_Agent_ServerQuery_SourceTypeIdsActionDialogCompletedWorkspace" />
    </UnitTest>
    <UnitTest name="McpServer.PluginIntegration.Tests.PluginSessionLogWorkflowAdapterTests.Theory_EachScenario_FailsUntilAdapterOperational(hostKind: ClineV2)" storage="f:\github\mcpserver\tests\mcpserver.pluginintegration.tests\bin\debug\net10.0\mcpserver.pluginintegration.tests.dll" id="d42781b5-1df1-2439-9cae-15996a584dc2">
      <Execution id="14bdafdf-bc29-452b-b91e-f282a1400dff" />
      <TestMethod codeBase="F:\GitHub\McpServer\tests\McpServer.PluginIntegration.Tests\bin\Debug\net10.0\McpServer.PluginIntegration.Tests.dll" adapterTypeName="executor://xunit/VsTestRunner3/netcore/" className="McpServer.PluginIntegration.Tests.PluginSessionLogWorkflowAdapterTests" name="Theory_EachScenario_FailsUntilAdapterOperational" />
    </UnitTest>
    <UnitTest name="McpServer.PluginIntegration.Tests.PluginHostProcessAdapterTests.Adapter_CapturesExecutableArgsStdinEnvCwdTimeoutExitStdoutStderr(hostKind: ClineV2)" storage="f:\github\mcpserver\tests\mcpserver.pluginintegration.tests\bin\debug\net10.0\mcpserver.pluginintegration.tests.dll" id="fbe0ab7d-103a-2212-6706-b14331c649f7">
      <Execution id="d5b4ece5-3e49-4eef-a433-0b34235644c0" />
      <TestMethod codeBase="F:\GitHub\McpServer\tests\McpServer.PluginIntegration.Tests\bin\Debug\net10.0\McpServer.PluginIntegration.Tests.dll" adapterTypeName="executor://xunit/VsTestRunner3/netcore/" className="McpServer.PluginIntegration.Tests.PluginHostProcessAdapterTests" name="Adapter_CapturesExecutableArgsStdinEnvCwdTimeoutExitStdoutStderr" />
    </UnitTest>
    <UnitTest name="McpServer.PluginIntegration.Tests.PluginSessionLogWorkflowAdapterTests.Theory_Agent_BootstrapBeginAppendComplete_CapturesIdsCacheShaReceipt(hostKind: Cline)" storage="f:\github\mcpserver\tests\mcpserver.pluginintegration.tests\bin\debug\net10.0\mcpserver.pluginintegration.tests.dll" id="9f044f5f-c5bb-dc12-8d47-5af1a8dd1680">
      <Execution id="7739f53d-4276-42b5-a14a-a4fc12923736" />
      <TestMethod codeBase="F:\GitHub\McpServer\tests\McpServer.PluginIntegration.Tests\bin\Debug\net10.0\McpServer.PluginIntegration.Tests.dll" adapterTypeName="executor://xunit/VsTestRunner3/netcore/" className="McpServer.PluginIntegration.Tests.PluginSessionLogWorkflowAdapterTests" name="Theory_Agent_BootstrapBeginAppendComplete_CapturesIdsCacheShaReceipt" />
    </UnitTest>
    <UnitTest name="McpServer.PluginIntegration.Tests.PluginHostProcessAdapterTests.Adapter_CapturesExecutableArgsStdinEnvCwdTimeoutExitStdoutStderr(hostKind: Copilot)" storage="f:\github\mcpserver\tests\mcpserver.pluginintegration.tests\bin\debug\net10.0\mcpserver.pluginintegration.tests.dll" id="b67667f1-956c-b969-5aff-30951534807a">
      <Execution id="9bb63b81-c9fe-4efd-a5ff-95ee489874eb" />
      <TestMethod codeBase="F:\GitHub\McpServer\tests\McpServer.PluginIntegration.Tests\bin\Debug\net10.0\McpServer.PluginIntegration.Tests.dll" adapterTypeName="executor://xunit/VsTestRunner3/netcore/" className="McpServer.PluginIntegration.Tests.PluginHostProcessAdapterTests" name="Adapter_CapturesExecutableArgsStdinEnvCwdTimeoutExitStdoutStderr" />
    </UnitTest>
    <UnitTest name="McpServer.PluginIntegration.Tests.PluginSessionLogWorkflowAdapterTests.Theory_Agent_ServerQuery_SourceTypeIdsActionDialogCompletedWorkspace(hostKind: OpenCode)" storage="f:\github\mcpserver\tests\mcpserver.pluginintegration.tests\bin\debug\net10.0\mcpserver.pluginintegration.tests.dll" id="ea7b6ece-0962-3f6e-2f12-6af4f92b3a17">
      <Execution id="cc589d11-5b6f-4483-9dbf-1319e56f5712" />
      <TestMethod codeBase="F:\GitHub\McpServer\tests\McpServer.PluginIntegration.Tests\bin\Debug\net10.0\McpServer.PluginIntegration.Tests.dll" adapterTypeName="executor://xunit/VsTestRunner3/netcore/" className="McpServer.PluginIntegration.Tests.PluginSessionLogWorkflowAdapterTests" name="Theory_Agent_ServerQuery_SourceTypeIdsActionDialogCompletedWorkspace" />
    </UnitTest>
    <UnitTest name="McpServer.PluginIntegration.Tests.PluginSessionLogWorkflowAdapterTests.Theory_EachScenario_FailsUntilAdapterOperational(hostKind: Codex)" storage="f:\github\mcpserver\tests\mcpserver.pluginintegration.tests\bin\debug\net10.0\mcpserver.pluginintegration.tests.dll" id="2aa3e527-2c65-85dc-a88a-083c1f3e85eb">
      <Execution id="2558441d-ce58-40ea-b60d-dfc0ccab17a3" />
      <TestMethod codeBase="F:\GitHub\McpServer\tests\McpServer.PluginIntegration.Tests\bin\Debug\net10.0\McpServer.PluginIntegration.Tests.dll" adapterTypeName="executor://xunit/VsTestRunner3/netcore/" className="McpServer.PluginIntegration.Tests.PluginSessionLogWorkflowAdapterTests" name="Theory_EachScenario_FailsUntilAdapterOperational" />
    </UnitTest>
    <UnitTest name="McpServer.PluginIntegration.Tests.PluginHostProcessAdapterTests.Adapter_CodexAndPowerShellHook_UseDeclaredEntrypoint(hostKind: Codex)" storage="f:\github\mcpserver\tests\mcpserver.pluginintegration.tests\bin\debug\net10.0\mcpserver.pluginintegration.tests.dll" id="3f1f706f-8607-0903-ba67-2e1e67ae1d37">
      <Execution id="e039cd17-f23f-48bb-846f-a66f018eadb8" />
      <TestMethod codeBase="F:\GitHub\McpServer\tests\McpServer.PluginIntegration.Tests\bin\Debug\net10.0\McpServer.PluginIntegration.Tests.dll" adapterTypeName="executor://xunit/VsTestRunner3/netcore/" className="McpServer.PluginIntegration.Tests.PluginHostProcessAdapterTests" name="Adapter_CodexAndPowerShellHook_UseDeclaredEntrypoint" />
    </UnitTest>
    <UnitTest name="McpServer.PluginIntegration.Tests.PluginSessionLogCatalogTests.Catalog_RequiredEntrypointFilesExist" storage="f:\github\mcpserver\tests\mcpserver.pluginintegration.tests\bin\debug\net10.0\mcpserver.pluginintegration.tests.dll" id="6edf857f-c350-109d-e751-78f29179f4c4">
      <Execution id="ceaab2e6-91b0-4f23-bde5-07e1b1f22e94" />
      <TestMethod codeBase="F:\GitHub\McpServer\tests\McpServer.PluginIntegration.Tests\bin\Debug\net10.0\McpServer.PluginIntegration.Tests.dll" adapterTypeName="executor://xunit/VsTestRunner3/netcore/" className="McpServer.PluginIntegration.Tests.PluginSessionLogCatalogTests" name="Catalog_RequiredEntrypointFilesExist" />
    </UnitTest>
    <UnitTest name="McpServer.PluginIntegration.Tests.PluginIntegrationServerFixtureTests.ServerFixture_StartupTimeout" storage="f:\github\mcpserver\tests\mcpserver.pluginintegration.tests\bin\debug\net10.0\mcpserver.pluginintegration.tests.dll" id="5bb017ac-c90e-9a36-e020-70d7c3733126">
      <Execution id="f0123a43-9356-4e56-9909-ddbb818697fa" />
      <TestMethod codeBase="F:\GitHub\McpServer\tests\McpServer.PluginIntegration.Tests\bin\Debug\net10.0\McpServer.PluginIntegration.Tests.dll" adapterTypeName="executor://xunit/VsTestRunner3/netcore/" className="McpServer.PluginIntegration.Tests.PluginIntegrationServerFixtureTests" name="ServerFixture_StartupTimeout" />
    </UnitTest>
    <UnitTest name="McpServer.PluginIntegration.Tests.PluginHostProcessAdapterTests.Adapter_CapturesExecutableArgsStdinEnvCwdTimeoutExitStdoutStderr(hostKind: Codex)" storage="f:\github\mcpserver\tests\mcpserver.pluginintegration.tests\bin\debug\net10.0\mcpserver.pluginintegration.tests.dll" id="cdf796ed-bc6b-71ea-3f00-7a7f97e87e29">
      <Execution id="02c53245-6589-4f6f-ab23-2bf3254539e6" />
      <TestMethod codeBase="F:\GitHub\McpServer\tests\McpServer.PluginIntegration.Tests\bin\Debug\net10.0\McpServer.PluginIntegration.Tests.dll" adapterTypeName="executor://xunit/VsTestRunner3/netcore/" className="McpServer.PluginIntegration.Tests.PluginHostProcessAdapterTests" name="Adapter_CapturesExecutableArgsStdinEnvCwdTimeoutExitStdoutStderr" />
    </UnitTest>
    <UnitTest name="McpServer.PluginIntegration.Tests.PluginSessionLogWorkflowAdapterTests.Theory_EachScenario_FailsUntilAdapterOperational(hostKind: ClaudeCode)" storage="f:\github\mcpserver\tests\mcpserver.pluginintegration.tests\bin\debug\net10.0\mcpserver.pluginintegration.tests.dll" id="92498341-6556-0681-f973-fb0ee9e18d9d">
      <Execution id="dd7a0ded-9893-45ba-bbbe-0d65945fb792" />
      <TestMethod codeBase="F:\GitHub\McpServer\tests\McpServer.PluginIntegration.Tests\bin\Debug\net10.0\McpServer.PluginIntegration.Tests.dll" adapterTypeName="executor://xunit/VsTestRunner3/netcore/" className="McpServer.PluginIntegration.Tests.PluginSessionLogWorkflowAdapterTests" name="Theory_EachScenario_FailsUntilAdapterOperational" />
    </UnitTest>
    <UnitTest name="McpServer.PluginIntegration.Tests.PluginSessionLogWorkflowAdapterTests.Theory_Agent_BootstrapBeginAppendComplete_CapturesIdsCacheShaReceipt(hostKind: Copilot)" storage="f:\github\mcpserver\tests\mcpserver.pluginintegration.tests\bin\debug\net10.0\mcpserver.pluginintegration.tests.dll" id="dfe07778-974c-5237-57e7-e166dc24d5be">
      <Execution id="1b890b7c-6456-4c36-88e7-a34370c26e70" />
      <TestMethod codeBase="F:\GitHub\McpServer\tests\McpServer.PluginIntegration.Tests\bin\Debug\net10.0\McpServer.PluginIntegration.Tests.dll" adapterTypeName="executor://xunit/VsTestRunner3/netcore/" className="McpServer.PluginIntegration.Tests.PluginSessionLogWorkflowAdapterTests" name="Theory_Agent_BootstrapBeginAppendComplete_CapturesIdsCacheShaReceipt" />
    </UnitTest>
    <UnitTest name="McpServer.PluginIntegration.Tests.PluginSessionLogWorkflowAdapterTests.Theory_Agent_BootstrapBeginAppendComplete_CapturesIdsCacheShaReceipt(hostKind: Codex)" storage="f:\github\mcpserver\tests\mcpserver.pluginintegration.tests\bin\debug\net10.0\mcpserver.pluginintegration.tests.dll" id="beb02ba7-b939-bae3-4c40-49acf425b66c">
      <Execution id="ee554f3f-5432-4cee-81cc-52aaa4b28ac7" />
      <TestMethod codeBase="F:\GitHub\McpServer\tests\McpServer.PluginIntegration.Tests\bin\Debug\net10.0\McpServer.PluginIntegration.Tests.dll" adapterTypeName="executor://xunit/VsTestRunner3/netcore/" className="McpServer.PluginIntegration.Tests.PluginSessionLogWorkflowAdapterTests" name="Theory_Agent_BootstrapBeginAppendComplete_CapturesIdsCacheShaReceipt" />
    </UnitTest>
    <UnitTest name="McpServer.PluginIntegration.Tests.PluginSessionLogWorkflowAdapterTests.Theory_EachScenario_FailsUntilAdapterOperational(hostKind: Grok)" storage="f:\github\mcpserver\tests\mcpserver.pluginintegration.tests\bin\debug\net10.0\mcpserver.pluginintegration.tests.dll" id="6a47fc12-3fd2-71eb-43f3-d58f01ca31db">
      <Execution id="b926c494-cf42-416a-9763-daddbcb54f9f" />
      <TestMethod codeBase="F:\GitHub\McpServer\tests\McpServer.PluginIntegration.Tests\bin\Debug\net10.0\McpServer.PluginIntegration.Tests.dll" adapterTypeName="executor://xunit/VsTestRunner3/netcore/" className="McpServer.PluginIntegration.Tests.PluginSessionLogWorkflowAdapterTests" name="Theory_EachScenario_FailsUntilAdapterOperational" />
    </UnitTest>
    <UnitTest name="McpServer.PluginIntegration.Tests.PluginSessionLogCatalogTests.Catalog_VersionMetadataPresent" storage="f:\github\mcpserver\tests\mcpserver.pluginintegration.tests\bin\debug\net10.0\mcpserver.pluginintegration.tests.dll" id="18d5a8a3-7892-c234-f03d-8f0549399f5f">
      <Execution id="e22e75a8-1607-4478-b488-bce9433b646a" />
      <TestMethod codeBase="F:\GitHub\McpServer\tests\McpServer.PluginIntegration.Tests\bin\Debug\net10.0\McpServer.PluginIntegration.Tests.dll" adapterTypeName="executor://xunit/VsTestRunner3/netcore/" className="McpServer.PluginIntegration.Tests.PluginSessionLogCatalogTests" name="Catalog_VersionMetadataPresent" />
    </UnitTest>
    <UnitTest name="McpServer.PluginIntegration.Tests.PluginSessionLogWorkflowAdapterTests.Theory_EachScenario_FailsUntilAdapterOperational(hostKind: Copilot)" storage="f:\github\mcpserver\tests\mcpserver.pluginintegration.tests\bin\debug\net10.0\mcpserver.pluginintegration.tests.dll" id="236c9f0a-5162-8715-aff3-f50a3225bd64">
      <Execution id="1d1759e9-a0ed-47be-9a9e-e7ca8265d2ee" />
      <TestMethod codeBase="F:\GitHub\McpServer\tests\McpServer.PluginIntegration.Tests\bin\Debug\net10.0\McpServer.PluginIntegration.Tests.dll" adapterTypeName="executor://xunit/VsTestRunner3/netcore/" className="McpServer.PluginIntegration.Tests.PluginSessionLogWorkflowAdapterTests" name="Theory_EachScenario_FailsUntilAdapterOperational" />
    </UnitTest>
    <UnitTest name="McpServer.PluginIntegration.Tests.PluginIntegrationProjectTests.PluginIntegrationProject_HasXmlDocsAndNonparallelCollection" storage="f:\github\mcpserver\tests\mcpserver.pluginintegration.tests\bin\debug\net10.0\mcpserver.pluginintegration.tests.dll" id="249e7608-e241-9d6b-5f9e-9784127451a5">
      <Execution id="821ee76e-30fa-4521-a8d1-2d9e5537d1dc" />
      <TestMethod codeBase="F:\GitHub\McpServer\tests\McpServer.PluginIntegration.Tests\bin\Debug\net10.0\McpServer.PluginIntegration.Tests.dll" adapterTypeName="executor://xunit/VsTestRunner3/netcore/" className="McpServer.PluginIntegration.Tests.PluginIntegrationProjectTests" name="PluginIntegrationProject_HasXmlDocsAndNonparallelCollection" />
    </UnitTest>
    <UnitTest name="McpServer.PluginIntegration.Tests.PluginSessionLogWorkflowAdapterTests.Theory_Agent_BootstrapBeginAppendComplete_CapturesIdsCacheShaReceipt(hostKind: Grok)" storage="f:\github\mcpserver\tests\mcpserver.pluginintegration.tests\bin\debug\net10.0\mcpserver.pluginintegration.tests.dll" id="6f70084d-3d86-bee3-a825-644e9f99bdbf">
      <Execution id="8839593f-de90-44a7-8722-7065992387c4" />
      <TestMethod codeBase="F:\GitHub\McpServer\tests\McpServer.PluginIntegration.Tests\bin\Debug\net10.0\McpServer.PluginIntegration.Tests.dll" adapterTypeName="executor://xunit/VsTestRunner3/netcore/" className="McpServer.PluginIntegration.Tests.PluginSessionLogWorkflowAdapterTests" name="Theory_Agent_BootstrapBeginAppendComplete_CapturesIdsCacheShaReceipt" />
    </UnitTest>
  </TestDefinitions>
  <TestEntries>
    <TestEntry testId="1f4e1cd2-19d1-ace8-030c-fad1d9c42b3e" executionId="1ad9896f-89eb-4f2b-b814-9da42e8ff7a1" testListId="8c84fa94-04c1-424b-9868-57a2d4851a1d" />
    <TestEntry testId="87979b5e-268c-e227-3bdf-1cbbf14997ac" executionId="26d9cf06-6aca-4d63-a4c9-2254836fb175" testListId="8c84fa94-04c1-424b-9868-57a2d4851a1d" />
    <TestEntry testId="6a47fc12-3fd2-71eb-43f3-d58f01ca31db" executionId="b926c494-cf42-416a-9763-daddbcb54f9f" testListId="8c84fa94-04c1-424b-9868-57a2d4851a1d" />
    <TestEntry testId="93bddd0a-6593-1efb-c454-577812c2cc12" executionId="10ffb392-0e07-4730-aeaf-231fbdc641a9" testListId="8c84fa94-04c1-424b-9868-57a2d4851a1d" />
    <TestEntry testId="89af7f04-effa-7eee-6cc0-e2d6a5bc271d" executionId="e54b4a3f-c85a-4978-b02d-96bc9f68bab0" testListId="8c84fa94-04c1-424b-9868-57a2d4851a1d" />
    <TestEntry testId="a6213a20-b401-20f3-7b2f-1044dcf1bcfe" executionId="581d1926-a55d-4f4f-84c9-0c94cead4132" testListId="8c84fa94-04c1-424b-9868-57a2d4851a1d" />
    <TestEntry testId="92498341-6556-0681-f973-fb0ee9e18d9d" executionId="dd7a0ded-9893-45ba-bbbe-0d65945fb792" testListId="8c84fa94-04c1-424b-9868-57a2d4851a1d" />
    <TestEntry testId="d42781b5-1df1-2439-9cae-15996a584dc2" executionId="14bdafdf-bc29-452b-b91e-f282a1400dff" testListId="8c84fa94-04c1-424b-9868-57a2d4851a1d" />
    <TestEntry testId="beb02ba7-b939-bae3-4c40-49acf425b66c" executionId="ee554f3f-5432-4cee-81cc-52aaa4b28ac7" testListId="8c84fa94-04c1-424b-9868-57a2d4851a1d" />
    <TestEntry testId="9352565e-1e2b-61f4-41fe-e7f688f70784" executionId="57c6df2c-8554-4f0a-969a-72442ba71862" testListId="8c84fa94-04c1-424b-9868-57a2d4851a1d" />
    <TestEntry testId="b67667f1-956c-b969-5aff-30951534807a" executionId="9bb63b81-c9fe-4efd-a5ff-95ee489874eb" testListId="8c84fa94-04c1-424b-9868-57a2d4851a1d" />
    <TestEntry testId="2e8fd848-d1c0-5afc-6f97-94242fd6a63d" executionId="e4db9590-eda8-4a2d-924c-f733a401959f" testListId="8c84fa94-04c1-424b-9868-57a2d4851a1d" />
    <TestEntry testId="71d44d28-4839-6bff-13df-574b04f76a59" executionId="08d2b02e-f930-4f39-9e13-d22c905d6d5f" testListId="8c84fa94-04c1-424b-9868-57a2d4851a1d" />
    <TestEntry testId="10e57566-829a-b4ad-f03a-530076be589d" executionId="335dee79-a166-4be6-b18a-124958a248dc" testListId="8c84fa94-04c1-424b-9868-57a2d4851a1d" />
    <TestEntry testId="9f044f5f-c5bb-dc12-8d47-5af1a8dd1680" executionId="7739f53d-4276-42b5-a14a-a4fc12923736" testListId="8c84fa94-04c1-424b-9868-57a2d4851a1d" />
    <TestEntry testId="62e00820-0b4c-838e-9956-7938170992fc" executionId="f71c102a-3cc3-4c5e-a3c9-e79a7d688779" testListId="8c84fa94-04c1-424b-9868-57a2d4851a1d" />
    <TestEntry testId="cdf796ed-bc6b-71ea-3f00-7a7f97e87e29" executionId="02c53245-6589-4f6f-ab23-2bf3254539e6" testListId="8c84fa94-04c1-424b-9868-57a2d4851a1d" />
    <TestEntry testId="a440ec51-ea3d-f0be-15f4-967977cfd350" executionId="9776c542-d663-4201-8deb-61b8868a2cf5" testListId="8c84fa94-04c1-424b-9868-57a2d4851a1d" />
    <TestEntry testId="3432ff42-672e-0305-93be-fe61923bb416" executionId="eb83332e-5664-4347-888a-45d1d19094e3" testListId="8c84fa94-04c1-424b-9868-57a2d4851a1d" />
    <TestEntry testId="6edf857f-c350-109d-e751-78f29179f4c4" executionId="ceaab2e6-91b0-4f23-bde5-07e1b1f22e94" testListId="8c84fa94-04c1-424b-9868-57a2d4851a1d" />
    <TestEntry testId="37b23830-eb36-269d-32da-331714bb6f30" executionId="8efd07cc-0ebe-4c59-91e2-4b63f1fe5ab5" testListId="8c84fa94-04c1-424b-9868-57a2d4851a1d" />
    <TestEntry testId="c4c58014-3ecf-f48a-089a-d2f96e5fc65c" executionId="f651eb84-6609-4c44-84f1-fb5dbdc2cbf1" testListId="8c84fa94-04c1-424b-9868-57a2d4851a1d" />
    <TestEntry testId="9676f0d0-5f41-a32c-c2d9-8828d86f7808" executionId="d36ecee0-db0c-4f58-8c32-2d007cc70665" testListId="8c84fa94-04c1-424b-9868-57a2d4851a1d" />
    <TestEntry testId="7ac3eb7d-db64-9b1e-5e55-d56d29d72896" executionId="942f68b1-8994-4611-8fed-e8b67947f5a6" testListId="8c84fa94-04c1-424b-9868-57a2d4851a1d" />
    <TestEntry testId="a1a83450-289c-1f21-5189-fd8a02f92b69" executionId="ea379f44-d46d-40ae-ab25-4b4214e96c18" testListId="8c84fa94-04c1-424b-9868-57a2d4851a1d" />
    <TestEntry testId="236c9f0a-5162-8715-aff3-f50a3225bd64" executionId="1d1759e9-a0ed-47be-9a9e-e7ca8265d2ee" testListId="8c84fa94-04c1-424b-9868-57a2d4851a1d" />
    <TestEntry testId="663eb62c-25be-b0f8-01d8-8c928bf4eff4" executionId="3038ad1f-cd79-41e1-a8ed-9a73d1745993" testListId="8c84fa94-04c1-424b-9868-57a2d4851a1d" />
    <TestEntry testId="2aa3e527-2c65-85dc-a88a-083c1f3e85eb" executionId="2558441d-ce58-40ea-b60d-dfc0ccab17a3" testListId="8c84fa94-04c1-424b-9868-57a2d4851a1d" />
    <TestEntry testId="1d184306-ca46-c995-1980-88e55b415255" executionId="3cd0dbc6-bee6-4ba7-b9f1-0afd2e15c496" testListId="8c84fa94-04c1-424b-9868-57a2d4851a1d" />
    <TestEntry testId="6f70084d-3d86-bee3-a825-644e9f99bdbf" executionId="8839593f-de90-44a7-8722-7065992387c4" testListId="8c84fa94-04c1-424b-9868-57a2d4851a1d" />
    <TestEntry testId="2743f923-77bb-a451-9de7-de3ee9035cab" executionId="a436d1ea-7ea1-4132-afb1-62e1b5b211db" testListId="8c84fa94-04c1-424b-9868-57a2d4851a1d" />
    <TestEntry testId="de836faf-c2ef-8605-ac5c-f4369adbdd78" executionId="7b9ec646-fe2f-43c3-9aad-9d05d216a752" testListId="8c84fa94-04c1-424b-9868-57a2d4851a1d" />
    <TestEntry testId="fbe0ab7d-103a-2212-6706-b14331c649f7" executionId="d5b4ece5-3e49-4eef-a433-0b34235644c0" testListId="8c84fa94-04c1-424b-9868-57a2d4851a1d" />
    <TestEntry testId="18d5a8a3-7892-c234-f03d-8f0549399f5f" executionId="e22e75a8-1607-4478-b488-bce9433b646a" testListId="8c84fa94-04c1-424b-9868-57a2d4851a1d" />
    <TestEntry testId="259cc540-68dc-c0bc-63dc-08ee5851c9be" executionId="b1c333c7-7f0c-4721-84b4-6ff0d5b10e00" testListId="8c84fa94-04c1-424b-9868-57a2d4851a1d" />
    <TestEntry testId="d94b6483-a8fe-7432-1f95-7b447d40ab43" executionId="ba9cb740-00e6-4f72-b285-b70146ef2e54" testListId="8c84fa94-04c1-424b-9868-57a2d4851a1d" />
    <TestEntry testId="d793dd0f-915d-0cf0-b819-8b09e14adb02" executionId="b4fd645f-08c0-4e3f-bee2-96afbd4f03fb" testListId="8c84fa94-04c1-424b-9868-57a2d4851a1d" />
    <TestEntry testId="2434cb13-4114-67c3-47b5-5afa807d5854" executionId="8caa1a4c-a00a-40bd-86a5-dd3f3ac222f4" testListId="8c84fa94-04c1-424b-9868-57a2d4851a1d" />
    <TestEntry testId="18ccb483-1f78-78f6-7f04-eea105e6f2fc" executionId="25b21a56-d4f1-42e2-95b5-f6f01caac225" testListId="8c84fa94-04c1-424b-9868-57a2d4851a1d" />
    <TestEntry testId="435990bf-96b1-fe49-8bcc-358ae91e2ddb" executionId="17123b76-e6a0-48a9-9962-9ff53803ddf0" testListId="8c84fa94-04c1-424b-9868-57a2d4851a1d" />
    <TestEntry testId="5bb017ac-c90e-9a36-e020-70d7c3733126" executionId="f0123a43-9356-4e56-9909-ddbb818697fa" testListId="8c84fa94-04c1-424b-9868-57a2d4851a1d" />
    <TestEntry testId="d5ed6bcc-b2a2-fa00-fe59-167759f6bb33" executionId="e75b9c87-723d-42d5-9c0b-1bed424c460c" testListId="8c84fa94-04c1-424b-9868-57a2d4851a1d" />
    <TestEntry testId="249e7608-e241-9d6b-5f9e-9784127451a5" executionId="821ee76e-30fa-4521-a8d1-2d9e5537d1dc" testListId="8c84fa94-04c1-424b-9868-57a2d4851a1d" />
    <TestEntry testId="3b1b35d6-04b5-ae89-94b3-1a72cf86a187" executionId="92949004-7fdb-4b19-aa25-45357e70b33b" testListId="8c84fa94-04c1-424b-9868-57a2d4851a1d" />
    <TestEntry testId="91171a61-fbe7-6209-e765-3b53652e89a8" executionId="a0cc829b-8cf2-4196-b4eb-7e5672748da0" testListId="8c84fa94-04c1-424b-9868-57a2d4851a1d" />
    <TestEntry testId="3f1f706f-8607-0903-ba67-2e1e67ae1d37" executionId="e039cd17-f23f-48bb-846f-a66f018eadb8" testListId="8c84fa94-04c1-424b-9868-57a2d4851a1d" />
    <TestEntry testId="73d43f4a-648c-801f-1b0b-6b4cb0b0dd10" executionId="aa3fb058-b2b6-48bc-8757-1fe42c009fbe" testListId="8c84fa94-04c1-424b-9868-57a2d4851a1d" />
    <TestEntry testId="214c533b-e35d-af2c-d63a-736af10b7347" executionId="97a0c377-8f66-4c4f-accc-a037009a06d9" testListId="8c84fa94-04c1-424b-9868-57a2d4851a1d" />
    <TestEntry testId="dfe07778-974c-5237-57e7-e166dc24d5be" executionId="1b890b7c-6456-4c36-88e7-a34370c26e70" testListId="8c84fa94-04c1-424b-9868-57a2d4851a1d" />
    <TestEntry testId="b4a57976-1c8f-4410-0825-5899e07a7661" executionId="2fbfee28-54a3-44ea-b06f-accd3ef17bfa" testListId="8c84fa94-04c1-424b-9868-57a2d4851a1d" />
    <TestEntry testId="0aac579d-c81e-7ee5-1d52-2c40b8fd390e" executionId="30f76ed2-99da-4a86-8b00-b6a31302948a" testListId="8c84fa94-04c1-424b-9868-57a2d4851a1d" />
    <TestEntry testId="c2db256a-e7c9-78d2-d025-8768c4c06997" executionId="af450316-2016-48ea-a191-2b6db6be188d" testListId="8c84fa94-04c1-424b-9868-57a2d4851a1d" />
    <TestEntry testId="ea7b6ece-0962-3f6e-2f12-6af4f92b3a17" executionId="cc589d11-5b6f-4483-9dbf-1319e56f5712" testListId="8c84fa94-04c1-424b-9868-57a2d4851a1d" />
    <TestEntry testId="def48c40-4c91-19e5-0c50-98e3e0e06542" executionId="0ba6fbba-270d-42ac-bb3b-3923a72ab219" testListId="8c84fa94-04c1-424b-9868-57a2d4851a1d" />
  </TestEntries>
  <TestLists>
    <TestList name="Results Not in a List" id="8c84fa94-04c1-424b-9868-57a2d4851a1d" />
    <TestList name="All Loaded Results" id="19431567-8539-422a-85d7-44ee4e166bda" />
  </TestLists>
  <ResultSummary outcome="Completed">
    <Counters total="54" executed="54" passed="54" failed="0" error="0" timeout="0" aborted="0" inconclusive="0" passedButRunAborted="0" notRunnable="0" notExecuted="0" disconnected="0" warning="0" completed="0" inProgress="0" pending="0" />
    <Output>
      <StdOut>[xUnit.net 00:00:00.00] xUnit.net VSTest Adapter v3.1.5+1b188a7b0a (64-bit .NET 10.0.11)&#xD;
[xUnit.net 00:00:00.36]   Discovering: McpServer.PluginIntegration.Tests&#xD;
[xUnit.net 00:00:00.83]   Discovered:  McpServer.PluginIntegration.Tests&#xD;
[xUnit.net 00:00:01.19]   Starting:    McpServer.PluginIntegration.Tests&#xD;
[xUnit.net 00:07:05.99]   Finished:    McpServer.PluginIntegration.Tests (ID = 'e01212c0ca6838d7a5f49436c8fcd17d4d1616c04bcd9ab0cc94bc0f8bfa83b4')&#xD;
</StdOut>
    </Output>
  </ResultSummary>
</TestRun>