<TestRun id="ccea97a0-4049-40dc-bab6-4d4f7893dd52" name="SYSTEM@PAYTON-LEGION2 2026-09-04T05:04:30.0914710-05:00" runUser="SYSTEM" xmlns="http://microsoft.com/schemas/VisualStudio/TeamTest/2010">
  <Times creation="2026-09-04T05:04:30.0914710-05:00" queuing="2026-09-04T05:04:30.0914710-05:00" start="2026-09-04T05:04:30.0914710-05:00" finish="2026-09-04T10:06:57.9922097+00:00" />
  <TestSettings name="default" id="6c4d5628-128d-4c3b-a1a4-ab366a4594ad" />
  <Results>
    <UnitTestResult testName="McpServer.Support.Mcp.Tests.Storage.SqlServerDurableIdentifierTwelfthProviderTests.DurableIdentifiers_WithTypographicDashes_NormalizeAndReplayAsciiIdentity" outcome="Failed" testType="13cdc9d9-ddb5-4fa4-a97d-d965ccfc6d4b" testListId="8c84fa94-04c1-424b-9868-57a2d4851a1d" testId="3217aa1f-0750-4312-a19b-3075a099f0cf" executionId="3217aa1f-0750-4312-a19b-3075a099f0cf" computerName="PAYTON-LEGION2" duration="00:02:07.9935622" startTime="2026-09-04T10:04:30.1681133+00:00" endTime="2026-09-04T10:06:38.1981466+00:00">
      <Output>
        <ErrorInfo>
          <Message>Microsoft.Data.SqlClient.SqlException : Execution Timeout Expired.  The timeout period elapsed prior to completion of the operation or the server is not responding.
---- System.ComponentModel.Win32Exception : The wait operation timed out.</Message>
          <StackTrace>   at Microsoft.Data.SqlClient.SqlConnection.OnError(SqlException exception, Boolean breakConnection, Action`1 wrapCloseInAction)
   at Microsoft.Data.SqlClient.SqlInternalConnection.OnError(SqlException exception, Boolean breakConnection, Action`1 wrapCloseInAction)
   at Microsoft.Data.SqlClient.TdsParser.ThrowExceptionAndWarning(TdsParserStateObject stateObj, SqlCommand command, Boolean callerHasConnectionLock, Boolean asyncClose)
   at Microsoft.Data.SqlClient.SqlCommand.InternalEndExecuteNonQuery(IAsyncResult asyncResult, Boolean isInternal, String endMethod)
   at Microsoft.Data.SqlClient.SqlCommand.EndExecuteNonQueryInternal(IAsyncResult asyncResult)
   at Microsoft.Data.SqlClient.SqlCommand.EndExecuteNonQueryAsync(IAsyncResult asyncResult)
   at System.Threading.Tasks.TaskFactory`1.FromAsyncCoreLogic(IAsyncResult iar, Func`2 endFunction, Action`1 endAction, Task`1 promise, Boolean requiresSynchronization)
--- End of stack trace from previous location ---
   at Microsoft.EntityFrameworkCore.Storage.RelationalCommand.ExecuteNonQueryAsync(RelationalCommandParameterObject parameterObject, CancellationToken cancellationToken)
   at Microsoft.EntityFrameworkCore.Storage.RelationalCommand.ExecuteNonQueryAsync(RelationalCommandParameterObject parameterObject, CancellationToken cancellationToken)
   at Microsoft.EntityFrameworkCore.Storage.RelationalCommand.ExecuteNonQueryAsync(RelationalCommandParameterObject parameterObject, CancellationToken cancellationToken)
   at Microsoft.EntityFrameworkCore.Migrations.Internal.MigrationCommandExecutor.ExecuteAsync(IReadOnlyList`1 migrationCommands, IRelationalConnection connection, MigrationExecutionState executionState, Boolean beginTransaction, Boolean commitTransaction, Nullable`1 isolationLevel, CancellationToken cancellationToken)
   at Microsoft.EntityFrameworkCore.Migrations.Internal.MigrationCommandExecutor.ExecuteAsync(IReadOnlyList`1 migrationCommands, IRelationalConnection connection, MigrationExecutionState executionState, Boolean beginTransaction, Boolean commitTransaction, Nullable`1 isolationLevel, CancellationToken cancellationToken)
   at Microsoft.EntityFrameworkCore.SqlServer.Storage.Internal.SqlServerExecutionStrategy.ExecuteAsync[TState,TResult](TState state, Func`4 operation, Func`4 verifySucceeded, CancellationToken cancellationToken)
   at Microsoft.EntityFrameworkCore.Migrations.Internal.MigrationCommandExecutor.ExecuteNonQueryAsync(IReadOnlyList`1 migrationCommands, IRelationalConnection connection, MigrationExecutionState executionState, Boolean commitTransaction, Nullable`1 isolationLevel, CancellationToken cancellationToken)
   at Microsoft.EntityFrameworkCore.Migrations.Internal.Migrator.MigrateImplementationAsync(DbContext context, String targetMigration, MigrationExecutionState state, Boolean useTransaction, CancellationToken cancellationToken)
   at Microsoft.EntityFrameworkCore.Migrations.Internal.Migrator.MigrateImplementationAsync(DbContext context, String targetMigration, MigrationExecutionState state, Boolean useTransaction, CancellationToken cancellationToken)
   at Microsoft.EntityFrameworkCore.Migrations.Internal.Migrator.&lt;&gt;c.&lt;&lt;MigrateAsync&gt;b__22_1&gt;d.MoveNext()
--- End of stack trace from previous location ---
   at Microsoft.EntityFrameworkCore.SqlServer.Storage.Internal.SqlServerExecutionStrategy.ExecuteAsync[TState,TResult](TState state, Func`4 operation, Func`4 verifySucceeded, CancellationToken cancellationToken)
   at Microsoft.EntityFrameworkCore.Migrations.Internal.Migrator.MigrateAsync(String targetMigration, CancellationToken cancellationToken)
   at Microsoft.EntityFrameworkCore.Migrations.Internal.Migrator.MigrateAsync(String targetMigration, CancellationToken cancellationToken)
   at McpServer.Support.Mcp.Storage.Database.McpDatabaseMigrationCoordinator.ApplyMigrationsAsync(McpDbContext dbContext, McpDatabaseProviderOptions providerOptions, CancellationToken cancellationToken) in F:\GitHub\McpServer\.mcpServer\worktrees\bug-triage-139-review\src\McpServer.Storage\Database\McpDatabaseMigrationCoordinator.cs:line 53
   at McpServer.Support.Mcp.Tests.Storage.DurableIdentifierTwelfthProviderScenarios.AssertRoundTripAndReplayAsync(ProviderTestDatabase database) in F:\GitHub\McpServer\.mcpServer\worktrees\bug-triage-139-review\tests\McpServer.Support.Mcp.Tests\Storage\DurableIdentifierTwelfthProviderTests.cs:line 196
   at McpServer.Support.Mcp.Tests.Storage.DurableIdentifierTwelfthProviderScenarios.AssertRoundTripAndReplayAsync(ProviderTestDatabase database) in F:\GitHub\McpServer\.mcpServer\worktrees\bug-triage-139-review\tests\McpServer.Support.Mcp.Tests\Storage\DurableIdentifierTwelfthProviderTests.cs:line 235
   at McpServer.Support.Mcp.Tests.Storage.DurableIdentifierTwelfthProviderScenarios.AssertRoundTripAndReplayAsync(ProviderTestDatabase database) in F:\GitHub\McpServer\.mcpServer\worktrees\bug-triage-139-review\tests\McpServer.Support.Mcp.Tests\Storage\DurableIdentifierTwelfthProviderTests.cs:line 332
   at McpServer.Support.Mcp.Tests.Storage.SqlServerDurableIdentifierTwelfthProviderTests.DurableIdentifiers_WithTypographicDashes_NormalizeAndReplayAsciiIdentity() in F:\GitHub\McpServer\.mcpServer\worktrees\bug-triage-139-review\tests\McpServer.Support.Mcp.Tests\Storage\DurableIdentifierTwelfthProviderTests.cs:line 44
--- End of stack trace from previous location ---
----- Inner Stack Trace -----
</StackTrace>
        </ErrorInfo>
      </Output>
    </UnitTestResult>
    <UnitTestResult testName="McpServer.Support.Mcp.Tests.Services.RequirementsTwelfthAdversarialReviewTests.OpenFileForWrite_DirectoryAliasSwap_NeverWritesExternalObject" outcome="Passed" testType="13cdc9d9-ddb5-4fa4-a97d-d965ccfc6d4b" testListId="8c84fa94-04c1-424b-9868-57a2d4851a1d" testId="a5552c8a-f094-4bb8-a65c-f750fbccdddb" executionId="a5552c8a-f094-4bb8-a65c-f750fbccdddb" computerName="PAYTON-LEGION2" duration="00:00:00.5642669" startTime="2026-09-04T10:06:38.2251454+00:00" endTime="2026-09-04T10:06:38.7903880+00:00" />
    <UnitTestResult testName="McpServer.Support.Mcp.Tests.Services.RequirementsTwelfthAdversarialReviewTests.EnumerateFiles_PerFileByteLimit_Throws" outcome="Passed" testType="13cdc9d9-ddb5-4fa4-a97d-d965ccfc6d4b" testListId="8c84fa94-04c1-424b-9868-57a2d4851a1d" testId="bc67d142-c0fa-45a5-88a7-9fe94f2350a9" executionId="bc67d142-c0fa-45a5-88a7-9fe94f2350a9" computerName="PAYTON-LEGION2" duration="00:00:00.0138169" startTime="2026-09-04T10:06:38.7908710+00:00" endTime="2026-09-04T10:06:38.8047772+00:00" />
    <UnitTestResult testName="McpServer.Support.Mcp.Tests.Services.RequirementsTwelfthAdversarialReviewTests.EnumerateFiles_FileCountLimit_Throws" outcome="Passed" testType="13cdc9d9-ddb5-4fa4-a97d-d965ccfc6d4b" testListId="8c84fa94-04c1-424b-9868-57a2d4851a1d" testId="3b45c6de-84af-46c6-90a9-610e89750183" executionId="3b45c6de-84af-46c6-90a9-610e89750183" computerName="PAYTON-LEGION2" duration="00:00:00.0047326" startTime="2026-09-04T10:06:38.8051974+00:00" endTime="2026-09-04T10:06:38.8099998+00:00" />
    <UnitTestResult testName="McpServer.Support.Mcp.Tests.Services.RequirementsTwelfthAdversarialReviewTests.RequirementsSnapshotSource_UsesContainedHandlesAndDiskBackedContent" outcome="Passed" testType="13cdc9d9-ddb5-4fa4-a97d-d965ccfc6d4b" testListId="8c84fa94-04c1-424b-9868-57a2d4851a1d" testId="175a0918-77d3-4a60-9ca9-1a5f23027a1b" executionId="175a0918-77d3-4a60-9ca9-1a5f23027a1b" computerName="PAYTON-LEGION2" duration="00:00:00.0047883" startTime="2026-09-04T10:06:38.8102589+00:00" endTime="2026-09-04T10:06:38.8151122+00:00" />
    <UnitTestResult testName="McpServer.Support.Mcp.Tests.Services.RequirementsTwelfthAdversarialReviewTests.EnumerateFiles_RecursionDepthLimit_Throws" outcome="Passed" testType="13cdc9d9-ddb5-4fa4-a97d-d965ccfc6d4b" testListId="8c84fa94-04c1-424b-9868-57a2d4851a1d" testId="caa0a747-bcd3-4222-bfe2-76b03b7d2c97" executionId="caa0a747-bcd3-4222-bfe2-76b03b7d2c97" computerName="PAYTON-LEGION2" duration="00:00:00.0050275" startTime="2026-09-04T10:06:38.8154057+00:00" endTime="2026-09-04T10:06:38.8205183+00:00" />
    <UnitTestResult testName="McpServer.Support.Mcp.Tests.Services.RequirementsTwelfthAdversarialReviewTests.EnumerateFiles_AggregateByteLimit_Throws" outcome="Passed" testType="13cdc9d9-ddb5-4fa4-a97d-d965ccfc6d4b" testListId="8c84fa94-04c1-424b-9868-57a2d4851a1d" testId="338bde8f-d5e6-46ae-94ed-0984b18f1904" executionId="338bde8f-d5e6-46ae-94ed-0984b18f1904" computerName="PAYTON-LEGION2" duration="00:00:00.0031990" startTime="2026-09-04T10:06:38.8208165+00:00" endTime="2026-09-04T10:06:38.8240757+00:00" />
    <UnitTestResult testName="McpServer.Support.Mcp.Tests.Services.RequirementsTwelfthAdversarialReviewTests.OpenFileForRead_DirectoryAliasSwap_NeverReadsExternalObject" outcome="Passed" testType="13cdc9d9-ddb5-4fa4-a97d-d965ccfc6d4b" testListId="8c84fa94-04c1-424b-9868-57a2d4851a1d" testId="a03a5547-f751-426d-816d-6e4d39b28743" executionId="a03a5547-f751-426d-816d-6e4d39b28743" computerName="PAYTON-LEGION2" duration="00:00:00.5408690" startTime="2026-09-04T10:06:38.8243221+00:00" endTime="2026-09-04T10:06:39.3652699+00:00" />
    <UnitTestResult testName="McpServer.Support.Mcp.Tests.Services.RequirementsTwelfthAdversarialReviewTests.EnumerateFiles_CancelledAfterFirstYield_StopsWithoutMaterializingAllPaths" outcome="Passed" testType="13cdc9d9-ddb5-4fa4-a97d-d965ccfc6d4b" testListId="8c84fa94-04c1-424b-9868-57a2d4851a1d" testId="91f1ca67-c480-4fe9-a2ae-f367f8fc0f7f" executionId="91f1ca67-c480-4fe9-a2ae-f367f8fc0f7f" computerName="PAYTON-LEGION2" duration="00:00:00.0057135" startTime="2026-09-04T10:06:39.3678100+00:00" endTime="2026-09-04T10:06:39.3735997+00:00" />
    <UnitTestResult testName="McpServer.Support.Mcp.Tests.Storage.SqliteDurableIdentifierTwelfthProviderTests.DurableIdentifiers_WithTypographicDashes_NormalizeAndReplayAsciiIdentity" outcome="Passed" testType="13cdc9d9-ddb5-4fa4-a97d-d965ccfc6d4b" testListId="8c84fa94-04c1-424b-9868-57a2d4851a1d" testId="ca992ae1-536a-45cf-a475-fa2384b3d019" executionId="ca992ae1-536a-45cf-a475-fa2384b3d019" computerName="PAYTON-LEGION2" duration="00:00:03.7489545" startTime="2026-09-04T10:06:39.3743641+00:00" endTime="2026-09-04T10:06:43.1233754+00:00" />
    <UnitTestResult testName="McpServer.Support.Mcp.Tests.Storage.PostgreSqlDurableIdentifierTwelfthProviderTests.DurableIdentifiers_WithTypographicDashes_NormalizeAndReplayAsciiIdentity" outcome="Passed" testType="13cdc9d9-ddb5-4fa4-a97d-d965ccfc6d4b" testListId="8c84fa94-04c1-424b-9868-57a2d4851a1d" testId="7191047a-053a-4447-a212-5a07ef4c0eb0" executionId="7191047a-053a-4447-a212-5a07ef4c0eb0" computerName="PAYTON-LEGION2" duration="00:00:05.7445908" startTime="2026-09-04T10:06:48.1305925+00:00" endTime="2026-09-04T10:06:53.8752597+00:00" />
    <UnitTestResult testName="McpServer.Support.Mcp.Tests.Storage.WorkspaceIdentityTwelfthCancellationTests.GetStorageKeyAsync_InjectedBlockingResolver_ObservesCallerCancellation" outcome="Passed" testType="13cdc9d9-ddb5-4fa4-a97d-d965ccfc6d4b" testListId="8c84fa94-04c1-424b-9868-57a2d4851a1d" testId="24553f4f-4371-4d50-9cbf-c15dd94083b6" executionId="24553f4f-4371-4d50-9cbf-c15dd94083b6" computerName="PAYTON-LEGION2" duration="00:00:00.1065412" startTime="2026-09-04T10:06:54.1778050+00:00" endTime="2026-09-04T10:06:54.2844098+00:00" />
    <UnitTestResult testName="McpServer.Support.Mcp.Tests.Storage.WorkspaceIdentityTwelfthCancellationTests.GetStorageKeyAsync_InjectedBlockingResolver_ThrowsBoundedTimeout" outcome="Passed" testType="13cdc9d9-ddb5-4fa4-a97d-d965ccfc6d4b" testListId="8c84fa94-04c1-424b-9868-57a2d4851a1d" testId="d90b15ee-925b-4865-95d1-92fdef47d43a" executionId="d90b15ee-925b-4865-95d1-92fdef47d43a" computerName="PAYTON-LEGION2" duration="00:00:00.1064928" startTime="2026-09-04T10:06:54.2846780+00:00" endTime="2026-09-04T10:06:54.3912557+00:00" />
    <UnitTestResult testName="McpServer.Support.Mcp.Tests.Storage.WorkspaceIdentityTwelfthCancellationTests.FederationMigrationSource_UsesAsyncWorkspaceHashResolution" outcome="Passed" testType="13cdc9d9-ddb5-4fa4-a97d-d965ccfc6d4b" testListId="8c84fa94-04c1-424b-9868-57a2d4851a1d" testId="000d6ef8-4e66-48bd-ae1a-14dbcc4b7827" executionId="000d6ef8-4e66-48bd-ae1a-14dbcc4b7827" computerName="PAYTON-LEGION2" duration="00:00:00.0018748" startTime="2026-09-04T10:06:54.3915682+00:00" endTime="2026-09-04T10:06:54.3935016+00:00" />
    <UnitTestResult testName="McpServer.Support.Mcp.Tests.Documentation.BugTriage139TwelfthRepositoryAuditTests.TwelfthReviewNarrative_IsRepositoryOwnedAndMatchesProvenanceHash" outcome="Passed" testType="13cdc9d9-ddb5-4fa4-a97d-d965ccfc6d4b" testListId="8c84fa94-04c1-424b-9868-57a2d4851a1d" testId="f53a1f7b-7659-4279-9330-9b6f50ba848e" executionId="f53a1f7b-7659-4279-9330-9b6f50ba848e" computerName="PAYTON-LEGION2" duration="00:00:00.0022128" startTime="2026-09-04T10:06:54.3939484+00:00" endTime="2026-09-04T10:06:54.3962212+00:00" />
    <UnitTestResult testName="McpServer.Support.Mcp.Tests.Documentation.BugTriage139TwelfthRepositoryAuditTests.NamedEvidenceTests_UseSharedExplicitValidatedRepositoryRoot" outcome="Passed" testType="13cdc9d9-ddb5-4fa4-a97d-d965ccfc6d4b" testListId="8c84fa94-04c1-424b-9868-57a2d4851a1d" testId="d452f52c-ce78-4112-870b-381d9f0c0aa3" executionId="d452f52c-ce78-4112-870b-381d9f0c0aa3" computerName="PAYTON-LEGION2" duration="00:00:00.0070198" startTime="2026-09-04T10:06:54.3964499+00:00" endTime="2026-09-04T10:06:54.4035460+00:00" />
    <UnitTestResult testName="McpServer.Support.Mcp.Tests.Documentation.BugTriage139TwelfthRepositoryAuditTests.SharedProcessRunner_UnresponsiveProcess_IsKilledWithinBound" outcome="Passed" testType="13cdc9d9-ddb5-4fa4-a97d-d965ccfc6d4b" testListId="8c84fa94-04c1-424b-9868-57a2d4851a1d" testId="a92250aa-4cd1-4772-a3b5-79d0588a3b8b" executionId="a92250aa-4cd1-4772-a3b5-79d0588a3b8b" computerName="PAYTON-LEGION2" duration="00:00:00.3384019" startTime="2026-09-04T10:06:54.4038449+00:00" endTime="2026-09-04T10:06:54.7423067+00:00" />
    <UnitTestResult testName="McpServer.Support.Mcp.Tests.Documentation.BugTriage139TwelfthRepositoryAuditTests.EditableTextAudit_CoversClaimedExtensionsAndRequiresFinalNewline" outcome="Passed" testType="13cdc9d9-ddb5-4fa4-a97d-d965ccfc6d4b" testListId="8c84fa94-04c1-424b-9868-57a2d4851a1d" testId="e8b4adc0-c2ab-4de6-96a1-accc9f356930" executionId="e8b4adc0-c2ab-4de6-96a1-accc9f356930" computerName="PAYTON-LEGION2" duration="00:00:00.0060136" startTime="2026-09-04T10:06:54.7425488+00:00" endTime="2026-09-04T10:06:54.7486253+00:00" />
    <UnitTestResult testName="McpServer.Support.Mcp.Tests.Documentation.BugTriage139TwelfthRepositoryAuditTests.RepositoryRootResolution_ExternalArtifactsPath_RemainsStable" outcome="Passed" testType="13cdc9d9-ddb5-4fa4-a97d-d965ccfc6d4b" testListId="8c84fa94-04c1-424b-9868-57a2d4851a1d" testId="a8ecf6ad-8880-4fbd-8246-5ca31bbbd062" executionId="a8ecf6ad-8880-4fbd-8246-5ca31bbbd062" computerName="PAYTON-LEGION2" duration="00:00:00.0007199" startTime="2026-09-04T10:06:54.7488819+00:00" endTime="2026-09-04T10:06:54.7496445+00:00" />
    <UnitTestResult testName="McpServer.Support.Mcp.Tests.Storage.SqliteFederationTimeoutTwelfthTests.FederationRead_RestoresTimeouts_AndSubsequentContendedWriteSucceeds" outcome="Passed" testType="13cdc9d9-ddb5-4fa4-a97d-d965ccfc6d4b" testListId="8c84fa94-04c1-424b-9868-57a2d4851a1d" testId="d31e5b27-0b02-49c0-89c4-155d92a08415" executionId="d31e5b27-0b02-49c0-89c4-155d92a08415" computerName="PAYTON-LEGION2" duration="00:00:03.2419851" startTime="2026-09-04T10:06:54.7501618+00:00" endTime="2026-09-04T10:06:57.9922097+00:00" />
  </Results>
  <TestDefinitions>
    <UnitTest name="McpServer.Support.Mcp.Tests.Storage.SqlServerDurableIdentifierTwelfthProviderTests.DurableIdentifiers_WithTypographicDashes_NormalizeAndReplayAsciiIdentity" id="3217aa1f-0750-4312-a19b-3075a099f0cf" storage="C:\Users\kingd\AppData\Local\Temp\BUG-TRIAGE-139-fourteenth-20260904T050327Z\final-gates\hermetic-external-no-env-final\artifacts\bin\McpServer.Support.Mcp.Tests\release\McpServer.Support.Mcp.Tests.dll">
      <Execution id="3217aa1f-0750-4312-a19b-3075a099f0cf" />
      <TestMethod codeBase="C:\Users\kingd\AppData\Local\Temp\BUG-TRIAGE-139-fourteenth-20260904T050327Z\final-gates\hermetic-external-no-env-final\artifacts\bin\McpServer.Support.Mcp.Tests\release\McpServer.Support.Mcp.Tests.dll" className="McpServer.Support.Mcp.Tests.Storage.SqlServerDurableIdentifierTwelfthProviderTests" name="DurableIdentifiers_WithTypographicDashes_NormalizeAndReplayAsciiIdentity" adapterTypeName="executor://ccea97a0-4049-40dc-bab6-4d4f7893dd52/xunit.v3/3.2.2" />
    </UnitTest>
    <UnitTest name="McpServer.Support.Mcp.Tests.Services.RequirementsTwelfthAdversarialReviewTests.OpenFileForWrite_DirectoryAliasSwap_NeverWritesExternalObject" id="a5552c8a-f094-4bb8-a65c-f750fbccdddb" storage="C:\Users\kingd\AppData\Local\Temp\BUG-TRIAGE-139-fourteenth-20260904T050327Z\final-gates\hermetic-external-no-env-final\artifacts\bin\McpServer.Support.Mcp.Tests\release\McpServer.Support.Mcp.Tests.dll">
      <Execution id="a5552c8a-f094-4bb8-a65c-f750fbccdddb" />
      <TestMethod codeBase="C:\Users\kingd\AppData\Local\Temp\BUG-TRIAGE-139-fourteenth-20260904T050327Z\final-gates\hermetic-external-no-env-final\artifacts\bin\McpServer.Support.Mcp.Tests\release\McpServer.Support.Mcp.Tests.dll" className="McpServer.Support.Mcp.Tests.Services.RequirementsTwelfthAdversarialReviewTests" name="OpenFileForWrite_DirectoryAliasSwap_NeverWritesExternalObject" adapterTypeName="executor://ccea97a0-4049-40dc-bab6-4d4f7893dd52/xunit.v3/3.2.2" />
    </UnitTest>
    <UnitTest name="McpServer.Support.Mcp.Tests.Services.RequirementsTwelfthAdversarialReviewTests.EnumerateFiles_PerFileByteLimit_Throws" id="bc67d142-c0fa-45a5-88a7-9fe94f2350a9" storage="C:\Users\kingd\AppData\Local\Temp\BUG-TRIAGE-139-fourteenth-20260904T050327Z\final-gates\hermetic-external-no-env-final\artifacts\bin\McpServer.Support.Mcp.Tests\release\McpServer.Support.Mcp.Tests.dll">
      <Execution id="bc67d142-c0fa-45a5-88a7-9fe94f2350a9" />
      <TestMethod codeBase="C:\Users\kingd\AppData\Local\Temp\BUG-TRIAGE-139-fourteenth-20260904T050327Z\final-gates\hermetic-external-no-env-final\artifacts\bin\McpServer.Support.Mcp.Tests\release\McpServer.Support.Mcp.Tests.dll" className="McpServer.Support.Mcp.Tests.Services.RequirementsTwelfthAdversarialReviewTests" name="EnumerateFiles_PerFileByteLimit_Throws" adapterTypeName="executor://ccea97a0-4049-40dc-bab6-4d4f7893dd52/xunit.v3/3.2.2" />
    </UnitTest>
    <UnitTest name="McpServer.Support.Mcp.Tests.Services.RequirementsTwelfthAdversarialReviewTests.EnumerateFiles_FileCountLimit_Throws" id="3b45c6de-84af-46c6-90a9-610e89750183" storage="C:\Users\kingd\AppData\Local\Temp\BUG-TRIAGE-139-fourteenth-20260904T050327Z\final-gates\hermetic-external-no-env-final\artifacts\bin\McpServer.Support.Mcp.Tests\release\McpServer.Support.Mcp.Tests.dll">
      <Execution id="3b45c6de-84af-46c6-90a9-610e89750183" />
      <TestMethod codeBase="C:\Users\kingd\AppData\Local\Temp\BUG-TRIAGE-139-fourteenth-20260904T050327Z\final-gates\hermetic-external-no-env-final\artifacts\bin\McpServer.Support.Mcp.Tests\release\McpServer.Support.Mcp.Tests.dll" className="McpServer.Support.Mcp.Tests.Services.RequirementsTwelfthAdversarialReviewTests" name="EnumerateFiles_FileCountLimit_Throws" adapterTypeName="executor://ccea97a0-4049-40dc-bab6-4d4f7893dd52/xunit.v3/3.2.2" />
    </UnitTest>
    <UnitTest name="McpServer.Support.Mcp.Tests.Services.RequirementsTwelfthAdversarialReviewTests.RequirementsSnapshotSource_UsesContainedHandlesAndDiskBackedContent" id="175a0918-77d3-4a60-9ca9-1a5f23027a1b" storage="C:\Users\kingd\AppData\Local\Temp\BUG-TRIAGE-139-fourteenth-20260904T050327Z\final-gates\hermetic-external-no-env-final\artifacts\bin\McpServer.Support.Mcp.Tests\release\McpServer.Support.Mcp.Tests.dll">
      <Execution id="175a0918-77d3-4a60-9ca9-1a5f23027a1b" />
      <TestMethod codeBase="C:\Users\kingd\AppData\Local\Temp\BUG-TRIAGE-139-fourteenth-20260904T050327Z\final-gates\hermetic-external-no-env-final\artifacts\bin\McpServer.Support.Mcp.Tests\release\McpServer.Support.Mcp.Tests.dll" className="McpServer.Support.Mcp.Tests.Services.RequirementsTwelfthAdversarialReviewTests" name="RequirementsSnapshotSource_UsesContainedHandlesAndDiskBackedContent" adapterTypeName="executor://ccea97a0-4049-40dc-bab6-4d4f7893dd52/xunit.v3/3.2.2" />
    </UnitTest>
    <UnitTest name="McpServer.Support.Mcp.Tests.Services.RequirementsTwelfthAdversarialReviewTests.EnumerateFiles_RecursionDepthLimit_Throws" id="caa0a747-bcd3-4222-bfe2-76b03b7d2c97" storage="C:\Users\kingd\AppData\Local\Temp\BUG-TRIAGE-139-fourteenth-20260904T050327Z\final-gates\hermetic-external-no-env-final\artifacts\bin\McpServer.Support.Mcp.Tests\release\McpServer.Support.Mcp.Tests.dll">
      <Execution id="caa0a747-bcd3-4222-bfe2-76b03b7d2c97" />
      <TestMethod codeBase="C:\Users\kingd\AppData\Local\Temp\BUG-TRIAGE-139-fourteenth-20260904T050327Z\final-gates\hermetic-external-no-env-final\artifacts\bin\McpServer.Support.Mcp.Tests\release\McpServer.Support.Mcp.Tests.dll" className="McpServer.Support.Mcp.Tests.Services.RequirementsTwelfthAdversarialReviewTests" name="EnumerateFiles_RecursionDepthLimit_Throws" adapterTypeName="executor://ccea97a0-4049-40dc-bab6-4d4f7893dd52/xunit.v3/3.2.2" />
    </UnitTest>
    <UnitTest name="McpServer.Support.Mcp.Tests.Services.RequirementsTwelfthAdversarialReviewTests.EnumerateFiles_AggregateByteLimit_Throws" id="338bde8f-d5e6-46ae-94ed-0984b18f1904" storage="C:\Users\kingd\AppData\Local\Temp\BUG-TRIAGE-139-fourteenth-20260904T050327Z\final-gates\hermetic-external-no-env-final\artifacts\bin\McpServer.Support.Mcp.Tests\release\McpServer.Support.Mcp.Tests.dll">
      <Execution id="338bde8f-d5e6-46ae-94ed-0984b18f1904" />
      <TestMethod codeBase="C:\Users\kingd\AppData\Local\Temp\BUG-TRIAGE-139-fourteenth-20260904T050327Z\final-gates\hermetic-external-no-env-final\artifacts\bin\McpServer.Support.Mcp.Tests\release\McpServer.Support.Mcp.Tests.dll" className="McpServer.Support.Mcp.Tests.Services.RequirementsTwelfthAdversarialReviewTests" name="EnumerateFiles_AggregateByteLimit_Throws" adapterTypeName="executor://ccea97a0-4049-40dc-bab6-4d4f7893dd52/xunit.v3/3.2.2" />
    </UnitTest>
    <UnitTest name="McpServer.Support.Mcp.Tests.Services.RequirementsTwelfthAdversarialReviewTests.OpenFileForRead_DirectoryAliasSwap_NeverReadsExternalObject" id="a03a5547-f751-426d-816d-6e4d39b28743" storage="C:\Users\kingd\AppData\Local\Temp\BUG-TRIAGE-139-fourteenth-20260904T050327Z\final-gates\hermetic-external-no-env-final\artifacts\bin\McpServer.Support.Mcp.Tests\release\McpServer.Support.Mcp.Tests.dll">
      <Execution id="a03a5547-f751-426d-816d-6e4d39b28743" />
      <TestMethod codeBase="C:\Users\kingd\AppData\Local\Temp\BUG-TRIAGE-139-fourteenth-20260904T050327Z\final-gates\hermetic-external-no-env-final\artifacts\bin\McpServer.Support.Mcp.Tests\release\McpServer.Support.Mcp.Tests.dll" className="McpServer.Support.Mcp.Tests.Services.RequirementsTwelfthAdversarialReviewTests" name="OpenFileForRead_DirectoryAliasSwap_NeverReadsExternalObject" adapterTypeName="executor://ccea97a0-4049-40dc-bab6-4d4f7893dd52/xunit.v3/3.2.2" />
    </UnitTest>
    <UnitTest name="McpServer.Support.Mcp.Tests.Services.RequirementsTwelfthAdversarialReviewTests.EnumerateFiles_CancelledAfterFirstYield_StopsWithoutMaterializingAllPaths" id="91f1ca67-c480-4fe9-a2ae-f367f8fc0f7f" storage="C:\Users\kingd\AppData\Local\Temp\BUG-TRIAGE-139-fourteenth-20260904T050327Z\final-gates\hermetic-external-no-env-final\artifacts\bin\McpServer.Support.Mcp.Tests\release\McpServer.Support.Mcp.Tests.dll">
      <Execution id="91f1ca67-c480-4fe9-a2ae-f367f8fc0f7f" />
      <TestMethod codeBase="C:\Users\kingd\AppData\Local\Temp\BUG-TRIAGE-139-fourteenth-20260904T050327Z\final-gates\hermetic-external-no-env-final\artifacts\bin\McpServer.Support.Mcp.Tests\release\McpServer.Support.Mcp.Tests.dll" className="McpServer.Support.Mcp.Tests.Services.RequirementsTwelfthAdversarialReviewTests" name="EnumerateFiles_CancelledAfterFirstYield_StopsWithoutMaterializingAllPaths" adapterTypeName="executor://ccea97a0-4049-40dc-bab6-4d4f7893dd52/xunit.v3/3.2.2" />
    </UnitTest>
    <UnitTest name="McpServer.Support.Mcp.Tests.Storage.SqliteDurableIdentifierTwelfthProviderTests.DurableIdentifiers_WithTypographicDashes_NormalizeAndReplayAsciiIdentity" id="ca992ae1-536a-45cf-a475-fa2384b3d019" storage="C:\Users\kingd\AppData\Local\Temp\BUG-TRIAGE-139-fourteenth-20260904T050327Z\final-gates\hermetic-external-no-env-final\artifacts\bin\McpServer.Support.Mcp.Tests\release\McpServer.Support.Mcp.Tests.dll">
      <Execution id="ca992ae1-536a-45cf-a475-fa2384b3d019" />
      <TestMethod codeBase="C:\Users\kingd\AppData\Local\Temp\BUG-TRIAGE-139-fourteenth-20260904T050327Z\final-gates\hermetic-external-no-env-final\artifacts\bin\McpServer.Support.Mcp.Tests\release\McpServer.Support.Mcp.Tests.dll" className="McpServer.Support.Mcp.Tests.Storage.SqliteDurableIdentifierTwelfthProviderTests" name="DurableIdentifiers_WithTypographicDashes_NormalizeAndReplayAsciiIdentity" adapterTypeName="executor://ccea97a0-4049-40dc-bab6-4d4f7893dd52/xunit.v3/3.2.2" />
    </UnitTest>
    <UnitTest name="McpServer.Support.Mcp.Tests.Storage.PostgreSqlDurableIdentifierTwelfthProviderTests.DurableIdentifiers_WithTypographicDashes_NormalizeAndReplayAsciiIdentity" id="7191047a-053a-4447-a212-5a07ef4c0eb0" storage="C:\Users\kingd\AppData\Local\Temp\BUG-TRIAGE-139-fourteenth-20260904T050327Z\final-gates\hermetic-external-no-env-final\artifacts\bin\McpServer.Support.Mcp.Tests\release\McpServer.Support.Mcp.Tests.dll">
      <Execution id="7191047a-053a-4447-a212-5a07ef4c0eb0" />
      <TestMethod codeBase="C:\Users\kingd\AppData\Local\Temp\BUG-TRIAGE-139-fourteenth-20260904T050327Z\final-gates\hermetic-external-no-env-final\artifacts\bin\McpServer.Support.Mcp.Tests\release\McpServer.Support.Mcp.Tests.dll" className="McpServer.Support.Mcp.Tests.Storage.PostgreSqlDurableIdentifierTwelfthProviderTests" name="DurableIdentifiers_WithTypographicDashes_NormalizeAndReplayAsciiIdentity" adapterTypeName="executor://ccea97a0-4049-40dc-bab6-4d4f7893dd52/xunit.v3/3.2.2" />
    </UnitTest>
    <UnitTest name="McpServer.Support.Mcp.Tests.Storage.WorkspaceIdentityTwelfthCancellationTests.GetStorageKeyAsync_InjectedBlockingResolver_ObservesCallerCancellation" id="24553f4f-4371-4d50-9cbf-c15dd94083b6" storage="C:\Users\kingd\AppData\Local\Temp\BUG-TRIAGE-139-fourteenth-20260904T050327Z\final-gates\hermetic-external-no-env-final\artifacts\bin\McpServer.Support.Mcp.Tests\release\McpServer.Support.Mcp.Tests.dll">
      <Execution id="24553f4f-4371-4d50-9cbf-c15dd94083b6" />
      <TestMethod codeBase="C:\Users\kingd\AppData\Local\Temp\BUG-TRIAGE-139-fourteenth-20260904T050327Z\final-gates\hermetic-external-no-env-final\artifacts\bin\McpServer.Support.Mcp.Tests\release\McpServer.Support.Mcp.Tests.dll" className="McpServer.Support.Mcp.Tests.Storage.WorkspaceIdentityTwelfthCancellationTests" name="GetStorageKeyAsync_InjectedBlockingResolver_ObservesCallerCancellation" adapterTypeName="executor://ccea97a0-4049-40dc-bab6-4d4f7893dd52/xunit.v3/3.2.2" />
    </UnitTest>
    <UnitTest name="McpServer.Support.Mcp.Tests.Storage.WorkspaceIdentityTwelfthCancellationTests.GetStorageKeyAsync_InjectedBlockingResolver_ThrowsBoundedTimeout" id="d90b15ee-925b-4865-95d1-92fdef47d43a" storage="C:\Users\kingd\AppData\Local\Temp\BUG-TRIAGE-139-fourteenth-20260904T050327Z\final-gates\hermetic-external-no-env-final\artifacts\bin\McpServer.Support.Mcp.Tests\release\McpServer.Support.Mcp.Tests.dll">
      <Execution id="d90b15ee-925b-4865-95d1-92fdef47d43a" />
      <TestMethod codeBase="C:\Users\kingd\AppData\Local\Temp\BUG-TRIAGE-139-fourteenth-20260904T050327Z\final-gates\hermetic-external-no-env-final\artifacts\bin\McpServer.Support.Mcp.Tests\release\McpServer.Support.Mcp.Tests.dll" className="McpServer.Support.Mcp.Tests.Storage.WorkspaceIdentityTwelfthCancellationTests" name="GetStorageKeyAsync_InjectedBlockingResolver_ThrowsBoundedTimeout" adapterTypeName="executor://ccea97a0-4049-40dc-bab6-4d4f7893dd52/xunit.v3/3.2.2" />
    </UnitTest>
    <UnitTest name="McpServer.Support.Mcp.Tests.Storage.WorkspaceIdentityTwelfthCancellationTests.FederationMigrationSource_UsesAsyncWorkspaceHashResolution" id="000d6ef8-4e66-48bd-ae1a-14dbcc4b7827" storage="C:\Users\kingd\AppData\Local\Temp\BUG-TRIAGE-139-fourteenth-20260904T050327Z\final-gates\hermetic-external-no-env-final\artifacts\bin\McpServer.Support.Mcp.Tests\release\McpServer.Support.Mcp.Tests.dll">
      <Execution id="000d6ef8-4e66-48bd-ae1a-14dbcc4b7827" />
      <TestMethod codeBase="C:\Users\kingd\AppData\Local\Temp\BUG-TRIAGE-139-fourteenth-20260904T050327Z\final-gates\hermetic-external-no-env-final\artifacts\bin\McpServer.Support.Mcp.Tests\release\McpServer.Support.Mcp.Tests.dll" className="McpServer.Support.Mcp.Tests.Storage.WorkspaceIdentityTwelfthCancellationTests" name="FederationMigrationSource_UsesAsyncWorkspaceHashResolution" adapterTypeName="executor://ccea97a0-4049-40dc-bab6-4d4f7893dd52/xunit.v3/3.2.2" />
    </UnitTest>
    <UnitTest name="McpServer.Support.Mcp.Tests.Documentation.BugTriage139TwelfthRepositoryAuditTests.TwelfthReviewNarrative_IsRepositoryOwnedAndMatchesProvenanceHash" id="f53a1f7b-7659-4279-9330-9b6f50ba848e" storage="C:\Users\kingd\AppData\Local\Temp\BUG-TRIAGE-139-fourteenth-20260904T050327Z\final-gates\hermetic-external-no-env-final\artifacts\bin\McpServer.Support.Mcp.Tests\release\McpServer.Support.Mcp.Tests.dll">
      <Execution id="f53a1f7b-7659-4279-9330-9b6f50ba848e" />
      <TestMethod codeBase="C:\Users\kingd\AppData\Local\Temp\BUG-TRIAGE-139-fourteenth-20260904T050327Z\final-gates\hermetic-external-no-env-final\artifacts\bin\McpServer.Support.Mcp.Tests\release\McpServer.Support.Mcp.Tests.dll" className="McpServer.Support.Mcp.Tests.Documentation.BugTriage139TwelfthRepositoryAuditTests" name="TwelfthReviewNarrative_IsRepositoryOwnedAndMatchesProvenanceHash" adapterTypeName="executor://ccea97a0-4049-40dc-bab6-4d4f7893dd52/xunit.v3/3.2.2" />
    </UnitTest>
    <UnitTest name="McpServer.Support.Mcp.Tests.Documentation.BugTriage139TwelfthRepositoryAuditTests.NamedEvidenceTests_UseSharedExplicitValidatedRepositoryRoot" id="d452f52c-ce78-4112-870b-381d9f0c0aa3" storage="C:\Users\kingd\AppData\Local\Temp\BUG-TRIAGE-139-fourteenth-20260904T050327Z\final-gates\hermetic-external-no-env-final\artifacts\bin\McpServer.Support.Mcp.Tests\release\McpServer.Support.Mcp.Tests.dll">
      <Execution id="d452f52c-ce78-4112-870b-381d9f0c0aa3" />
      <TestMethod codeBase="C:\Users\kingd\AppData\Local\Temp\BUG-TRIAGE-139-fourteenth-20260904T050327Z\final-gates\hermetic-external-no-env-final\artifacts\bin\McpServer.Support.Mcp.Tests\release\McpServer.Support.Mcp.Tests.dll" className="McpServer.Support.Mcp.Tests.Documentation.BugTriage139TwelfthRepositoryAuditTests" name="NamedEvidenceTests_UseSharedExplicitValidatedRepositoryRoot" adapterTypeName="executor://ccea97a0-4049-40dc-bab6-4d4f7893dd52/xunit.v3/3.2.2" />
    </UnitTest>
    <UnitTest name="McpServer.Support.Mcp.Tests.Documentation.BugTriage139TwelfthRepositoryAuditTests.SharedProcessRunner_UnresponsiveProcess_IsKilledWithinBound" id="a92250aa-4cd1-4772-a3b5-79d0588a3b8b" storage="C:\Users\kingd\AppData\Local\Temp\BUG-TRIAGE-139-fourteenth-20260904T050327Z\final-gates\hermetic-external-no-env-final\artifacts\bin\McpServer.Support.Mcp.Tests\release\McpServer.Support.Mcp.Tests.dll">
      <Execution id="a92250aa-4cd1-4772-a3b5-79d0588a3b8b" />
      <TestMethod codeBase="C:\Users\kingd\AppData\Local\Temp\BUG-TRIAGE-139-fourteenth-20260904T050327Z\final-gates\hermetic-external-no-env-final\artifacts\bin\McpServer.Support.Mcp.Tests\release\McpServer.Support.Mcp.Tests.dll" className="McpServer.Support.Mcp.Tests.Documentation.BugTriage139TwelfthRepositoryAuditTests" name="SharedProcessRunner_UnresponsiveProcess_IsKilledWithinBound" adapterTypeName="executor://ccea97a0-4049-40dc-bab6-4d4f7893dd52/xunit.v3/3.2.2" />
    </UnitTest>
    <UnitTest name="McpServer.Support.Mcp.Tests.Documentation.BugTriage139TwelfthRepositoryAuditTests.EditableTextAudit_CoversClaimedExtensionsAndRequiresFinalNewline" id="e8b4adc0-c2ab-4de6-96a1-accc9f356930" storage="C:\Users\kingd\AppData\Local\Temp\BUG-TRIAGE-139-fourteenth-20260904T050327Z\final-gates\hermetic-external-no-env-final\artifacts\bin\McpServer.Support.Mcp.Tests\release\McpServer.Support.Mcp.Tests.dll">
      <Execution id="e8b4adc0-c2ab-4de6-96a1-accc9f356930" />
      <TestMethod codeBase="C:\Users\kingd\AppData\Local\Temp\BUG-TRIAGE-139-fourteenth-20260904T050327Z\final-gates\hermetic-external-no-env-final\artifacts\bin\McpServer.Support.Mcp.Tests\release\McpServer.Support.Mcp.Tests.dll" className="McpServer.Support.Mcp.Tests.Documentation.BugTriage139TwelfthRepositoryAuditTests" name="EditableTextAudit_CoversClaimedExtensionsAndRequiresFinalNewline" adapterTypeName="executor://ccea97a0-4049-40dc-bab6-4d4f7893dd52/xunit.v3/3.2.2" />
    </UnitTest>
    <UnitTest name="McpServer.Support.Mcp.Tests.Documentation.BugTriage139TwelfthRepositoryAuditTests.RepositoryRootResolution_ExternalArtifactsPath_RemainsStable" id="a8ecf6ad-8880-4fbd-8246-5ca31bbbd062" storage="C:\Users\kingd\AppData\Local\Temp\BUG-TRIAGE-139-fourteenth-20260904T050327Z\final-gates\hermetic-external-no-env-final\artifacts\bin\McpServer.Support.Mcp.Tests\release\McpServer.Support.Mcp.Tests.dll">
      <Execution id="a8ecf6ad-8880-4fbd-8246-5ca31bbbd062" />
      <TestMethod codeBase="C:\Users\kingd\AppData\Local\Temp\BUG-TRIAGE-139-fourteenth-20260904T050327Z\final-gates\hermetic-external-no-env-final\artifacts\bin\McpServer.Support.Mcp.Tests\release\McpServer.Support.Mcp.Tests.dll" className="McpServer.Support.Mcp.Tests.Documentation.BugTriage139TwelfthRepositoryAuditTests" name="RepositoryRootResolution_ExternalArtifactsPath_RemainsStable" adapterTypeName="executor://ccea97a0-4049-40dc-bab6-4d4f7893dd52/xunit.v3/3.2.2" />
    </UnitTest>
    <UnitTest name="McpServer.Support.Mcp.Tests.Storage.SqliteFederationTimeoutTwelfthTests.FederationRead_RestoresTimeouts_AndSubsequentContendedWriteSucceeds" id="d31e5b27-0b02-49c0-89c4-155d92a08415" storage="C:\Users\kingd\AppData\Local\Temp\BUG-TRIAGE-139-fourteenth-20260904T050327Z\final-gates\hermetic-external-no-env-final\artifacts\bin\McpServer.Support.Mcp.Tests\release\McpServer.Support.Mcp.Tests.dll">
      <Execution id="d31e5b27-0b02-49c0-89c4-155d92a08415" />
      <TestMethod codeBase="C:\Users\kingd\AppData\Local\Temp\BUG-TRIAGE-139-fourteenth-20260904T050327Z\final-gates\hermetic-external-no-env-final\artifacts\bin\McpServer.Support.Mcp.Tests\release\McpServer.Support.Mcp.Tests.dll" className="McpServer.Support.Mcp.Tests.Storage.SqliteFederationTimeoutTwelfthTests" name="FederationRead_RestoresTimeouts_AndSubsequentContendedWriteSucceeds" adapterTypeName="executor://ccea97a0-4049-40dc-bab6-4d4f7893dd52/xunit.v3/3.2.2" />
    </UnitTest>
  </TestDefinitions>
  <TestEntries>
    <TestEntry testListId="8c84fa94-04c1-424b-9868-57a2d4851a1d" testId="3217aa1f-0750-4312-a19b-3075a099f0cf" executionId="3217aa1f-0750-4312-a19b-3075a099f0cf" />
    <TestEntry testListId="8c84fa94-04c1-424b-9868-57a2d4851a1d" testId="a5552c8a-f094-4bb8-a65c-f750fbccdddb" executionId="a5552c8a-f094-4bb8-a65c-f750fbccdddb" />
    <TestEntry testListId="8c84fa94-04c1-424b-9868-57a2d4851a1d" testId="bc67d142-c0fa-45a5-88a7-9fe94f2350a9" executionId="bc67d142-c0fa-45a5-88a7-9fe94f2350a9" />
    <TestEntry testListId="8c84fa94-04c1-424b-9868-57a2d4851a1d" testId="3b45c6de-84af-46c6-90a9-610e89750183" executionId="3b45c6de-84af-46c6-90a9-610e89750183" />
    <TestEntry testListId="8c84fa94-04c1-424b-9868-57a2d4851a1d" testId="175a0918-77d3-4a60-9ca9-1a5f23027a1b" executionId="175a0918-77d3-4a60-9ca9-1a5f23027a1b" />
    <TestEntry testListId="8c84fa94-04c1-424b-9868-57a2d4851a1d" testId="caa0a747-bcd3-4222-bfe2-76b03b7d2c97" executionId="caa0a747-bcd3-4222-bfe2-76b03b7d2c97" />
    <TestEntry testListId="8c84fa94-04c1-424b-9868-57a2d4851a1d" testId="338bde8f-d5e6-46ae-94ed-0984b18f1904" executionId="338bde8f-d5e6-46ae-94ed-0984b18f1904" />
    <TestEntry testListId="8c84fa94-04c1-424b-9868-57a2d4851a1d" testId="a03a5547-f751-426d-816d-6e4d39b28743" executionId="a03a5547-f751-426d-816d-6e4d39b28743" />
    <TestEntry testListId="8c84fa94-04c1-424b-9868-57a2d4851a1d" testId="91f1ca67-c480-4fe9-a2ae-f367f8fc0f7f" executionId="91f1ca67-c480-4fe9-a2ae-f367f8fc0f7f" />
    <TestEntry testListId="8c84fa94-04c1-424b-9868-57a2d4851a1d" testId="ca992ae1-536a-45cf-a475-fa2384b3d019" executionId="ca992ae1-536a-45cf-a475-fa2384b3d019" />
    <TestEntry testListId="8c84fa94-04c1-424b-9868-57a2d4851a1d" testId="7191047a-053a-4447-a212-5a07ef4c0eb0" executionId="7191047a-053a-4447-a212-5a07ef4c0eb0" />
    <TestEntry testListId="8c84fa94-04c1-424b-9868-57a2d4851a1d" testId="24553f4f-4371-4d50-9cbf-c15dd94083b6" executionId="24553f4f-4371-4d50-9cbf-c15dd94083b6" />
    <TestEntry testListId="8c84fa94-04c1-424b-9868-57a2d4851a1d" testId="d90b15ee-925b-4865-95d1-92fdef47d43a" executionId="d90b15ee-925b-4865-95d1-92fdef47d43a" />
    <TestEntry testListId="8c84fa94-04c1-424b-9868-57a2d4851a1d" testId="000d6ef8-4e66-48bd-ae1a-14dbcc4b7827" executionId="000d6ef8-4e66-48bd-ae1a-14dbcc4b7827" />
    <TestEntry testListId="8c84fa94-04c1-424b-9868-57a2d4851a1d" testId="f53a1f7b-7659-4279-9330-9b6f50ba848e" executionId="f53a1f7b-7659-4279-9330-9b6f50ba848e" />
    <TestEntry testListId="8c84fa94-04c1-424b-9868-57a2d4851a1d" testId="d452f52c-ce78-4112-870b-381d9f0c0aa3" executionId="d452f52c-ce78-4112-870b-381d9f0c0aa3" />
    <TestEntry testListId="8c84fa94-04c1-424b-9868-57a2d4851a1d" testId="a92250aa-4cd1-4772-a3b5-79d0588a3b8b" executionId="a92250aa-4cd1-4772-a3b5-79d0588a3b8b" />
    <TestEntry testListId="8c84fa94-04c1-424b-9868-57a2d4851a1d" testId="e8b4adc0-c2ab-4de6-96a1-accc9f356930" executionId="e8b4adc0-c2ab-4de6-96a1-accc9f356930" />
    <TestEntry testListId="8c84fa94-04c1-424b-9868-57a2d4851a1d" testId="a8ecf6ad-8880-4fbd-8246-5ca31bbbd062" executionId="a8ecf6ad-8880-4fbd-8246-5ca31bbbd062" />
    <TestEntry testListId="8c84fa94-04c1-424b-9868-57a2d4851a1d" testId="d31e5b27-0b02-49c0-89c4-155d92a08415" executionId="d31e5b27-0b02-49c0-89c4-155d92a08415" />
  </TestEntries>
  <TestLists>
    <TestList name="Results Not in a List" id="8c84fa94-04c1-424b-9868-57a2d4851a1d" />
    <TestList name="All Loaded Results" id="19431567-8539-422a-85d7-44ee4e166bda" />
  </TestLists>
  <ResultSummary outcome="Failed">
    <Counters total="20" executed="20" passed="19" failed="1" error="0" timeout="0" aborted="0" inconclusive="0" passedButRunAborted="0" notRunnable="0" notExecuted="0" disconnected="0" warning="0" completed="0" inProgress="0" pending="0" />
  </ResultSummary>
</TestRun>