<TestRun id="78afca88-a28e-474a-99dd-25e355651ec3" name="SYSTEM@PAYTON-LEGION2 2026-09-04T05:14:33.9729809-05:00" runUser="SYSTEM" xmlns="http://microsoft.com/schemas/VisualStudio/TeamTest/2010">
  <Times creation="2026-09-04T05:14:33.9729809-05:00" queuing="2026-09-04T05:14:33.9729809-05:00" start="2026-09-04T05:14:33.9729809-05:00" finish="2026-09-04T10:15:00.5956662+00:00" />
  <TestSettings name="default" id="6c4d5628-128d-4c3b-a1a4-ab366a4594ad" />
  <Results>
    <UnitTestResult testName="McpServer.Support.Mcp.Tests.Services.RequirementsTwelfthAdversarialReviewTests.OpenFileForWrite_DirectoryAliasSwap_NeverWritesExternalObject" outcome="Passed" testType="13cdc9d9-ddb5-4fa4-a97d-d965ccfc6d4b" testListId="8c84fa94-04c1-424b-9868-57a2d4851a1d" testId="950e6d74-08bf-4e8f-86c0-a7819900415d" executionId="950e6d74-08bf-4e8f-86c0-a7819900415d" computerName="PAYTON-LEGION2" duration="00:00:00.5382528" startTime="2026-09-04T10:14:34.0441992+00:00" endTime="2026-09-04T10:14:34.5945876+00:00" />
    <UnitTestResult testName="McpServer.Support.Mcp.Tests.Services.RequirementsTwelfthAdversarialReviewTests.EnumerateFiles_PerFileByteLimit_Throws" outcome="Passed" testType="13cdc9d9-ddb5-4fa4-a97d-d965ccfc6d4b" testListId="8c84fa94-04c1-424b-9868-57a2d4851a1d" testId="cfbf9307-b186-435e-af76-9aa3127ad939" executionId="cfbf9307-b186-435e-af76-9aa3127ad939" computerName="PAYTON-LEGION2" duration="00:00:00.0115793" startTime="2026-09-04T10:14:34.6061418+00:00" endTime="2026-09-04T10:14:34.6178866+00:00" />
    <UnitTestResult testName="McpServer.Support.Mcp.Tests.Services.RequirementsTwelfthAdversarialReviewTests.EnumerateFiles_FileCountLimit_Throws" outcome="Passed" testType="13cdc9d9-ddb5-4fa4-a97d-d965ccfc6d4b" testListId="8c84fa94-04c1-424b-9868-57a2d4851a1d" testId="2284e0d8-4f0e-4e94-ad1c-ee0c1151c6a5" executionId="2284e0d8-4f0e-4e94-ad1c-ee0c1151c6a5" computerName="PAYTON-LEGION2" duration="00:00:00.0039677" startTime="2026-09-04T10:14:34.6182761+00:00" endTime="2026-09-04T10:14:34.6223054+00:00" />
    <UnitTestResult testName="McpServer.Support.Mcp.Tests.Services.RequirementsTwelfthAdversarialReviewTests.RequirementsSnapshotSource_UsesContainedHandlesAndDiskBackedContent" outcome="Passed" testType="13cdc9d9-ddb5-4fa4-a97d-d965ccfc6d4b" testListId="8c84fa94-04c1-424b-9868-57a2d4851a1d" testId="48149e87-968f-478b-b9a9-7870a4f456d5" executionId="48149e87-968f-478b-b9a9-7870a4f456d5" computerName="PAYTON-LEGION2" duration="00:00:00.0042910" startTime="2026-09-04T10:14:34.6226048+00:00" endTime="2026-09-04T10:14:34.6269983+00:00" />
    <UnitTestResult testName="McpServer.Support.Mcp.Tests.Services.RequirementsTwelfthAdversarialReviewTests.EnumerateFiles_RecursionDepthLimit_Throws" outcome="Passed" testType="13cdc9d9-ddb5-4fa4-a97d-d965ccfc6d4b" testListId="8c84fa94-04c1-424b-9868-57a2d4851a1d" testId="dd12f8f2-6c45-4ed4-93a9-b33f2c28ebcf" executionId="dd12f8f2-6c45-4ed4-93a9-b33f2c28ebcf" computerName="PAYTON-LEGION2" duration="00:00:00.0053351" startTime="2026-09-04T10:14:34.6273984+00:00" endTime="2026-09-04T10:14:34.6328156+00:00" />
    <UnitTestResult testName="McpServer.Support.Mcp.Tests.Services.RequirementsTwelfthAdversarialReviewTests.EnumerateFiles_AggregateByteLimit_Throws" outcome="Passed" testType="13cdc9d9-ddb5-4fa4-a97d-d965ccfc6d4b" testListId="8c84fa94-04c1-424b-9868-57a2d4851a1d" testId="0668e591-18b3-44bf-952f-665b41de1221" executionId="0668e591-18b3-44bf-952f-665b41de1221" computerName="PAYTON-LEGION2" duration="00:00:00.0030415" startTime="2026-09-04T10:14:34.6330788+00:00" endTime="2026-09-04T10:14:34.6361925+00:00" />
    <UnitTestResult testName="McpServer.Support.Mcp.Tests.Services.RequirementsTwelfthAdversarialReviewTests.OpenFileForRead_DirectoryAliasSwap_NeverReadsExternalObject" outcome="Passed" testType="13cdc9d9-ddb5-4fa4-a97d-d965ccfc6d4b" testListId="8c84fa94-04c1-424b-9868-57a2d4851a1d" testId="6efe3961-e29d-44ae-b49a-592b962b11b8" executionId="6efe3961-e29d-44ae-b49a-592b962b11b8" computerName="PAYTON-LEGION2" duration="00:00:00.5589022" startTime="2026-09-04T10:14:34.6365104+00:00" endTime="2026-09-04T10:14:35.1955124+00:00" />
    <UnitTestResult testName="McpServer.Support.Mcp.Tests.Services.RequirementsTwelfthAdversarialReviewTests.EnumerateFiles_CancelledAfterFirstYield_StopsWithoutMaterializingAllPaths" outcome="Passed" testType="13cdc9d9-ddb5-4fa4-a97d-d965ccfc6d4b" testListId="8c84fa94-04c1-424b-9868-57a2d4851a1d" testId="c2850601-e62a-4910-aad0-d3662ca0ca83" executionId="c2850601-e62a-4910-aad0-d3662ca0ca83" computerName="PAYTON-LEGION2" duration="00:00:00.0042179" startTime="2026-09-04T10:14:35.1959502+00:00" endTime="2026-09-04T10:14:35.2002569+00:00" />
    <UnitTestResult testName="McpServer.Support.Mcp.Tests.Storage.PostgreSqlDurableIdentifierTwelfthProviderTests.DurableIdentifiers_WithTypographicDashes_NormalizeAndReplayAsciiIdentity" outcome="Passed" testType="13cdc9d9-ddb5-4fa4-a97d-d965ccfc6d4b" testListId="8c84fa94-04c1-424b-9868-57a2d4851a1d" testId="38ee7f53-a7ea-4b61-819b-858cbeceb070" executionId="38ee7f53-a7ea-4b61-819b-858cbeceb070" computerName="PAYTON-LEGION2" duration="00:00:07.1930925" startTime="2026-09-04T10:14:37.8214269+00:00" endTime="2026-09-04T10:14:45.0145961+00:00" />
    <UnitTestResult testName="McpServer.Support.Mcp.Tests.Storage.SqlServerDurableIdentifierTwelfthProviderTests.DurableIdentifiers_WithTypographicDashes_NormalizeAndReplayAsciiIdentity" outcome="Passed" testType="13cdc9d9-ddb5-4fa4-a97d-d965ccfc6d4b" testListId="8c84fa94-04c1-424b-9868-57a2d4851a1d" testId="cbf7eac0-b8b4-456e-bfb8-1ab1e18dd116" executionId="cbf7eac0-b8b4-456e-bfb8-1ab1e18dd116" computerName="PAYTON-LEGION2" duration="00:00:07.6445085" startTime="2026-09-04T10:14:45.3220327+00:00" endTime="2026-09-04T10:14:52.9666039+00:00" />
    <UnitTestResult testName="McpServer.Support.Mcp.Tests.Storage.SqliteDurableIdentifierTwelfthProviderTests.DurableIdentifiers_WithTypographicDashes_NormalizeAndReplayAsciiIdentity" outcome="Passed" testType="13cdc9d9-ddb5-4fa4-a97d-d965ccfc6d4b" testListId="8c84fa94-04c1-424b-9868-57a2d4851a1d" testId="22c64c93-27e2-41aa-a3bc-327f4a1e2bc9" executionId="22c64c93-27e2-41aa-a3bc-327f4a1e2bc9" computerName="PAYTON-LEGION2" duration="00:00:03.6474202" startTime="2026-09-04T10:14:52.9682796+00:00" endTime="2026-09-04T10:14:56.6157578+00:00" />
    <UnitTestResult testName="McpServer.Support.Mcp.Tests.Storage.WorkspaceIdentityTwelfthCancellationTests.GetStorageKeyAsync_InjectedBlockingResolver_ObservesCallerCancellation" outcome="Passed" testType="13cdc9d9-ddb5-4fa4-a97d-d965ccfc6d4b" testListId="8c84fa94-04c1-424b-9868-57a2d4851a1d" testId="0a52aa12-55b6-4e23-83c9-8d8f464bec3d" executionId="0a52aa12-55b6-4e23-83c9-8d8f464bec3d" computerName="PAYTON-LEGION2" duration="00:00:00.1098916" startTime="2026-09-04T10:14:56.6175482+00:00" endTime="2026-09-04T10:14:56.7275124+00:00" />
    <UnitTestResult testName="McpServer.Support.Mcp.Tests.Storage.WorkspaceIdentityTwelfthCancellationTests.GetStorageKeyAsync_InjectedBlockingResolver_ThrowsBoundedTimeout" outcome="Passed" testType="13cdc9d9-ddb5-4fa4-a97d-d965ccfc6d4b" testListId="8c84fa94-04c1-424b-9868-57a2d4851a1d" testId="b2c533e3-6f49-4b43-8b0e-64e0df6deebf" executionId="b2c533e3-6f49-4b43-8b0e-64e0df6deebf" computerName="PAYTON-LEGION2" duration="00:00:00.1070965" startTime="2026-09-04T10:14:56.7277557+00:00" endTime="2026-09-04T10:14:56.8349283+00:00" />
    <UnitTestResult testName="McpServer.Support.Mcp.Tests.Storage.WorkspaceIdentityTwelfthCancellationTests.FederationMigrationSource_UsesAsyncWorkspaceHashResolution" outcome="Passed" testType="13cdc9d9-ddb5-4fa4-a97d-d965ccfc6d4b" testListId="8c84fa94-04c1-424b-9868-57a2d4851a1d" testId="8a986526-1dce-46c3-ac43-bda681133229" executionId="8a986526-1dce-46c3-ac43-bda681133229" computerName="PAYTON-LEGION2" duration="00:00:00.0009630" startTime="2026-09-04T10:14:56.8352501+00:00" endTime="2026-09-04T10:14:56.8362625+00:00" />
    <UnitTestResult testName="McpServer.Support.Mcp.Tests.Storage.SqliteFederationTimeoutTwelfthTests.FederationRead_RestoresTimeouts_AndSubsequentContendedWriteSucceeds" outcome="Passed" testType="13cdc9d9-ddb5-4fa4-a97d-d965ccfc6d4b" testListId="8c84fa94-04c1-424b-9868-57a2d4851a1d" testId="38033fa2-0929-4550-8cf9-f346766539a3" executionId="38033fa2-0929-4550-8cf9-f346766539a3" computerName="PAYTON-LEGION2" duration="00:00:03.4249062" startTime="2026-09-04T10:14:56.8366901+00:00" endTime="2026-09-04T10:15:00.2616481+00:00" />
    <UnitTestResult testName="McpServer.Support.Mcp.Tests.Documentation.BugTriage139TwelfthRepositoryAuditTests.TwelfthReviewNarrative_IsRepositoryOwnedAndMatchesProvenanceHash" outcome="Passed" testType="13cdc9d9-ddb5-4fa4-a97d-d965ccfc6d4b" testListId="8c84fa94-04c1-424b-9868-57a2d4851a1d" testId="bf5d4be7-2808-4746-8e36-43357e6f7378" executionId="bf5d4be7-2808-4746-8e36-43357e6f7378" computerName="PAYTON-LEGION2" duration="00:00:00.0022302" startTime="2026-09-04T10:15:00.2630822+00:00" endTime="2026-09-04T10:15:00.2653931+00:00" />
    <UnitTestResult testName="McpServer.Support.Mcp.Tests.Documentation.BugTriage139TwelfthRepositoryAuditTests.NamedEvidenceTests_UseSharedExplicitValidatedRepositoryRoot" outcome="Passed" testType="13cdc9d9-ddb5-4fa4-a97d-d965ccfc6d4b" testListId="8c84fa94-04c1-424b-9868-57a2d4851a1d" testId="03b23dc3-674a-478d-a356-5f6e6ee5c024" executionId="03b23dc3-674a-478d-a356-5f6e6ee5c024" computerName="PAYTON-LEGION2" duration="00:00:00.0010675" startTime="2026-09-04T10:15:00.2655818+00:00" endTime="2026-09-04T10:15:00.2666906+00:00" />
    <UnitTestResult testName="McpServer.Support.Mcp.Tests.Documentation.BugTriage139TwelfthRepositoryAuditTests.SharedProcessRunner_UnresponsiveProcess_IsKilledWithinBound" outcome="Passed" testType="13cdc9d9-ddb5-4fa4-a97d-d965ccfc6d4b" testListId="8c84fa94-04c1-424b-9868-57a2d4851a1d" testId="dde3d01d-78d1-4f62-b770-fc8cfeb48d30" executionId="dde3d01d-78d1-4f62-b770-fc8cfeb48d30" computerName="PAYTON-LEGION2" duration="00:00:00.3231562" startTime="2026-09-04T10:15:00.2668281+00:00" endTime="2026-09-04T10:15:00.5900400+00:00" />
    <UnitTestResult testName="McpServer.Support.Mcp.Tests.Documentation.BugTriage139TwelfthRepositoryAuditTests.EditableTextAudit_CoversClaimedExtensionsAndRequiresFinalNewline" outcome="Passed" testType="13cdc9d9-ddb5-4fa4-a97d-d965ccfc6d4b" testListId="8c84fa94-04c1-424b-9868-57a2d4851a1d" testId="749f55ab-eb7e-44f3-aec2-292e72eb5cb1" executionId="749f55ab-eb7e-44f3-aec2-292e72eb5cb1" computerName="PAYTON-LEGION2" duration="00:00:00.0044370" startTime="2026-09-04T10:15:00.5902936+00:00" endTime="2026-09-04T10:15:00.5947767+00:00" />
    <UnitTestResult testName="McpServer.Support.Mcp.Tests.Documentation.BugTriage139TwelfthRepositoryAuditTests.RepositoryRootResolution_ExternalArtifactsPath_RemainsStable" outcome="Passed" testType="13cdc9d9-ddb5-4fa4-a97d-d965ccfc6d4b" testListId="8c84fa94-04c1-424b-9868-57a2d4851a1d" testId="3a2e3444-dbfc-490e-9a34-201ed4ccd824" executionId="3a2e3444-dbfc-490e-9a34-201ed4ccd824" computerName="PAYTON-LEGION2" duration="00:00:00.0006590" startTime="2026-09-04T10:15:00.5949667+00:00" endTime="2026-09-04T10:15:00.5956662+00:00" />
  </Results>
  <TestDefinitions>
    <UnitTest name="McpServer.Support.Mcp.Tests.Services.RequirementsTwelfthAdversarialReviewTests.OpenFileForWrite_DirectoryAliasSwap_NeverWritesExternalObject" id="950e6d74-08bf-4e8f-86c0-a7819900415d" storage="C:\Users\kingd\AppData\Local\Temp\BUG-TRIAGE-139-fourteenth-20260904T050327Z\final-gates\hermetic-external-no-env-final\artifacts\bin\McpServer.Support.Mcp.Tests\release\McpServer.Support.Mcp.Tests.dll">
      <Execution id="950e6d74-08bf-4e8f-86c0-a7819900415d" />
      <TestMethod codeBase="C:\Users\kingd\AppData\Local\Temp\BUG-TRIAGE-139-fourteenth-20260904T050327Z\final-gates\hermetic-external-no-env-final\artifacts\bin\McpServer.Support.Mcp.Tests\release\McpServer.Support.Mcp.Tests.dll" className="McpServer.Support.Mcp.Tests.Services.RequirementsTwelfthAdversarialReviewTests" name="OpenFileForWrite_DirectoryAliasSwap_NeverWritesExternalObject" adapterTypeName="executor://78afca88-a28e-474a-99dd-25e355651ec3/xunit.v3/3.2.2" />
    </UnitTest>
    <UnitTest name="McpServer.Support.Mcp.Tests.Services.RequirementsTwelfthAdversarialReviewTests.EnumerateFiles_PerFileByteLimit_Throws" id="cfbf9307-b186-435e-af76-9aa3127ad939" storage="C:\Users\kingd\AppData\Local\Temp\BUG-TRIAGE-139-fourteenth-20260904T050327Z\final-gates\hermetic-external-no-env-final\artifacts\bin\McpServer.Support.Mcp.Tests\release\McpServer.Support.Mcp.Tests.dll">
      <Execution id="cfbf9307-b186-435e-af76-9aa3127ad939" />
      <TestMethod codeBase="C:\Users\kingd\AppData\Local\Temp\BUG-TRIAGE-139-fourteenth-20260904T050327Z\final-gates\hermetic-external-no-env-final\artifacts\bin\McpServer.Support.Mcp.Tests\release\McpServer.Support.Mcp.Tests.dll" className="McpServer.Support.Mcp.Tests.Services.RequirementsTwelfthAdversarialReviewTests" name="EnumerateFiles_PerFileByteLimit_Throws" adapterTypeName="executor://78afca88-a28e-474a-99dd-25e355651ec3/xunit.v3/3.2.2" />
    </UnitTest>
    <UnitTest name="McpServer.Support.Mcp.Tests.Services.RequirementsTwelfthAdversarialReviewTests.EnumerateFiles_FileCountLimit_Throws" id="2284e0d8-4f0e-4e94-ad1c-ee0c1151c6a5" storage="C:\Users\kingd\AppData\Local\Temp\BUG-TRIAGE-139-fourteenth-20260904T050327Z\final-gates\hermetic-external-no-env-final\artifacts\bin\McpServer.Support.Mcp.Tests\release\McpServer.Support.Mcp.Tests.dll">
      <Execution id="2284e0d8-4f0e-4e94-ad1c-ee0c1151c6a5" />
      <TestMethod codeBase="C:\Users\kingd\AppData\Local\Temp\BUG-TRIAGE-139-fourteenth-20260904T050327Z\final-gates\hermetic-external-no-env-final\artifacts\bin\McpServer.Support.Mcp.Tests\release\McpServer.Support.Mcp.Tests.dll" className="McpServer.Support.Mcp.Tests.Services.RequirementsTwelfthAdversarialReviewTests" name="EnumerateFiles_FileCountLimit_Throws" adapterTypeName="executor://78afca88-a28e-474a-99dd-25e355651ec3/xunit.v3/3.2.2" />
    </UnitTest>
    <UnitTest name="McpServer.Support.Mcp.Tests.Services.RequirementsTwelfthAdversarialReviewTests.RequirementsSnapshotSource_UsesContainedHandlesAndDiskBackedContent" id="48149e87-968f-478b-b9a9-7870a4f456d5" storage="C:\Users\kingd\AppData\Local\Temp\BUG-TRIAGE-139-fourteenth-20260904T050327Z\final-gates\hermetic-external-no-env-final\artifacts\bin\McpServer.Support.Mcp.Tests\release\McpServer.Support.Mcp.Tests.dll">
      <Execution id="48149e87-968f-478b-b9a9-7870a4f456d5" />
      <TestMethod codeBase="C:\Users\kingd\AppData\Local\Temp\BUG-TRIAGE-139-fourteenth-20260904T050327Z\final-gates\hermetic-external-no-env-final\artifacts\bin\McpServer.Support.Mcp.Tests\release\McpServer.Support.Mcp.Tests.dll" className="McpServer.Support.Mcp.Tests.Services.RequirementsTwelfthAdversarialReviewTests" name="RequirementsSnapshotSource_UsesContainedHandlesAndDiskBackedContent" adapterTypeName="executor://78afca88-a28e-474a-99dd-25e355651ec3/xunit.v3/3.2.2" />
    </UnitTest>
    <UnitTest name="McpServer.Support.Mcp.Tests.Services.RequirementsTwelfthAdversarialReviewTests.EnumerateFiles_RecursionDepthLimit_Throws" id="dd12f8f2-6c45-4ed4-93a9-b33f2c28ebcf" storage="C:\Users\kingd\AppData\Local\Temp\BUG-TRIAGE-139-fourteenth-20260904T050327Z\final-gates\hermetic-external-no-env-final\artifacts\bin\McpServer.Support.Mcp.Tests\release\McpServer.Support.Mcp.Tests.dll">
      <Execution id="dd12f8f2-6c45-4ed4-93a9-b33f2c28ebcf" />
      <TestMethod codeBase="C:\Users\kingd\AppData\Local\Temp\BUG-TRIAGE-139-fourteenth-20260904T050327Z\final-gates\hermetic-external-no-env-final\artifacts\bin\McpServer.Support.Mcp.Tests\release\McpServer.Support.Mcp.Tests.dll" className="McpServer.Support.Mcp.Tests.Services.RequirementsTwelfthAdversarialReviewTests" name="EnumerateFiles_RecursionDepthLimit_Throws" adapterTypeName="executor://78afca88-a28e-474a-99dd-25e355651ec3/xunit.v3/3.2.2" />
    </UnitTest>
    <UnitTest name="McpServer.Support.Mcp.Tests.Services.RequirementsTwelfthAdversarialReviewTests.EnumerateFiles_AggregateByteLimit_Throws" id="0668e591-18b3-44bf-952f-665b41de1221" storage="C:\Users\kingd\AppData\Local\Temp\BUG-TRIAGE-139-fourteenth-20260904T050327Z\final-gates\hermetic-external-no-env-final\artifacts\bin\McpServer.Support.Mcp.Tests\release\McpServer.Support.Mcp.Tests.dll">
      <Execution id="0668e591-18b3-44bf-952f-665b41de1221" />
      <TestMethod codeBase="C:\Users\kingd\AppData\Local\Temp\BUG-TRIAGE-139-fourteenth-20260904T050327Z\final-gates\hermetic-external-no-env-final\artifacts\bin\McpServer.Support.Mcp.Tests\release\McpServer.Support.Mcp.Tests.dll" className="McpServer.Support.Mcp.Tests.Services.RequirementsTwelfthAdversarialReviewTests" name="EnumerateFiles_AggregateByteLimit_Throws" adapterTypeName="executor://78afca88-a28e-474a-99dd-25e355651ec3/xunit.v3/3.2.2" />
    </UnitTest>
    <UnitTest name="McpServer.Support.Mcp.Tests.Services.RequirementsTwelfthAdversarialReviewTests.OpenFileForRead_DirectoryAliasSwap_NeverReadsExternalObject" id="6efe3961-e29d-44ae-b49a-592b962b11b8" storage="C:\Users\kingd\AppData\Local\Temp\BUG-TRIAGE-139-fourteenth-20260904T050327Z\final-gates\hermetic-external-no-env-final\artifacts\bin\McpServer.Support.Mcp.Tests\release\McpServer.Support.Mcp.Tests.dll">
      <Execution id="6efe3961-e29d-44ae-b49a-592b962b11b8" />
      <TestMethod codeBase="C:\Users\kingd\AppData\Local\Temp\BUG-TRIAGE-139-fourteenth-20260904T050327Z\final-gates\hermetic-external-no-env-final\artifacts\bin\McpServer.Support.Mcp.Tests\release\McpServer.Support.Mcp.Tests.dll" className="McpServer.Support.Mcp.Tests.Services.RequirementsTwelfthAdversarialReviewTests" name="OpenFileForRead_DirectoryAliasSwap_NeverReadsExternalObject" adapterTypeName="executor://78afca88-a28e-474a-99dd-25e355651ec3/xunit.v3/3.2.2" />
    </UnitTest>
    <UnitTest name="McpServer.Support.Mcp.Tests.Services.RequirementsTwelfthAdversarialReviewTests.EnumerateFiles_CancelledAfterFirstYield_StopsWithoutMaterializingAllPaths" id="c2850601-e62a-4910-aad0-d3662ca0ca83" storage="C:\Users\kingd\AppData\Local\Temp\BUG-TRIAGE-139-fourteenth-20260904T050327Z\final-gates\hermetic-external-no-env-final\artifacts\bin\McpServer.Support.Mcp.Tests\release\McpServer.Support.Mcp.Tests.dll">
      <Execution id="c2850601-e62a-4910-aad0-d3662ca0ca83" />
      <TestMethod codeBase="C:\Users\kingd\AppData\Local\Temp\BUG-TRIAGE-139-fourteenth-20260904T050327Z\final-gates\hermetic-external-no-env-final\artifacts\bin\McpServer.Support.Mcp.Tests\release\McpServer.Support.Mcp.Tests.dll" className="McpServer.Support.Mcp.Tests.Services.RequirementsTwelfthAdversarialReviewTests" name="EnumerateFiles_CancelledAfterFirstYield_StopsWithoutMaterializingAllPaths" adapterTypeName="executor://78afca88-a28e-474a-99dd-25e355651ec3/xunit.v3/3.2.2" />
    </UnitTest>
    <UnitTest name="McpServer.Support.Mcp.Tests.Storage.PostgreSqlDurableIdentifierTwelfthProviderTests.DurableIdentifiers_WithTypographicDashes_NormalizeAndReplayAsciiIdentity" id="38ee7f53-a7ea-4b61-819b-858cbeceb070" storage="C:\Users\kingd\AppData\Local\Temp\BUG-TRIAGE-139-fourteenth-20260904T050327Z\final-gates\hermetic-external-no-env-final\artifacts\bin\McpServer.Support.Mcp.Tests\release\McpServer.Support.Mcp.Tests.dll">
      <Execution id="38ee7f53-a7ea-4b61-819b-858cbeceb070" />
      <TestMethod codeBase="C:\Users\kingd\AppData\Local\Temp\BUG-TRIAGE-139-fourteenth-20260904T050327Z\final-gates\hermetic-external-no-env-final\artifacts\bin\McpServer.Support.Mcp.Tests\release\McpServer.Support.Mcp.Tests.dll" className="McpServer.Support.Mcp.Tests.Storage.PostgreSqlDurableIdentifierTwelfthProviderTests" name="DurableIdentifiers_WithTypographicDashes_NormalizeAndReplayAsciiIdentity" adapterTypeName="executor://78afca88-a28e-474a-99dd-25e355651ec3/xunit.v3/3.2.2" />
    </UnitTest>
    <UnitTest name="McpServer.Support.Mcp.Tests.Storage.SqlServerDurableIdentifierTwelfthProviderTests.DurableIdentifiers_WithTypographicDashes_NormalizeAndReplayAsciiIdentity" id="cbf7eac0-b8b4-456e-bfb8-1ab1e18dd116" storage="C:\Users\kingd\AppData\Local\Temp\BUG-TRIAGE-139-fourteenth-20260904T050327Z\final-gates\hermetic-external-no-env-final\artifacts\bin\McpServer.Support.Mcp.Tests\release\McpServer.Support.Mcp.Tests.dll">
      <Execution id="cbf7eac0-b8b4-456e-bfb8-1ab1e18dd116" />
      <TestMethod codeBase="C:\Users\kingd\AppData\Local\Temp\BUG-TRIAGE-139-fourteenth-20260904T050327Z\final-gates\hermetic-external-no-env-final\artifacts\bin\McpServer.Support.Mcp.Tests\release\McpServer.Support.Mcp.Tests.dll" className="McpServer.Support.Mcp.Tests.Storage.SqlServerDurableIdentifierTwelfthProviderTests" name="DurableIdentifiers_WithTypographicDashes_NormalizeAndReplayAsciiIdentity" adapterTypeName="executor://78afca88-a28e-474a-99dd-25e355651ec3/xunit.v3/3.2.2" />
    </UnitTest>
    <UnitTest name="McpServer.Support.Mcp.Tests.Storage.SqliteDurableIdentifierTwelfthProviderTests.DurableIdentifiers_WithTypographicDashes_NormalizeAndReplayAsciiIdentity" id="22c64c93-27e2-41aa-a3bc-327f4a1e2bc9" storage="C:\Users\kingd\AppData\Local\Temp\BUG-TRIAGE-139-fourteenth-20260904T050327Z\final-gates\hermetic-external-no-env-final\artifacts\bin\McpServer.Support.Mcp.Tests\release\McpServer.Support.Mcp.Tests.dll">
      <Execution id="22c64c93-27e2-41aa-a3bc-327f4a1e2bc9" />
      <TestMethod codeBase="C:\Users\kingd\AppData\Local\Temp\BUG-TRIAGE-139-fourteenth-20260904T050327Z\final-gates\hermetic-external-no-env-final\artifacts\bin\McpServer.Support.Mcp.Tests\release\McpServer.Support.Mcp.Tests.dll" className="McpServer.Support.Mcp.Tests.Storage.SqliteDurableIdentifierTwelfthProviderTests" name="DurableIdentifiers_WithTypographicDashes_NormalizeAndReplayAsciiIdentity" adapterTypeName="executor://78afca88-a28e-474a-99dd-25e355651ec3/xunit.v3/3.2.2" />
    </UnitTest>
    <UnitTest name="McpServer.Support.Mcp.Tests.Storage.WorkspaceIdentityTwelfthCancellationTests.GetStorageKeyAsync_InjectedBlockingResolver_ObservesCallerCancellation" id="0a52aa12-55b6-4e23-83c9-8d8f464bec3d" storage="C:\Users\kingd\AppData\Local\Temp\BUG-TRIAGE-139-fourteenth-20260904T050327Z\final-gates\hermetic-external-no-env-final\artifacts\bin\McpServer.Support.Mcp.Tests\release\McpServer.Support.Mcp.Tests.dll">
      <Execution id="0a52aa12-55b6-4e23-83c9-8d8f464bec3d" />
      <TestMethod codeBase="C:\Users\kingd\AppData\Local\Temp\BUG-TRIAGE-139-fourteenth-20260904T050327Z\final-gates\hermetic-external-no-env-final\artifacts\bin\McpServer.Support.Mcp.Tests\release\McpServer.Support.Mcp.Tests.dll" className="McpServer.Support.Mcp.Tests.Storage.WorkspaceIdentityTwelfthCancellationTests" name="GetStorageKeyAsync_InjectedBlockingResolver_ObservesCallerCancellation" adapterTypeName="executor://78afca88-a28e-474a-99dd-25e355651ec3/xunit.v3/3.2.2" />
    </UnitTest>
    <UnitTest name="McpServer.Support.Mcp.Tests.Storage.WorkspaceIdentityTwelfthCancellationTests.GetStorageKeyAsync_InjectedBlockingResolver_ThrowsBoundedTimeout" id="b2c533e3-6f49-4b43-8b0e-64e0df6deebf" storage="C:\Users\kingd\AppData\Local\Temp\BUG-TRIAGE-139-fourteenth-20260904T050327Z\final-gates\hermetic-external-no-env-final\artifacts\bin\McpServer.Support.Mcp.Tests\release\McpServer.Support.Mcp.Tests.dll">
      <Execution id="b2c533e3-6f49-4b43-8b0e-64e0df6deebf" />
      <TestMethod codeBase="C:\Users\kingd\AppData\Local\Temp\BUG-TRIAGE-139-fourteenth-20260904T050327Z\final-gates\hermetic-external-no-env-final\artifacts\bin\McpServer.Support.Mcp.Tests\release\McpServer.Support.Mcp.Tests.dll" className="McpServer.Support.Mcp.Tests.Storage.WorkspaceIdentityTwelfthCancellationTests" name="GetStorageKeyAsync_InjectedBlockingResolver_ThrowsBoundedTimeout" adapterTypeName="executor://78afca88-a28e-474a-99dd-25e355651ec3/xunit.v3/3.2.2" />
    </UnitTest>
    <UnitTest name="McpServer.Support.Mcp.Tests.Storage.WorkspaceIdentityTwelfthCancellationTests.FederationMigrationSource_UsesAsyncWorkspaceHashResolution" id="8a986526-1dce-46c3-ac43-bda681133229" storage="C:\Users\kingd\AppData\Local\Temp\BUG-TRIAGE-139-fourteenth-20260904T050327Z\final-gates\hermetic-external-no-env-final\artifacts\bin\McpServer.Support.Mcp.Tests\release\McpServer.Support.Mcp.Tests.dll">
      <Execution id="8a986526-1dce-46c3-ac43-bda681133229" />
      <TestMethod codeBase="C:\Users\kingd\AppData\Local\Temp\BUG-TRIAGE-139-fourteenth-20260904T050327Z\final-gates\hermetic-external-no-env-final\artifacts\bin\McpServer.Support.Mcp.Tests\release\McpServer.Support.Mcp.Tests.dll" className="McpServer.Support.Mcp.Tests.Storage.WorkspaceIdentityTwelfthCancellationTests" name="FederationMigrationSource_UsesAsyncWorkspaceHashResolution" adapterTypeName="executor://78afca88-a28e-474a-99dd-25e355651ec3/xunit.v3/3.2.2" />
    </UnitTest>
    <UnitTest name="McpServer.Support.Mcp.Tests.Storage.SqliteFederationTimeoutTwelfthTests.FederationRead_RestoresTimeouts_AndSubsequentContendedWriteSucceeds" id="38033fa2-0929-4550-8cf9-f346766539a3" storage="C:\Users\kingd\AppData\Local\Temp\BUG-TRIAGE-139-fourteenth-20260904T050327Z\final-gates\hermetic-external-no-env-final\artifacts\bin\McpServer.Support.Mcp.Tests\release\McpServer.Support.Mcp.Tests.dll">
      <Execution id="38033fa2-0929-4550-8cf9-f346766539a3" />
      <TestMethod codeBase="C:\Users\kingd\AppData\Local\Temp\BUG-TRIAGE-139-fourteenth-20260904T050327Z\final-gates\hermetic-external-no-env-final\artifacts\bin\McpServer.Support.Mcp.Tests\release\McpServer.Support.Mcp.Tests.dll" className="McpServer.Support.Mcp.Tests.Storage.SqliteFederationTimeoutTwelfthTests" name="FederationRead_RestoresTimeouts_AndSubsequentContendedWriteSucceeds" adapterTypeName="executor://78afca88-a28e-474a-99dd-25e355651ec3/xunit.v3/3.2.2" />
    </UnitTest>
    <UnitTest name="McpServer.Support.Mcp.Tests.Documentation.BugTriage139TwelfthRepositoryAuditTests.TwelfthReviewNarrative_IsRepositoryOwnedAndMatchesProvenanceHash" id="bf5d4be7-2808-4746-8e36-43357e6f7378" storage="C:\Users\kingd\AppData\Local\Temp\BUG-TRIAGE-139-fourteenth-20260904T050327Z\final-gates\hermetic-external-no-env-final\artifacts\bin\McpServer.Support.Mcp.Tests\release\McpServer.Support.Mcp.Tests.dll">
      <Execution id="bf5d4be7-2808-4746-8e36-43357e6f7378" />
      <TestMethod codeBase="C:\Users\kingd\AppData\Local\Temp\BUG-TRIAGE-139-fourteenth-20260904T050327Z\final-gates\hermetic-external-no-env-final\artifacts\bin\McpServer.Support.Mcp.Tests\release\McpServer.Support.Mcp.Tests.dll" className="McpServer.Support.Mcp.Tests.Documentation.BugTriage139TwelfthRepositoryAuditTests" name="TwelfthReviewNarrative_IsRepositoryOwnedAndMatchesProvenanceHash" adapterTypeName="executor://78afca88-a28e-474a-99dd-25e355651ec3/xunit.v3/3.2.2" />
    </UnitTest>
    <UnitTest name="McpServer.Support.Mcp.Tests.Documentation.BugTriage139TwelfthRepositoryAuditTests.NamedEvidenceTests_UseSharedExplicitValidatedRepositoryRoot" id="03b23dc3-674a-478d-a356-5f6e6ee5c024" storage="C:\Users\kingd\AppData\Local\Temp\BUG-TRIAGE-139-fourteenth-20260904T050327Z\final-gates\hermetic-external-no-env-final\artifacts\bin\McpServer.Support.Mcp.Tests\release\McpServer.Support.Mcp.Tests.dll">
      <Execution id="03b23dc3-674a-478d-a356-5f6e6ee5c024" />
      <TestMethod codeBase="C:\Users\kingd\AppData\Local\Temp\BUG-TRIAGE-139-fourteenth-20260904T050327Z\final-gates\hermetic-external-no-env-final\artifacts\bin\McpServer.Support.Mcp.Tests\release\McpServer.Support.Mcp.Tests.dll" className="McpServer.Support.Mcp.Tests.Documentation.BugTriage139TwelfthRepositoryAuditTests" name="NamedEvidenceTests_UseSharedExplicitValidatedRepositoryRoot" adapterTypeName="executor://78afca88-a28e-474a-99dd-25e355651ec3/xunit.v3/3.2.2" />
    </UnitTest>
    <UnitTest name="McpServer.Support.Mcp.Tests.Documentation.BugTriage139TwelfthRepositoryAuditTests.SharedProcessRunner_UnresponsiveProcess_IsKilledWithinBound" id="dde3d01d-78d1-4f62-b770-fc8cfeb48d30" storage="C:\Users\kingd\AppData\Local\Temp\BUG-TRIAGE-139-fourteenth-20260904T050327Z\final-gates\hermetic-external-no-env-final\artifacts\bin\McpServer.Support.Mcp.Tests\release\McpServer.Support.Mcp.Tests.dll">
      <Execution id="dde3d01d-78d1-4f62-b770-fc8cfeb48d30" />
      <TestMethod codeBase="C:\Users\kingd\AppData\Local\Temp\BUG-TRIAGE-139-fourteenth-20260904T050327Z\final-gates\hermetic-external-no-env-final\artifacts\bin\McpServer.Support.Mcp.Tests\release\McpServer.Support.Mcp.Tests.dll" className="McpServer.Support.Mcp.Tests.Documentation.BugTriage139TwelfthRepositoryAuditTests" name="SharedProcessRunner_UnresponsiveProcess_IsKilledWithinBound" adapterTypeName="executor://78afca88-a28e-474a-99dd-25e355651ec3/xunit.v3/3.2.2" />
    </UnitTest>
    <UnitTest name="McpServer.Support.Mcp.Tests.Documentation.BugTriage139TwelfthRepositoryAuditTests.EditableTextAudit_CoversClaimedExtensionsAndRequiresFinalNewline" id="749f55ab-eb7e-44f3-aec2-292e72eb5cb1" storage="C:\Users\kingd\AppData\Local\Temp\BUG-TRIAGE-139-fourteenth-20260904T050327Z\final-gates\hermetic-external-no-env-final\artifacts\bin\McpServer.Support.Mcp.Tests\release\McpServer.Support.Mcp.Tests.dll">
      <Execution id="749f55ab-eb7e-44f3-aec2-292e72eb5cb1" />
      <TestMethod codeBase="C:\Users\kingd\AppData\Local\Temp\BUG-TRIAGE-139-fourteenth-20260904T050327Z\final-gates\hermetic-external-no-env-final\artifacts\bin\McpServer.Support.Mcp.Tests\release\McpServer.Support.Mcp.Tests.dll" className="McpServer.Support.Mcp.Tests.Documentation.BugTriage139TwelfthRepositoryAuditTests" name="EditableTextAudit_CoversClaimedExtensionsAndRequiresFinalNewline" adapterTypeName="executor://78afca88-a28e-474a-99dd-25e355651ec3/xunit.v3/3.2.2" />
    </UnitTest>
    <UnitTest name="McpServer.Support.Mcp.Tests.Documentation.BugTriage139TwelfthRepositoryAuditTests.RepositoryRootResolution_ExternalArtifactsPath_RemainsStable" id="3a2e3444-dbfc-490e-9a34-201ed4ccd824" storage="C:\Users\kingd\AppData\Local\Temp\BUG-TRIAGE-139-fourteenth-20260904T050327Z\final-gates\hermetic-external-no-env-final\artifacts\bin\McpServer.Support.Mcp.Tests\release\McpServer.Support.Mcp.Tests.dll">
      <Execution id="3a2e3444-dbfc-490e-9a34-201ed4ccd824" />
      <TestMethod codeBase="C:\Users\kingd\AppData\Local\Temp\BUG-TRIAGE-139-fourteenth-20260904T050327Z\final-gates\hermetic-external-no-env-final\artifacts\bin\McpServer.Support.Mcp.Tests\release\McpServer.Support.Mcp.Tests.dll" className="McpServer.Support.Mcp.Tests.Documentation.BugTriage139TwelfthRepositoryAuditTests" name="RepositoryRootResolution_ExternalArtifactsPath_RemainsStable" adapterTypeName="executor://78afca88-a28e-474a-99dd-25e355651ec3/xunit.v3/3.2.2" />
    </UnitTest>
  </TestDefinitions>
  <TestEntries>
    <TestEntry testListId="8c84fa94-04c1-424b-9868-57a2d4851a1d" testId="950e6d74-08bf-4e8f-86c0-a7819900415d" executionId="950e6d74-08bf-4e8f-86c0-a7819900415d" />
    <TestEntry testListId="8c84fa94-04c1-424b-9868-57a2d4851a1d" testId="cfbf9307-b186-435e-af76-9aa3127ad939" executionId="cfbf9307-b186-435e-af76-9aa3127ad939" />
    <TestEntry testListId="8c84fa94-04c1-424b-9868-57a2d4851a1d" testId="2284e0d8-4f0e-4e94-ad1c-ee0c1151c6a5" executionId="2284e0d8-4f0e-4e94-ad1c-ee0c1151c6a5" />
    <TestEntry testListId="8c84fa94-04c1-424b-9868-57a2d4851a1d" testId="48149e87-968f-478b-b9a9-7870a4f456d5" executionId="48149e87-968f-478b-b9a9-7870a4f456d5" />
    <TestEntry testListId="8c84fa94-04c1-424b-9868-57a2d4851a1d" testId="dd12f8f2-6c45-4ed4-93a9-b33f2c28ebcf" executionId="dd12f8f2-6c45-4ed4-93a9-b33f2c28ebcf" />
    <TestEntry testListId="8c84fa94-04c1-424b-9868-57a2d4851a1d" testId="0668e591-18b3-44bf-952f-665b41de1221" executionId="0668e591-18b3-44bf-952f-665b41de1221" />
    <TestEntry testListId="8c84fa94-04c1-424b-9868-57a2d4851a1d" testId="6efe3961-e29d-44ae-b49a-592b962b11b8" executionId="6efe3961-e29d-44ae-b49a-592b962b11b8" />
    <TestEntry testListId="8c84fa94-04c1-424b-9868-57a2d4851a1d" testId="c2850601-e62a-4910-aad0-d3662ca0ca83" executionId="c2850601-e62a-4910-aad0-d3662ca0ca83" />
    <TestEntry testListId="8c84fa94-04c1-424b-9868-57a2d4851a1d" testId="38ee7f53-a7ea-4b61-819b-858cbeceb070" executionId="38ee7f53-a7ea-4b61-819b-858cbeceb070" />
    <TestEntry testListId="8c84fa94-04c1-424b-9868-57a2d4851a1d" testId="cbf7eac0-b8b4-456e-bfb8-1ab1e18dd116" executionId="cbf7eac0-b8b4-456e-bfb8-1ab1e18dd116" />
    <TestEntry testListId="8c84fa94-04c1-424b-9868-57a2d4851a1d" testId="22c64c93-27e2-41aa-a3bc-327f4a1e2bc9" executionId="22c64c93-27e2-41aa-a3bc-327f4a1e2bc9" />
    <TestEntry testListId="8c84fa94-04c1-424b-9868-57a2d4851a1d" testId="0a52aa12-55b6-4e23-83c9-8d8f464bec3d" executionId="0a52aa12-55b6-4e23-83c9-8d8f464bec3d" />
    <TestEntry testListId="8c84fa94-04c1-424b-9868-57a2d4851a1d" testId="b2c533e3-6f49-4b43-8b0e-64e0df6deebf" executionId="b2c533e3-6f49-4b43-8b0e-64e0df6deebf" />
    <TestEntry testListId="8c84fa94-04c1-424b-9868-57a2d4851a1d" testId="8a986526-1dce-46c3-ac43-bda681133229" executionId="8a986526-1dce-46c3-ac43-bda681133229" />
    <TestEntry testListId="8c84fa94-04c1-424b-9868-57a2d4851a1d" testId="38033fa2-0929-4550-8cf9-f346766539a3" executionId="38033fa2-0929-4550-8cf9-f346766539a3" />
    <TestEntry testListId="8c84fa94-04c1-424b-9868-57a2d4851a1d" testId="bf5d4be7-2808-4746-8e36-43357e6f7378" executionId="bf5d4be7-2808-4746-8e36-43357e6f7378" />
    <TestEntry testListId="8c84fa94-04c1-424b-9868-57a2d4851a1d" testId="03b23dc3-674a-478d-a356-5f6e6ee5c024" executionId="03b23dc3-674a-478d-a356-5f6e6ee5c024" />
    <TestEntry testListId="8c84fa94-04c1-424b-9868-57a2d4851a1d" testId="dde3d01d-78d1-4f62-b770-fc8cfeb48d30" executionId="dde3d01d-78d1-4f62-b770-fc8cfeb48d30" />
    <TestEntry testListId="8c84fa94-04c1-424b-9868-57a2d4851a1d" testId="749f55ab-eb7e-44f3-aec2-292e72eb5cb1" executionId="749f55ab-eb7e-44f3-aec2-292e72eb5cb1" />
    <TestEntry testListId="8c84fa94-04c1-424b-9868-57a2d4851a1d" testId="3a2e3444-dbfc-490e-9a34-201ed4ccd824" executionId="3a2e3444-dbfc-490e-9a34-201ed4ccd824" />
  </TestEntries>
  <TestLists>
    <TestList name="Results Not in a List" id="8c84fa94-04c1-424b-9868-57a2d4851a1d" />
    <TestList name="All Loaded Results" id="19431567-8539-422a-85d7-44ee4e166bda" />
  </TestLists>
  <ResultSummary outcome="Completed">
    <Counters total="20" executed="20" passed="20" failed="0" error="0" timeout="0" aborted="0" inconclusive="0" passedButRunAborted="0" notRunnable="0" notExecuted="0" disconnected="0" warning="0" completed="0" inProgress="0" pending="0" />
  </ResultSummary>
</TestRun>