<TestRun id="75843974-0ff8-4ff5-9e5a-6f02ea4393c1" name="SYSTEM@PAYTON-LEGION2 2026-09-04T04:59:04.6451259-05:00" runUser="SYSTEM" xmlns="http://microsoft.com/schemas/VisualStudio/TeamTest/2010">
  <Times creation="2026-09-04T04:59:04.6451259-05:00" queuing="2026-09-04T04:59:04.6451259-05:00" start="2026-09-04T04:59:04.6451259-05:00" finish="2026-09-04T09:59:06.6893151+00:00" />
  <TestSettings name="default" id="6c4d5628-128d-4c3b-a1a4-ab366a4594ad" />
  <Results>
    <UnitTestResult testName="McpServer.Support.Mcp.Tests.Controllers.UseCasesControllerTests.CreateFromFrAsync_WhenSuccess_ReturnsCreated" outcome="Passed" testType="13cdc9d9-ddb5-4fa4-a97d-d965ccfc6d4b" testListId="8c84fa94-04c1-424b-9868-57a2d4851a1d" testId="09af76df-1d36-4e1d-bf4f-96bc8e08511d" executionId="09af76df-1d36-4e1d-bf4f-96bc8e08511d" computerName="PAYTON-LEGION2" duration="00:00:00.1449811" startTime="2026-09-04T09:59:04.7284757+00:00" endTime="2026-09-04T09:59:04.8839798+00:00" />
    <UnitTestResult testName="McpServer.Support.Mcp.Tests.Controllers.UseCasesControllerTests.CreateAsync_WhenValidationFails_Returns400" outcome="Passed" testType="13cdc9d9-ddb5-4fa4-a97d-d965ccfc6d4b" testListId="8c84fa94-04c1-424b-9868-57a2d4851a1d" testId="9607c633-8cf5-445d-9d58-5f9ea27cfda6" executionId="9607c633-8cf5-445d-9d58-5f9ea27cfda6" computerName="PAYTON-LEGION2" duration="00:00:00.0056850" startTime="2026-09-04T09:59:04.8925250+00:00" endTime="2026-09-04T09:59:04.8983182+00:00" />
    <UnitTestResult testName="McpServer.Support.Mcp.Tests.Controllers.UseCasesControllerTests.CreateAsync_WhenSuccess_ReturnsCreated" outcome="Passed" testType="13cdc9d9-ddb5-4fa4-a97d-d965ccfc6d4b" testListId="8c84fa94-04c1-424b-9868-57a2d4851a1d" testId="09d108f9-e88a-4acc-8ad1-ec64fb71e324" executionId="09d108f9-e88a-4acc-8ad1-ec64fb71e324" computerName="PAYTON-LEGION2" duration="00:00:00.0019581" startTime="2026-09-04T09:59:04.8984971+00:00" endTime="2026-09-04T09:59:04.9004935+00:00" />
    <UnitTestResult testName="McpServer.Support.Mcp.Tests.Controllers.UseCasesControllerTests.DeleteAsync_WhenSuccess_ReturnsNoContent" outcome="Passed" testType="13cdc9d9-ddb5-4fa4-a97d-d965ccfc6d4b" testListId="8c84fa94-04c1-424b-9868-57a2d4851a1d" testId="ef635841-7424-424b-a7ed-9e554817b29f" executionId="ef635841-7424-424b-a7ed-9e554817b29f" computerName="PAYTON-LEGION2" duration="00:00:00.0044166" startTime="2026-09-04T09:59:04.9008465+00:00" endTime="2026-09-04T09:59:04.9053168+00:00" />
    <UnitTestResult testName="McpServer.Support.Mcp.Tests.Controllers.UseCasesControllerTests.CreateAsync_WhenPersistenceFails_ReturnsSanitizedClassified500" outcome="Passed" testType="13cdc9d9-ddb5-4fa4-a97d-d965ccfc6d4b" testListId="8c84fa94-04c1-424b-9868-57a2d4851a1d" testId="f4ccbded-32d9-44fa-a228-e6de7bec7eca" executionId="f4ccbded-32d9-44fa-a228-e6de7bec7eca" computerName="PAYTON-LEGION2" duration="00:00:00.0330059" startTime="2026-09-04T09:59:04.9055243+00:00" endTime="2026-09-04T09:59:04.9385779+00:00" />
    <UnitTestResult testName="McpServer.Support.Mcp.Tests.Controllers.UseCasesControllerTests.ListAsync_WhenSuccess_ReturnsOk" outcome="Passed" testType="13cdc9d9-ddb5-4fa4-a97d-d965ccfc6d4b" testListId="8c84fa94-04c1-424b-9868-57a2d4851a1d" testId="a7ab2090-c306-4080-a84d-d08171c50323" executionId="a7ab2090-c306-4080-a84d-d08171c50323" computerName="PAYTON-LEGION2" duration="00:00:00.0034997" startTime="2026-09-04T09:59:04.9387813+00:00" endTime="2026-09-04T09:59:04.9423248+00:00" />
    <UnitTestResult testName="McpServer.Support.Mcp.Tests.Controllers.UseCasesControllerTests.CreateAsync_WhenBodyNull_ReturnsBadRequestWithoutDispatch" outcome="Passed" testType="13cdc9d9-ddb5-4fa4-a97d-d965ccfc6d4b" testListId="8c84fa94-04c1-424b-9868-57a2d4851a1d" testId="fc06e6f3-8394-4a0f-9dd0-2d17a8d1fb36" executionId="fc06e6f3-8394-4a0f-9dd0-2d17a8d1fb36" computerName="PAYTON-LEGION2" duration="00:00:00.0011547" startTime="2026-09-04T09:59:04.9424844+00:00" endTime="2026-09-04T09:59:04.9436683+00:00" />
    <UnitTestResult testName="McpServer.Support.Mcp.Tests.Controllers.UseCasesControllerTests.DiagramAsync_WhenSuccess_ReturnsOk" outcome="Passed" testType="13cdc9d9-ddb5-4fa4-a97d-d965ccfc6d4b" testListId="8c84fa94-04c1-424b-9868-57a2d4851a1d" testId="2c6e0883-7a0a-4798-b235-a176408fa7e7" executionId="2c6e0883-7a0a-4798-b235-a176408fa7e7" computerName="PAYTON-LEGION2" duration="00:00:00.0040691" startTime="2026-09-04T09:59:04.9438224+00:00" endTime="2026-09-04T09:59:04.9479278+00:00" />
    <UnitTestResult testName="McpServer.Support.Mcp.Tests.Controllers.UseCasesControllerTests.CoverageAsync_WhenSuccess_ReturnsOk" outcome="Passed" testType="13cdc9d9-ddb5-4fa4-a97d-d965ccfc6d4b" testListId="8c84fa94-04c1-424b-9868-57a2d4851a1d" testId="519e5d95-4291-4ce9-95c3-9ab4762eecc3" executionId="519e5d95-4291-4ce9-95c3-9ab4762eecc3" computerName="PAYTON-LEGION2" duration="00:00:00.0017351" startTime="2026-09-04T09:59:04.9481297+00:00" endTime="2026-09-04T09:59:04.9498967+00:00" />
    <UnitTestResult testName="McpServer.Support.Mcp.Tests.Controllers.UseCasesControllerTests.GetAsync_WhenNotFound_Returns404" outcome="Passed" testType="13cdc9d9-ddb5-4fa4-a97d-d965ccfc6d4b" testListId="8c84fa94-04c1-424b-9868-57a2d4851a1d" testId="461db0b8-8d8d-416c-a8d7-501b38dcb02b" executionId="461db0b8-8d8d-416c-a8d7-501b38dcb02b" computerName="PAYTON-LEGION2" duration="00:00:00.0013658" startTime="2026-09-04T09:59:04.9500613+00:00" endTime="2026-09-04T09:59:04.9514575+00:00" />
    <UnitTestResult testName="McpServer.Support.Mcp.Tests.Controllers.UseCasesControllerTests.LinkFrAsync_WhenConflict_Returns409" outcome="Passed" testType="13cdc9d9-ddb5-4fa4-a97d-d965ccfc6d4b" testListId="8c84fa94-04c1-424b-9868-57a2d4851a1d" testId="a1b07ccd-dc7b-4282-a5c1-4ddac7ae18c7" executionId="a1b07ccd-dc7b-4282-a5c1-4ddac7ae18c7" computerName="PAYTON-LEGION2" duration="00:00:00.0020756" startTime="2026-09-04T09:59:04.9515921+00:00" endTime="2026-09-04T09:59:04.9536966+00:00" />
    <UnitTestResult testName="McpServer.Support.Mcp.Tests.McpStdio.UseCaseMcpResultTests.SerializeResult_LegacyClassifiedFailure_PreservesErrorOnlyShape(failure: \&quot;validation:title is required\&quot;, expectedError: \&quot;title is required\&quot;)" outcome="Passed" testType="13cdc9d9-ddb5-4fa4-a97d-d965ccfc6d4b" testListId="8c84fa94-04c1-424b-9868-57a2d4851a1d" testId="1602d8b4-9f2f-402f-815f-9725602b01ad" executionId="1602d8b4-9f2f-402f-815f-9725602b01ad" computerName="PAYTON-LEGION2" duration="00:00:00.0089811" startTime="2026-09-04T09:59:04.9601146+00:00" endTime="2026-09-04T09:59:04.9691640+00:00" />
    <UnitTestResult testName="McpServer.Support.Mcp.Tests.McpStdio.UseCaseMcpResultTests.SerializeResult_LegacyClassifiedFailure_PreservesErrorOnlyShape(failure: \&quot;not_found:missing use case\&quot;, expectedError: \&quot;missing use case\&quot;)" outcome="Passed" testType="13cdc9d9-ddb5-4fa4-a97d-d965ccfc6d4b" testListId="8c84fa94-04c1-424b-9868-57a2d4851a1d" testId="e44e8b72-6dfe-4a86-9fb6-43767f8c3f08" executionId="e44e8b72-6dfe-4a86-9fb6-43767f8c3f08" computerName="PAYTON-LEGION2" duration="00:00:00.0008964" startTime="2026-09-04T09:59:04.9693097+00:00" endTime="2026-09-04T09:59:04.9702539+00:00" />
    <UnitTestResult testName="McpServer.Support.Mcp.Tests.McpStdio.UseCaseMcpResultTests.SerializeResult_LegacyClassifiedFailure_PreservesErrorOnlyShape(failure: \&quot;conflict:link already exists\&quot;, expectedError: \&quot;link already exists\&quot;)" outcome="Passed" testType="13cdc9d9-ddb5-4fa4-a97d-d965ccfc6d4b" testListId="8c84fa94-04c1-424b-9868-57a2d4851a1d" testId="eb33b62f-34d0-432f-ac75-5545a76a63c0" executionId="eb33b62f-34d0-432f-ac75-5545a76a63c0" computerName="PAYTON-LEGION2" duration="00:00:00.0000588" startTime="2026-09-04T09:59:04.9703433+00:00" endTime="2026-09-04T09:59:04.9704386+00:00" />
    <UnitTestResult testName="McpServer.Support.Mcp.Tests.McpStdio.UseCaseMcpResultTests.SerializeResult_PersistenceFailure_EmitsSanitizedClassifiedCode" outcome="Passed" testType="13cdc9d9-ddb5-4fa4-a97d-d965ccfc6d4b" testListId="8c84fa94-04c1-424b-9868-57a2d4851a1d" testId="df0bce75-74bb-438b-a365-8d0e802bb9cc" executionId="df0bce75-74bb-438b-a365-8d0e802bb9cc" computerName="PAYTON-LEGION2" duration="00:00:00.0057595" startTime="2026-09-04T09:59:04.9705823+00:00" endTime="2026-09-04T09:59:04.9763892+00:00" />
    <UnitTestResult testName="McpServer.Support.Mcp.Tests.McpStdio.UseCaseMcpCancellationTests.UseCaseCreate_OperationCanceledException_IsRethrown" outcome="Passed" testType="13cdc9d9-ddb5-4fa4-a97d-d965ccfc6d4b" testListId="8c84fa94-04c1-424b-9868-57a2d4851a1d" testId="2ee5387a-3052-404b-8626-74a50d881d7f" executionId="2ee5387a-3052-404b-8626-74a50d881d7f" computerName="PAYTON-LEGION2" duration="00:00:01.6607450" startTime="2026-09-04T09:59:04.9770937+00:00" endTime="2026-09-04T09:59:06.6379290+00:00" />
    <UnitTestResult testName="McpServer.Support.Mcp.Tests.McpStdio.UseCaseMcpCancellationTests.UseCaseFromFr_OperationCanceledException_IsRethrown" outcome="Passed" testType="13cdc9d9-ddb5-4fa4-a97d-d965ccfc6d4b" testListId="8c84fa94-04c1-424b-9868-57a2d4851a1d" testId="71d6562b-91f2-4400-967c-12e9baf101c6" executionId="71d6562b-91f2-4400-967c-12e9baf101c6" computerName="PAYTON-LEGION2" duration="00:00:00.0509047" startTime="2026-09-04T09:59:06.6383407+00:00" endTime="2026-09-04T09:59:06.6893151+00:00" />
  </Results>
  <TestDefinitions>
    <UnitTest name="McpServer.Support.Mcp.Tests.Controllers.UseCasesControllerTests.CreateFromFrAsync_WhenSuccess_ReturnsCreated" id="09af76df-1d36-4e1d-bf4f-96bc8e08511d" storage="C:\Users\kingd\AppData\Local\Temp\BUG-TRIAGE-139-fourteenth-20260904T050327Z\final-gates\artifacts\bin\McpServer.Support.Mcp.Tests\release\McpServer.Support.Mcp.Tests.dll">
      <Execution id="09af76df-1d36-4e1d-bf4f-96bc8e08511d" />
      <TestMethod codeBase="C:\Users\kingd\AppData\Local\Temp\BUG-TRIAGE-139-fourteenth-20260904T050327Z\final-gates\artifacts\bin\McpServer.Support.Mcp.Tests\release\McpServer.Support.Mcp.Tests.dll" className="McpServer.Support.Mcp.Tests.Controllers.UseCasesControllerTests" name="CreateFromFrAsync_WhenSuccess_ReturnsCreated" adapterTypeName="executor://75843974-0ff8-4ff5-9e5a-6f02ea4393c1/xunit.v3/3.2.2" />
    </UnitTest>
    <UnitTest name="McpServer.Support.Mcp.Tests.Controllers.UseCasesControllerTests.CreateAsync_WhenValidationFails_Returns400" id="9607c633-8cf5-445d-9d58-5f9ea27cfda6" storage="C:\Users\kingd\AppData\Local\Temp\BUG-TRIAGE-139-fourteenth-20260904T050327Z\final-gates\artifacts\bin\McpServer.Support.Mcp.Tests\release\McpServer.Support.Mcp.Tests.dll">
      <Execution id="9607c633-8cf5-445d-9d58-5f9ea27cfda6" />
      <TestMethod codeBase="C:\Users\kingd\AppData\Local\Temp\BUG-TRIAGE-139-fourteenth-20260904T050327Z\final-gates\artifacts\bin\McpServer.Support.Mcp.Tests\release\McpServer.Support.Mcp.Tests.dll" className="McpServer.Support.Mcp.Tests.Controllers.UseCasesControllerTests" name="CreateAsync_WhenValidationFails_Returns400" adapterTypeName="executor://75843974-0ff8-4ff5-9e5a-6f02ea4393c1/xunit.v3/3.2.2" />
    </UnitTest>
    <UnitTest name="McpServer.Support.Mcp.Tests.Controllers.UseCasesControllerTests.CreateAsync_WhenSuccess_ReturnsCreated" id="09d108f9-e88a-4acc-8ad1-ec64fb71e324" storage="C:\Users\kingd\AppData\Local\Temp\BUG-TRIAGE-139-fourteenth-20260904T050327Z\final-gates\artifacts\bin\McpServer.Support.Mcp.Tests\release\McpServer.Support.Mcp.Tests.dll">
      <Execution id="09d108f9-e88a-4acc-8ad1-ec64fb71e324" />
      <TestMethod codeBase="C:\Users\kingd\AppData\Local\Temp\BUG-TRIAGE-139-fourteenth-20260904T050327Z\final-gates\artifacts\bin\McpServer.Support.Mcp.Tests\release\McpServer.Support.Mcp.Tests.dll" className="McpServer.Support.Mcp.Tests.Controllers.UseCasesControllerTests" name="CreateAsync_WhenSuccess_ReturnsCreated" adapterTypeName="executor://75843974-0ff8-4ff5-9e5a-6f02ea4393c1/xunit.v3/3.2.2" />
    </UnitTest>
    <UnitTest name="McpServer.Support.Mcp.Tests.Controllers.UseCasesControllerTests.DeleteAsync_WhenSuccess_ReturnsNoContent" id="ef635841-7424-424b-a7ed-9e554817b29f" storage="C:\Users\kingd\AppData\Local\Temp\BUG-TRIAGE-139-fourteenth-20260904T050327Z\final-gates\artifacts\bin\McpServer.Support.Mcp.Tests\release\McpServer.Support.Mcp.Tests.dll">
      <Execution id="ef635841-7424-424b-a7ed-9e554817b29f" />
      <TestMethod codeBase="C:\Users\kingd\AppData\Local\Temp\BUG-TRIAGE-139-fourteenth-20260904T050327Z\final-gates\artifacts\bin\McpServer.Support.Mcp.Tests\release\McpServer.Support.Mcp.Tests.dll" className="McpServer.Support.Mcp.Tests.Controllers.UseCasesControllerTests" name="DeleteAsync_WhenSuccess_ReturnsNoContent" adapterTypeName="executor://75843974-0ff8-4ff5-9e5a-6f02ea4393c1/xunit.v3/3.2.2" />
    </UnitTest>
    <UnitTest name="McpServer.Support.Mcp.Tests.Controllers.UseCasesControllerTests.CreateAsync_WhenPersistenceFails_ReturnsSanitizedClassified500" id="f4ccbded-32d9-44fa-a228-e6de7bec7eca" storage="C:\Users\kingd\AppData\Local\Temp\BUG-TRIAGE-139-fourteenth-20260904T050327Z\final-gates\artifacts\bin\McpServer.Support.Mcp.Tests\release\McpServer.Support.Mcp.Tests.dll">
      <Execution id="f4ccbded-32d9-44fa-a228-e6de7bec7eca" />
      <TestMethod codeBase="C:\Users\kingd\AppData\Local\Temp\BUG-TRIAGE-139-fourteenth-20260904T050327Z\final-gates\artifacts\bin\McpServer.Support.Mcp.Tests\release\McpServer.Support.Mcp.Tests.dll" className="McpServer.Support.Mcp.Tests.Controllers.UseCasesControllerTests" name="CreateAsync_WhenPersistenceFails_ReturnsSanitizedClassified500" adapterTypeName="executor://75843974-0ff8-4ff5-9e5a-6f02ea4393c1/xunit.v3/3.2.2" />
    </UnitTest>
    <UnitTest name="McpServer.Support.Mcp.Tests.Controllers.UseCasesControllerTests.ListAsync_WhenSuccess_ReturnsOk" id="a7ab2090-c306-4080-a84d-d08171c50323" storage="C:\Users\kingd\AppData\Local\Temp\BUG-TRIAGE-139-fourteenth-20260904T050327Z\final-gates\artifacts\bin\McpServer.Support.Mcp.Tests\release\McpServer.Support.Mcp.Tests.dll">
      <Execution id="a7ab2090-c306-4080-a84d-d08171c50323" />
      <TestMethod codeBase="C:\Users\kingd\AppData\Local\Temp\BUG-TRIAGE-139-fourteenth-20260904T050327Z\final-gates\artifacts\bin\McpServer.Support.Mcp.Tests\release\McpServer.Support.Mcp.Tests.dll" className="McpServer.Support.Mcp.Tests.Controllers.UseCasesControllerTests" name="ListAsync_WhenSuccess_ReturnsOk" adapterTypeName="executor://75843974-0ff8-4ff5-9e5a-6f02ea4393c1/xunit.v3/3.2.2" />
    </UnitTest>
    <UnitTest name="McpServer.Support.Mcp.Tests.Controllers.UseCasesControllerTests.CreateAsync_WhenBodyNull_ReturnsBadRequestWithoutDispatch" id="fc06e6f3-8394-4a0f-9dd0-2d17a8d1fb36" storage="C:\Users\kingd\AppData\Local\Temp\BUG-TRIAGE-139-fourteenth-20260904T050327Z\final-gates\artifacts\bin\McpServer.Support.Mcp.Tests\release\McpServer.Support.Mcp.Tests.dll">
      <Execution id="fc06e6f3-8394-4a0f-9dd0-2d17a8d1fb36" />
      <TestMethod codeBase="C:\Users\kingd\AppData\Local\Temp\BUG-TRIAGE-139-fourteenth-20260904T050327Z\final-gates\artifacts\bin\McpServer.Support.Mcp.Tests\release\McpServer.Support.Mcp.Tests.dll" className="McpServer.Support.Mcp.Tests.Controllers.UseCasesControllerTests" name="CreateAsync_WhenBodyNull_ReturnsBadRequestWithoutDispatch" adapterTypeName="executor://75843974-0ff8-4ff5-9e5a-6f02ea4393c1/xunit.v3/3.2.2" />
    </UnitTest>
    <UnitTest name="McpServer.Support.Mcp.Tests.Controllers.UseCasesControllerTests.DiagramAsync_WhenSuccess_ReturnsOk" id="2c6e0883-7a0a-4798-b235-a176408fa7e7" storage="C:\Users\kingd\AppData\Local\Temp\BUG-TRIAGE-139-fourteenth-20260904T050327Z\final-gates\artifacts\bin\McpServer.Support.Mcp.Tests\release\McpServer.Support.Mcp.Tests.dll">
      <Execution id="2c6e0883-7a0a-4798-b235-a176408fa7e7" />
      <TestMethod codeBase="C:\Users\kingd\AppData\Local\Temp\BUG-TRIAGE-139-fourteenth-20260904T050327Z\final-gates\artifacts\bin\McpServer.Support.Mcp.Tests\release\McpServer.Support.Mcp.Tests.dll" className="McpServer.Support.Mcp.Tests.Controllers.UseCasesControllerTests" name="DiagramAsync_WhenSuccess_ReturnsOk" adapterTypeName="executor://75843974-0ff8-4ff5-9e5a-6f02ea4393c1/xunit.v3/3.2.2" />
    </UnitTest>
    <UnitTest name="McpServer.Support.Mcp.Tests.Controllers.UseCasesControllerTests.CoverageAsync_WhenSuccess_ReturnsOk" id="519e5d95-4291-4ce9-95c3-9ab4762eecc3" storage="C:\Users\kingd\AppData\Local\Temp\BUG-TRIAGE-139-fourteenth-20260904T050327Z\final-gates\artifacts\bin\McpServer.Support.Mcp.Tests\release\McpServer.Support.Mcp.Tests.dll">
      <Execution id="519e5d95-4291-4ce9-95c3-9ab4762eecc3" />
      <TestMethod codeBase="C:\Users\kingd\AppData\Local\Temp\BUG-TRIAGE-139-fourteenth-20260904T050327Z\final-gates\artifacts\bin\McpServer.Support.Mcp.Tests\release\McpServer.Support.Mcp.Tests.dll" className="McpServer.Support.Mcp.Tests.Controllers.UseCasesControllerTests" name="CoverageAsync_WhenSuccess_ReturnsOk" adapterTypeName="executor://75843974-0ff8-4ff5-9e5a-6f02ea4393c1/xunit.v3/3.2.2" />
    </UnitTest>
    <UnitTest name="McpServer.Support.Mcp.Tests.Controllers.UseCasesControllerTests.GetAsync_WhenNotFound_Returns404" id="461db0b8-8d8d-416c-a8d7-501b38dcb02b" storage="C:\Users\kingd\AppData\Local\Temp\BUG-TRIAGE-139-fourteenth-20260904T050327Z\final-gates\artifacts\bin\McpServer.Support.Mcp.Tests\release\McpServer.Support.Mcp.Tests.dll">
      <Execution id="461db0b8-8d8d-416c-a8d7-501b38dcb02b" />
      <TestMethod codeBase="C:\Users\kingd\AppData\Local\Temp\BUG-TRIAGE-139-fourteenth-20260904T050327Z\final-gates\artifacts\bin\McpServer.Support.Mcp.Tests\release\McpServer.Support.Mcp.Tests.dll" className="McpServer.Support.Mcp.Tests.Controllers.UseCasesControllerTests" name="GetAsync_WhenNotFound_Returns404" adapterTypeName="executor://75843974-0ff8-4ff5-9e5a-6f02ea4393c1/xunit.v3/3.2.2" />
    </UnitTest>
    <UnitTest name="McpServer.Support.Mcp.Tests.Controllers.UseCasesControllerTests.LinkFrAsync_WhenConflict_Returns409" id="a1b07ccd-dc7b-4282-a5c1-4ddac7ae18c7" storage="C:\Users\kingd\AppData\Local\Temp\BUG-TRIAGE-139-fourteenth-20260904T050327Z\final-gates\artifacts\bin\McpServer.Support.Mcp.Tests\release\McpServer.Support.Mcp.Tests.dll">
      <Execution id="a1b07ccd-dc7b-4282-a5c1-4ddac7ae18c7" />
      <TestMethod codeBase="C:\Users\kingd\AppData\Local\Temp\BUG-TRIAGE-139-fourteenth-20260904T050327Z\final-gates\artifacts\bin\McpServer.Support.Mcp.Tests\release\McpServer.Support.Mcp.Tests.dll" className="McpServer.Support.Mcp.Tests.Controllers.UseCasesControllerTests" name="LinkFrAsync_WhenConflict_Returns409" adapterTypeName="executor://75843974-0ff8-4ff5-9e5a-6f02ea4393c1/xunit.v3/3.2.2" />
    </UnitTest>
    <UnitTest name="McpServer.Support.Mcp.Tests.McpStdio.UseCaseMcpResultTests.SerializeResult_LegacyClassifiedFailure_PreservesErrorOnlyShape(failure: \&quot;validation:title is required\&quot;, expectedError: \&quot;title is required\&quot;)" id="1602d8b4-9f2f-402f-815f-9725602b01ad" storage="C:\Users\kingd\AppData\Local\Temp\BUG-TRIAGE-139-fourteenth-20260904T050327Z\final-gates\artifacts\bin\McpServer.Support.Mcp.Tests\release\McpServer.Support.Mcp.Tests.dll">
      <Execution id="1602d8b4-9f2f-402f-815f-9725602b01ad" />
      <TestMethod codeBase="C:\Users\kingd\AppData\Local\Temp\BUG-TRIAGE-139-fourteenth-20260904T050327Z\final-gates\artifacts\bin\McpServer.Support.Mcp.Tests\release\McpServer.Support.Mcp.Tests.dll" className="McpServer.Support.Mcp.Tests.McpStdio.UseCaseMcpResultTests" name="SerializeResult_LegacyClassifiedFailure_PreservesErrorOnlyShape" adapterTypeName="executor://75843974-0ff8-4ff5-9e5a-6f02ea4393c1/xunit.v3/3.2.2" />
    </UnitTest>
    <UnitTest name="McpServer.Support.Mcp.Tests.McpStdio.UseCaseMcpResultTests.SerializeResult_LegacyClassifiedFailure_PreservesErrorOnlyShape(failure: \&quot;not_found:missing use case\&quot;, expectedError: \&quot;missing use case\&quot;)" id="e44e8b72-6dfe-4a86-9fb6-43767f8c3f08" storage="C:\Users\kingd\AppData\Local\Temp\BUG-TRIAGE-139-fourteenth-20260904T050327Z\final-gates\artifacts\bin\McpServer.Support.Mcp.Tests\release\McpServer.Support.Mcp.Tests.dll">
      <Execution id="e44e8b72-6dfe-4a86-9fb6-43767f8c3f08" />
      <TestMethod codeBase="C:\Users\kingd\AppData\Local\Temp\BUG-TRIAGE-139-fourteenth-20260904T050327Z\final-gates\artifacts\bin\McpServer.Support.Mcp.Tests\release\McpServer.Support.Mcp.Tests.dll" className="McpServer.Support.Mcp.Tests.McpStdio.UseCaseMcpResultTests" name="SerializeResult_LegacyClassifiedFailure_PreservesErrorOnlyShape" adapterTypeName="executor://75843974-0ff8-4ff5-9e5a-6f02ea4393c1/xunit.v3/3.2.2" />
    </UnitTest>
    <UnitTest name="McpServer.Support.Mcp.Tests.McpStdio.UseCaseMcpResultTests.SerializeResult_LegacyClassifiedFailure_PreservesErrorOnlyShape(failure: \&quot;conflict:link already exists\&quot;, expectedError: \&quot;link already exists\&quot;)" id="eb33b62f-34d0-432f-ac75-5545a76a63c0" storage="C:\Users\kingd\AppData\Local\Temp\BUG-TRIAGE-139-fourteenth-20260904T050327Z\final-gates\artifacts\bin\McpServer.Support.Mcp.Tests\release\McpServer.Support.Mcp.Tests.dll">
      <Execution id="eb33b62f-34d0-432f-ac75-5545a76a63c0" />
      <TestMethod codeBase="C:\Users\kingd\AppData\Local\Temp\BUG-TRIAGE-139-fourteenth-20260904T050327Z\final-gates\artifacts\bin\McpServer.Support.Mcp.Tests\release\McpServer.Support.Mcp.Tests.dll" className="McpServer.Support.Mcp.Tests.McpStdio.UseCaseMcpResultTests" name="SerializeResult_LegacyClassifiedFailure_PreservesErrorOnlyShape" adapterTypeName="executor://75843974-0ff8-4ff5-9e5a-6f02ea4393c1/xunit.v3/3.2.2" />
    </UnitTest>
    <UnitTest name="McpServer.Support.Mcp.Tests.McpStdio.UseCaseMcpResultTests.SerializeResult_PersistenceFailure_EmitsSanitizedClassifiedCode" id="df0bce75-74bb-438b-a365-8d0e802bb9cc" storage="C:\Users\kingd\AppData\Local\Temp\BUG-TRIAGE-139-fourteenth-20260904T050327Z\final-gates\artifacts\bin\McpServer.Support.Mcp.Tests\release\McpServer.Support.Mcp.Tests.dll">
      <Execution id="df0bce75-74bb-438b-a365-8d0e802bb9cc" />
      <TestMethod codeBase="C:\Users\kingd\AppData\Local\Temp\BUG-TRIAGE-139-fourteenth-20260904T050327Z\final-gates\artifacts\bin\McpServer.Support.Mcp.Tests\release\McpServer.Support.Mcp.Tests.dll" className="McpServer.Support.Mcp.Tests.McpStdio.UseCaseMcpResultTests" name="SerializeResult_PersistenceFailure_EmitsSanitizedClassifiedCode" adapterTypeName="executor://75843974-0ff8-4ff5-9e5a-6f02ea4393c1/xunit.v3/3.2.2" />
    </UnitTest>
    <UnitTest name="McpServer.Support.Mcp.Tests.McpStdio.UseCaseMcpCancellationTests.UseCaseCreate_OperationCanceledException_IsRethrown" id="2ee5387a-3052-404b-8626-74a50d881d7f" storage="C:\Users\kingd\AppData\Local\Temp\BUG-TRIAGE-139-fourteenth-20260904T050327Z\final-gates\artifacts\bin\McpServer.Support.Mcp.Tests\release\McpServer.Support.Mcp.Tests.dll">
      <Execution id="2ee5387a-3052-404b-8626-74a50d881d7f" />
      <TestMethod codeBase="C:\Users\kingd\AppData\Local\Temp\BUG-TRIAGE-139-fourteenth-20260904T050327Z\final-gates\artifacts\bin\McpServer.Support.Mcp.Tests\release\McpServer.Support.Mcp.Tests.dll" className="McpServer.Support.Mcp.Tests.McpStdio.UseCaseMcpCancellationTests" name="UseCaseCreate_OperationCanceledException_IsRethrown" adapterTypeName="executor://75843974-0ff8-4ff5-9e5a-6f02ea4393c1/xunit.v3/3.2.2" />
    </UnitTest>
    <UnitTest name="McpServer.Support.Mcp.Tests.McpStdio.UseCaseMcpCancellationTests.UseCaseFromFr_OperationCanceledException_IsRethrown" id="71d6562b-91f2-4400-967c-12e9baf101c6" storage="C:\Users\kingd\AppData\Local\Temp\BUG-TRIAGE-139-fourteenth-20260904T050327Z\final-gates\artifacts\bin\McpServer.Support.Mcp.Tests\release\McpServer.Support.Mcp.Tests.dll">
      <Execution id="71d6562b-91f2-4400-967c-12e9baf101c6" />
      <TestMethod codeBase="C:\Users\kingd\AppData\Local\Temp\BUG-TRIAGE-139-fourteenth-20260904T050327Z\final-gates\artifacts\bin\McpServer.Support.Mcp.Tests\release\McpServer.Support.Mcp.Tests.dll" className="McpServer.Support.Mcp.Tests.McpStdio.UseCaseMcpCancellationTests" name="UseCaseFromFr_OperationCanceledException_IsRethrown" adapterTypeName="executor://75843974-0ff8-4ff5-9e5a-6f02ea4393c1/xunit.v3/3.2.2" />
    </UnitTest>
  </TestDefinitions>
  <TestEntries>
    <TestEntry testListId="8c84fa94-04c1-424b-9868-57a2d4851a1d" testId="09af76df-1d36-4e1d-bf4f-96bc8e08511d" executionId="09af76df-1d36-4e1d-bf4f-96bc8e08511d" />
    <TestEntry testListId="8c84fa94-04c1-424b-9868-57a2d4851a1d" testId="9607c633-8cf5-445d-9d58-5f9ea27cfda6" executionId="9607c633-8cf5-445d-9d58-5f9ea27cfda6" />
    <TestEntry testListId="8c84fa94-04c1-424b-9868-57a2d4851a1d" testId="09d108f9-e88a-4acc-8ad1-ec64fb71e324" executionId="09d108f9-e88a-4acc-8ad1-ec64fb71e324" />
    <TestEntry testListId="8c84fa94-04c1-424b-9868-57a2d4851a1d" testId="ef635841-7424-424b-a7ed-9e554817b29f" executionId="ef635841-7424-424b-a7ed-9e554817b29f" />
    <TestEntry testListId="8c84fa94-04c1-424b-9868-57a2d4851a1d" testId="f4ccbded-32d9-44fa-a228-e6de7bec7eca" executionId="f4ccbded-32d9-44fa-a228-e6de7bec7eca" />
    <TestEntry testListId="8c84fa94-04c1-424b-9868-57a2d4851a1d" testId="a7ab2090-c306-4080-a84d-d08171c50323" executionId="a7ab2090-c306-4080-a84d-d08171c50323" />
    <TestEntry testListId="8c84fa94-04c1-424b-9868-57a2d4851a1d" testId="fc06e6f3-8394-4a0f-9dd0-2d17a8d1fb36" executionId="fc06e6f3-8394-4a0f-9dd0-2d17a8d1fb36" />
    <TestEntry testListId="8c84fa94-04c1-424b-9868-57a2d4851a1d" testId="2c6e0883-7a0a-4798-b235-a176408fa7e7" executionId="2c6e0883-7a0a-4798-b235-a176408fa7e7" />
    <TestEntry testListId="8c84fa94-04c1-424b-9868-57a2d4851a1d" testId="519e5d95-4291-4ce9-95c3-9ab4762eecc3" executionId="519e5d95-4291-4ce9-95c3-9ab4762eecc3" />
    <TestEntry testListId="8c84fa94-04c1-424b-9868-57a2d4851a1d" testId="461db0b8-8d8d-416c-a8d7-501b38dcb02b" executionId="461db0b8-8d8d-416c-a8d7-501b38dcb02b" />
    <TestEntry testListId="8c84fa94-04c1-424b-9868-57a2d4851a1d" testId="a1b07ccd-dc7b-4282-a5c1-4ddac7ae18c7" executionId="a1b07ccd-dc7b-4282-a5c1-4ddac7ae18c7" />
    <TestEntry testListId="8c84fa94-04c1-424b-9868-57a2d4851a1d" testId="1602d8b4-9f2f-402f-815f-9725602b01ad" executionId="1602d8b4-9f2f-402f-815f-9725602b01ad" />
    <TestEntry testListId="8c84fa94-04c1-424b-9868-57a2d4851a1d" testId="e44e8b72-6dfe-4a86-9fb6-43767f8c3f08" executionId="e44e8b72-6dfe-4a86-9fb6-43767f8c3f08" />
    <TestEntry testListId="8c84fa94-04c1-424b-9868-57a2d4851a1d" testId="eb33b62f-34d0-432f-ac75-5545a76a63c0" executionId="eb33b62f-34d0-432f-ac75-5545a76a63c0" />
    <TestEntry testListId="8c84fa94-04c1-424b-9868-57a2d4851a1d" testId="df0bce75-74bb-438b-a365-8d0e802bb9cc" executionId="df0bce75-74bb-438b-a365-8d0e802bb9cc" />
    <TestEntry testListId="8c84fa94-04c1-424b-9868-57a2d4851a1d" testId="2ee5387a-3052-404b-8626-74a50d881d7f" executionId="2ee5387a-3052-404b-8626-74a50d881d7f" />
    <TestEntry testListId="8c84fa94-04c1-424b-9868-57a2d4851a1d" testId="71d6562b-91f2-4400-967c-12e9baf101c6" executionId="71d6562b-91f2-4400-967c-12e9baf101c6" />
  </TestEntries>
  <TestLists>
    <TestList name="Results Not in a List" id="8c84fa94-04c1-424b-9868-57a2d4851a1d" />
    <TestList name="All Loaded Results" id="19431567-8539-422a-85d7-44ee4e166bda" />
  </TestLists>
  <ResultSummary outcome="Completed">
    <Counters total="17" executed="17" passed="17" failed="0" error="0" timeout="0" aborted="0" inconclusive="0" passedButRunAborted="0" notRunnable="0" notExecuted="0" disconnected="0" warning="0" completed="0" inProgress="0" pending="0" />
  </ResultSummary>
</TestRun>