<?xml version="1.0" encoding="utf-8"?>
<TestRun id="2f673615-51e6-435c-b850-45c0bfd961f1" name="kingd@PAYTON-LEGION2 2026-08-20 20:39:59" runUser="PAYTON-LEGION2\kingd" xmlns="http://microsoft.com/schemas/VisualStudio/TeamTest/2010">
  <Times creation="2026-08-20T20:39:59.5096320-05:00" queuing="2026-08-20T20:39:59.5096325-05:00" start="2026-08-20T20:39:57.1493234-05:00" finish="2026-08-20T20:40:06.6292934-05:00" />
  <TestSettings name="default" id="3cc4b074-ce14-4f8b-9a18-ccd613f01ce0">
    <Deployment runDeploymentRoot="kingd_PAYTON-LEGION2_2026-08-20_20_39_59" />
  </TestSettings>
  <Results>
    <UnitTestResult executionId="b0fcf601-c88f-4f36-86a8-0f4ae852ecb5" testId="be57e30a-5d92-1fa0-ab71-095bfb04f6db" testName="McpServer.Support.Mcp.Tests.Services.SessionLogServiceTurnContextTests.UpsertTurnAsync_NewTurnWithValidValues_RoundTripsOnGet" computerName="PAYTON-LEGION2" duration="00:00:00.0762449" startTime="2026-08-20T20:40:01.2300653-05:00" endTime="2026-08-20T20:40:01.3063591-05:00" testType="13cdc9d9-ddb5-4fa4-a97d-d965ccfc6d4b" outcome="Passed" testListId="8c84fa94-04c1-424b-9868-57a2d4851a1d" relativeResultsDirectory="b0fcf601-c88f-4f36-86a8-0f4ae852ecb5" />
    <UnitTestResult executionId="91209dea-7a29-4029-a2d4-de5c0f423265" testId="3d1af03b-63b5-f139-a7c9-9252a9a817e3" testName="McpServer.Support.Mcp.Tests.Services.SessionLogServiceTurnContextTests.UpsertTurnAsync_NewTurnWithNoneNone_PersistsNone" computerName="PAYTON-LEGION2" duration="00:00:01.6422053" startTime="2026-08-20T20:39:59.4333478-05:00" endTime="2026-08-20T20:40:01.0800026-05:00" testType="13cdc9d9-ddb5-4fa4-a97d-d965ccfc6d4b" outcome="Passed" testListId="8c84fa94-04c1-424b-9868-57a2d4851a1d" relativeResultsDirectory="91209dea-7a29-4029-a2d4-de5c0f423265" />
    <UnitTestResult executionId="d664466e-ec01-42e6-8d7d-8d7f0f37a877" testId="0e6d3943-a382-879a-4d69-5cb26a7bf99c" testName="McpServer.Support.Mcp.Tests.Plugins.InvokeWorkflowBeginTurnTests.Invoke_WorkflowBeginTurn_FirstTurn_SendsNoneWhenNoPlanMap" computerName="PAYTON-LEGION2" duration="00:00:01.6421967" startTime="2026-08-20T20:39:59.4333282-05:00" endTime="2026-08-20T20:40:01.0800026-05:00" testType="13cdc9d9-ddb5-4fa4-a97d-d965ccfc6d4b" outcome="Passed" testListId="8c84fa94-04c1-424b-9868-57a2d4851a1d" relativeResultsDirectory="d664466e-ec01-42e6-8d7d-8d7f0f37a877" />
    <UnitTestResult executionId="388b1b7a-7fa7-426c-83eb-c1fe2326bbf5" testId="a44b2558-fab7-28e1-aa39-18f96460cfce" testName="McpServer.Support.Mcp.Tests.Services.SessionLogTurnContextValidatorTests.ValidateForNewEntry_NullPlanFile_ThrowsArgumentException" computerName="PAYTON-LEGION2" duration="00:00:00.0002427" startTime="2026-08-20T20:39:59.4878485-05:00" endTime="2026-08-20T20:39:59.4881163-05:00" testType="13cdc9d9-ddb5-4fa4-a97d-d965ccfc6d4b" outcome="Passed" testListId="8c84fa94-04c1-424b-9868-57a2d4851a1d" relativeResultsDirectory="388b1b7a-7fa7-426c-83eb-c1fe2326bbf5" />
    <UnitTestResult executionId="4e91847e-83ec-41ca-9c4a-c508b5138918" testId="62dd72b6-1bb6-1196-c4be-0c6d8c9dcee4" testName="McpServer.Support.Mcp.Tests.Services.SessionLogServiceTurnContextTests.QueryAsync_FilterByTodoId_ReturnsOnlyMatches" computerName="PAYTON-LEGION2" duration="00:00:00.0096553" startTime="2026-08-20T20:40:01.3375207-05:00" endTime="2026-08-20T20:40:01.3472139-05:00" testType="13cdc9d9-ddb5-4fa4-a97d-d965ccfc6d4b" outcome="Passed" testListId="8c84fa94-04c1-424b-9868-57a2d4851a1d" relativeResultsDirectory="4e91847e-83ec-41ca-9c4a-c508b5138918" />
    <UnitTestResult executionId="fbdd0706-07de-426e-8eb6-702d9f5ea2b2" testId="226655f5-4dc0-8581-e6b3-4e35dc136605" testName="McpServer.Support.Mcp.Tests.Services.SessionLogServiceTurnContextTests.UpsertTurnAsync_ExistingTurnSupplyingNewTodo_UpdatesTodoId" computerName="PAYTON-LEGION2" duration="00:00:00.0181612" startTime="2026-08-20T20:40:01.3189402-05:00" endTime="2026-08-20T20:40:01.3371413-05:00" testType="13cdc9d9-ddb5-4fa4-a97d-d965ccfc6d4b" outcome="Passed" testListId="8c84fa94-04c1-424b-9868-57a2d4851a1d" relativeResultsDirectory="fbdd0706-07de-426e-8eb6-702d9f5ea2b2" />
    <UnitTestResult executionId="785ee869-ca06-4bcf-bb02-4fd77b88bc73" testId="57567a7c-7946-977e-1475-fd8f8fd723db" testName="McpServer.Support.Mcp.Tests.Services.SessionLogTurnContextValidatorTests.ValidateForNewEntry_ValidPlanAndTodo_Succeeds_AndNormalizesSlashes" computerName="PAYTON-LEGION2" duration="00:00:00.0055039" startTime="2026-08-20T20:39:59.4812872-05:00" endTime="2026-08-20T20:39:59.4868410-05:00" testType="13cdc9d9-ddb5-4fa4-a97d-d965ccfc6d4b" outcome="Passed" testListId="8c84fa94-04c1-424b-9868-57a2d4851a1d" relativeResultsDirectory="785ee869-ca06-4bcf-bb02-4fd77b88bc73" />
    <UnitTestResult executionId="0ef743aa-6a5c-4a90-abca-963a87e27005" testId="1eb91e79-b351-53ad-e844-2d869e14a955" testName="McpServer.Support.Mcp.Tests.Services.SessionLogServiceTurnContextTests.QueryAsync_FilterByExactPlanFile_ReturnsOnlyMatches" computerName="PAYTON-LEGION2" duration="00:00:00.0139751" startTime="2026-08-20T20:40:06.5057279-05:00" endTime="2026-08-20T20:40:06.5197575-05:00" testType="13cdc9d9-ddb5-4fa4-a97d-d965ccfc6d4b" outcome="Passed" testListId="8c84fa94-04c1-424b-9868-57a2d4851a1d" relativeResultsDirectory="0ef743aa-6a5c-4a90-abca-963a87e27005" />
    <UnitTestResult executionId="a6067ae7-7c52-4484-bd7c-60bc9ae31c19" testId="d71b63e0-c378-5c29-753d-ec49c3c054ba" testName="McpServer.Support.Mcp.Tests.Services.SessionLogServiceTurnContextTests.UpsertTurnAsync_ExistingTurnOmittingFields_PreservesStoredValues" computerName="PAYTON-LEGION2" duration="00:00:00.0209116" startTime="2026-08-20T20:40:01.1916003-05:00" endTime="2026-08-20T20:40:01.2125693-05:00" testType="13cdc9d9-ddb5-4fa4-a97d-d965ccfc6d4b" outcome="Passed" testListId="8c84fa94-04c1-424b-9868-57a2d4851a1d" relativeResultsDirectory="a6067ae7-7c52-4484-bd7c-60bc9ae31c19" />
    <UnitTestResult executionId="5f386149-0aa4-4f77-b1bb-fdd308495d26" testId="41bba1a0-0e6b-0b51-a349-18d35cfafcbc" testName="McpServer.Support.Mcp.Tests.Services.SessionLogTurnContextValidatorTests.ValidateForNewEntry_HomeRelativePlan_ExpandsAndSucceeds" computerName="PAYTON-LEGION2" duration="00:00:00.0002955" startTime="2026-08-20T20:39:59.4893426-05:00" endTime="2026-08-20T20:39:59.4896578-05:00" testType="13cdc9d9-ddb5-4fa4-a97d-d965ccfc6d4b" outcome="Passed" testListId="8c84fa94-04c1-424b-9868-57a2d4851a1d" relativeResultsDirectory="5f386149-0aa4-4f77-b1bb-fdd308495d26" />
    <UnitTestResult executionId="018115fb-c634-4f8f-bbad-8500fb968379" testId="d5b89b70-938d-d294-6ecc-a331bfb48501" testName="McpServer.Support.Mcp.Tests.Plugins.InvokeWorkflowBeginTurnTests.Invoke_WorkflowBeginTurn_Reopen_OmitsFieldsAndDoesNotOverwrite" computerName="PAYTON-LEGION2" duration="00:00:00.0146038" startTime="2026-08-20T20:40:01.1123676-05:00" endTime="2026-08-20T20:40:01.1270116-05:00" testType="13cdc9d9-ddb5-4fa4-a97d-d965ccfc6d4b" outcome="Passed" testListId="8c84fa94-04c1-424b-9868-57a2d4851a1d" relativeResultsDirectory="018115fb-c634-4f8f-bbad-8500fb968379" />
    <UnitTestResult executionId="423a77c0-f2c5-4795-b5b0-3c545af9715f" testId="2e42091d-9639-1518-e290-2b783a57885c" testName="McpServer.Support.Mcp.Tests.Services.SessionLogTurnContextValidatorTests.ValidateForNewEntry_FrIdAsTodo_ThrowsArgumentException" computerName="PAYTON-LEGION2" duration="00:00:00.0258164" startTime="2026-08-20T20:39:59.4333335-05:00" endTime="2026-08-20T20:39:59.4698238-05:00" testType="13cdc9d9-ddb5-4fa4-a97d-d965ccfc6d4b" outcome="Passed" testListId="8c84fa94-04c1-424b-9868-57a2d4851a1d" relativeResultsDirectory="423a77c0-f2c5-4795-b5b0-3c545af9715f" />
    <UnitTestResult executionId="41f07d33-e60f-4b0d-8b7d-0e453ccaa9e0" testId="1f294bc3-e851-857f-e138-382048df9d8d" testName="McpServer.Support.Mcp.Tests.Services.SessionLogServiceTurnContextTests.QueryAsync_TextMatchesPlanFileOnly_ReturnsSession" computerName="PAYTON-LEGION2" duration="00:00:00.0165361" startTime="2026-08-20T20:40:01.2130785-05:00" endTime="2026-08-20T20:40:01.2296621-05:00" testType="13cdc9d9-ddb5-4fa4-a97d-d965ccfc6d4b" outcome="Passed" testListId="8c84fa94-04c1-424b-9868-57a2d4851a1d" relativeResultsDirectory="41f07d33-e60f-4b0d-8b7d-0e453ccaa9e0" />
    <UnitTestResult executionId="547db2ca-5e6d-4b73-ae94-1f663fa7cb21" testId="d0d0e609-aa23-f460-b1e8-d0cfc40c2ac6" testName="McpServer.Support.Mcp.Tests.Services.SessionLogServiceTurnContextTests.QueryAsync_HomeRelativeFilter_ExpandsThenExactMatches" computerName="PAYTON-LEGION2" duration="00:00:00.0970129" startTime="2026-08-20T20:40:01.0935439-05:00" endTime="2026-08-20T20:40:01.1905971-05:00" testType="13cdc9d9-ddb5-4fa4-a97d-d965ccfc6d4b" outcome="Passed" testListId="8c84fa94-04c1-424b-9868-57a2d4851a1d" relativeResultsDirectory="547db2ca-5e6d-4b73-ae94-1f663fa7cb21" />
    <UnitTestResult executionId="ca600df5-652c-40c2-b11e-7788c05defb3" testId="65fff8a6-e3bd-8e3a-6c88-cb682633bb37" testName="McpServer.Support.Mcp.Tests.Services.SessionLogTurnContextValidatorTests.ValidateForNewEntry_WhitespacePlanFile_ThrowsArgumentException" computerName="PAYTON-LEGION2" duration="00:00:00.0002523" startTime="2026-08-20T20:39:59.4888351-05:00" endTime="2026-08-20T20:39:59.4891119-05:00" testType="13cdc9d9-ddb5-4fa4-a97d-d965ccfc6d4b" outcome="Passed" testListId="8c84fa94-04c1-424b-9868-57a2d4851a1d" relativeResultsDirectory="ca600df5-652c-40c2-b11e-7788c05defb3" />
    <UnitTestResult executionId="f3706b55-c963-495d-8ed4-2ab79756df84" testId="2acf567e-a5e0-4447-5f29-85f76686451e" testName="McpServer.Support.Mcp.Tests.Services.SessionLogTurnContextValidatorTests.ValidateForNewEntry_LowercaseNone_ThrowsArgumentException" computerName="PAYTON-LEGION2" duration="00:00:00.0002676" startTime="2026-08-20T20:39:59.4872644-05:00" endTime="2026-08-20T20:39:59.4875635-05:00" testType="13cdc9d9-ddb5-4fa4-a97d-d965ccfc6d4b" outcome="Passed" testListId="8c84fa94-04c1-424b-9868-57a2d4851a1d" relativeResultsDirectory="f3706b55-c963-495d-8ed4-2ab79756df84" />
    <UnitTestResult executionId="b8c37ef4-33b7-48e2-a9dc-6f78ebab3ee8" testId="6ac285af-3af9-b069-530b-ffde2f76b778" testName="McpServer.Support.Mcp.Tests.Services.SessionLogTurnContextValidatorTests.ValidateForNewEntry_ExactWindowsPlan_Succeeds" computerName="PAYTON-LEGION2" duration="00:00:00.0001068" startTime="2026-08-20T20:39:59.4898768-05:00" endTime="2026-08-20T20:39:59.4900058-05:00" testType="13cdc9d9-ddb5-4fa4-a97d-d965ccfc6d4b" outcome="Passed" testListId="8c84fa94-04c1-424b-9868-57a2d4851a1d" relativeResultsDirectory="b8c37ef4-33b7-48e2-a9dc-6f78ebab3ee8" />
    <UnitTestResult executionId="919258f6-9b28-4cc0-b848-528186534e7f" testId="334f6ea9-0953-fb77-ddec-33eca958031d" testName="McpServer.Support.Mcp.Tests.Services.SessionLogServiceTurnContextTests.SubmitAsync_ImportMissingFields_ExtractsFromTurnText" computerName="PAYTON-LEGION2" duration="00:00:05.1566289" startTime="2026-08-20T20:40:01.3475770-05:00" endTime="2026-08-20T20:40:06.5042550-05:00" testType="13cdc9d9-ddb5-4fa4-a97d-d965ccfc6d4b" outcome="Passed" testListId="8c84fa94-04c1-424b-9868-57a2d4851a1d" relativeResultsDirectory="919258f6-9b28-4cc0-b848-528186534e7f" />
    <UnitTestResult executionId="45a936d1-0569-418b-b110-d5f10c35c730" testId="7eeb72be-d086-975c-a57a-7d2afa6a0203" testName="McpServer.Support.Mcp.Tests.Services.SessionLogServiceTurnContextTests.UpsertTurnAsync_NewTurnWithoutPlanFile_ThrowsAndDoesNotInsert" computerName="PAYTON-LEGION2" duration="00:00:00.0113236" startTime="2026-08-20T20:40:01.3071895-05:00" endTime="2026-08-20T20:40:01.3185544-05:00" testType="13cdc9d9-ddb5-4fa4-a97d-d965ccfc6d4b" outcome="Passed" testListId="8c84fa94-04c1-424b-9868-57a2d4851a1d" relativeResultsDirectory="45a936d1-0569-418b-b110-d5f10c35c730" />
    <UnitTestResult executionId="f1535ca9-11c2-40e0-8d75-c2ea7ef6ad1e" testId="f7df526c-1f11-84aa-24d6-bbdd2c018242" testName="McpServer.Support.Mcp.Tests.Services.SessionLogTurnContextValidatorTests.ValidateIfSupplied_BothNull_Succeeds" computerName="PAYTON-LEGION2" duration="00:00:00.0000825" startTime="2026-08-20T20:39:59.4906918-05:00" endTime="2026-08-20T20:39:59.4907915-05:00" testType="13cdc9d9-ddb5-4fa4-a97d-d965ccfc6d4b" outcome="Passed" testListId="8c84fa94-04c1-424b-9868-57a2d4851a1d" relativeResultsDirectory="f1535ca9-11c2-40e0-8d75-c2ea7ef6ad1e" />
    <UnitTestResult executionId="68c659ca-ab7b-4a9c-b0cb-faba8b8d3574" testId="cb7dd742-5463-7406-383e-201ea74d69c3" testName="McpServer.Support.Mcp.Tests.Services.SessionLogTurnContextValidatorTests.ValidateIfSupplied_InvalidWhenPresent_Throws" computerName="PAYTON-LEGION2" duration="00:00:00.0012391" startTime="2026-08-20T20:39:59.4770984-05:00" endTime="2026-08-20T20:39:59.4784105-05:00" testType="13cdc9d9-ddb5-4fa4-a97d-d965ccfc6d4b" outcome="Passed" testListId="8c84fa94-04c1-424b-9868-57a2d4851a1d" relativeResultsDirectory="68c659ca-ab7b-4a9c-b0cb-faba8b8d3574" />
    <UnitTestResult executionId="8a5ea1f8-3bf6-46fb-8aba-f13c1b7b9ec4" testId="15e68ea4-6633-8e03-85fb-10262930e7d3" testName="McpServer.Support.Mcp.Tests.Services.SessionLogServiceTurnContextTests.ReplaceTurnAsync_OmittingFields_Throws" computerName="PAYTON-LEGION2" duration="00:00:00.0120279" startTime="2026-08-20T20:40:01.0811851-05:00" endTime="2026-08-20T20:40:01.0932486-05:00" testType="13cdc9d9-ddb5-4fa4-a97d-d965ccfc6d4b" outcome="Passed" testListId="8c84fa94-04c1-424b-9868-57a2d4851a1d" relativeResultsDirectory="8a5ea1f8-3bf6-46fb-8aba-f13c1b7b9ec4" />
    <UnitTestResult executionId="32244b82-3e63-44c2-bf29-d48ef80cd043" testId="06073fcc-8b80-6549-7fb1-69a691ab3666" testName="McpServer.Support.Mcp.Tests.Services.SessionLogTurnContextValidatorTests.ValidateForNewEntry_CanonicalTodoAndIssueId_Succeed" computerName="PAYTON-LEGION2" duration="00:00:00.0012604" startTime="2026-08-20T20:39:59.4910217-05:00" endTime="2026-08-20T20:39:59.4923032-05:00" testType="13cdc9d9-ddb5-4fa4-a97d-d965ccfc6d4b" outcome="Passed" testListId="8c84fa94-04c1-424b-9868-57a2d4851a1d" relativeResultsDirectory="32244b82-3e63-44c2-bf29-d48ef80cd043" />
    <UnitTestResult executionId="4f28ecf8-8275-4ae8-b01b-27b313587048" testId="308f9528-e4eb-aa8a-4a2f-6aefdd3a0c9c" testName="McpServer.Support.Mcp.Tests.Plugins.InvokeWorkflowBeginTurnTests.Invoke_WorkflowBeginTurn_FirstTurn_SendsMappedPlanAndTodo" computerName="PAYTON-LEGION2" duration="00:00:00.0107425" startTime="2026-08-20T20:40:01.1012519-05:00" endTime="2026-08-20T20:40:01.1120339-05:00" testType="13cdc9d9-ddb5-4fa4-a97d-d965ccfc6d4b" outcome="Passed" testListId="8c84fa94-04c1-424b-9868-57a2d4851a1d" relativeResultsDirectory="4f28ecf8-8275-4ae8-b01b-27b313587048" />
    <UnitTestResult executionId="44dbde53-2d4d-4816-8a07-1a234a261174" testId="f7c0faef-2fa2-0764-8ffe-af41efc4cecf" testName="McpServer.Support.Mcp.Tests.Services.SessionLogTurnContextValidatorTests.ValidateForNewEntry_BothNone_Succeeds" computerName="PAYTON-LEGION2" duration="00:00:00.0001639" startTime="2026-08-20T20:39:59.4883849-05:00" endTime="2026-08-20T20:39:59.4885820-05:00" testType="13cdc9d9-ddb5-4fa4-a97d-d965ccfc6d4b" outcome="Passed" testListId="8c84fa94-04c1-424b-9868-57a2d4851a1d" relativeResultsDirectory="44dbde53-2d4d-4816-8a07-1a234a261174" />
    <UnitTestResult executionId="b99194a3-c51f-48c4-b345-97f1949cfbd1" testId="55c3c42f-3b2c-5143-eec1-39243d5c735b" testName="McpServer.Support.Mcp.Tests.Services.SessionLogTurnContextValidatorTests.ValidateForNewEntry_OmittedTodoIdEmpty_ThrowsArgumentException" computerName="PAYTON-LEGION2" duration="00:00:00.0002190" startTime="2026-08-20T20:39:59.4902227-05:00" endTime="2026-08-20T20:39:59.4904598-05:00" testType="13cdc9d9-ddb5-4fa4-a97d-d965ccfc6d4b" outcome="Passed" testListId="8c84fa94-04c1-424b-9868-57a2d4851a1d" relativeResultsDirectory="b99194a3-c51f-48c4-b345-97f1949cfbd1" />
    <UnitTestResult executionId="d6efb5d4-1153-4361-a310-7b21d51f28e1" testId="b90429d7-25fa-e70a-80dd-30a2c4150b64" testName="McpServer.Support.Mcp.Tests.Services.SessionLogServiceTurnContextTests.SubmitAsync_NewTurnMissingFields_Throws" computerName="PAYTON-LEGION2" duration="00:00:00.0086562" startTime="2026-08-20T20:40:06.5203800-05:00" endTime="2026-08-20T20:40:06.5291030-05:00" testType="13cdc9d9-ddb5-4fa4-a97d-d965ccfc6d4b" outcome="Passed" testListId="8c84fa94-04c1-424b-9868-57a2d4851a1d" relativeResultsDirectory="d6efb5d4-1153-4361-a310-7b21d51f28e1" />
    <UnitTestResult executionId="2d2c4d30-4a42-4887-98f8-31be48e9164b" testId="0003be10-54c8-ed45-639a-09b5a9dceaea" testName="McpServer.Support.Mcp.Tests.Services.SessionLogTurnContextValidatorTests.ValidateForNewEntry_ParentSegmentPlan_ThrowsArgumentException" computerName="PAYTON-LEGION2" duration="00:00:00.0021852" startTime="2026-08-20T20:39:59.4787475-05:00" endTime="2026-08-20T20:39:59.4809685-05:00" testType="13cdc9d9-ddb5-4fa4-a97d-d965ccfc6d4b" outcome="Passed" testListId="8c84fa94-04c1-424b-9868-57a2d4851a1d" relativeResultsDirectory="2d2c4d30-4a42-4887-98f8-31be48e9164b" />
    <UnitTestResult executionId="e3a476c4-92d3-4ca2-813b-7a61705df5ca" testId="7450024b-7fb9-f327-560c-fbd70c6830a9" testName="McpServer.Support.Mcp.Tests.Plugins.InvokeWorkflowBeginTurnTests.Invoke_WorkflowBeginTurn_MissingFields_FailsValidation" computerName="PAYTON-LEGION2" duration="00:00:00.0196629" startTime="2026-08-20T20:40:01.0811852-05:00" endTime="2026-08-20T20:40:01.1008851-05:00" testType="13cdc9d9-ddb5-4fa4-a97d-d965ccfc6d4b" outcome="Passed" testListId="8c84fa94-04c1-424b-9868-57a2d4851a1d" relativeResultsDirectory="e3a476c4-92d3-4ca2-813b-7a61705df5ca" />
    <UnitTestResult executionId="1afa79df-4c47-4b55-a257-4393527e13e1" testId="4f50e1b6-933d-b01d-b903-3c4d18e7b8bb" testName="McpServer.Support.Mcp.Tests.McpStdio.SessionLogLifecycleToolErrorTests.SessionLogBeginTurn_MissingPlanFile_ReturnsStructuredError" computerName="PAYTON-LEGION2" duration="00:00:01.6701297" startTime="2026-08-20T20:39:59.4333414-05:00" endTime="2026-08-20T20:40:01.1079189-05:00" testType="13cdc9d9-ddb5-4fa4-a97d-d965ccfc6d4b" outcome="Passed" testListId="8c84fa94-04c1-424b-9868-57a2d4851a1d" relativeResultsDirectory="1afa79df-4c47-4b55-a257-4393527e13e1" />
  </Results>
  <TestDefinitions>
    <UnitTest name="McpServer.Support.Mcp.Tests.Services.SessionLogTurnContextValidatorTests.ValidateForNewEntry_FrIdAsTodo_ThrowsArgumentException" storage="f:\github\mcpserver\tests\mcpserver.support.mcp.tests\bin\debug\net10.0\mcpserver.support.mcp.tests.dll" id="2e42091d-9639-1518-e290-2b783a57885c">
      <Execution id="423a77c0-f2c5-4795-b5b0-3c545af9715f" />
      <TestMethod codeBase="F:\GitHub\McpServer\tests\McpServer.Support.Mcp.Tests\bin\Debug\net10.0\McpServer.Support.Mcp.Tests.dll" adapterTypeName="executor://xunit/VsTestRunner3/netcore/" className="McpServer.Support.Mcp.Tests.Services.SessionLogTurnContextValidatorTests" name="ValidateForNewEntry_FrIdAsTodo_ThrowsArgumentException" />
    </UnitTest>
    <UnitTest name="McpServer.Support.Mcp.Tests.Plugins.InvokeWorkflowBeginTurnTests.Invoke_WorkflowBeginTurn_MissingFields_FailsValidation" storage="f:\github\mcpserver\tests\mcpserver.support.mcp.tests\bin\debug\net10.0\mcpserver.support.mcp.tests.dll" id="7450024b-7fb9-f327-560c-fbd70c6830a9">
      <Execution id="e3a476c4-92d3-4ca2-813b-7a61705df5ca" />
      <TestMethod codeBase="F:\GitHub\McpServer\tests\McpServer.Support.Mcp.Tests\bin\Debug\net10.0\McpServer.Support.Mcp.Tests.dll" adapterTypeName="executor://xunit/VsTestRunner3/netcore/" className="McpServer.Support.Mcp.Tests.Plugins.InvokeWorkflowBeginTurnTests" name="Invoke_WorkflowBeginTurn_MissingFields_FailsValidation" />
    </UnitTest>
    <UnitTest name="McpServer.Support.Mcp.Tests.Services.SessionLogTurnContextValidatorTests.ValidateForNewEntry_ParentSegmentPlan_ThrowsArgumentException" storage="f:\github\mcpserver\tests\mcpserver.support.mcp.tests\bin\debug\net10.0\mcpserver.support.mcp.tests.dll" id="0003be10-54c8-ed45-639a-09b5a9dceaea">
      <Execution id="2d2c4d30-4a42-4887-98f8-31be48e9164b" />
      <TestMethod codeBase="F:\GitHub\McpServer\tests\McpServer.Support.Mcp.Tests\bin\Debug\net10.0\McpServer.Support.Mcp.Tests.dll" adapterTypeName="executor://xunit/VsTestRunner3/netcore/" className="McpServer.Support.Mcp.Tests.Services.SessionLogTurnContextValidatorTests" name="ValidateForNewEntry_ParentSegmentPlan_ThrowsArgumentException" />
    </UnitTest>
    <UnitTest name="McpServer.Support.Mcp.Tests.Services.SessionLogServiceTurnContextTests.UpsertTurnAsync_NewTurnWithoutPlanFile_ThrowsAndDoesNotInsert" storage="f:\github\mcpserver\tests\mcpserver.support.mcp.tests\bin\debug\net10.0\mcpserver.support.mcp.tests.dll" id="7eeb72be-d086-975c-a57a-7d2afa6a0203">
      <Execution id="45a936d1-0569-418b-b110-d5f10c35c730" />
      <TestMethod codeBase="F:\GitHub\McpServer\tests\McpServer.Support.Mcp.Tests\bin\Debug\net10.0\McpServer.Support.Mcp.Tests.dll" adapterTypeName="executor://xunit/VsTestRunner3/netcore/" className="McpServer.Support.Mcp.Tests.Services.SessionLogServiceTurnContextTests" name="UpsertTurnAsync_NewTurnWithoutPlanFile_ThrowsAndDoesNotInsert" />
    </UnitTest>
    <UnitTest name="McpServer.Support.Mcp.Tests.Services.SessionLogTurnContextValidatorTests.ValidateForNewEntry_CanonicalTodoAndIssueId_Succeed" storage="f:\github\mcpserver\tests\mcpserver.support.mcp.tests\bin\debug\net10.0\mcpserver.support.mcp.tests.dll" id="06073fcc-8b80-6549-7fb1-69a691ab3666">
      <Execution id="32244b82-3e63-44c2-bf29-d48ef80cd043" />
      <TestMethod codeBase="F:\GitHub\McpServer\tests\McpServer.Support.Mcp.Tests\bin\Debug\net10.0\McpServer.Support.Mcp.Tests.dll" adapterTypeName="executor://xunit/VsTestRunner3/netcore/" className="McpServer.Support.Mcp.Tests.Services.SessionLogTurnContextValidatorTests" name="ValidateForNewEntry_CanonicalTodoAndIssueId_Succeed" />
    </UnitTest>
    <UnitTest name="McpServer.Support.Mcp.Tests.Services.SessionLogTurnContextValidatorTests.ValidateForNewEntry_OmittedTodoIdEmpty_ThrowsArgumentException" storage="f:\github\mcpserver\tests\mcpserver.support.mcp.tests\bin\debug\net10.0\mcpserver.support.mcp.tests.dll" id="55c3c42f-3b2c-5143-eec1-39243d5c735b">
      <Execution id="b99194a3-c51f-48c4-b345-97f1949cfbd1" />
      <TestMethod codeBase="F:\GitHub\McpServer\tests\McpServer.Support.Mcp.Tests\bin\Debug\net10.0\McpServer.Support.Mcp.Tests.dll" adapterTypeName="executor://xunit/VsTestRunner3/netcore/" className="McpServer.Support.Mcp.Tests.Services.SessionLogTurnContextValidatorTests" name="ValidateForNewEntry_OmittedTodoIdEmpty_ThrowsArgumentException" />
    </UnitTest>
    <UnitTest name="McpServer.Support.Mcp.Tests.Services.SessionLogServiceTurnContextTests.UpsertTurnAsync_ExistingTurnSupplyingNewTodo_UpdatesTodoId" storage="f:\github\mcpserver\tests\mcpserver.support.mcp.tests\bin\debug\net10.0\mcpserver.support.mcp.tests.dll" id="226655f5-4dc0-8581-e6b3-4e35dc136605">
      <Execution id="fbdd0706-07de-426e-8eb6-702d9f5ea2b2" />
      <TestMethod codeBase="F:\GitHub\McpServer\tests\McpServer.Support.Mcp.Tests\bin\Debug\net10.0\McpServer.Support.Mcp.Tests.dll" adapterTypeName="executor://xunit/VsTestRunner3/netcore/" className="McpServer.Support.Mcp.Tests.Services.SessionLogServiceTurnContextTests" name="UpsertTurnAsync_ExistingTurnSupplyingNewTodo_UpdatesTodoId" />
    </UnitTest>
    <UnitTest name="McpServer.Support.Mcp.Tests.Services.SessionLogServiceTurnContextTests.QueryAsync_HomeRelativeFilter_ExpandsThenExactMatches" storage="f:\github\mcpserver\tests\mcpserver.support.mcp.tests\bin\debug\net10.0\mcpserver.support.mcp.tests.dll" id="d0d0e609-aa23-f460-b1e8-d0cfc40c2ac6">
      <Execution id="547db2ca-5e6d-4b73-ae94-1f663fa7cb21" />
      <TestMethod codeBase="F:\GitHub\McpServer\tests\McpServer.Support.Mcp.Tests\bin\Debug\net10.0\McpServer.Support.Mcp.Tests.dll" adapterTypeName="executor://xunit/VsTestRunner3/netcore/" className="McpServer.Support.Mcp.Tests.Services.SessionLogServiceTurnContextTests" name="QueryAsync_HomeRelativeFilter_ExpandsThenExactMatches" />
    </UnitTest>
    <UnitTest name="McpServer.Support.Mcp.Tests.Services.SessionLogTurnContextValidatorTests.ValidateIfSupplied_BothNull_Succeeds" storage="f:\github\mcpserver\tests\mcpserver.support.mcp.tests\bin\debug\net10.0\mcpserver.support.mcp.tests.dll" id="f7df526c-1f11-84aa-24d6-bbdd2c018242">
      <Execution id="f1535ca9-11c2-40e0-8d75-c2ea7ef6ad1e" />
      <TestMethod codeBase="F:\GitHub\McpServer\tests\McpServer.Support.Mcp.Tests\bin\Debug\net10.0\McpServer.Support.Mcp.Tests.dll" adapterTypeName="executor://xunit/VsTestRunner3/netcore/" className="McpServer.Support.Mcp.Tests.Services.SessionLogTurnContextValidatorTests" name="ValidateIfSupplied_BothNull_Succeeds" />
    </UnitTest>
    <UnitTest name="McpServer.Support.Mcp.Tests.Services.SessionLogServiceTurnContextTests.ReplaceTurnAsync_OmittingFields_Throws" storage="f:\github\mcpserver\tests\mcpserver.support.mcp.tests\bin\debug\net10.0\mcpserver.support.mcp.tests.dll" id="15e68ea4-6633-8e03-85fb-10262930e7d3">
      <Execution id="8a5ea1f8-3bf6-46fb-8aba-f13c1b7b9ec4" />
      <TestMethod codeBase="F:\GitHub\McpServer\tests\McpServer.Support.Mcp.Tests\bin\Debug\net10.0\McpServer.Support.Mcp.Tests.dll" adapterTypeName="executor://xunit/VsTestRunner3/netcore/" className="McpServer.Support.Mcp.Tests.Services.SessionLogServiceTurnContextTests" name="ReplaceTurnAsync_OmittingFields_Throws" />
    </UnitTest>
    <UnitTest name="McpServer.Support.Mcp.Tests.Services.SessionLogTurnContextValidatorTests.ValidateForNewEntry_ExactWindowsPlan_Succeeds" storage="f:\github\mcpserver\tests\mcpserver.support.mcp.tests\bin\debug\net10.0\mcpserver.support.mcp.tests.dll" id="6ac285af-3af9-b069-530b-ffde2f76b778">
      <Execution id="b8c37ef4-33b7-48e2-a9dc-6f78ebab3ee8" />
      <TestMethod codeBase="F:\GitHub\McpServer\tests\McpServer.Support.Mcp.Tests\bin\Debug\net10.0\McpServer.Support.Mcp.Tests.dll" adapterTypeName="executor://xunit/VsTestRunner3/netcore/" className="McpServer.Support.Mcp.Tests.Services.SessionLogTurnContextValidatorTests" name="ValidateForNewEntry_ExactWindowsPlan_Succeeds" />
    </UnitTest>
    <UnitTest name="McpServer.Support.Mcp.Tests.Services.SessionLogServiceTurnContextTests.UpsertTurnAsync_ExistingTurnOmittingFields_PreservesStoredValues" storage="f:\github\mcpserver\tests\mcpserver.support.mcp.tests\bin\debug\net10.0\mcpserver.support.mcp.tests.dll" id="d71b63e0-c378-5c29-753d-ec49c3c054ba">
      <Execution id="a6067ae7-7c52-4484-bd7c-60bc9ae31c19" />
      <TestMethod codeBase="F:\GitHub\McpServer\tests\McpServer.Support.Mcp.Tests\bin\Debug\net10.0\McpServer.Support.Mcp.Tests.dll" adapterTypeName="executor://xunit/VsTestRunner3/netcore/" className="McpServer.Support.Mcp.Tests.Services.SessionLogServiceTurnContextTests" name="UpsertTurnAsync_ExistingTurnOmittingFields_PreservesStoredValues" />
    </UnitTest>
    <UnitTest name="McpServer.Support.Mcp.Tests.Services.SessionLogTurnContextValidatorTests.ValidateForNewEntry_WhitespacePlanFile_ThrowsArgumentException" storage="f:\github\mcpserver\tests\mcpserver.support.mcp.tests\bin\debug\net10.0\mcpserver.support.mcp.tests.dll" id="65fff8a6-e3bd-8e3a-6c88-cb682633bb37">
      <Execution id="ca600df5-652c-40c2-b11e-7788c05defb3" />
      <TestMethod codeBase="F:\GitHub\McpServer\tests\McpServer.Support.Mcp.Tests\bin\Debug\net10.0\McpServer.Support.Mcp.Tests.dll" adapterTypeName="executor://xunit/VsTestRunner3/netcore/" className="McpServer.Support.Mcp.Tests.Services.SessionLogTurnContextValidatorTests" name="ValidateForNewEntry_WhitespacePlanFile_ThrowsArgumentException" />
    </UnitTest>
    <UnitTest name="McpServer.Support.Mcp.Tests.Services.SessionLogServiceTurnContextTests.QueryAsync_FilterByTodoId_ReturnsOnlyMatches" storage="f:\github\mcpserver\tests\mcpserver.support.mcp.tests\bin\debug\net10.0\mcpserver.support.mcp.tests.dll" id="62dd72b6-1bb6-1196-c4be-0c6d8c9dcee4">
      <Execution id="4e91847e-83ec-41ca-9c4a-c508b5138918" />
      <TestMethod codeBase="F:\GitHub\McpServer\tests\McpServer.Support.Mcp.Tests\bin\Debug\net10.0\McpServer.Support.Mcp.Tests.dll" adapterTypeName="executor://xunit/VsTestRunner3/netcore/" className="McpServer.Support.Mcp.Tests.Services.SessionLogServiceTurnContextTests" name="QueryAsync_FilterByTodoId_ReturnsOnlyMatches" />
    </UnitTest>
    <UnitTest name="McpServer.Support.Mcp.Tests.Services.SessionLogTurnContextValidatorTests.ValidateIfSupplied_InvalidWhenPresent_Throws" storage="f:\github\mcpserver\tests\mcpserver.support.mcp.tests\bin\debug\net10.0\mcpserver.support.mcp.tests.dll" id="cb7dd742-5463-7406-383e-201ea74d69c3">
      <Execution id="68c659ca-ab7b-4a9c-b0cb-faba8b8d3574" />
      <TestMethod codeBase="F:\GitHub\McpServer\tests\McpServer.Support.Mcp.Tests\bin\Debug\net10.0\McpServer.Support.Mcp.Tests.dll" adapterTypeName="executor://xunit/VsTestRunner3/netcore/" className="McpServer.Support.Mcp.Tests.Services.SessionLogTurnContextValidatorTests" name="ValidateIfSupplied_InvalidWhenPresent_Throws" />
    </UnitTest>
    <UnitTest name="McpServer.Support.Mcp.Tests.Services.SessionLogTurnContextValidatorTests.ValidateForNewEntry_LowercaseNone_ThrowsArgumentException" storage="f:\github\mcpserver\tests\mcpserver.support.mcp.tests\bin\debug\net10.0\mcpserver.support.mcp.tests.dll" id="2acf567e-a5e0-4447-5f29-85f76686451e">
      <Execution id="f3706b55-c963-495d-8ed4-2ab79756df84" />
      <TestMethod codeBase="F:\GitHub\McpServer\tests\McpServer.Support.Mcp.Tests\bin\Debug\net10.0\McpServer.Support.Mcp.Tests.dll" adapterTypeName="executor://xunit/VsTestRunner3/netcore/" className="McpServer.Support.Mcp.Tests.Services.SessionLogTurnContextValidatorTests" name="ValidateForNewEntry_LowercaseNone_ThrowsArgumentException" />
    </UnitTest>
    <UnitTest name="McpServer.Support.Mcp.Tests.McpStdio.SessionLogLifecycleToolErrorTests.SessionLogBeginTurn_MissingPlanFile_ReturnsStructuredError" storage="f:\github\mcpserver\tests\mcpserver.support.mcp.tests\bin\debug\net10.0\mcpserver.support.mcp.tests.dll" id="4f50e1b6-933d-b01d-b903-3c4d18e7b8bb">
      <Execution id="1afa79df-4c47-4b55-a257-4393527e13e1" />
      <TestMethod codeBase="F:\GitHub\McpServer\tests\McpServer.Support.Mcp.Tests\bin\Debug\net10.0\McpServer.Support.Mcp.Tests.dll" adapterTypeName="executor://xunit/VsTestRunner3/netcore/" className="McpServer.Support.Mcp.Tests.McpStdio.SessionLogLifecycleToolErrorTests" name="SessionLogBeginTurn_MissingPlanFile_ReturnsStructuredError" />
    </UnitTest>
    <UnitTest name="McpServer.Support.Mcp.Tests.Services.SessionLogServiceTurnContextTests.SubmitAsync_ImportMissingFields_ExtractsFromTurnText" storage="f:\github\mcpserver\tests\mcpserver.support.mcp.tests\bin\debug\net10.0\mcpserver.support.mcp.tests.dll" id="334f6ea9-0953-fb77-ddec-33eca958031d">
      <Execution id="919258f6-9b28-4cc0-b848-528186534e7f" />
      <TestMethod codeBase="F:\GitHub\McpServer\tests\McpServer.Support.Mcp.Tests\bin\Debug\net10.0\McpServer.Support.Mcp.Tests.dll" adapterTypeName="executor://xunit/VsTestRunner3/netcore/" className="McpServer.Support.Mcp.Tests.Services.SessionLogServiceTurnContextTests" name="SubmitAsync_ImportMissingFields_ExtractsFromTurnText" />
    </UnitTest>
    <UnitTest name="McpServer.Support.Mcp.Tests.Services.SessionLogTurnContextValidatorTests.ValidateForNewEntry_NullPlanFile_ThrowsArgumentException" storage="f:\github\mcpserver\tests\mcpserver.support.mcp.tests\bin\debug\net10.0\mcpserver.support.mcp.tests.dll" id="a44b2558-fab7-28e1-aa39-18f96460cfce">
      <Execution id="388b1b7a-7fa7-426c-83eb-c1fe2326bbf5" />
      <TestMethod codeBase="F:\GitHub\McpServer\tests\McpServer.Support.Mcp.Tests\bin\Debug\net10.0\McpServer.Support.Mcp.Tests.dll" adapterTypeName="executor://xunit/VsTestRunner3/netcore/" className="McpServer.Support.Mcp.Tests.Services.SessionLogTurnContextValidatorTests" name="ValidateForNewEntry_NullPlanFile_ThrowsArgumentException" />
    </UnitTest>
    <UnitTest name="McpServer.Support.Mcp.Tests.Services.SessionLogTurnContextValidatorTests.ValidateForNewEntry_HomeRelativePlan_ExpandsAndSucceeds" storage="f:\github\mcpserver\tests\mcpserver.support.mcp.tests\bin\debug\net10.0\mcpserver.support.mcp.tests.dll" id="41bba1a0-0e6b-0b51-a349-18d35cfafcbc">
      <Execution id="5f386149-0aa4-4f77-b1bb-fdd308495d26" />
      <TestMethod codeBase="F:\GitHub\McpServer\tests\McpServer.Support.Mcp.Tests\bin\Debug\net10.0\McpServer.Support.Mcp.Tests.dll" adapterTypeName="executor://xunit/VsTestRunner3/netcore/" className="McpServer.Support.Mcp.Tests.Services.SessionLogTurnContextValidatorTests" name="ValidateForNewEntry_HomeRelativePlan_ExpandsAndSucceeds" />
    </UnitTest>
    <UnitTest name="McpServer.Support.Mcp.Tests.Services.SessionLogTurnContextValidatorTests.ValidateForNewEntry_ValidPlanAndTodo_Succeeds_AndNormalizesSlashes" storage="f:\github\mcpserver\tests\mcpserver.support.mcp.tests\bin\debug\net10.0\mcpserver.support.mcp.tests.dll" id="57567a7c-7946-977e-1475-fd8f8fd723db">
      <Execution id="785ee869-ca06-4bcf-bb02-4fd77b88bc73" />
      <TestMethod codeBase="F:\GitHub\McpServer\tests\McpServer.Support.Mcp.Tests\bin\Debug\net10.0\McpServer.Support.Mcp.Tests.dll" adapterTypeName="executor://xunit/VsTestRunner3/netcore/" className="McpServer.Support.Mcp.Tests.Services.SessionLogTurnContextValidatorTests" name="ValidateForNewEntry_ValidPlanAndTodo_Succeeds_AndNormalizesSlashes" />
    </UnitTest>
    <UnitTest name="McpServer.Support.Mcp.Tests.Services.SessionLogServiceTurnContextTests.SubmitAsync_NewTurnMissingFields_Throws" storage="f:\github\mcpserver\tests\mcpserver.support.mcp.tests\bin\debug\net10.0\mcpserver.support.mcp.tests.dll" id="b90429d7-25fa-e70a-80dd-30a2c4150b64">
      <Execution id="d6efb5d4-1153-4361-a310-7b21d51f28e1" />
      <TestMethod codeBase="F:\GitHub\McpServer\tests\McpServer.Support.Mcp.Tests\bin\Debug\net10.0\McpServer.Support.Mcp.Tests.dll" adapterTypeName="executor://xunit/VsTestRunner3/netcore/" className="McpServer.Support.Mcp.Tests.Services.SessionLogServiceTurnContextTests" name="SubmitAsync_NewTurnMissingFields_Throws" />
    </UnitTest>
    <UnitTest name="McpServer.Support.Mcp.Tests.Services.SessionLogServiceTurnContextTests.UpsertTurnAsync_NewTurnWithValidValues_RoundTripsOnGet" storage="f:\github\mcpserver\tests\mcpserver.support.mcp.tests\bin\debug\net10.0\mcpserver.support.mcp.tests.dll" id="be57e30a-5d92-1fa0-ab71-095bfb04f6db">
      <Execution id="b0fcf601-c88f-4f36-86a8-0f4ae852ecb5" />
      <TestMethod codeBase="F:\GitHub\McpServer\tests\McpServer.Support.Mcp.Tests\bin\Debug\net10.0\McpServer.Support.Mcp.Tests.dll" adapterTypeName="executor://xunit/VsTestRunner3/netcore/" className="McpServer.Support.Mcp.Tests.Services.SessionLogServiceTurnContextTests" name="UpsertTurnAsync_NewTurnWithValidValues_RoundTripsOnGet" />
    </UnitTest>
    <UnitTest name="McpServer.Support.Mcp.Tests.Plugins.InvokeWorkflowBeginTurnTests.Invoke_WorkflowBeginTurn_Reopen_OmitsFieldsAndDoesNotOverwrite" storage="f:\github\mcpserver\tests\mcpserver.support.mcp.tests\bin\debug\net10.0\mcpserver.support.mcp.tests.dll" id="d5b89b70-938d-d294-6ecc-a331bfb48501">
      <Execution id="018115fb-c634-4f8f-bbad-8500fb968379" />
      <TestMethod codeBase="F:\GitHub\McpServer\tests\McpServer.Support.Mcp.Tests\bin\Debug\net10.0\McpServer.Support.Mcp.Tests.dll" adapterTypeName="executor://xunit/VsTestRunner3/netcore/" className="McpServer.Support.Mcp.Tests.Plugins.InvokeWorkflowBeginTurnTests" name="Invoke_WorkflowBeginTurn_Reopen_OmitsFieldsAndDoesNotOverwrite" />
    </UnitTest>
    <UnitTest name="McpServer.Support.Mcp.Tests.Services.SessionLogServiceTurnContextTests.QueryAsync_TextMatchesPlanFileOnly_ReturnsSession" storage="f:\github\mcpserver\tests\mcpserver.support.mcp.tests\bin\debug\net10.0\mcpserver.support.mcp.tests.dll" id="1f294bc3-e851-857f-e138-382048df9d8d">
      <Execution id="41f07d33-e60f-4b0d-8b7d-0e453ccaa9e0" />
      <TestMethod codeBase="F:\GitHub\McpServer\tests\McpServer.Support.Mcp.Tests\bin\Debug\net10.0\McpServer.Support.Mcp.Tests.dll" adapterTypeName="executor://xunit/VsTestRunner3/netcore/" className="McpServer.Support.Mcp.Tests.Services.SessionLogServiceTurnContextTests" name="QueryAsync_TextMatchesPlanFileOnly_ReturnsSession" />
    </UnitTest>
    <UnitTest name="McpServer.Support.Mcp.Tests.Plugins.InvokeWorkflowBeginTurnTests.Invoke_WorkflowBeginTurn_FirstTurn_SendsNoneWhenNoPlanMap" storage="f:\github\mcpserver\tests\mcpserver.support.mcp.tests\bin\debug\net10.0\mcpserver.support.mcp.tests.dll" id="0e6d3943-a382-879a-4d69-5cb26a7bf99c">
      <Execution id="d664466e-ec01-42e6-8d7d-8d7f0f37a877" />
      <TestMethod codeBase="F:\GitHub\McpServer\tests\McpServer.Support.Mcp.Tests\bin\Debug\net10.0\McpServer.Support.Mcp.Tests.dll" adapterTypeName="executor://xunit/VsTestRunner3/netcore/" className="McpServer.Support.Mcp.Tests.Plugins.InvokeWorkflowBeginTurnTests" name="Invoke_WorkflowBeginTurn_FirstTurn_SendsNoneWhenNoPlanMap" />
    </UnitTest>
    <UnitTest name="McpServer.Support.Mcp.Tests.Plugins.InvokeWorkflowBeginTurnTests.Invoke_WorkflowBeginTurn_FirstTurn_SendsMappedPlanAndTodo" storage="f:\github\mcpserver\tests\mcpserver.support.mcp.tests\bin\debug\net10.0\mcpserver.support.mcp.tests.dll" id="308f9528-e4eb-aa8a-4a2f-6aefdd3a0c9c">
      <Execution id="4f28ecf8-8275-4ae8-b01b-27b313587048" />
      <TestMethod codeBase="F:\GitHub\McpServer\tests\McpServer.Support.Mcp.Tests\bin\Debug\net10.0\McpServer.Support.Mcp.Tests.dll" adapterTypeName="executor://xunit/VsTestRunner3/netcore/" className="McpServer.Support.Mcp.Tests.Plugins.InvokeWorkflowBeginTurnTests" name="Invoke_WorkflowBeginTurn_FirstTurn_SendsMappedPlanAndTodo" />
    </UnitTest>
    <UnitTest name="McpServer.Support.Mcp.Tests.Services.SessionLogServiceTurnContextTests.QueryAsync_FilterByExactPlanFile_ReturnsOnlyMatches" storage="f:\github\mcpserver\tests\mcpserver.support.mcp.tests\bin\debug\net10.0\mcpserver.support.mcp.tests.dll" id="1eb91e79-b351-53ad-e844-2d869e14a955">
      <Execution id="0ef743aa-6a5c-4a90-abca-963a87e27005" />
      <TestMethod codeBase="F:\GitHub\McpServer\tests\McpServer.Support.Mcp.Tests\bin\Debug\net10.0\McpServer.Support.Mcp.Tests.dll" adapterTypeName="executor://xunit/VsTestRunner3/netcore/" className="McpServer.Support.Mcp.Tests.Services.SessionLogServiceTurnContextTests" name="QueryAsync_FilterByExactPlanFile_ReturnsOnlyMatches" />
    </UnitTest>
    <UnitTest name="McpServer.Support.Mcp.Tests.Services.SessionLogTurnContextValidatorTests.ValidateForNewEntry_BothNone_Succeeds" storage="f:\github\mcpserver\tests\mcpserver.support.mcp.tests\bin\debug\net10.0\mcpserver.support.mcp.tests.dll" id="f7c0faef-2fa2-0764-8ffe-af41efc4cecf">
      <Execution id="44dbde53-2d4d-4816-8a07-1a234a261174" />
      <TestMethod codeBase="F:\GitHub\McpServer\tests\McpServer.Support.Mcp.Tests\bin\Debug\net10.0\McpServer.Support.Mcp.Tests.dll" adapterTypeName="executor://xunit/VsTestRunner3/netcore/" className="McpServer.Support.Mcp.Tests.Services.SessionLogTurnContextValidatorTests" name="ValidateForNewEntry_BothNone_Succeeds" />
    </UnitTest>
    <UnitTest name="McpServer.Support.Mcp.Tests.Services.SessionLogServiceTurnContextTests.UpsertTurnAsync_NewTurnWithNoneNone_PersistsNone" storage="f:\github\mcpserver\tests\mcpserver.support.mcp.tests\bin\debug\net10.0\mcpserver.support.mcp.tests.dll" id="3d1af03b-63b5-f139-a7c9-9252a9a817e3">
      <Execution id="91209dea-7a29-4029-a2d4-de5c0f423265" />
      <TestMethod codeBase="F:\GitHub\McpServer\tests\McpServer.Support.Mcp.Tests\bin\Debug\net10.0\McpServer.Support.Mcp.Tests.dll" adapterTypeName="executor://xunit/VsTestRunner3/netcore/" className="McpServer.Support.Mcp.Tests.Services.SessionLogServiceTurnContextTests" name="UpsertTurnAsync_NewTurnWithNoneNone_PersistsNone" />
    </UnitTest>
  </TestDefinitions>
  <TestEntries>
    <TestEntry testId="be57e30a-5d92-1fa0-ab71-095bfb04f6db" executionId="b0fcf601-c88f-4f36-86a8-0f4ae852ecb5" testListId="8c84fa94-04c1-424b-9868-57a2d4851a1d" />
    <TestEntry testId="3d1af03b-63b5-f139-a7c9-9252a9a817e3" executionId="91209dea-7a29-4029-a2d4-de5c0f423265" testListId="8c84fa94-04c1-424b-9868-57a2d4851a1d" />
    <TestEntry testId="0e6d3943-a382-879a-4d69-5cb26a7bf99c" executionId="d664466e-ec01-42e6-8d7d-8d7f0f37a877" testListId="8c84fa94-04c1-424b-9868-57a2d4851a1d" />
    <TestEntry testId="a44b2558-fab7-28e1-aa39-18f96460cfce" executionId="388b1b7a-7fa7-426c-83eb-c1fe2326bbf5" testListId="8c84fa94-04c1-424b-9868-57a2d4851a1d" />
    <TestEntry testId="62dd72b6-1bb6-1196-c4be-0c6d8c9dcee4" executionId="4e91847e-83ec-41ca-9c4a-c508b5138918" testListId="8c84fa94-04c1-424b-9868-57a2d4851a1d" />
    <TestEntry testId="226655f5-4dc0-8581-e6b3-4e35dc136605" executionId="fbdd0706-07de-426e-8eb6-702d9f5ea2b2" testListId="8c84fa94-04c1-424b-9868-57a2d4851a1d" />
    <TestEntry testId="57567a7c-7946-977e-1475-fd8f8fd723db" executionId="785ee869-ca06-4bcf-bb02-4fd77b88bc73" testListId="8c84fa94-04c1-424b-9868-57a2d4851a1d" />
    <TestEntry testId="1eb91e79-b351-53ad-e844-2d869e14a955" executionId="0ef743aa-6a5c-4a90-abca-963a87e27005" testListId="8c84fa94-04c1-424b-9868-57a2d4851a1d" />
    <TestEntry testId="d71b63e0-c378-5c29-753d-ec49c3c054ba" executionId="a6067ae7-7c52-4484-bd7c-60bc9ae31c19" testListId="8c84fa94-04c1-424b-9868-57a2d4851a1d" />
    <TestEntry testId="41bba1a0-0e6b-0b51-a349-18d35cfafcbc" executionId="5f386149-0aa4-4f77-b1bb-fdd308495d26" testListId="8c84fa94-04c1-424b-9868-57a2d4851a1d" />
    <TestEntry testId="d5b89b70-938d-d294-6ecc-a331bfb48501" executionId="018115fb-c634-4f8f-bbad-8500fb968379" testListId="8c84fa94-04c1-424b-9868-57a2d4851a1d" />
    <TestEntry testId="2e42091d-9639-1518-e290-2b783a57885c" executionId="423a77c0-f2c5-4795-b5b0-3c545af9715f" testListId="8c84fa94-04c1-424b-9868-57a2d4851a1d" />
    <TestEntry testId="1f294bc3-e851-857f-e138-382048df9d8d" executionId="41f07d33-e60f-4b0d-8b7d-0e453ccaa9e0" testListId="8c84fa94-04c1-424b-9868-57a2d4851a1d" />
    <TestEntry testId="d0d0e609-aa23-f460-b1e8-d0cfc40c2ac6" executionId="547db2ca-5e6d-4b73-ae94-1f663fa7cb21" testListId="8c84fa94-04c1-424b-9868-57a2d4851a1d" />
    <TestEntry testId="65fff8a6-e3bd-8e3a-6c88-cb682633bb37" executionId="ca600df5-652c-40c2-b11e-7788c05defb3" testListId="8c84fa94-04c1-424b-9868-57a2d4851a1d" />
    <TestEntry testId="2acf567e-a5e0-4447-5f29-85f76686451e" executionId="f3706b55-c963-495d-8ed4-2ab79756df84" testListId="8c84fa94-04c1-424b-9868-57a2d4851a1d" />
    <TestEntry testId="6ac285af-3af9-b069-530b-ffde2f76b778" executionId="b8c37ef4-33b7-48e2-a9dc-6f78ebab3ee8" testListId="8c84fa94-04c1-424b-9868-57a2d4851a1d" />
    <TestEntry testId="334f6ea9-0953-fb77-ddec-33eca958031d" executionId="919258f6-9b28-4cc0-b848-528186534e7f" testListId="8c84fa94-04c1-424b-9868-57a2d4851a1d" />
    <TestEntry testId="7eeb72be-d086-975c-a57a-7d2afa6a0203" executionId="45a936d1-0569-418b-b110-d5f10c35c730" testListId="8c84fa94-04c1-424b-9868-57a2d4851a1d" />
    <TestEntry testId="f7df526c-1f11-84aa-24d6-bbdd2c018242" executionId="f1535ca9-11c2-40e0-8d75-c2ea7ef6ad1e" testListId="8c84fa94-04c1-424b-9868-57a2d4851a1d" />
    <TestEntry testId="cb7dd742-5463-7406-383e-201ea74d69c3" executionId="68c659ca-ab7b-4a9c-b0cb-faba8b8d3574" testListId="8c84fa94-04c1-424b-9868-57a2d4851a1d" />
    <TestEntry testId="15e68ea4-6633-8e03-85fb-10262930e7d3" executionId="8a5ea1f8-3bf6-46fb-8aba-f13c1b7b9ec4" testListId="8c84fa94-04c1-424b-9868-57a2d4851a1d" />
    <TestEntry testId="06073fcc-8b80-6549-7fb1-69a691ab3666" executionId="32244b82-3e63-44c2-bf29-d48ef80cd043" testListId="8c84fa94-04c1-424b-9868-57a2d4851a1d" />
    <TestEntry testId="308f9528-e4eb-aa8a-4a2f-6aefdd3a0c9c" executionId="4f28ecf8-8275-4ae8-b01b-27b313587048" testListId="8c84fa94-04c1-424b-9868-57a2d4851a1d" />
    <TestEntry testId="f7c0faef-2fa2-0764-8ffe-af41efc4cecf" executionId="44dbde53-2d4d-4816-8a07-1a234a261174" testListId="8c84fa94-04c1-424b-9868-57a2d4851a1d" />
    <TestEntry testId="55c3c42f-3b2c-5143-eec1-39243d5c735b" executionId="b99194a3-c51f-48c4-b345-97f1949cfbd1" testListId="8c84fa94-04c1-424b-9868-57a2d4851a1d" />
    <TestEntry testId="b90429d7-25fa-e70a-80dd-30a2c4150b64" executionId="d6efb5d4-1153-4361-a310-7b21d51f28e1" testListId="8c84fa94-04c1-424b-9868-57a2d4851a1d" />
    <TestEntry testId="0003be10-54c8-ed45-639a-09b5a9dceaea" executionId="2d2c4d30-4a42-4887-98f8-31be48e9164b" testListId="8c84fa94-04c1-424b-9868-57a2d4851a1d" />
    <TestEntry testId="7450024b-7fb9-f327-560c-fbd70c6830a9" executionId="e3a476c4-92d3-4ca2-813b-7a61705df5ca" testListId="8c84fa94-04c1-424b-9868-57a2d4851a1d" />
    <TestEntry testId="4f50e1b6-933d-b01d-b903-3c4d18e7b8bb" executionId="1afa79df-4c47-4b55-a257-4393527e13e1" testListId="8c84fa94-04c1-424b-9868-57a2d4851a1d" />
  </TestEntries>
  <TestLists>
    <TestList name="Results Not in a List" id="8c84fa94-04c1-424b-9868-57a2d4851a1d" />
    <TestList name="All Loaded Results" id="19431567-8539-422a-85d7-44ee4e166bda" />
  </TestLists>
  <ResultSummary outcome="Completed">
    <Counters total="30" executed="30" passed="30" failed="0" error="0" timeout="0" aborted="0" inconclusive="0" passedButRunAborted="0" notRunnable="0" notExecuted="0" disconnected="0" warning="0" completed="0" inProgress="0" pending="0" />
    <Output>
      <StdOut>[xUnit.net 00:00:00.00] xUnit.net VSTest Adapter v3.1.5+1b188a7b0a (64-bit .NET 10.0.11)&#xD;
[xUnit.net 00:00:00.35]   Discovering: McpServer.Support.Mcp.Tests&#xD;
[xUnit.net 00:00:01.45]   Discovered:  McpServer.Support.Mcp.Tests&#xD;
[xUnit.net 00:00:01.70]   Starting:    McpServer.Support.Mcp.Tests&#xD;
[xUnit.net 00:00:08.88]   Finished:    McpServer.Support.Mcp.Tests (ID = 'fb6b7ca1b59a739774a8a8668e88283949ecc0192ba18c822eead5027e319992')&#xD;
</StdOut>
    </Output>
  </ResultSummary>
</TestRun>